Archive member included to satisfy reference by file (symbol)

/usr/local/Cellar/arm-none-eabi-gcc@8/8.5.0_2/lib/arm-none-eabi-gcc/8/gcc/arm-none-eabi/8.5.0/../../../../../../arm-none-eabi/lib/thumb/v6-m/nofp/libg_nano.a(lib_a-ctype_.o)
                              .build/obj_alectardy98_alpine8kal_rp2040_default/quantum/send_string/send_string.o (symbol from plugin) (_ctype_)
/usr/local/Cellar/arm-none-eabi-gcc@8/8.5.0_2/lib/arm-none-eabi-gcc/8/gcc/arm-none-eabi/8.5.0/../../../../../../arm-none-eabi/lib/thumb/v6-m/nofp/libg_nano.a(lib_a-errno.o)
                              .build/obj_alectardy98_alpine8kal_rp2040/platforms/chibios/syscall-fallbacks.o (symbol from plugin) (__errno)
/usr/local/Cellar/arm-none-eabi-gcc@8/8.5.0_2/lib/arm-none-eabi-gcc/8/gcc/arm-none-eabi/8.5.0/../../../../../../arm-none-eabi/lib/thumb/v6-m/nofp/libg_nano.a(lib_a-impure.o)
                              /usr/local/Cellar/arm-none-eabi-gcc@8/8.5.0_2/lib/arm-none-eabi-gcc/8/gcc/arm-none-eabi/8.5.0/../../../../../../arm-none-eabi/lib/thumb/v6-m/nofp/libg_nano.a(lib_a-errno.o) (_impure_ptr)
/usr/local/Cellar/arm-none-eabi-gcc@8/8.5.0_2/lib/arm-none-eabi-gcc/8/gcc/arm-none-eabi/8.5.0/../../../../../../arm-none-eabi/lib/thumb/v6-m/nofp/libg_nano.a(lib_a-rand.o)
                              .build/obj_alectardy98_alpine8kal_rp2040_default/quantum/send_string/send_string.o (symbol from plugin) (rand)
/usr/local/Cellar/arm-none-eabi-gcc@8/8.5.0_2/lib/arm-none-eabi-gcc/8/gcc/arm-none-eabi/8.5.0/../../../../../../arm-none-eabi/lib/thumb/v6-m/nofp/libg_nano.a(lib_a-assert.o)
                              /usr/local/Cellar/arm-none-eabi-gcc@8/8.5.0_2/lib/arm-none-eabi-gcc/8/gcc/arm-none-eabi/8.5.0/../../../../../../arm-none-eabi/lib/thumb/v6-m/nofp/libg_nano.a(lib_a-rand.o) (__assert_func)
/usr/local/Cellar/arm-none-eabi-gcc@8/8.5.0_2/lib/arm-none-eabi-gcc/8/gcc/arm-none-eabi/8.5.0/../../../../../../arm-none-eabi/lib/thumb/v6-m/nofp/libg_nano.a(lib_a-fprintf.o)
                              /usr/local/Cellar/arm-none-eabi-gcc@8/8.5.0_2/lib/arm-none-eabi-gcc/8/gcc/arm-none-eabi/8.5.0/../../../../../../arm-none-eabi/lib/thumb/v6-m/nofp/libg_nano.a(lib_a-assert.o) (fiprintf)
/usr/local/Cellar/arm-none-eabi-gcc@8/8.5.0_2/lib/arm-none-eabi-gcc/8/gcc/arm-none-eabi/8.5.0/../../../../../../arm-none-eabi/lib/thumb/v6-m/nofp/libg_nano.a(lib_a-malloc.o)
                              /usr/local/Cellar/arm-none-eabi-gcc@8/8.5.0_2/lib/arm-none-eabi-gcc/8/gcc/arm-none-eabi/8.5.0/../../../../../../arm-none-eabi/lib/thumb/v6-m/nofp/libg_nano.a(lib_a-rand.o) (malloc)
/usr/local/Cellar/arm-none-eabi-gcc@8/8.5.0_2/lib/arm-none-eabi-gcc/8/gcc/arm-none-eabi/8.5.0/../../../../../../arm-none-eabi/lib/thumb/v6-m/nofp/libg_nano.a(lib_a-nano-freer.o)
                              /usr/local/Cellar/arm-none-eabi-gcc@8/8.5.0_2/lib/arm-none-eabi-gcc/8/gcc/arm-none-eabi/8.5.0/../../../../../../arm-none-eabi/lib/thumb/v6-m/nofp/libg_nano.a(lib_a-malloc.o) (_free_r)
/usr/local/Cellar/arm-none-eabi-gcc@8/8.5.0_2/lib/arm-none-eabi-gcc/8/gcc/arm-none-eabi/8.5.0/../../../../../../arm-none-eabi/lib/thumb/v6-m/nofp/libg_nano.a(lib_a-nano-mallocr.o)
                              /usr/local/Cellar/arm-none-eabi-gcc@8/8.5.0_2/lib/arm-none-eabi-gcc/8/gcc/arm-none-eabi/8.5.0/../../../../../../arm-none-eabi/lib/thumb/v6-m/nofp/libg_nano.a(lib_a-malloc.o) (_malloc_r)
/usr/local/Cellar/arm-none-eabi-gcc@8/8.5.0_2/lib/arm-none-eabi-gcc/8/gcc/arm-none-eabi/8.5.0/../../../../../../arm-none-eabi/lib/thumb/v6-m/nofp/libg_nano.a(lib_a-nano-vfprintf.o)
                              /usr/local/Cellar/arm-none-eabi-gcc@8/8.5.0_2/lib/arm-none-eabi-gcc/8/gcc/arm-none-eabi/8.5.0/../../../../../../arm-none-eabi/lib/thumb/v6-m/nofp/libg_nano.a(lib_a-fprintf.o) (_vfprintf_r)
/usr/local/Cellar/arm-none-eabi-gcc@8/8.5.0_2/lib/arm-none-eabi-gcc/8/gcc/arm-none-eabi/8.5.0/../../../../../../arm-none-eabi/lib/thumb/v6-m/nofp/libg_nano.a(lib_a-nano-vfprintf_i.o)
                              /usr/local/Cellar/arm-none-eabi-gcc@8/8.5.0_2/lib/arm-none-eabi-gcc/8/gcc/arm-none-eabi/8.5.0/../../../../../../arm-none-eabi/lib/thumb/v6-m/nofp/libg_nano.a(lib_a-nano-vfprintf.o) (_printf_i)
/usr/local/Cellar/arm-none-eabi-gcc@8/8.5.0_2/lib/arm-none-eabi-gcc/8/gcc/arm-none-eabi/8.5.0/../../../../../../arm-none-eabi/lib/thumb/v6-m/nofp/libg_nano.a(lib_a-wbuf.o)
                              /usr/local/Cellar/arm-none-eabi-gcc@8/8.5.0_2/lib/arm-none-eabi-gcc/8/gcc/arm-none-eabi/8.5.0/../../../../../../arm-none-eabi/lib/thumb/v6-m/nofp/libg_nano.a(lib_a-nano-vfprintf.o) (__swbuf_r)
/usr/local/Cellar/arm-none-eabi-gcc@8/8.5.0_2/lib/arm-none-eabi-gcc/8/gcc/arm-none-eabi/8.5.0/../../../../../../arm-none-eabi/lib/thumb/v6-m/nofp/libg_nano.a(lib_a-wsetup.o)
                              /usr/local/Cellar/arm-none-eabi-gcc@8/8.5.0_2/lib/arm-none-eabi-gcc/8/gcc/arm-none-eabi/8.5.0/../../../../../../arm-none-eabi/lib/thumb/v6-m/nofp/libg_nano.a(lib_a-nano-vfprintf.o) (__swsetup_r)
[...]
Memory Configuration

Name             Origin             Length             Attributes
flash0           0x00000000         0x00004000         xr
flash1           0x10000000         0x00200000         xr
flash2           0x00000000         0x00000000         xr
flash3           0x00000000         0x00000000         xr
flash4           0x00000000         0x00000000         xr
flash5           0x00000000         0x00000000         xr
flash6           0x00000000         0x00000000         xr
flash7           0x00000000         0x00000000         xr
ram0             0x20000000         0x00040000         xw
ram1             0x00000000         0x00040000         xw
ram2             0x00000000         0x00000000         xw
ram3             0x00000000         0x00000000         xw
ram4             0x20040000         0x00001000         xw
ram5             0x20041000         0x00001000         xw
ram6             0x00000000         0x00000000         xw
ram7             0x20041f00         0x00000100         xw
*default*        0x00000000         0xffffffff

Linker script and memory map

LOAD .build/obj_alectardy98_alpine8kal_rp2040_default/keyboards/alectardy98/alpine8kal/alpine8kal.o
LOAD /var/folders/x9/cy1bx1f960zd_7xhdrxmk_zm0000gn/T//ccVm7dO8debugobj
LOAD /var/folders/x9/cy1bx1f960zd_7xhdrxmk_zm0000gn/T//cc6Sv5vL.ltrans0.ltrans.o
LOAD .build/obj_alectardy98_alpine8kal_rp2040_default/.build/obj_alectardy98_alpine8kal_rp2040/src/default_keyboard.o
LOAD .build/obj_alectardy98_alpine8kal_rp2040_default/quantum/keymap_introspection.o
LOAD .build/obj_alectardy98_alpine8kal_rp2040_default/quantum/quantum.o
LOAD .build/obj_alectardy98_alpine8kal_rp2040_default/quantum/bitwise.o
LOAD .build/obj_alectardy98_alpine8kal_rp2040_default/quantum/led.o
LOAD .build/obj_alectardy98_alpine8kal_rp2040_default/quantum/action.o
LOAD .build/obj_alectardy98_alpine8kal_rp2040_default/quantum/action_layer.o
LOAD .build/obj_alectardy98_alpine8kal_rp2040_default/quantum/action_tapping.o
LOAD .build/obj_alectardy98_alpine8kal_rp2040_default/quantum/action_util.o
LOAD .build/obj_alectardy98_alpine8kal_rp2040_default/quantum/eeconfig.o
LOAD .build/obj_alectardy98_alpine8kal_rp2040_default/quantum/keyboard.o
LOAD .build/obj_alectardy98_alpine8kal_rp2040_default/quantum/keymap_common.o
LOAD .build/obj_alectardy98_alpine8kal_rp2040_default/quantum/keycode_config.o
LOAD .build/obj_alectardy98_alpine8kal_rp2040_default/quantum/sync_timer.o
LOAD .build/obj_alectardy98_alpine8kal_rp2040_default/quantum/logging/debug.o
LOAD .build/obj_alectardy98_alpine8kal_rp2040_default/quantum/logging/sendchar.o
LOAD .build/obj_alectardy98_alpine8kal_rp2040_default/quantum/logging/print.o
LOAD .build/obj_alectardy98_alpine8kal_rp2040_default/quantum/bootmagic/bootmagic_lite.o
LOAD .build/obj_alectardy98_alpine8kal_rp2040_default/quantum/bootmagic/magic.o
LOAD .build/obj_alectardy98_alpine8kal_rp2040_default/quantum/matrix_common.o
LOAD .build/obj_alectardy98_alpine8kal_rp2040_default/quantum/matrix.o
LOAD .build/obj_alectardy98_alpine8kal_rp2040_default/quantum/debounce/sym_defer_g.o
LOAD .build/obj_alectardy98_alpine8kal_rp2040_default/quantum/main.o
LOAD .build/obj_alectardy98_alpine8kal_rp2040_default/printf.o
LOAD .build/obj_alectardy98_alpine8kal_rp2040_default/eeprom_driver.o
LOAD .build/obj_alectardy98_alpine8kal_rp2040_default/eeprom_wear_leveling.o
LOAD .build/obj_alectardy98_alpine8kal_rp2040_default/wear_leveling.o
LOAD .build/obj_alectardy98_alpine8kal_rp2040_default/wear_leveling_rp2040_flash.o
LOAD .build/obj_alectardy98_alpine8kal_rp2040_default/qmk_fnv_type_validation.o
LOAD .build/obj_alectardy98_alpine8kal_rp2040_default/hash_32a.o
LOAD .build/obj_alectardy98_alpine8kal_rp2040_default/hash_64a.o
LOAD .build/obj_alectardy98_alpine8kal_rp2040_default/quantum/process_keycode/process_unicode.o
LOAD .build/obj_alectardy98_alpine8kal_rp2040_default/quantum/process_keycode/process_unicode_common.o
LOAD .build/obj_alectardy98_alpine8kal_rp2040_default/quantum/utf8.o
LOAD .build/obj_alectardy98_alpine8kal_rp2040_default/quantum/process_keycode/process_magic.o
LOAD .build/obj_alectardy98_alpine8kal_rp2040_default/quantum/send_string/send_string.o
LOAD .build/obj_alectardy98_alpine8kal_rp2040_default/quantum/encoder.o
LOAD .build/obj_alectardy98_alpine8kal_rp2040_default/quantum/process_keycode/process_dynamic_macro.o
LOAD .build/obj_alectardy98_alpine8kal_rp2040_default/quantum/process_keycode/process_grave_esc.o
LOAD .build/obj_alectardy98_alpine8kal_rp2040_default/quantum/process_keycode/process_space_cadet.o
LOAD .build/obj_alectardy98_alpine8kal_rp2040_default/./lib/chibios/os/common/startup/ARMCMx/compilers/GCC/crt0_v6m.o
LOAD .build/obj_alectardy98_alpine8kal_rp2040_default/./lib/chibios/os/common/startup/ARMCMx/compilers/GCC/vectors.o
LOAD .build/obj_alectardy98_alpine8kal_rp2040_default/./lib/chibios/os/common/ports/ARMv6-M-RP2/compilers/GCC/chcoreasm.o
LOAD .build/obj_alectardy98_alpine8kal_rp2040_default/protocol/host.o
LOAD .build/obj_alectardy98_alpine8kal_rp2040_default/protocol/report.o
LOAD .build/obj_alectardy98_alpine8kal_rp2040_default/protocol/usb_device_state.o
LOAD .build/obj_alectardy98_alpine8kal_rp2040_default/protocol/usb_util.o
LOAD .build/obj_alectardy98_alpine8kal_rp2040_default/platforms/suspend.o
LOAD .build/obj_alectardy98_alpine8kal_rp2040_default/platforms/chibios/hardware_id.o
LOAD .build/obj_alectardy98_alpine8kal_rp2040_default/platforms/chibios/platform.o
LOAD .build/obj_alectardy98_alpine8kal_rp2040_default/platforms/chibios/suspend.o
LOAD .build/obj_alectardy98_alpine8kal_rp2040_default/platforms/chibios/timer.o
LOAD .build/obj_alectardy98_alpine8kal_rp2040_default/platforms/chibios/bootloaders/rp2040.o
LOAD .build/obj_alectardy98_alpine8kal_rp2040_default/protocol/chibios/usb_main.o
LOAD .build/obj_alectardy98_alpine8kal_rp2040_default/protocol/chibios/chibios.o
LOAD .build/obj_alectardy98_alpine8kal_rp2040_default/usb_descriptor.o
LOAD .build/obj_alectardy98_alpine8kal_rp2040_default/protocol/chibios/usb_driver.o
LOAD .build/obj_alectardy98_alpine8kal_rp2040_default/protocol/chibios/usb_util.o
LOAD .build/obj_alectardy98_alpine8kal_rp2040_default/./lib/chibios/os/oslib/src/chmboxes.o
LOAD .build/obj_alectardy98_alpine8kal_rp2040_default/./lib/chibios/os/oslib/src/chmemcore.o
LOAD .build/obj_alectardy98_alpine8kal_rp2040_default/./lib/chibios/os/oslib/src/chmemheaps.o
LOAD .build/obj_alectardy98_alpine8kal_rp2040_default/./lib/chibios/os/oslib/src/chmempools.o
LOAD .build/obj_alectardy98_alpine8kal_rp2040_default/./lib/chibios/os/oslib/src/chpipes.o
LOAD .build/obj_alectardy98_alpine8kal_rp2040_default/./lib/chibios/os/oslib/src/chobjcaches.o
LOAD .build/obj_alectardy98_alpine8kal_rp2040_default/./lib/chibios/os/oslib/src/chdelegates.o
LOAD .build/obj_alectardy98_alpine8kal_rp2040_default/./lib/chibios/os/oslib/src/chfactory.o
LOAD .build/obj_alectardy98_alpine8kal_rp2040/lib/chibios/os/common/startup/ARMCMx/compilers/GCC/crt1.o
LOAD .build/obj_alectardy98_alpine8kal_rp2040/lib/chibios/os/rt/src/chsys.o
LOAD .build/obj_alectardy98_alpine8kal_rp2040/lib/chibios/os/rt/src/chrfcu.o
LOAD .build/obj_alectardy98_alpine8kal_rp2040/lib/chibios/os/rt/src/chdebug.o
LOAD .build/obj_alectardy98_alpine8kal_rp2040/lib/chibios/os/rt/src/chtrace.o
LOAD .build/obj_alectardy98_alpine8kal_rp2040/lib/chibios/os/rt/src/chvt.o
LOAD .build/obj_alectardy98_alpine8kal_rp2040/lib/chibios/os/rt/src/chschd.o
LOAD .build/obj_alectardy98_alpine8kal_rp2040/lib/chibios/os/rt/src/chinstances.o
LOAD .build/obj_alectardy98_alpine8kal_rp2040/lib/chibios/os/rt/src/chthreads.o
LOAD .build/obj_alectardy98_alpine8kal_rp2040/lib/chibios/os/rt/src/chtm.o
LOAD .build/obj_alectardy98_alpine8kal_rp2040/lib/chibios/os/rt/src/chstats.o
LOAD .build/obj_alectardy98_alpine8kal_rp2040/lib/chibios/os/rt/src/chregistry.o
LOAD .build/obj_alectardy98_alpine8kal_rp2040/lib/chibios/os/rt/src/chsem.o
LOAD .build/obj_alectardy98_alpine8kal_rp2040/lib/chibios/os/rt/src/chmtx.o
LOAD .build/obj_alectardy98_alpine8kal_rp2040/lib/chibios/os/rt/src/chcond.o
LOAD .build/obj_alectardy98_alpine8kal_rp2040/lib/chibios/os/rt/src/chevents.o
LOAD .build/obj_alectardy98_alpine8kal_rp2040/lib/chibios/os/rt/src/chmsg.o
LOAD .build/obj_alectardy98_alpine8kal_rp2040/lib/chibios/os/rt/src/chdynamic.o
LOAD .build/obj_alectardy98_alpine8kal_rp2040/lib/chibios/os/common/ports/ARMv6-M-RP2/chcore.o
LOAD .build/obj_alectardy98_alpine8kal_rp2040/lib/chibios/os/hal/osal/rt-nil/osal.o
LOAD .build/obj_alectardy98_alpine8kal_rp2040/lib/chibios/os/hal/src/hal.o
LOAD .build/obj_alectardy98_alpine8kal_rp2040/lib/chibios/os/hal/src/hal_st.o
LOAD .build/obj_alectardy98_alpine8kal_rp2040/lib/chibios/os/hal/src/hal_buffers.o
LOAD .build/obj_alectardy98_alpine8kal_rp2040/lib/chibios/os/hal/src/hal_queues.o
LOAD .build/obj_alectardy98_alpine8kal_rp2040/lib/chibios/os/hal/src/hal_flash.o
LOAD .build/obj_alectardy98_alpine8kal_rp2040/lib/chibios/os/hal/src/hal_mmcsd.o
LOAD .build/obj_alectardy98_alpine8kal_rp2040/lib/chibios/os/hal/src/hal_adc.o
LOAD .build/obj_alectardy98_alpine8kal_rp2040/lib/chibios/os/hal/src/hal_can.o
LOAD .build/obj_alectardy98_alpine8kal_rp2040/lib/chibios/os/hal/src/hal_crypto.o
LOAD .build/obj_alectardy98_alpine8kal_rp2040/lib/chibios/os/hal/src/hal_dac.o
LOAD .build/obj_alectardy98_alpine8kal_rp2040/lib/chibios/os/hal/src/hal_efl.o
LOAD .build/obj_alectardy98_alpine8kal_rp2040/lib/chibios/os/hal/src/hal_gpt.o
LOAD .build/obj_alectardy98_alpine8kal_rp2040/lib/chibios/os/hal/src/hal_i2c.o
LOAD .build/obj_alectardy98_alpine8kal_rp2040/lib/chibios/os/hal/src/hal_i2s.o
LOAD .build/obj_alectardy98_alpine8kal_rp2040/lib/chibios/os/hal/src/hal_icu.o
LOAD .build/obj_alectardy98_alpine8kal_rp2040/lib/chibios/os/hal/src/hal_mac.o
LOAD .build/obj_alectardy98_alpine8kal_rp2040/lib/chibios/os/hal/src/hal_mmc_spi.o
LOAD .build/obj_alectardy98_alpine8kal_rp2040/lib/chibios/os/hal/src/hal_pal.o
LOAD .build/obj_alectardy98_alpine8kal_rp2040/lib/chibios/os/hal/src/hal_pwm.o
LOAD .build/obj_alectardy98_alpine8kal_rp2040/lib/chibios/os/hal/src/hal_rtc.o
LOAD .build/obj_alectardy98_alpine8kal_rp2040/lib/chibios/os/hal/src/hal_sdc.o
LOAD .build/obj_alectardy98_alpine8kal_rp2040/lib/chibios/os/hal/src/hal_serial.o
LOAD .build/obj_alectardy98_alpine8kal_rp2040/lib/chibios/os/hal/src/hal_serial_usb.o
LOAD .build/obj_alectardy98_alpine8kal_rp2040/lib/chibios/os/hal/src/hal_sio.o
LOAD .build/obj_alectardy98_alpine8kal_rp2040/lib/chibios/os/hal/src/hal_spi.o
LOAD .build/obj_alectardy98_alpine8kal_rp2040/lib/chibios/os/hal/src/hal_trng.o
LOAD .build/obj_alectardy98_alpine8kal_rp2040/lib/chibios/os/hal/src/hal_uart.o
LOAD .build/obj_alectardy98_alpine8kal_rp2040/lib/chibios/os/hal/src/hal_usb.o
LOAD .build/obj_alectardy98_alpine8kal_rp2040/lib/chibios/os/hal/src/hal_wdg.o
LOAD .build/obj_alectardy98_alpine8kal_rp2040/lib/chibios/os/hal/src/hal_wspi.o
LOAD .build/obj_alectardy98_alpine8kal_rp2040/lib/chibios/os/hal/ports/common/ARMCMx/nvic.o
LOAD .build/obj_alectardy98_alpine8kal_rp2040/lib/chibios/os/hal/ports/RP/RP2040/rp_isr.o
LOAD .build/obj_alectardy98_alpine8kal_rp2040/lib/chibios/os/hal/ports/RP/RP2040/hal_lld.o
LOAD .build/obj_alectardy98_alpine8kal_rp2040/lib/chibios/os/hal/ports/RP/LLD/DMAv1/rp_dma.o
LOAD .build/obj_alectardy98_alpine8kal_rp2040/lib/chibios/os/hal/ports/RP/LLD/GPIOv1/hal_pal_lld.o
LOAD .build/obj_alectardy98_alpine8kal_rp2040/lib/chibios/os/hal/ports/RP/LLD/SPIv1/hal_spi_lld.o
LOAD .build/obj_alectardy98_alpine8kal_rp2040/lib/chibios/os/hal/ports/RP/LLD/TIMERv1/hal_st_lld.o
LOAD .build/obj_alectardy98_alpine8kal_rp2040/lib/chibios/os/hal/ports/RP/LLD/UARTv1/hal_sio_lld.o
LOAD .build/obj_alectardy98_alpine8kal_rp2040/lib/chibios/os/hal/ports/RP/LLD/RTCv1/hal_rtc_lld.o
LOAD .build/obj_alectardy98_alpine8kal_rp2040/lib/chibios/os/hal/ports/RP/LLD/WDGv1/hal_wdg_lld.o
LOAD .build/obj_alectardy98_alpine8kal_rp2040/lib/chibios-contrib/os/hal/ports/RP/LLD/I2Cv1/hal_i2c_lld.o
LOAD .build/obj_alectardy98_alpine8kal_rp2040/lib/chibios-contrib/os/hal/ports/RP/LLD/PWMv1/hal_pwm_lld.o
LOAD .build/obj_alectardy98_alpine8kal_rp2040/lib/chibios-contrib/os/hal/ports/RP/LLD/ADCv1/hal_adc_lld.o
LOAD .build/obj_alectardy98_alpine8kal_rp2040/lib/chibios-contrib/os/hal/ports/RP/LLD/USBDv1/hal_usb_lld.o
LOAD .build/obj_alectardy98_alpine8kal_rp2040/lib/chibios/os/hal/boards/RP_PICO_RP2040/board.o
LOAD .build/obj_alectardy98_alpine8kal_rp2040/lib/chibios/os/hal/lib/streams/chprintf.o
LOAD .build/obj_alectardy98_alpine8kal_rp2040/lib/chibios/os/hal/lib/streams/chscanf.o
LOAD .build/obj_alectardy98_alpine8kal_rp2040/lib/chibios/os/hal/lib/streams/memstreams.o
LOAD .build/obj_alectardy98_alpine8kal_rp2040/lib/chibios/os/hal/lib/streams/nullstreams.o
LOAD .build/obj_alectardy98_alpine8kal_rp2040/lib/chibios/os/hal/lib/streams/bufstreams.o
LOAD .build/obj_alectardy98_alpine8kal_rp2040/lib/chibios/os/various/syscalls.o
LOAD .build/obj_alectardy98_alpine8kal_rp2040/platforms/chibios/syscall-fallbacks.o
LOAD .build/obj_alectardy98_alpine8kal_rp2040/platforms/chibios/wait.o
LOAD .build/obj_alectardy98_alpine8kal_rp2040/platforms/chibios/synchronization_util.o
LOAD .build/obj_alectardy98_alpine8kal_rp2040/./lib/pico-sdk/src/rp2_common/hardware_clocks/clocks.o
LOAD .build/obj_alectardy98_alpine8kal_rp2040/./lib/pico-sdk/src/rp2_common/hardware_pll/pll.o
LOAD .build/obj_alectardy98_alpine8kal_rp2040/./lib/pico-sdk/src/rp2_common/hardware_pio/pio.o
LOAD .build/obj_alectardy98_alpine8kal_rp2040/./lib/pico-sdk/src/rp2_common/hardware_flash/flash.o
LOAD .build/obj_alectardy98_alpine8kal_rp2040/./lib/pico-sdk/src/rp2_common/hardware_gpio/gpio.o
LOAD .build/obj_alectardy98_alpine8kal_rp2040/./lib/pico-sdk/src/rp2_common/hardware_claim/claim.o
LOAD .build/obj_alectardy98_alpine8kal_rp2040/./lib/pico-sdk/src/rp2_common/hardware_watchdog/watchdog.o
LOAD .build/obj_alectardy98_alpine8kal_rp2040/./lib/pico-sdk/src/rp2_common/hardware_xosc/xosc.o
LOAD .build/obj_alectardy98_alpine8kal_rp2040/./lib/pico-sdk/src/rp2_common/pico_bootrom/bootrom.o
LOAD .build/obj_alectardy98_alpine8kal_rp2040/platforms/chibios/vendors/RP/stage2_bootloaders.o
LOAD .build/obj_alectardy98_alpine8kal_rp2040/platforms/chibios/vendors/RP/pico_sdk_shims.o
                0x00000800                        __process_stack_size__ = 0x800
                0x00000400                        __main_stack_size__ = 0x400
LOAD /usr/local/Cellar/arm-none-eabi-gcc@8/8.5.0_2/lib/arm-none-eabi-gcc/8/gcc/arm-none-eabi/8.5.0/../../../../../../arm-none-eabi/lib/thumb/v6-m/nofp/libm.a
START GROUP
LOAD /usr/local/Cellar/arm-none-eabi-gcc@8/8.5.0_2/lib/arm-none-eabi-gcc/8/gcc/arm-none-eabi/8.5.0/thumb/v6-m/nofp/libgcc.a
LOAD /usr/local/Cellar/arm-none-eabi-gcc@8/8.5.0_2/lib/arm-none-eabi-gcc/8/gcc/arm-none-eabi/8.5.0/../../../../../../arm-none-eabi/lib/thumb/v6-m/nofp/libg_nano.a
LOAD /usr/local/Cellar/arm-none-eabi-gcc@8/8.5.0_2/lib/arm-none-eabi-gcc/8/gcc/arm-none-eabi/8.5.0/../../../../../../arm-none-eabi/lib/thumb/v6-m/nofp/libc_nano.a
END GROUP
START GROUP
LOAD /usr/local/Cellar/arm-none-eabi-gcc@8/8.5.0_2/lib/arm-none-eabi-gcc/8/gcc/arm-none-eabi/8.5.0/thumb/v6-m/nofp/libgcc.a
LOAD /usr/local/Cellar/arm-none-eabi-gcc@8/8.5.0_2/lib/arm-none-eabi-gcc/8/gcc/arm-none-eabi/8.5.0/../../../../../../arm-none-eabi/lib/thumb/v6-m/nofp/libc_nano.a
END GROUP

.flash_begin    0x10000000        0x0
                0x10000000                        __flash_binary_start = .

.boot2          0x10000000      0x100
                0x10000000                        __boot2_start__ = .
 *(.boot2)
 .boot2         0x10000000      0x100 /var/folders/x9/cy1bx1f960zd_7xhdrxmk_zm0000gn/T//cc6Sv5vL.ltrans0.ltrans.o
                0x10000000                BOOT2_ROM
                0x10000100                        __boot2_end__ = .

.mstack         0x20040000      0x400
                0x20040000                        . = ALIGN (0x8)
                0x20040000                        __main_stack_base__ = .
                0x20040400                        . = (. + __main_stack_size__)
 *fill*         0x20040000      0x400 
                0x20040400                        . = ALIGN (0x8)
                0x20040400                        __main_stack_end__ = .

.pstack         0x20040400      0x800
                0x20040400                        . = ALIGN (0x8)
                0x20040400                        __process_stack_base__ = .
                0x20040400                        __main_thread_stack_base__ = .
                0x20040c00                        . = (. + __process_stack_size__)
 *fill*         0x20040400      0x800 
                0x20040c00                        . = ALIGN (0x8)
                0x20040c00                        __process_stack_end__ = .
                0x20040c00                        __main_thread_stack_end__ = .
                0x00000400                        __c1_main_stack_size__ = __main_stack_size__
                0x00000800                        __c1_process_stack_size__ = __process_stack_size__

.c1_mstack      0x20041000      0x400
                0x20041000                        . = ALIGN (0x8)
                0x20041000                        __c1_main_stack_base__ = .
                0x20041400                        . = (. + __c1_main_stack_size__)
 *fill*         0x20041000      0x400 
                0x20041400                        . = ALIGN (0x8)
                0x20041400                        __c1_main_stack_end__ = .

.c1_pstack      0x20041400      0x800
                0x20041400                        . = ALIGN (0x8)
                0x20041400                        __c1_process_stack_base__ = .
                0x20041400                        __c1_main_thread_stack_base__ = .
                0x20041c00                        . = (. + __c1_process_stack_size__)
 *fill*         0x20041400      0x800 
                0x20041c00                        . = ALIGN (0x8)
                0x20041c00                        __c1_process_stack_end__ = .
                0x20041c00                        __c1_main_thread_stack_end__ = .

.vectors        0x10000100       0xc0
 *(.vectors)
 .vectors       0x10000100       0xc0 .build/obj_alectardy98_alpine8kal_rp2040_default/./lib/chibios/os/common/startup/ARMCMx/compilers/GCC/vectors.o
                0x10000100                _vectors

.xtors          0x100001c0        0x0
                0x100001c0                        __init_array_base__ = .
 *(SORT_BY_NAME(.init_array.*))
 *(.init_array)
                0x100001c0                        __init_array_end__ = .
                0x100001c0                        __fini_array_base__ = .
 *(.fini_array)
 *(SORT_BY_NAME(.fini_array.*))
                0x100001c0                        __fini_array_end__ = .

.text           0x100001c0     0x6380
                0x100001c0                        __text_base__ = .
 *(.text)
 .text          0x100001c0       0xdc .build/obj_alectardy98_alpine8kal_rp2040_default/./lib/chibios/os/common/startup/ARMCMx/compilers/GCC/crt0_v6m.o
                0x100001c0                _crt0_entry
 .text          0x1000029c        0x8 .build/obj_alectardy98_alpine8kal_rp2040_default/./lib/chibios/os/common/startup/ARMCMx/compilers/GCC/vectors.o
                0x1000029c                Reset_Handler
                0x1000029e                Vector9C
                0x1000029e                VectorAC
                0x1000029e                DebugMon_Handler
                0x1000029e                Vector5C
                0x1000029e                HardFault_Handler
                0x1000029e                Vector8C
                0x1000029e                PendSV_Handler
                0x1000029e                Vector94
                0x1000029e                VectorA8
                0x1000029e                VectorB4
                0x1000029e                Vector74
                0x1000029e                UsageFault_Handler
                0x1000029e                Vector40
                0x1000029e                VectorBC
                0x1000029e                Vector64
                0x1000029e                Vector98
                0x1000029e                Vector24
                0x1000029e                Vector84
                0x1000029e                SecureFault_Handler
                0x1000029e                MemManage_Handler
                0x1000029e                Vector6C
                0x1000029e                VectorA0
                0x1000029e                SVC_Handler
                0x1000029e                VectorB0
                0x1000029e                Vector90
                0x1000029e                Vector60
                0x1000029e                Vector48
                0x1000029e                Vector70
                0x1000029e                Vector4C
                0x1000029e                Vector68
                0x1000029e                Vector78
                0x1000029e                Vector20
                0x1000029e                Vector58
                0x1000029e                Vector88
                0x1000029e                BusFault_Handler
                0x1000029e                Vector50
                0x1000029e                Vector44
                0x1000029e                Vector28
                0x1000029e                VectorB8
                0x1000029e                Vector34
                0x1000029e                VectorA4
                0x100002a2                _unhandled_exception
 .text          0x100002a4       0x48 .build/obj_alectardy98_alpine8kal_rp2040_default/./lib/chibios/os/common/ports/ARMv6-M-RP2/compilers/GCC/chcoreasm.o
                0x100002a4                __port_switch
                0x100002c4                __port_thread_start
                0x100002d6                __port_switch_from_isr
                0x100002da                __port_exit_from_isr
 .text          0x100002ec       0xa8 /usr/local/Cellar/arm-none-eabi-gcc@8/8.5.0_2/lib/arm-none-eabi-gcc/8/gcc/arm-none-eabi/8.5.0/../../../../../../arm-none-eabi/lib/thumb/v6-m/nofp/libg_nano.a(lib_a-memcpy-stub.o)
                0x100002ec                memcpy
 .text          0x10000394       0xa8 /usr/local/Cellar/arm-none-eabi-gcc@8/8.5.0_2/lib/arm-none-eabi-gcc/8/gcc/arm-none-eabi/8.5.0/../../../../../../arm-none-eabi/lib/thumb/v6-m/nofp/libg_nano.a(lib_a-memset.o)
                0x10000394                memset
 .text          0x1000043c       0x50 /usr/local/Cellar/arm-none-eabi-gcc@8/8.5.0_2/lib/arm-none-eabi-gcc/8/gcc/arm-none-eabi/8.5.0/../../../../../../arm-none-eabi/lib/thumb/v6-m/nofp/libg_nano.a(lib_a-memcmp.o)
                0x1000043c                memcmp
 .text          0x1000048c      0x114 /usr/local/Cellar/arm-none-eabi-gcc@8/8.5.0_2/lib/arm-none-eabi-gcc/8/gcc/arm-none-eabi/8.5.0/thumb/v6-m/nofp/libgcc.a(_udivsi3.o)
                0x1000048c                __udivsi3
                0x1000048c                __aeabi_uidiv
                0x10000598                __aeabi_uidivmod
 .text          0x100005a0      0x1d4 /usr/local/Cellar/arm-none-eabi-gcc@8/8.5.0_2/lib/arm-none-eabi-gcc/8/gcc/arm-none-eabi/8.5.0/thumb/v6-m/nofp/libgcc.a(_divsi3.o)
                0x100005a0                __aeabi_idiv
                0x100005a0                __divsi3
                0x1000076c                __aeabi_idivmod
 .text          0x10000774        0x4 /usr/local/Cellar/arm-none-eabi-gcc@8/8.5.0_2/lib/arm-none-eabi-gcc/8/gcc/arm-none-eabi/8.5.0/thumb/v6-m/nofp/libgcc.a(_dvmd_tls.o)
                0x10000774                __aeabi_ldiv0
                0x10000774                __aeabi_idiv0
 .text          0x10000778       0x54 /usr/local/Cellar/arm-none-eabi-gcc@8/8.5.0_2/lib/arm-none-eabi-gcc/8/gcc/arm-none-eabi/8.5.0/thumb/v6-m/nofp/libgcc.a(_muldi3.o)
                0x10000778                __aeabi_lmul
                0x10000778                __muldi3
 .text          0x100007cc       0x14 /usr/local/Cellar/arm-none-eabi-gcc@8/8.5.0_2/lib/arm-none-eabi-gcc/8/gcc/arm-none-eabi/8.5.0/thumb/v6-m/nofp/libgcc.a(_thumb1_case_sqi.o)
                0x100007cc                __gnu_thumb1_case_sqi
 .text          0x100007e0       0x14 /usr/local/Cellar/arm-none-eabi-gcc@8/8.5.0_2/lib/arm-none-eabi-gcc/8/gcc/arm-none-eabi/8.5.0/thumb/v6-m/nofp/libgcc.a(_thumb1_case_uqi.o)
                0x100007e0                __gnu_thumb1_case_uqi
 .text          0x100007f4       0x14 /usr/local/Cellar/arm-none-eabi-gcc@8/8.5.0_2/lib/arm-none-eabi-gcc/8/gcc/arm-none-eabi/8.5.0/thumb/v6-m/nofp/libgcc.a(_thumb1_case_shi.o)
                0x100007f4                __gnu_thumb1_case_shi
 .text          0x10000808       0x14 /usr/local/Cellar/arm-none-eabi-gcc@8/8.5.0_2/lib/arm-none-eabi-gcc/8/gcc/arm-none-eabi/8.5.0/thumb/v6-m/nofp/libgcc.a(_thumb1_case_uhi.o)
                0x10000808                __gnu_thumb1_case_uhi
 .text          0x1000081c       0x40 /usr/local/Cellar/arm-none-eabi-gcc@8/8.5.0_2/lib/arm-none-eabi-gcc/8/gcc/arm-none-eabi/8.5.0/thumb/v6-m/nofp/libgcc.a(_aeabi_uldivmod.o)
                0x1000081c                __aeabi_uldivmod
 .text          0x1000085c      0x1a4 /usr/local/Cellar/arm-none-eabi-gcc@8/8.5.0_2/lib/arm-none-eabi-gcc/8/gcc/arm-none-eabi/8.5.0/thumb/v6-m/nofp/libgcc.a(_udivmoddi4.o)
                0x1000085c                __udivmoddi4
 .text          0x10000a00       0x18 /usr/local/Cellar/arm-none-eabi-gcc@8/8.5.0_2/lib/arm-none-eabi-gcc/8/gcc/arm-none-eabi/8.5.0/thumb/v6-m/nofp/libgcc.a(_clzdi2.o)
                0x10000a00                __clzdi2
 .text          0x10000a18       0x3c /usr/local/Cellar/arm-none-eabi-gcc@8/8.5.0_2/lib/arm-none-eabi-gcc/8/gcc/arm-none-eabi/8.5.0/thumb/v6-m/nofp/libgcc.a(_clzsi2.o)
                0x10000a18                __clzsi2
 *(.text.*)
 .text.clock_configure.part.0.constprop.25
                0x10000a54       0xc4 /var/folders/x9/cy1bx1f960zd_7xhdrxmk_zm0000gn/T//cc6Sv5vL.ltrans0.ltrans.o
 .text.pll_init.constprop.23
                0x10000b18       0x94 /var/folders/x9/cy1bx1f960zd_7xhdrxmk_zm0000gn/T//cc6Sv5vL.ltrans0.ltrans.o
 .text.clocks_init
                0x10000bac       0xdc /var/folders/x9/cy1bx1f960zd_7xhdrxmk_zm0000gn/T//cc6Sv5vL.ltrans0.ltrans.o
 .text.usb_lld_stall_in
                0x10000c88       0x40 /var/folders/x9/cy1bx1f960zd_7xhdrxmk_zm0000gn/T//cc6Sv5vL.ltrans0.ltrans.o
 .text.usb_lld_stall_out
                0x10000cc8       0x40 /var/folders/x9/cy1bx1f960zd_7xhdrxmk_zm0000gn/T//cc6Sv5vL.ltrans0.ltrans.o
 .text.usb_prepare_out_ep
                0x10000d08       0x90 /var/folders/x9/cy1bx1f960zd_7xhdrxmk_zm0000gn/T//cc6Sv5vL.ltrans0.ltrans.o
 .text.usb_isochronous_buffer_size
                0x10000d98       0x44 /var/folders/x9/cy1bx1f960zd_7xhdrxmk_zm0000gn/T//cc6Sv5vL.ltrans0.ltrans.o
 .text.usb_lld_init_endpoint
                0x10000ddc      0x13c /var/folders/x9/cy1bx1f960zd_7xhdrxmk_zm0000gn/T//cc6Sv5vL.ltrans0.ltrans.o
 .text.usb_lld_reset.constprop.50
                0x10000f18       0x54 /var/folders/x9/cy1bx1f960zd_7xhdrxmk_zm0000gn/T//cc6Sv5vL.ltrans0.ltrans.o
 .text.hal_lld_peripheral_unreset.lto_priv.86
                0x10000f6c       0x14 /var/folders/x9/cy1bx1f960zd_7xhdrxmk_zm0000gn/T//cc6Sv5vL.ltrans0.ltrans.o
 .text.port_unlock.lto_priv.89
                0x10000f80       0x12 /var/folders/x9/cy1bx1f960zd_7xhdrxmk_zm0000gn/T//cc6Sv5vL.ltrans0.ltrans.o
 .text.port_lock.lto_priv.103
                0x10000f92       0x16 /var/folders/x9/cy1bx1f960zd_7xhdrxmk_zm0000gn/T//cc6Sv5vL.ltrans0.ltrans.o
 .text.usbStartReceiveI
                0x10000fa8       0x42 /var/folders/x9/cy1bx1f960zd_7xhdrxmk_zm0000gn/T//cc6Sv5vL.ltrans0.ltrans.o
 *fill*         0x10000fea        0x2 
 .text.set_address
                0x10000fec       0x30 /var/folders/x9/cy1bx1f960zd_7xhdrxmk_zm0000gn/T//cc6Sv5vL.ltrans0.ltrans.o
 .text.obqPostFullBufferS
                0x1000101c       0x2a /var/folders/x9/cy1bx1f960zd_7xhdrxmk_zm0000gn/T//cc6Sv5vL.ltrans0.ltrans.o
 .text.obqGetFullBufferI
                0x10001046       0x18 /var/folders/x9/cy1bx1f960zd_7xhdrxmk_zm0000gn/T//cc6Sv5vL.ltrans0.ltrans.o
 .text.ibqReleaseEmptyBufferS
                0x1000105e       0x28 /var/folders/x9/cy1bx1f960zd_7xhdrxmk_zm0000gn/T//cc6Sv5vL.ltrans0.ltrans.o
 *fill*         0x10001086        0x2 
 .text.__port_irq_epilogue.part.2
                0x10001088       0x44 /var/folders/x9/cy1bx1f960zd_7xhdrxmk_zm0000gn/T//cc6Sv5vL.ltrans0.ltrans.o
 .text.__idle_thread
                0x100010cc        0x2 /var/folders/x9/cy1bx1f960zd_7xhdrxmk_zm0000gn/T//cc6Sv5vL.ltrans0.ltrans.o
 .text.__sch_ready_behind
                0x100010ce       0x1c /var/folders/x9/cy1bx1f960zd_7xhdrxmk_zm0000gn/T//cc6Sv5vL.ltrans0.ltrans.o
 .text.__sch_wakeup
                0x100010ea       0x42 /var/folders/x9/cy1bx1f960zd_7xhdrxmk_zm0000gn/T//cc6Sv5vL.ltrans0.ltrans.o
 .text.chSchReadyI
                0x1000112c       0x2c /var/folders/x9/cy1bx1f960zd_7xhdrxmk_zm0000gn/T//cc6Sv5vL.ltrans0.ltrans.o
 .text.chThdDequeueAllI.constprop.16
                0x10001158       0x1e /var/folders/x9/cy1bx1f960zd_7xhdrxmk_zm0000gn/T//cc6Sv5vL.ltrans0.ltrans.o
 .text.chEvtBroadcastFlagsI
                0x10001176       0x4a /var/folders/x9/cy1bx1f960zd_7xhdrxmk_zm0000gn/T//cc6Sv5vL.ltrans0.ltrans.o
 .text.chThdResumeI
                0x100011c0       0x16 /var/folders/x9/cy1bx1f960zd_7xhdrxmk_zm0000gn/T//cc6Sv5vL.ltrans0.ltrans.o
 *fill*         0x100011d6        0x2 
 .text.chVTDoResetI
                0x100011d8       0x30 /var/folders/x9/cy1bx1f960zd_7xhdrxmk_zm0000gn/T//cc6Sv5vL.ltrans0.ltrans.o
 .text.ch_dlist_insert
                0x10001208       0x2a /var/folders/x9/cy1bx1f960zd_7xhdrxmk_zm0000gn/T//cc6Sv5vL.ltrans0.ltrans.o
 *fill*         0x10001232        0x2 
 .text.chVTSetI.constprop.19
                0x10001234       0x44 /var/folders/x9/cy1bx1f960zd_7xhdrxmk_zm0000gn/T//cc6Sv5vL.ltrans0.ltrans.o
 .text.chSysPolledDelayX
                0x10001278       0x14 /var/folders/x9/cy1bx1f960zd_7xhdrxmk_zm0000gn/T//cc6Sv5vL.ltrans0.ltrans.o
 .text.kbd_in_cb
                0x1000128c        0x2 /var/folders/x9/cy1bx1f960zd_7xhdrxmk_zm0000gn/T//cc6Sv5vL.ltrans0.ltrans.o
 .text.qmkusbInterruptTransmitted
                0x1000128e        0x2 /var/folders/x9/cy1bx1f960zd_7xhdrxmk_zm0000gn/T//cc6Sv5vL.ltrans0.ltrans.o
 .text.qmkusb_start_receive
                0x10001290       0x46 /var/folders/x9/cy1bx1f960zd_7xhdrxmk_zm0000gn/T//cc6Sv5vL.ltrans0.ltrans.o
 .text.qmkusbDataReceived
                0x100012d6       0x68 /var/folders/x9/cy1bx1f960zd_7xhdrxmk_zm0000gn/T//cc6Sv5vL.ltrans0.ltrans.o
 .text.ibnotify
                0x1000133e        0xa /var/folders/x9/cy1bx1f960zd_7xhdrxmk_zm0000gn/T//cc6Sv5vL.ltrans0.ltrans.o
 .text.sendchar
                0x10001348       0x30 /var/folders/x9/cy1bx1f960zd_7xhdrxmk_zm0000gn/T//cc6Sv5vL.ltrans0.ltrans.o
 .text.send_programmable_button
                0x10001378        0x2 /var/folders/x9/cy1bx1f960zd_7xhdrxmk_zm0000gn/T//cc6Sv5vL.ltrans0.ltrans.o
 .text.shared_in_cb
                0x1000137a        0x2 /var/folders/x9/cy1bx1f960zd_7xhdrxmk_zm0000gn/T//cc6Sv5vL.ltrans0.ltrans.o
 .text.send_mouse
                0x1000137c        0x2 /var/folders/x9/cy1bx1f960zd_7xhdrxmk_zm0000gn/T//cc6Sv5vL.ltrans0.ltrans.o
 *fill*         0x1000137e        0x2 
 .text.keyboard_leds
                0x10001380        0xc /var/folders/x9/cy1bx1f960zd_7xhdrxmk_zm0000gn/T//cc6Sv5vL.ltrans0.ltrans.o
 .text.usb_request_hook_cb
                0x1000138c      0x1d8 /var/folders/x9/cy1bx1f960zd_7xhdrxmk_zm0000gn/T//cc6Sv5vL.ltrans0.ltrans.o
 .text.set_led_transfer_cb
                0x10001564       0x2c /var/folders/x9/cy1bx1f960zd_7xhdrxmk_zm0000gn/T//cc6Sv5vL.ltrans0.ltrans.o
 .text.usb_event_queue_enqueue
                0x10001590       0x30 /var/folders/x9/cy1bx1f960zd_7xhdrxmk_zm0000gn/T//cc6Sv5vL.ltrans0.ltrans.o
 .text.usb_get_descriptor_cb
                0x100015c0       0x8c /var/folders/x9/cy1bx1f960zd_7xhdrxmk_zm0000gn/T//cc6Sv5vL.ltrans0.ltrans.o
 .text.bootloader_jump
                0x1000164c       0x1c /var/folders/x9/cy1bx1f960zd_7xhdrxmk_zm0000gn/T//cc6Sv5vL.ltrans0.ltrans.o
 .text.timer_read32
                0x10001668       0x84 /var/folders/x9/cy1bx1f960zd_7xhdrxmk_zm0000gn/T//cc6Sv5vL.ltrans0.ltrans.o
 .text.host_consumer_send
                0x100016ec       0x24 /var/folders/x9/cy1bx1f960zd_7xhdrxmk_zm0000gn/T//cc6Sv5vL.ltrans0.ltrans.o
 .text.host_system_send
                0x10001710       0x24 /var/folders/x9/cy1bx1f960zd_7xhdrxmk_zm0000gn/T//cc6Sv5vL.ltrans0.ltrans.o
 .text.host_keyboard_leds
                0x10001734       0x14 /var/folders/x9/cy1bx1f960zd_7xhdrxmk_zm0000gn/T//cc6Sv5vL.ltrans0.ltrans.o
 .text.backing_store_read_bulk
                0x10001748       0x20 /var/folders/x9/cy1bx1f960zd_7xhdrxmk_zm0000gn/T//cc6Sv5vL.ltrans0.ltrans.o
 .text.backing_store_erase
                0x10001768       0x20 /var/folders/x9/cy1bx1f960zd_7xhdrxmk_zm0000gn/T//cc6Sv5vL.ltrans0.ltrans.o
 .text.wear_leveling_lock
                0x10001788       0x1c /var/folders/x9/cy1bx1f960zd_7xhdrxmk_zm0000gn/T//cc6Sv5vL.ltrans0.ltrans.o
 .text.wear_leveling_unlock
                0x100017a4       0x1c /var/folders/x9/cy1bx1f960zd_7xhdrxmk_zm0000gn/T//cc6Sv5vL.ltrans0.ltrans.o
 .text.wear_leveling_write_consolidated
                0x100017c0       0xf4 /var/folders/x9/cy1bx1f960zd_7xhdrxmk_zm0000gn/T//cc6Sv5vL.ltrans0.ltrans.o
 .text.wear_leveling_consolidate_if_needed
                0x100018b4       0x34 /var/folders/x9/cy1bx1f960zd_7xhdrxmk_zm0000gn/T//cc6Sv5vL.ltrans0.ltrans.o
 .text.wear_leveling_append_raw
                0x100018e8       0x40 /var/folders/x9/cy1bx1f960zd_7xhdrxmk_zm0000gn/T//cc6Sv5vL.ltrans0.ltrans.o
 .text.putchar_wrapper
                0x10001928       0x10 /var/folders/x9/cy1bx1f960zd_7xhdrxmk_zm0000gn/T//cc6Sv5vL.ltrans0.ltrans.o
 .text.putchar_via_gadget
                0x10001938       0x24 /var/folders/x9/cy1bx1f960zd_7xhdrxmk_zm0000gn/T//cc6Sv5vL.ltrans0.ltrans.o
 .text.out_rev_
                0x1000195c       0x56 /var/folders/x9/cy1bx1f960zd_7xhdrxmk_zm0000gn/T//cc6Sv5vL.ltrans0.ltrans.o
 *fill*         0x100019b2        0x2 
 .text.print_integer
                0x100019b4      0x174 /var/folders/x9/cy1bx1f960zd_7xhdrxmk_zm0000gn/T//cc6Sv5vL.ltrans0.ltrans.o
 .text.vsnprintf_impl.constprop.83
                0x10001b28      0x38c /var/folders/x9/cy1bx1f960zd_7xhdrxmk_zm0000gn/T//cc6Sv5vL.ltrans0.ltrans.o
 .text.setPinInputHigh_atomic
                0x10001eb4       0x34 /var/folders/x9/cy1bx1f960zd_7xhdrxmk_zm0000gn/T//cc6Sv5vL.ltrans0.ltrans.o
 .text.null_sendchar_func
                0x10001ee8        0x4 /var/folders/x9/cy1bx1f960zd_7xhdrxmk_zm0000gn/T//cc6Sv5vL.ltrans0.ltrans.o
 .text.mod_config
                0x10001eec       0xa8 /var/folders/x9/cy1bx1f960zd_7xhdrxmk_zm0000gn/T//cc6Sv5vL.ltrans0.ltrans.o
 .text.keymap_key_to_keycode
                0x10001f94       0x54 /var/folders/x9/cy1bx1f960zd_7xhdrxmk_zm0000gn/T//cc6Sv5vL.ltrans0.ltrans.o
 .text.action_for_keycode
                0x10001fe8      0x2b4 /var/folders/x9/cy1bx1f960zd_7xhdrxmk_zm0000gn/T//cc6Sv5vL.ltrans0.ltrans.o
 .text.clear_oneshot_mods
                0x1000229c       0x1c /var/folders/x9/cy1bx1f960zd_7xhdrxmk_zm0000gn/T//cc6Sv5vL.ltrans0.ltrans.o
 .text.del_mods
                0x100022b8       0x10 /var/folders/x9/cy1bx1f960zd_7xhdrxmk_zm0000gn/T//cc6Sv5vL.ltrans0.ltrans.o
 .text.debug_waiting_buffer
                0x100022c8       0x20 /var/folders/x9/cy1bx1f960zd_7xhdrxmk_zm0000gn/T//cc6Sv5vL.ltrans0.ltrans.o
 .text.layer_switch_get_layer
                0x100022e8       0x50 /var/folders/x9/cy1bx1f960zd_7xhdrxmk_zm0000gn/T//cc6Sv5vL.ltrans0.ltrans.o
 .text.layer_switch_get_action
                0x10002338       0x20 /var/folders/x9/cy1bx1f960zd_7xhdrxmk_zm0000gn/T//cc6Sv5vL.ltrans0.ltrans.o
 .text.read_source_layers_cache_impl
                0x10002358       0x26 /var/folders/x9/cy1bx1f960zd_7xhdrxmk_zm0000gn/T//cc6Sv5vL.ltrans0.ltrans.o
 *fill*         0x1000237e        0x2 
 .text.read_source_layers_cache
                0x10002380       0x3c /var/folders/x9/cy1bx1f960zd_7xhdrxmk_zm0000gn/T//cc6Sv5vL.ltrans0.ltrans.o
 .text.update_source_layers_cache_impl
                0x100023bc       0x30 /var/folders/x9/cy1bx1f960zd_7xhdrxmk_zm0000gn/T//cc6Sv5vL.ltrans0.ltrans.o
 .text.update_source_layers_cache
                0x100023ec       0x3c /var/folders/x9/cy1bx1f960zd_7xhdrxmk_zm0000gn/T//cc6Sv5vL.ltrans0.ltrans.o
 .text.is_tap_record
                0x10002428       0x68 /var/folders/x9/cy1bx1f960zd_7xhdrxmk_zm0000gn/T//cc6Sv5vL.ltrans0.ltrans.o
 .text.bitrev   0x10002490       0x26 /var/folders/x9/cy1bx1f960zd_7xhdrxmk_zm0000gn/T//cc6Sv5vL.ltrans0.ltrans.o
 .text.get_event_keycode
                0x100024b6       0x32 /var/folders/x9/cy1bx1f960zd_7xhdrxmk_zm0000gn/T//cc6Sv5vL.ltrans0.ltrans.o
 .text.extract_mod_bits
                0x100024e8       0x20 /var/folders/x9/cy1bx1f960zd_7xhdrxmk_zm0000gn/T//cc6Sv5vL.ltrans0.ltrans.o
 .text.usb_lld_start.part.3
                0x10002508       0x98 /var/folders/x9/cy1bx1f960zd_7xhdrxmk_zm0000gn/T//cc6Sv5vL.ltrans0.ltrans.o
 .text.usbInitEndpointI
                0x100025a0       0x36 /var/folders/x9/cy1bx1f960zd_7xhdrxmk_zm0000gn/T//cc6Sv5vL.ltrans0.ltrans.o
 *fill*         0x100025d6        0x2 
 .text.usb_event_cb
                0x100025d8      0x144 /var/folders/x9/cy1bx1f960zd_7xhdrxmk_zm0000gn/T//cc6Sv5vL.ltrans0.ltrans.o
 .text.clear_keys_from_report
                0x1000271c       0x28 /var/folders/x9/cy1bx1f960zd_7xhdrxmk_zm0000gn/T//cc6Sv5vL.ltrans0.ltrans.o
 .text.wear_leveling_clear_cache
                0x10002744       0x20 /var/folders/x9/cy1bx1f960zd_7xhdrxmk_zm0000gn/T//cc6Sv5vL.ltrans0.ltrans.o
 .text.wear_leveling_erase
                0x10002764       0x2e /var/folders/x9/cy1bx1f960zd_7xhdrxmk_zm0000gn/T//cc6Sv5vL.ltrans0.ltrans.o
 .text.usb_prepare_in_ep_buffer
                0x10002792       0x74 /var/folders/x9/cy1bx1f960zd_7xhdrxmk_zm0000gn/T//cc6Sv5vL.ltrans0.ltrans.o
 *fill*         0x10002806        0x2 
 .text.usb_prepare_in_ep
                0x10002808       0x8c /var/folders/x9/cy1bx1f960zd_7xhdrxmk_zm0000gn/T//cc6Sv5vL.ltrans0.ltrans.o
 .text.usbStartTransmitI
                0x10002894       0x28 /var/folders/x9/cy1bx1f960zd_7xhdrxmk_zm0000gn/T//cc6Sv5vL.ltrans0.ltrans.o
 .text._usb_ep0out
                0x100028bc       0x80 /var/folders/x9/cy1bx1f960zd_7xhdrxmk_zm0000gn/T//cc6Sv5vL.ltrans0.ltrans.o
 .text._usb_ep0in
                0x1000293c       0xb0 /var/folders/x9/cy1bx1f960zd_7xhdrxmk_zm0000gn/T//cc6Sv5vL.ltrans0.ltrans.o
 .text.qmkusbDataTransmitted
                0x100029ec       0xa2 /var/folders/x9/cy1bx1f960zd_7xhdrxmk_zm0000gn/T//cc6Sv5vL.ltrans0.ltrans.o
 .text.obnotify
                0x10002a8e       0x3c /var/folders/x9/cy1bx1f960zd_7xhdrxmk_zm0000gn/T//cc6Sv5vL.ltrans0.ltrans.o
 *fill*         0x10002aca        0x2 
 .text.keyboard_idle_timer_cb
                0x10002acc       0x80 /var/folders/x9/cy1bx1f960zd_7xhdrxmk_zm0000gn/T//cc6Sv5vL.ltrans0.ltrans.o
 .text.usb_sof_cb
                0x10002b4c       0xac /var/folders/x9/cy1bx1f960zd_7xhdrxmk_zm0000gn/T//cc6Sv5vL.ltrans0.ltrans.o
 .text._usb_ep0setup
                0x10002bf8      0x3b8 /var/folders/x9/cy1bx1f960zd_7xhdrxmk_zm0000gn/T//cc6Sv5vL.ltrans0.ltrans.o
 .text.wear_leveling_read
                0x10002fb0       0x24 /var/folders/x9/cy1bx1f960zd_7xhdrxmk_zm0000gn/T//cc6Sv5vL.ltrans0.ltrans.o
 .text.eeprom_read_byte
                0x10002fd4       0x16 /var/folders/x9/cy1bx1f960zd_7xhdrxmk_zm0000gn/T//cc6Sv5vL.ltrans0.ltrans.o
 .text.eeconfig_read_keymap
                0x10002fea       0x18 /var/folders/x9/cy1bx1f960zd_7xhdrxmk_zm0000gn/T//cc6Sv5vL.ltrans0.ltrans.o
 *fill*         0x10003002        0x2 
 .text.chSchGoSleepS
                0x10003004       0x2c /var/folders/x9/cy1bx1f960zd_7xhdrxmk_zm0000gn/T//cc6Sv5vL.ltrans0.ltrans.o
 .text.chSchGoSleepTimeoutS
                0x10003030       0x60 /var/folders/x9/cy1bx1f960zd_7xhdrxmk_zm0000gn/T//cc6Sv5vL.ltrans0.ltrans.o
 .text.chThdEnqueueTimeoutS
                0x10003090       0x34 /var/folders/x9/cy1bx1f960zd_7xhdrxmk_zm0000gn/T//cc6Sv5vL.ltrans0.ltrans.o
 .text.obqGetEmptyBufferTimeoutS
                0x100030c4       0x36 /var/folders/x9/cy1bx1f960zd_7xhdrxmk_zm0000gn/T//cc6Sv5vL.ltrans0.ltrans.o
 .text.obqWriteTimeout
                0x100030fa       0x86 /var/folders/x9/cy1bx1f960zd_7xhdrxmk_zm0000gn/T//cc6Sv5vL.ltrans0.ltrans.o
 .text._writet  0x10003180        0xa /var/folders/x9/cy1bx1f960zd_7xhdrxmk_zm0000gn/T//cc6Sv5vL.ltrans0.ltrans.o
 .text._write   0x1000318a        0xe /var/folders/x9/cy1bx1f960zd_7xhdrxmk_zm0000gn/T//cc6Sv5vL.ltrans0.ltrans.o
 .text.obqPutTimeout
                0x10003198       0x48 /var/folders/x9/cy1bx1f960zd_7xhdrxmk_zm0000gn/T//cc6Sv5vL.ltrans0.ltrans.o
 .text._putt    0x100031e0        0xa /var/folders/x9/cy1bx1f960zd_7xhdrxmk_zm0000gn/T//cc6Sv5vL.ltrans0.ltrans.o
 .text._put     0x100031ea        0xe /var/folders/x9/cy1bx1f960zd_7xhdrxmk_zm0000gn/T//cc6Sv5vL.ltrans0.ltrans.o
 .text.ibqGetFullBufferTimeoutS
                0x100031f8       0x36 /var/folders/x9/cy1bx1f960zd_7xhdrxmk_zm0000gn/T//cc6Sv5vL.ltrans0.ltrans.o
 .text.ibqReadTimeout
                0x1000322e       0x82 /var/folders/x9/cy1bx1f960zd_7xhdrxmk_zm0000gn/T//cc6Sv5vL.ltrans0.ltrans.o
 .text._readt   0x100032b0        0xa /var/folders/x9/cy1bx1f960zd_7xhdrxmk_zm0000gn/T//cc6Sv5vL.ltrans0.ltrans.o
 .text._read    0x100032ba        0xe /var/folders/x9/cy1bx1f960zd_7xhdrxmk_zm0000gn/T//cc6Sv5vL.ltrans0.ltrans.o
 .text.ibqGetTimeout
                0x100032c8       0x3a /var/folders/x9/cy1bx1f960zd_7xhdrxmk_zm0000gn/T//cc6Sv5vL.ltrans0.ltrans.o
 .text._gett    0x10003302        0xa /var/folders/x9/cy1bx1f960zd_7xhdrxmk_zm0000gn/T//cc6Sv5vL.ltrans0.ltrans.o
 .text._get     0x1000330c        0xe /var/folders/x9/cy1bx1f960zd_7xhdrxmk_zm0000gn/T//cc6Sv5vL.ltrans0.ltrans.o
 .text.chThdSleep
                0x1000331a       0x16 /var/folders/x9/cy1bx1f960zd_7xhdrxmk_zm0000gn/T//cc6Sv5vL.ltrans0.ltrans.o
 .text.send_extra
                0x10003330       0x68 /var/folders/x9/cy1bx1f960zd_7xhdrxmk_zm0000gn/T//cc6Sv5vL.ltrans0.ltrans.o
 .text.send_consumer
                0x10003398        0xc /var/folders/x9/cy1bx1f960zd_7xhdrxmk_zm0000gn/T//cc6Sv5vL.ltrans0.ltrans.o
 .text.send_system
                0x100033a4        0xc /var/folders/x9/cy1bx1f960zd_7xhdrxmk_zm0000gn/T//cc6Sv5vL.ltrans0.ltrans.o
 .text.osalThreadSuspendS
                0x100033b0       0x28 /var/folders/x9/cy1bx1f960zd_7xhdrxmk_zm0000gn/T//cc6Sv5vL.ltrans0.ltrans.o
 .text.send_keyboard
                0x100033d8       0x84 /var/folders/x9/cy1bx1f960zd_7xhdrxmk_zm0000gn/T//cc6Sv5vL.ltrans0.ltrans.o
 .text.wear_leveling_write
                0x1000345c      0x1a0 /var/folders/x9/cy1bx1f960zd_7xhdrxmk_zm0000gn/T//cc6Sv5vL.ltrans0.ltrans.o
 .text.eeprom_update_byte
                0x100035fc       0x1e /var/folders/x9/cy1bx1f960zd_7xhdrxmk_zm0000gn/T//cc6Sv5vL.ltrans0.ltrans.o
 .text.eeprom_update_dword.constprop.70
                0x1000361a       0x24 /var/folders/x9/cy1bx1f960zd_7xhdrxmk_zm0000gn/T//cc6Sv5vL.ltrans0.ltrans.o
 .text.eeprom_update_word
                0x1000363e       0x2a /var/folders/x9/cy1bx1f960zd_7xhdrxmk_zm0000gn/T//cc6Sv5vL.ltrans0.ltrans.o
 .text.eeconfig_init_quantum
                0x10003668       0x94 /var/folders/x9/cy1bx1f960zd_7xhdrxmk_zm0000gn/T//cc6Sv5vL.ltrans0.ltrans.o
 .text.matrix_scan
                0x100036fc      0x2b4 /var/folders/x9/cy1bx1f960zd_7xhdrxmk_zm0000gn/T//cc6Sv5vL.ltrans0.ltrans.o
 .text.shutdown_user
                0x100039b0        0x2 /var/folders/x9/cy1bx1f960zd_7xhdrxmk_zm0000gn/T//cc6Sv5vL.ltrans0.ltrans.o
                0x100039b0                __cpu_init
 .text._fini    0x100039b2        0x2 /var/folders/x9/cy1bx1f960zd_7xhdrxmk_zm0000gn/T//cc6Sv5vL.ltrans0.ltrans.o
                0x100039b2                _fini
 .text.Vector54
                0x100039b4      0x2ac /var/folders/x9/cy1bx1f960zd_7xhdrxmk_zm0000gn/T//cc6Sv5vL.ltrans0.ltrans.o
                0x100039b4                Vector54
 .text.SysTick_Handler
                0x10003c60       0x70 /var/folders/x9/cy1bx1f960zd_7xhdrxmk_zm0000gn/T//cc6Sv5vL.ltrans0.ltrans.o
                0x10003c60                SysTick_Handler
 .text.__port_spinlock_release
                0x10003cd0       0x10 /var/folders/x9/cy1bx1f960zd_7xhdrxmk_zm0000gn/T//cc6Sv5vL.ltrans0.ltrans.o
                0x10003cd0                __port_spinlock_release
 .text.Vector80
                0x10003ce0       0x40 /var/folders/x9/cy1bx1f960zd_7xhdrxmk_zm0000gn/T//cc6Sv5vL.ltrans0.ltrans.o
                0x10003ce0                Vector80
 .text.Vector7C
                0x10003d20       0x24 /var/folders/x9/cy1bx1f960zd_7xhdrxmk_zm0000gn/T//cc6Sv5vL.ltrans0.ltrans.o
                0x10003d20                Vector7C
 .text.NMI_Handler
                0x10003d44       0x12 /var/folders/x9/cy1bx1f960zd_7xhdrxmk_zm0000gn/T//cc6Sv5vL.ltrans0.ltrans.o
                0x10003d44                NMI_Handler
 *fill*         0x10003d56        0x2 
 .text.chThdExit
                0x10003d58       0x28 /var/folders/x9/cy1bx1f960zd_7xhdrxmk_zm0000gn/T//cc6Sv5vL.ltrans0.ltrans.o
                0x10003d58                chThdExit
 .text.__sch_reschedule_ahead
                0x10003d80       0x44 /var/folders/x9/cy1bx1f960zd_7xhdrxmk_zm0000gn/T//cc6Sv5vL.ltrans0.ltrans.o
                0x10003d80                chSchDoPreemption
 .text.__init_ram_areas
                0x10003dc4       0x30 /var/folders/x9/cy1bx1f960zd_7xhdrxmk_zm0000gn/T//cc6Sv5vL.ltrans0.ltrans.o
                0x10003dc4                __init_ram_areas
 .text.__default_exit
                0x10003df4        0x2 /var/folders/x9/cy1bx1f960zd_7xhdrxmk_zm0000gn/T//cc6Sv5vL.ltrans0.ltrans.o
                0x10003df4                __default_exit
 .text.__early_init
                0x10003df6        0x2 /var/folders/x9/cy1bx1f960zd_7xhdrxmk_zm0000gn/T//cc6Sv5vL.ltrans0.ltrans.o
                0x10003df6                __early_init
 .text.__late_init
                0x10003df8       0x44 /var/folders/x9/cy1bx1f960zd_7xhdrxmk_zm0000gn/T//cc6Sv5vL.ltrans0.ltrans.o
                0x10003df8                __late_init
 .text.vprintf  0x10003e3c       0x28 /var/folders/x9/cy1bx1f960zd_7xhdrxmk_zm0000gn/T//cc6Sv5vL.ltrans0.ltrans.o
                0x10003e3c                vprintf
 .text.printf   0x10003e64       0x16 /var/folders/x9/cy1bx1f960zd_7xhdrxmk_zm0000gn/T//cc6Sv5vL.ltrans0.ltrans.o
 *fill*         0x10003e7a        0x2 
 .text.dynamic_macro_record_key.constprop.64
                0x10003e7c       0x88 /var/folders/x9/cy1bx1f960zd_7xhdrxmk_zm0000gn/T//cc6Sv5vL.ltrans0.ltrans.o
 .text.dynamic_macro_record_end
                0x10003f04       0x60 /var/folders/x9/cy1bx1f960zd_7xhdrxmk_zm0000gn/T//cc6Sv5vL.ltrans0.ltrans.o
 .text.set_unicode_input_mode
                0x10003f64       0x2c /var/folders/x9/cy1bx1f960zd_7xhdrxmk_zm0000gn/T//cc6Sv5vL.ltrans0.ltrans.o
 .text.send_keyboard_report
                0x10003f90      0x130 /var/folders/x9/cy1bx1f960zd_7xhdrxmk_zm0000gn/T//cc6Sv5vL.ltrans0.ltrans.o
 .text.clear_keyboard_but_mods_and_keys
                0x100040c0       0x20 /var/folders/x9/cy1bx1f960zd_7xhdrxmk_zm0000gn/T//cc6Sv5vL.ltrans0.ltrans.o
 .text.layer_off
                0x100040e0       0x18 /var/folders/x9/cy1bx1f960zd_7xhdrxmk_zm0000gn/T//cc6Sv5vL.ltrans0.ltrans.o
 .text.clear_oneshot_layer_state
                0x100040f8       0x40 /var/folders/x9/cy1bx1f960zd_7xhdrxmk_zm0000gn/T//cc6Sv5vL.ltrans0.ltrans.o
 .text.layer_on
                0x10004138       0x18 /var/folders/x9/cy1bx1f960zd_7xhdrxmk_zm0000gn/T//cc6Sv5vL.ltrans0.ltrans.o
 .text.set_oneshot_layer
                0x10004150       0x34 /var/folders/x9/cy1bx1f960zd_7xhdrxmk_zm0000gn/T//cc6Sv5vL.ltrans0.ltrans.o
 .text.clear_keyboard
                0x10004184       0x1c /var/folders/x9/cy1bx1f960zd_7xhdrxmk_zm0000gn/T//cc6Sv5vL.ltrans0.ltrans.o
 .text.dynamic_macro_record_start.constprop.61
                0x100041a0       0x38 /var/folders/x9/cy1bx1f960zd_7xhdrxmk_zm0000gn/T//cc6Sv5vL.ltrans0.ltrans.o
 .text.soft_reset_keyboard
                0x100041d8       0x2c /var/folders/x9/cy1bx1f960zd_7xhdrxmk_zm0000gn/T//cc6Sv5vL.ltrans0.ltrans.o
 .text.unregister_mods
                0x10004204       0x10 /var/folders/x9/cy1bx1f960zd_7xhdrxmk_zm0000gn/T//cc6Sv5vL.ltrans0.ltrans.o
 .text.register_mods
                0x10004214       0x18 /var/folders/x9/cy1bx1f960zd_7xhdrxmk_zm0000gn/T//cc6Sv5vL.ltrans0.ltrans.o
 .text.oneshot_set
                0x1000422c       0x54 /var/folders/x9/cy1bx1f960zd_7xhdrxmk_zm0000gn/T//cc6Sv5vL.ltrans0.ltrans.o
 .text.del_key  0x10004280       0x6c /var/folders/x9/cy1bx1f960zd_7xhdrxmk_zm0000gn/T//cc6Sv5vL.ltrans0.ltrans.o
 .text.add_key  0x100042ec       0x80 /var/folders/x9/cy1bx1f960zd_7xhdrxmk_zm0000gn/T//cc6Sv5vL.ltrans0.ltrans.o
 .text.unregister_code.part.2
                0x1000436c       0x68 /var/folders/x9/cy1bx1f960zd_7xhdrxmk_zm0000gn/T//cc6Sv5vL.ltrans0.ltrans.o
 .text.unregister_code
                0x100043d4       0x48 /var/folders/x9/cy1bx1f960zd_7xhdrxmk_zm0000gn/T//cc6Sv5vL.ltrans0.ltrans.o
 .text.register_code.part.1
                0x1000441c       0xdc /var/folders/x9/cy1bx1f960zd_7xhdrxmk_zm0000gn/T//cc6Sv5vL.ltrans0.ltrans.o
 .text.register_code
                0x100044f8       0x58 /var/folders/x9/cy1bx1f960zd_7xhdrxmk_zm0000gn/T//cc6Sv5vL.ltrans0.ltrans.o
 .text.tap_code
                0x10004550       0x2a /var/folders/x9/cy1bx1f960zd_7xhdrxmk_zm0000gn/T//cc6Sv5vL.ltrans0.ltrans.o
 *fill*         0x1000457a        0x2 
 .text.perform_space_cadet.constprop.67
                0x1000457c       0xa4 /var/folders/x9/cy1bx1f960zd_7xhdrxmk_zm0000gn/T//cc6Sv5vL.ltrans0.ltrans.o
 .text.tap_code16
                0x10004620       0x74 /var/folders/x9/cy1bx1f960zd_7xhdrxmk_zm0000gn/T//cc6Sv5vL.ltrans0.ltrans.o
 .text.send_char
                0x10004694       0x70 /var/folders/x9/cy1bx1f960zd_7xhdrxmk_zm0000gn/T//cc6Sv5vL.ltrans0.ltrans.o
 .text.process_record
                0x10004704      0xc74 /var/folders/x9/cy1bx1f960zd_7xhdrxmk_zm0000gn/T//cc6Sv5vL.ltrans0.ltrans.o
 .text.dynamic_macro_play
                0x10005378       0x5c /var/folders/x9/cy1bx1f960zd_7xhdrxmk_zm0000gn/T//cc6Sv5vL.ltrans0.ltrans.o
 .text.waiting_buffer_scan_tap
                0x100053d4       0x98 /var/folders/x9/cy1bx1f960zd_7xhdrxmk_zm0000gn/T//cc6Sv5vL.ltrans0.ltrans.o
 .text.process_tapping
                0x1000546c      0x320 /var/folders/x9/cy1bx1f960zd_7xhdrxmk_zm0000gn/T//cc6Sv5vL.ltrans0.ltrans.o
 .text.action_exec
                0x1000578c      0x138 /var/folders/x9/cy1bx1f960zd_7xhdrxmk_zm0000gn/T//cc6Sv5vL.ltrans0.ltrans.o
 .text.startup.main
                0x100058c4      0xc5c /var/folders/x9/cy1bx1f960zd_7xhdrxmk_zm0000gn/T//cc6Sv5vL.ltrans0.ltrans.o
                0x100058c4                main
 .text.startup.main.__stub
                0x10006520       0x20 linker stubs
 *(.glue_7t)
 .glue_7t       0x10006540        0x0 linker stubs
 *(.glue_7)
 .glue_7        0x10006540        0x0 linker stubs
 *(.gcc*)
                0x10006540                        __text_end__ = .

.vfp11_veneer   0x10006540        0x0
 .vfp11_veneer  0x10006540        0x0 linker stubs

.v4_bx          0x10006540        0x0
 .v4_bx         0x10006540        0x0 linker stubs

.iplt           0x10006540        0x0
 .iplt          0x10006540        0x0 .build/obj_alectardy98_alpine8kal_rp2040_default/./lib/chibios/os/common/startup/ARMCMx/compilers/GCC/crt0_v6m.o

.rodata         0x10006540      0x81c
                0x10006540                        __rodata_base__ = .
 *(.rodata)
 *(.rodata.*)
 .rodata.CSWTCH.0
                0x10006540        0xc /var/folders/x9/cy1bx1f960zd_7xhdrxmk_zm0000gn/T//cc6Sv5vL.ltrans0.ltrans.o
 .rodata.CSWTCH.1
                0x1000654c        0x3 /var/folders/x9/cy1bx1f960zd_7xhdrxmk_zm0000gn/T//cc6Sv5vL.ltrans0.ltrans.o
 .rodata.CSWTCH.13
                0x1000654f        0x3 /var/folders/x9/cy1bx1f960zd_7xhdrxmk_zm0000gn/T//cc6Sv5vL.ltrans0.ltrans.o
 .rodata.CSWTCH.14
                0x10006552       0x2e /var/folders/x9/cy1bx1f960zd_7xhdrxmk_zm0000gn/T//cc6Sv5vL.ltrans0.ltrans.o
 .rodata.CSWTCH.2
                0x10006580        0xc /var/folders/x9/cy1bx1f960zd_7xhdrxmk_zm0000gn/T//cc6Sv5vL.ltrans0.ltrans.o
 .rodata.CSWTCH.3
                0x1000658c        0xc /var/folders/x9/cy1bx1f960zd_7xhdrxmk_zm0000gn/T//cc6Sv5vL.ltrans0.ltrans.o
 .rodata.CSWTCH.4
                0x10006598        0x3 /var/folders/x9/cy1bx1f960zd_7xhdrxmk_zm0000gn/T//cc6Sv5vL.ltrans0.ltrans.o
 .rodata.ConfigurationDescriptor
                0x1000659b       0x5b /var/folders/x9/cy1bx1f960zd_7xhdrxmk_zm0000gn/T//cc6Sv5vL.ltrans0.ltrans.o
 .rodata.ConsoleReport
                0x100065f6       0x22 /var/folders/x9/cy1bx1f960zd_7xhdrxmk_zm0000gn/T//cc6Sv5vL.ltrans0.ltrans.o
 .rodata.DeviceDescriptor
                0x10006618       0x12 /var/folders/x9/cy1bx1f960zd_7xhdrxmk_zm0000gn/T//cc6Sv5vL.ltrans0.ltrans.o
 .rodata.KeyboardReport
                0x1000662a       0x40 /var/folders/x9/cy1bx1f960zd_7xhdrxmk_zm0000gn/T//cc6Sv5vL.ltrans0.ltrans.o
 .rodata.LanguageString
                0x1000666a        0x4 /var/folders/x9/cy1bx1f960zd_7xhdrxmk_zm0000gn/T//cc6Sv5vL.ltrans0.ltrans.o
 .rodata.ManufacturerString
                0x1000666e       0x1a /var/folders/x9/cy1bx1f960zd_7xhdrxmk_zm0000gn/T//cc6Sv5vL.ltrans0.ltrans.o
 .rodata.ProductString
                0x10006688       0x18 /var/folders/x9/cy1bx1f960zd_7xhdrxmk_zm0000gn/T//cc6Sv5vL.ltrans0.ltrans.o
 .rodata.SharedReport
                0x100066a0       0x6d /var/folders/x9/cy1bx1f960zd_7xhdrxmk_zm0000gn/T//cc6Sv5vL.ltrans0.ltrans.o
 .rodata.Vector80.str1.1
                0x1000670d      0x246 /var/folders/x9/cy1bx1f960zd_7xhdrxmk_zm0000gn/T//cc6Sv5vL.ltrans0.ltrans.o
                                  0xd (size before relaxing)
 .rodata.active_status
                0x10006953        0x2 /var/folders/x9/cy1bx1f960zd_7xhdrxmk_zm0000gn/T//cc6Sv5vL.ltrans0.ltrans.o
 .rodata.add_key.str1.1
                0x10006955       0x1e /var/folders/x9/cy1bx1f960zd_7xhdrxmk_zm0000gn/T//cc6Sv5vL.ltrans0.ltrans.o
 .rodata.ascii_to_altgr_lut
                0x10006955       0x10 /var/folders/x9/cy1bx1f960zd_7xhdrxmk_zm0000gn/T//cc6Sv5vL.ltrans0.ltrans.o
 .rodata.ascii_to_keycode_lut
                0x10006965       0x80 /var/folders/x9/cy1bx1f960zd_7xhdrxmk_zm0000gn/T//cc6Sv5vL.ltrans0.ltrans.o
 .rodata.ascii_to_shift_lut
                0x100069e5       0x10 /var/folders/x9/cy1bx1f960zd_7xhdrxmk_zm0000gn/T//cc6Sv5vL.ltrans0.ltrans.o
 *fill*         0x100069f5        0x3 
 .rodata.ch_core0_cfg
                0x100069f8        0xc /var/folders/x9/cy1bx1f960zd_7xhdrxmk_zm0000gn/T//cc6Sv5vL.ltrans0.ltrans.o
 .rodata.col_pins
                0x10006a04       0x4c /var/folders/x9/cy1bx1f960zd_7xhdrxmk_zm0000gn/T//cc6Sv5vL.ltrans0.ltrans.o
 .rodata.del_key.str1.1
                0x10006a50       0x1e /var/folders/x9/cy1bx1f960zd_7xhdrxmk_zm0000gn/T//cc6Sv5vL.ltrans0.ltrans.o
 .rodata.dynamic_macro_play.str1.1
                0x10006a50       0x21 /var/folders/x9/cy1bx1f960zd_7xhdrxmk_zm0000gn/T//cc6Sv5vL.ltrans0.ltrans.o
 .rodata.dynamic_macro_record_end.str1.1
                0x10006a50       0x5e /var/folders/x9/cy1bx1f960zd_7xhdrxmk_zm0000gn/T//cc6Sv5vL.ltrans0.ltrans.o
 .rodata.dynamic_macro_record_key.constprop.64.str1.1
                0x10006a50       0x57 /var/folders/x9/cy1bx1f960zd_7xhdrxmk_zm0000gn/T//cc6Sv5vL.ltrans0.ltrans.o
 .rodata.dynamic_macro_record_start.constprop.61.str1.1
                0x10006a50       0x23 /var/folders/x9/cy1bx1f960zd_7xhdrxmk_zm0000gn/T//cc6Sv5vL.ltrans0.ltrans.o
 .rodata.encoder_LUT
                0x10006a50       0x10 /var/folders/x9/cy1bx1f960zd_7xhdrxmk_zm0000gn/T//cc6Sv5vL.ltrans0.ltrans.o
 .rodata.encoder_map
                0x10006a60        0x8 /var/folders/x9/cy1bx1f960zd_7xhdrxmk_zm0000gn/T//cc6Sv5vL.ltrans0.ltrans.o
 .rodata.ep0config
                0x10006a68       0x1c /var/folders/x9/cy1bx1f960zd_7xhdrxmk_zm0000gn/T//cc6Sv5vL.ltrans0.ltrans.o
 .rodata.halted_status
                0x10006a84        0x2 /var/folders/x9/cy1bx1f960zd_7xhdrxmk_zm0000gn/T//cc6Sv5vL.ltrans0.ltrans.o
 *fill*         0x10006a86        0x2 
 .rodata.kbd_ep_config
                0x10006a88       0x1c /var/folders/x9/cy1bx1f960zd_7xhdrxmk_zm0000gn/T//cc6Sv5vL.ltrans0.ltrans.o
 .rodata.keymaps
                0x10006aa4      0x1c8 /var/folders/x9/cy1bx1f960zd_7xhdrxmk_zm0000gn/T//cc6Sv5vL.ltrans0.ltrans.o
 .rodata.main.str1.1
                0x10006c6c       0x76 /var/folders/x9/cy1bx1f960zd_7xhdrxmk_zm0000gn/T//cc6Sv5vL.ltrans0.ltrans.o
 .rodata.oneshot_set.str1.1
                0x10006c6c       0x15 /var/folders/x9/cy1bx1f960zd_7xhdrxmk_zm0000gn/T//cc6Sv5vL.ltrans0.ltrans.o
 .rodata.process_record.str1.1
                0x10006c6c       0x23 /var/folders/x9/cy1bx1f960zd_7xhdrxmk_zm0000gn/T//cc6Sv5vL.ltrans0.ltrans.o
 .rodata.ram_areas
                0x10006c6c       0x80 /var/folders/x9/cy1bx1f960zd_7xhdrxmk_zm0000gn/T//cc6Sv5vL.ltrans0.ltrans.o
 .rodata.row_pins
                0x10006cec       0x18 /var/folders/x9/cy1bx1f960zd_7xhdrxmk_zm0000gn/T//cc6Sv5vL.ltrans0.ltrans.o
 .rodata.send_keyboard_report.str1.1
                0x10006d04       0x2c /var/folders/x9/cy1bx1f960zd_7xhdrxmk_zm0000gn/T//cc6Sv5vL.ltrans0.ltrans.o
 .rodata.set_unicode_input_mode.str1.1
                0x10006d04       0x1f /var/folders/x9/cy1bx1f960zd_7xhdrxmk_zm0000gn/T//cc6Sv5vL.ltrans0.ltrans.o
 .rodata.shared_ep_config
                0x10006d04       0x1c /var/folders/x9/cy1bx1f960zd_7xhdrxmk_zm0000gn/T//cc6Sv5vL.ltrans0.ltrans.o
 .rodata.str1.1
                0x10006d20        0x3 /var/folders/x9/cy1bx1f960zd_7xhdrxmk_zm0000gn/T//cc6Sv5vL.ltrans0.ltrans.o
 .rodata.usbcfg
                0x10006d20       0x10 /var/folders/x9/cy1bx1f960zd_7xhdrxmk_zm0000gn/T//cc6Sv5vL.ltrans0.ltrans.o
 .rodata.vmt    0x10006d30       0x28 /var/folders/x9/cy1bx1f960zd_7xhdrxmk_zm0000gn/T//cc6Sv5vL.ltrans0.ltrans.o
 .rodata.vsnprintf_impl.constprop.83.str1.1
                0x10006d58        0xd /var/folders/x9/cy1bx1f960zd_7xhdrxmk_zm0000gn/T//cc6Sv5vL.ltrans0.ltrans.o
 .rodata.zero_status
                0x10006d58        0x2 /var/folders/x9/cy1bx1f960zd_7xhdrxmk_zm0000gn/T//cc6Sv5vL.ltrans0.ltrans.o
                0x10006d68                        . = ALIGN (0x4)
 *fill*         0x10006d5a        0x2 
                0x10006d5c                        __rodata_end__ = .

.ARM.extab
 *(.ARM.extab* .gnu.linkonce.armextab.*)

.ARM.exidx      0x10006d5c        0x8
                0x10006d5c                        __exidx_base__ = .
                0x10006d5c                        __exidx_start = .
 *(.ARM.exidx* .gnu.linkonce.armexidx.*)
 .ARM.exidx     0x10006d5c        0x8 /usr/local/Cellar/arm-none-eabi-gcc@8/8.5.0_2/lib/arm-none-eabi-gcc/8/gcc/arm-none-eabi/8.5.0/thumb/v6-m/nofp/libgcc.a(_udivmoddi4.o)
                0x10006d64                        __exidx_end__ = .
                0x10006d64                        __exidx_end = .

.rel.dyn        0x10006d64        0x0
 .rel.iplt      0x10006d64        0x0 .build/obj_alectardy98_alpine8kal_rp2040_default/./lib/chibios/os/common/startup/ARMCMx/compilers/GCC/crt0_v6m.o

.eh_frame_hdr
 *(.eh_frame_hdr)

.eh_frame
 *(.eh_frame)

.data           0x20000000      0x3e4 load address 0x10006d64
                [!provide]                        PROVIDE (_textdata = LOADADDR (.data))
                [!provide]                        PROVIDE (_data = .)
                0x10006d64                        __textdata_base__ = LOADADDR (.data)
                0x20000000                        __data_base__ = .
 *(vtable)
 *(.time_critical*)
 .time_critical.flash_enable_xip_via_boot2
                0x20000000       0x20 /var/folders/x9/cy1bx1f960zd_7xhdrxmk_zm0000gn/T//cc6Sv5vL.ltrans0.ltrans.o
 .time_critical.flash_init_boot2_copyout
                0x20000020       0x30 /var/folders/x9/cy1bx1f960zd_7xhdrxmk_zm0000gn/T//cc6Sv5vL.ltrans0.ltrans.o
 .time_critical.flash_range_erase
                0x20000050       0x60 /var/folders/x9/cy1bx1f960zd_7xhdrxmk_zm0000gn/T//cc6Sv5vL.ltrans0.ltrans.o
 .time_critical.flash_was_aborted
                0x200000b0       0x10 /var/folders/x9/cy1bx1f960zd_7xhdrxmk_zm0000gn/T//cc6Sv5vL.ltrans0.ltrans.o
 .time_critical.flash_cs_force
                0x200000c0       0x24 /var/folders/x9/cy1bx1f960zd_7xhdrxmk_zm0000gn/T//cc6Sv5vL.ltrans0.ltrans.o
 .time_critical.flash_put_cmd_addr
                0x200000e4       0x24 /var/folders/x9/cy1bx1f960zd_7xhdrxmk_zm0000gn/T//cc6Sv5vL.ltrans0.ltrans.o
 .time_critical.flash_put_get
                0x20000108       0x6a /var/folders/x9/cy1bx1f960zd_7xhdrxmk_zm0000gn/T//cc6Sv5vL.ltrans0.ltrans.o
 .time_critical._flash_do_cmd
                0x20000172       0x22 /var/folders/x9/cy1bx1f960zd_7xhdrxmk_zm0000gn/T//cc6Sv5vL.ltrans0.ltrans.o
 .time_critical.flash_enable_write
                0x20000194        0xe /var/folders/x9/cy1bx1f960zd_7xhdrxmk_zm0000gn/T//cc6Sv5vL.ltrans0.ltrans.o
 .time_critical.flash_wait_ready
                0x200001a2       0x22 /var/folders/x9/cy1bx1f960zd_7xhdrxmk_zm0000gn/T//cc6Sv5vL.ltrans0.ltrans.o
 .time_critical.pico_program_bulk
                0x200001c4       0x94 /var/folders/x9/cy1bx1f960zd_7xhdrxmk_zm0000gn/T//cc6Sv5vL.ltrans0.ltrans.o
                0x20000258                        . = ALIGN (0x4)
 *(.data)
 *(.data.*)
 .data.chibios_driver
                0x20000258       0x18 /var/folders/x9/cy1bx1f960zd_7xhdrxmk_zm0000gn/T//cc6Sv5vL.ltrans0.ltrans.o
 .data.drivers  0x20000270      0x160 /var/folders/x9/cy1bx1f960zd_7xhdrxmk_zm0000gn/T//cc6Sv5vL.ltrans0.ltrans.o
 .data.func     0x200003d0        0x4 /var/folders/x9/cy1bx1f960zd_7xhdrxmk_zm0000gn/T//cc6Sv5vL.ltrans0.ltrans.o
 .data.keyboard_protocol
                0x200003d4        0x1 /var/folders/x9/cy1bx1f960zd_7xhdrxmk_zm0000gn/T//cc6Sv5vL.ltrans0.ltrans.o
 .data.linecoding
                0x200003d5        0x7 /var/folders/x9/cy1bx1f960zd_7xhdrxmk_zm0000gn/T//cc6Sv5vL.ltrans0.ltrans.o
 .data.macro_end.11285
                0x200003dc        0x4 /var/folders/x9/cy1bx1f960zd_7xhdrxmk_zm0000gn/T//cc6Sv5vL.ltrans0.ltrans.o
 .data.r_macro_end.11287
                0x200003e0        0x4 /var/folders/x9/cy1bx1f960zd_7xhdrxmk_zm0000gn/T//cc6Sv5vL.ltrans0.ltrans.o
 *(.ramtext)
                0x200003e4                        . = ALIGN (0x4)
                [!provide]                        PROVIDE (_edata = .)
                0x200003e4                        __data_end__ = .

.igot.plt       0x200003e4        0x0 load address 0x10007148
 .igot.plt      0x200003e4        0x0 .build/obj_alectardy98_alpine8kal_rp2040_default/./lib/chibios/os/common/startup/ARMCMx/compilers/GCC/crt0_v6m.o

.bss            0x200003e4     0x1b1c load address 0x10007148
                0x200003e4                        __bss_base__ = .
 *(.bss)
 *(.bss.*)
 .bss.BOOT2_ROM_RAM
                0x200003e4      0x100 /var/folders/x9/cy1bx1f960zd_7xhdrxmk_zm0000gn/T//cc6Sv5vL.ltrans0.ltrans.o
 .bss.USBD1     0x200004e4       0xe4 /var/folders/x9/cy1bx1f960zd_7xhdrxmk_zm0000gn/T//cc6Sv5vL.ltrans0.ltrans.o
 .bss.__compound_literal.0.lto_priv.118
                0x200005c8       0x20 /var/folders/x9/cy1bx1f960zd_7xhdrxmk_zm0000gn/T//cc6Sv5vL.ltrans0.ltrans.o
 .bss.__compound_literal.0.lto_priv.119
                0x200005e8       0x90 /var/folders/x9/cy1bx1f960zd_7xhdrxmk_zm0000gn/T//cc6Sv5vL.ltrans0.ltrans.o
 .bss.__compound_literal.1
                0x20000678       0x90 /var/folders/x9/cy1bx1f960zd_7xhdrxmk_zm0000gn/T//cc6Sv5vL.ltrans0.ltrans.o
 .bss.boot2_copyout
                0x20000708      0x100 /var/folders/x9/cy1bx1f960zd_7xhdrxmk_zm0000gn/T//cc6Sv5vL.ltrans0.ltrans.o
 .bss.boot2_copyout_valid
                0x20000808        0x1 /var/folders/x9/cy1bx1f960zd_7xhdrxmk_zm0000gn/T//cc6Sv5vL.ltrans0.ltrans.o
 *fill*         0x20000809        0x1 
 .bss.bulk_write_buffer.5499
                0x2000080a       0x80 /var/folders/x9/cy1bx1f960zd_7xhdrxmk_zm0000gn/T//cc6Sv5vL.ltrans0.ltrans.o
 *fill*         0x2000088a        0x2 
 .bss.ch_memcore
                0x2000088c        0x8 /var/folders/x9/cy1bx1f960zd_7xhdrxmk_zm0000gn/T//cc6Sv5vL.ltrans0.ltrans.o
 .bss.ch_system
                0x20000894       0x10 /var/folders/x9/cy1bx1f960zd_7xhdrxmk_zm0000gn/T//cc6Sv5vL.ltrans0.ltrans.o
 .bss.configured_freq
                0x200008a4       0x28 /var/folders/x9/cy1bx1f960zd_7xhdrxmk_zm0000gn/T//cc6Sv5vL.ltrans0.ltrans.o
 .bss.debouncing
                0x200008cc        0x1 /var/folders/x9/cy1bx1f960zd_7xhdrxmk_zm0000gn/T//cc6Sv5vL.ltrans0.ltrans.o
 *fill*         0x200008cd        0x3 
 .bss.debouncing_time
                0x200008d0        0x4 /var/folders/x9/cy1bx1f960zd_7xhdrxmk_zm0000gn/T//cc6Sv5vL.ltrans0.ltrans.o
 .bss.debug_config
                0x200008d4        0x1 /var/folders/x9/cy1bx1f960zd_7xhdrxmk_zm0000gn/T//cc6Sv5vL.ltrans0.ltrans.o
 *fill*         0x200008d5        0x1 
 .bss.default_layer_state
                0x200008d6        0x2 /var/folders/x9/cy1bx1f960zd_7xhdrxmk_zm0000gn/T//cc6Sv5vL.ltrans0.ltrans.o
 .bss.desc.9813
                0x200008d8        0x8 /var/folders/x9/cy1bx1f960zd_7xhdrxmk_zm0000gn/T//cc6Sv5vL.ltrans0.ltrans.o
 .bss.driver.lto_priv.116
                0x200008e0        0x4 /var/folders/x9/cy1bx1f960zd_7xhdrxmk_zm0000gn/T//cc6Sv5vL.ltrans0.ltrans.o
 .bss.driver.lto_priv.117
                0x200008e4        0x4 /var/folders/x9/cy1bx1f960zd_7xhdrxmk_zm0000gn/T//cc6Sv5vL.ltrans0.ltrans.o
 .bss.encoder_pulses
                0x200008e8        0x1 /var/folders/x9/cy1bx1f960zd_7xhdrxmk_zm0000gn/T//cc6Sv5vL.ltrans0.ltrans.o
 .bss.encoder_source_layers_cache
                0x200008e9        0x4 /var/folders/x9/cy1bx1f960zd_7xhdrxmk_zm0000gn/T//cc6Sv5vL.ltrans0.ltrans.o
 .bss.encoder_state
                0x200008ed        0x1 /var/folders/x9/cy1bx1f960zd_7xhdrxmk_zm0000gn/T//cc6Sv5vL.ltrans0.ltrans.o
 .bss.encoder_value
                0x200008ee        0x1 /var/folders/x9/cy1bx1f960zd_7xhdrxmk_zm0000gn/T//cc6Sv5vL.ltrans0.ltrans.o
 *fill*         0x200008ef        0x1 
 .bss.ep0_state
                0x200008f0       0x40 /var/folders/x9/cy1bx1f960zd_7xhdrxmk_zm0000gn/T//cc6Sv5vL.ltrans0.ltrans.o
 .bss.event_queue
                0x20000930       0x10 /var/folders/x9/cy1bx1f960zd_7xhdrxmk_zm0000gn/T//cc6Sv5vL.ltrans0.ltrans.o
 .bss.event_queue_head
                0x20000940        0x1 /var/folders/x9/cy1bx1f960zd_7xhdrxmk_zm0000gn/T//cc6Sv5vL.ltrans0.ltrans.o
 .bss.event_queue_tail
                0x20000941        0x1 /var/folders/x9/cy1bx1f960zd_7xhdrxmk_zm0000gn/T//cc6Sv5vL.ltrans0.ltrans.o
 .bss.grave_esc_was_shifted
                0x20000942        0x1 /var/folders/x9/cy1bx1f960zd_7xhdrxmk_zm0000gn/T//cc6Sv5vL.ltrans0.ltrans.o
 *fill*         0x20000943        0x1 
 .bss.interrupts
                0x20000944        0x4 /var/folders/x9/cy1bx1f960zd_7xhdrxmk_zm0000gn/T//cc6Sv5vL.ltrans0.ltrans.o
 .bss.kbd_ep_state
                0x20000948       0x20 /var/folders/x9/cy1bx1f960zd_7xhdrxmk_zm0000gn/T//cc6Sv5vL.ltrans0.ltrans.o
 .bss.keyboard_idle
                0x20000968        0x1 /var/folders/x9/cy1bx1f960zd_7xhdrxmk_zm0000gn/T//cc6Sv5vL.ltrans0.ltrans.o
 *fill*         0x20000969        0x3 
 .bss.keyboard_idle_timer
                0x2000096c       0x18 /var/folders/x9/cy1bx1f960zd_7xhdrxmk_zm0000gn/T//cc6Sv5vL.ltrans0.ltrans.o
 .bss.keyboard_led_state
                0x20000984        0x1 /var/folders/x9/cy1bx1f960zd_7xhdrxmk_zm0000gn/T//cc6Sv5vL.ltrans0.ltrans.o
 .bss.keyboard_report_sent
                0x20000985       0x20 /var/folders/x9/cy1bx1f960zd_7xhdrxmk_zm0000gn/T//cc6Sv5vL.ltrans0.ltrans.o
 *fill*         0x200009a5        0x1 
 .bss.keymap_config
                0x200009a6        0x2 /var/folders/x9/cy1bx1f960zd_7xhdrxmk_zm0000gn/T//cc6Sv5vL.ltrans0.ltrans.o
 .bss.last_consumer_report
                0x200009a8        0x2 /var/folders/x9/cy1bx1f960zd_7xhdrxmk_zm0000gn/T//cc6Sv5vL.ltrans0.ltrans.o
 .bss.last_led_status.9497
                0x200009aa        0x1 /var/folders/x9/cy1bx1f960zd_7xhdrxmk_zm0000gn/T//cc6Sv5vL.ltrans0.ltrans.o
 .bss.last_report.9980
                0x200009ab       0x20 /var/folders/x9/cy1bx1f960zd_7xhdrxmk_zm0000gn/T//cc6Sv5vL.ltrans0.ltrans.o
 .bss.last_suspend_state
                0x200009cb        0x1 /var/folders/x9/cy1bx1f960zd_7xhdrxmk_zm0000gn/T//cc6Sv5vL.ltrans0.ltrans.o
 .bss.last_system_report
                0x200009cc        0x2 /var/folders/x9/cy1bx1f960zd_7xhdrxmk_zm0000gn/T//cc6Sv5vL.ltrans0.ltrans.o
 .bss.last_tick.11367
                0x200009ce        0x2 /var/folders/x9/cy1bx1f960zd_7xhdrxmk_zm0000gn/T//cc6Sv5vL.ltrans0.ltrans.o
 .bss.last_ticks
                0x200009d0        0x4 /var/folders/x9/cy1bx1f960zd_7xhdrxmk_zm0000gn/T//cc6Sv5vL.ltrans0.ltrans.o
 .bss.layer_state
                0x200009d4        0x2 /var/folders/x9/cy1bx1f960zd_7xhdrxmk_zm0000gn/T//cc6Sv5vL.ltrans0.ltrans.o
 .bss.macro_buffer.11284
                0x200009d6      0x400 /var/folders/x9/cy1bx1f960zd_7xhdrxmk_zm0000gn/T//cc6Sv5vL.ltrans0.ltrans.o
 .bss.macro_id.11289
                0x20000dd6        0x1 /var/folders/x9/cy1bx1f960zd_7xhdrxmk_zm0000gn/T//cc6Sv5vL.ltrans0.ltrans.o
 *fill*         0x20000dd7        0x1 
 .bss.macro_pointer.11288
                0x20000dd8        0x4 /var/folders/x9/cy1bx1f960zd_7xhdrxmk_zm0000gn/T//cc6Sv5vL.ltrans0.ltrans.o
 .bss.matrix    0x20000ddc       0x18 /var/folders/x9/cy1bx1f960zd_7xhdrxmk_zm0000gn/T//cc6Sv5vL.ltrans0.ltrans.o
 .bss.matrix_previous.11374
                0x20000df4       0x18 /var/folders/x9/cy1bx1f960zd_7xhdrxmk_zm0000gn/T//cc6Sv5vL.ltrans0.ltrans.o
 .bss.ms_offset
                0x20000e0c        0x4 /var/folders/x9/cy1bx1f960zd_7xhdrxmk_zm0000gn/T//cc6Sv5vL.ltrans0.ltrans.o
 .bss.oneshot_layer_data
                0x20000e10        0x1 /var/folders/x9/cy1bx1f960zd_7xhdrxmk_zm0000gn/T//cc6Sv5vL.ltrans0.ltrans.o
 *fill*         0x20000e11        0x1 
 .bss.oneshot_layer_time
                0x20000e12        0x2 /var/folders/x9/cy1bx1f960zd_7xhdrxmk_zm0000gn/T//cc6Sv5vL.ltrans0.ltrans.o
 .bss.oneshot_locked_mods
                0x20000e14        0x1 /var/folders/x9/cy1bx1f960zd_7xhdrxmk_zm0000gn/T//cc6Sv5vL.ltrans0.ltrans.o
 .bss.oneshot_mods
                0x20000e15        0x1 /var/folders/x9/cy1bx1f960zd_7xhdrxmk_zm0000gn/T//cc6Sv5vL.ltrans0.ltrans.o
 .bss.oneshot_time
                0x20000e16        0x2 /var/folders/x9/cy1bx1f960zd_7xhdrxmk_zm0000gn/T//cc6Sv5vL.ltrans0.ltrans.o
 .bss.raw_matrix
                0x20000e18       0x18 /var/folders/x9/cy1bx1f960zd_7xhdrxmk_zm0000gn/T//cc6Sv5vL.ltrans0.ltrans.o
 .bss.real_mods
                0x20000e30        0x1 /var/folders/x9/cy1bx1f960zd_7xhdrxmk_zm0000gn/T//cc6Sv5vL.ltrans0.ltrans.o
 .bss.report.9982
                0x20000e31        0x3 /var/folders/x9/cy1bx1f960zd_7xhdrxmk_zm0000gn/T//cc6Sv5vL.ltrans0.ltrans.o
 .bss.sc_last   0x20000e34        0x1 /var/folders/x9/cy1bx1f960zd_7xhdrxmk_zm0000gn/T//cc6Sv5vL.ltrans0.ltrans.o
 *fill*         0x20000e35        0x1 
 .bss.sc_timer  0x20000e36        0x2 /var/folders/x9/cy1bx1f960zd_7xhdrxmk_zm0000gn/T//cc6Sv5vL.ltrans0.ltrans.o
 .bss.set_report_buf
                0x20000e38        0x2 /var/folders/x9/cy1bx1f960zd_7xhdrxmk_zm0000gn/T//cc6Sv5vL.ltrans0.ltrans.o
 *fill*         0x20000e3a        0x2 
 .bss.shared_ep_state
                0x20000e3c       0x20 /var/folders/x9/cy1bx1f960zd_7xhdrxmk_zm0000gn/T//cc6Sv5vL.ltrans0.ltrans.o
 .bss.source_layers_cache
                0x20000e5c       0x3c /var/folders/x9/cy1bx1f960zd_7xhdrxmk_zm0000gn/T//cc6Sv5vL.ltrans0.ltrans.o
 .bss.tapping_key
                0x20000e98        0x8 /var/folders/x9/cy1bx1f960zd_7xhdrxmk_zm0000gn/T//cc6Sv5vL.ltrans0.ltrans.o
 .bss.thisCount
                0x20000ea0        0x1 /var/folders/x9/cy1bx1f960zd_7xhdrxmk_zm0000gn/T//cc6Sv5vL.ltrans0.ltrans.o
 *fill*         0x20000ea1        0x3 
 .bss.ticks_offset
                0x20000ea4        0x4 /var/folders/x9/cy1bx1f960zd_7xhdrxmk_zm0000gn/T//cc6Sv5vL.ltrans0.ltrans.o
 .bss.timed_out.9999
                0x20000ea8        0x1 /var/folders/x9/cy1bx1f960zd_7xhdrxmk_zm0000gn/T//cc6Sv5vL.ltrans0.ltrans.o
 *fill*         0x20000ea9        0x3 
 .bss.unicode_config
                0x20000eac        0x4 /var/folders/x9/cy1bx1f960zd_7xhdrxmk_zm0000gn/T//cc6Sv5vL.ltrans0.ltrans.o
 .bss.unicode_saved_caps_lock
                0x20000eb0        0x1 /var/folders/x9/cy1bx1f960zd_7xhdrxmk_zm0000gn/T//cc6Sv5vL.ltrans0.ltrans.o
 .bss.unicode_saved_mods
                0x20000eb1        0x1 /var/folders/x9/cy1bx1f960zd_7xhdrxmk_zm0000gn/T//cc6Sv5vL.ltrans0.ltrans.o
 .bss.unicode_saved_num_lock
                0x20000eb2        0x1 /var/folders/x9/cy1bx1f960zd_7xhdrxmk_zm0000gn/T//cc6Sv5vL.ltrans0.ltrans.o
 *fill*         0x20000eb3        0x1 
 .bss.waiting_buffer
                0x20000eb4       0x40 /var/folders/x9/cy1bx1f960zd_7xhdrxmk_zm0000gn/T//cc6Sv5vL.ltrans0.ltrans.o
 .bss.waiting_buffer_head
                0x20000ef4        0x1 /var/folders/x9/cy1bx1f960zd_7xhdrxmk_zm0000gn/T//cc6Sv5vL.ltrans0.ltrans.o
 .bss.waiting_buffer_tail
                0x20000ef5        0x1 /var/folders/x9/cy1bx1f960zd_7xhdrxmk_zm0000gn/T//cc6Sv5vL.ltrans0.ltrans.o
 .bss.weak_mods
                0x20000ef6        0x1 /var/folders/x9/cy1bx1f960zd_7xhdrxmk_zm0000gn/T//cc6Sv5vL.ltrans0.ltrans.o
 *fill*         0x20000ef7        0x1 
 .bss.wear_leveling
                0x20000ef8     0x1008 /var/folders/x9/cy1bx1f960zd_7xhdrxmk_zm0000gn/T//cc6Sv5vL.ltrans0.ltrans.o
 *(COMMON)
                0x20001f00                        . = ALIGN (0x4)
                0x20001f00                        __bss_end__ = .
                [!provide]                        PROVIDE (end = .)
                0x20000000                        __ram0_base__ = ORIGIN (ram0)
                0x00040000                        __ram0_size__ = LENGTH (ram0)
                0x20040000                        __ram0_end__ = (__ram0_base__ + __ram0_size__)
                0x00000000                        __ram1_base__ = ORIGIN (ram1)
                0x00040000                        __ram1_size__ = LENGTH (ram1)
                0x00040000                        __ram1_end__ = (__ram1_base__ + __ram1_size__)
                0x00000000                        __ram2_base__ = ORIGIN (ram2)
                0x00000000                        __ram2_size__ = LENGTH (ram2)
                0x00000000                        __ram2_end__ = (__ram2_base__ + __ram2_size__)
                0x00000000                        __ram3_base__ = ORIGIN (ram3)
                0x00000000                        __ram3_size__ = LENGTH (ram3)
                0x00000000                        __ram3_end__ = (__ram3_base__ + __ram3_size__)
                0x20040000                        __ram4_base__ = ORIGIN (ram4)
                0x00001000                        __ram4_size__ = LENGTH (ram4)
                0x20041000                        __ram4_end__ = (__ram4_base__ + __ram4_size__)
                0x20041000                        __ram5_base__ = ORIGIN (ram5)
                0x00001000                        __ram5_size__ = LENGTH (ram5)
                0x20042000                        __ram5_end__ = (__ram5_base__ + __ram5_size__)
                0x00000000                        __ram6_base__ = ORIGIN (ram6)
                0x00000000                        __ram6_size__ = LENGTH (ram6)
                0x00000000                        __ram6_end__ = (__ram6_base__ + __ram6_size__)
                0x20041f00                        __ram7_base__ = ORIGIN (ram7)
                0x00000100                        __ram7_size__ = LENGTH (ram7)
                0x20042000                        __ram7_end__ = (__ram7_base__ + __ram7_size__)
                0x00000000                        __flash0_base__ = ORIGIN (flash0)
                0x00004000                        __flash0_size__ = LENGTH (flash0)
                0x00004000                        __flash0_end__ = (__flash0_base__ + __flash0_size__)
                0x10000000                        __flash1_base__ = ORIGIN (flash1)
                0x00200000                        __flash1_size__ = LENGTH (flash1)
                0x10200000                        __flash1_end__ = (__flash1_base__ + __flash1_size__)
                0x00000000                        __flash2_base__ = ORIGIN (flash2)
                0x00000000                        __flash2_size__ = LENGTH (flash2)
                0x00000000                        __flash2_end__ = (__flash2_base__ + __flash2_size__)
                0x00000000                        __flash3_base__ = ORIGIN (flash3)
                0x00000000                        __flash3_size__ = LENGTH (flash3)
                0x00000000                        __flash3_end__ = (__flash3_base__ + __flash3_size__)
                0x00000000                        __flash4_base__ = ORIGIN (flash4)
                0x00000000                        __flash4_size__ = LENGTH (flash4)
                0x00000000                        __flash4_end__ = (__flash4_base__ + __flash4_size__)
                0x00000000                        __flash5_base__ = ORIGIN (flash5)
                0x00000000                        __flash5_size__ = LENGTH (flash5)
                0x00000000                        __flash5_end__ = (__flash5_base__ + __flash5_size__)
                0x00000000                        __flash6_base__ = ORIGIN (flash6)
                0x00000000                        __flash6_size__ = LENGTH (flash6)
                0x00000000                        __flash6_end__ = (__flash6_base__ + __flash6_size__)
                0x00000000                        __flash7_base__ = ORIGIN (flash7)
                0x00000000                        __flash7_size__ = LENGTH (flash7)
                0x00000000                        __flash7_end__ = (__flash7_base__ + __flash7_size__)

.ram0_init      0x20001f00        0x0 load address 0x10007148
                0x10007148                        __ram0_init_text__ = LOADADDR (.ram0_init)
                0x20001f00                        __ram0_init__ = .
 *(.ram0_init)
 *(.ram0_init.*)
                0x20001f00                        . = ALIGN (0x4)

.ram0           0x20001f00        0x4 load address 0x10007148
                0x20001f00                        __ram0_clear__ = .
 *(.ram0_clear)
 *(.ram0_clear.*)
                0x20001f00                        . = ALIGN (0x4)
                0x20001f00                        __ram0_noinit__ = .
 *(.ram0)
 *(.ram0.*)
 .ram0.bootloader_magic
                0x20001f00        0x4 /var/folders/x9/cy1bx1f960zd_7xhdrxmk_zm0000gn/T//cc6Sv5vL.ltrans0.ltrans.o
                0x20001f04                        . = ALIGN (0x4)
                0x20001f04                        __ram0_free__ = .

.ram1_init      0x00000000        0x0 load address 0x10007148
                0x10007148                        __ram1_init_text__ = LOADADDR (.ram1_init)
                0x00000000                        __ram1_init__ = .
 *(.ram1_init)
 *(.ram1_init.*)
                0x00000000                        . = ALIGN (0x4)

.ram1           0x00000000        0x0 load address 0x10007148
                0x00000000                        __ram1_clear__ = .
 *(.ram1_clear)
 *(.ram1_clear.*)
                0x00000000                        . = ALIGN (0x4)
                0x00000000                        __ram1_noinit__ = .
 *(.ram1)
 *(.ram1.*)
                0x00000000                        . = ALIGN (0x4)
                0x00000000                        __ram1_free__ = .

.ram2_init      0x00000000        0x0 load address 0x10007148
                0x10007148                        __ram2_init_text__ = LOADADDR (.ram2_init)
                0x00000000                        __ram2_init__ = .
 *(.ram2_init)
 *(.ram2_init.*)
                0x00000000                        . = ALIGN (0x4)

.ram2           0x00000000        0x0 load address 0x10007148
                0x00000000                        __ram2_clear__ = .
 *(.ram2_clear)
 *(.ram2_clear.*)
                0x00000000                        . = ALIGN (0x4)
                0x00000000                        __ram2_noinit__ = .
 *(.ram2)
 *(.ram2.*)
                0x00000000                        . = ALIGN (0x4)
                0x00000000                        __ram2_free__ = .

.ram3_init      0x00000000        0x0 load address 0x10007148
                0x10007148                        __ram3_init_text__ = LOADADDR (.ram3_init)
                0x00000000                        __ram3_init__ = .
 *(.ram3_init)
 *(.ram3_init.*)
                0x00000000                        . = ALIGN (0x4)

.ram3           0x00000000        0x0 load address 0x10007148
                0x00000000                        __ram3_clear__ = .
 *(.ram3_clear)
 *(.ram3_clear.*)
                0x00000000                        . = ALIGN (0x4)
                0x00000000                        __ram3_noinit__ = .
 *(.ram3)
 *(.ram3.*)
                0x00000000                        . = ALIGN (0x4)
                0x00000000                        __ram3_free__ = .

.ram4_init      0x20040c00        0x0 load address 0x10007148
                0x10007148                        __ram4_init_text__ = LOADADDR (.ram4_init)
                0x20040c00                        __ram4_init__ = .
 *(.ram4_init)
 *(.ram4_init.*)
                0x20040c00                        . = ALIGN (0x4)

.ram4           0x20040c00      0x120 load address 0x10007148
                0x20040c00                        __ram4_clear__ = .
 *(.ram4_clear)
 *(.ram4_clear.*)
 .ram4_clear.core0
                0x20040c00      0x120 /var/folders/x9/cy1bx1f960zd_7xhdrxmk_zm0000gn/T//cc6Sv5vL.ltrans0.ltrans.o
                0x20040d20                        . = ALIGN (0x4)
                0x20040d20                        __ram4_noinit__ = .
 *(.ram4)
 *(.ram4.*)
                0x20040d20                        . = ALIGN (0x4)
                0x20040d20                        __ram4_free__ = .

.ram5_init      0x20041c00        0x0 load address 0x10007148
                0x10007148                        __ram5_init_text__ = LOADADDR (.ram5_init)
                0x20041c00                        __ram5_init__ = .
 *(.ram5_init)
 *(.ram5_init.*)
                0x20041c00                        . = ALIGN (0x4)

.ram5           0x20041c00        0x0 load address 0x10007148
                0x20041c00                        __ram5_clear__ = .
 *(.ram5_clear)
 *(.ram5_clear.*)
                0x20041c00                        . = ALIGN (0x4)
                0x20041c00                        __ram5_noinit__ = .
 *(.ram5)
 *(.ram5.*)
                0x20041c00                        . = ALIGN (0x4)
                0x20041c00                        __ram5_free__ = .

.ram6_init      0x00000000        0x0 load address 0x10007148
                0x10007148                        __ram6_init_text__ = LOADADDR (.ram6_init)
                0x00000000                        __ram6_init__ = .
 *(.ram6_init)
 *(.ram6_init.*)
                0x00000000                        . = ALIGN (0x4)

.ram6           0x00000000        0x0 load address 0x10007148
                0x00000000                        __ram6_clear__ = .
 *(.ram6_clear)
 *(.ram6_clear.*)
                0x00000000                        . = ALIGN (0x4)
                0x00000000                        __ram6_noinit__ = .
 *(.ram6)
 *(.ram6.*)
                0x00000000                        . = ALIGN (0x4)
                0x00000000                        __ram6_free__ = .

.ram7_init      0x20041f00        0x0 load address 0x10007148
                0x10007148                        __ram7_init_text__ = LOADADDR (.ram7_init)
                0x20041f00                        __ram7_init__ = .
 *(.ram7_init)
 *(.ram7_init.*)
                0x20041f00                        . = ALIGN (0x4)

.ram7           0x20041f00        0x0 load address 0x10007148
                0x20041f00                        __ram7_clear__ = .
 *(.ram7_clear)
 *(.ram7_clear.*)
                0x20041f00                        . = ALIGN (0x4)
                0x20041f00                        __ram7_noinit__ = .
 *(.ram7)
 *(.ram7.*)
                0x20041f00                        . = ALIGN (0x4)
                0x20041f00                        __ram7_free__ = .

.flash0         0x00000000        0x0
                0x00000000                        __flash0_init__ = .
 *(.flash0_init)
 *(.flash0_init.*)
                0x00000000                        __flash0_free__ = .

.flash1         0x10007148        0x0
                0x10007148                        __flash1_init__ = .
 *(.flash1_init)
 *(.flash1_init.*)
                0x10007148                        __flash1_free__ = .

.flash2         0x00000000        0x0
                0x00000000                        __flash2_init__ = .
 *(.flash2_init)
 *(.flash2_init.*)
                0x00000000                        __flash2_free__ = .

.flash3         0x00000000        0x0
                0x00000000                        __flash3_init__ = .
 *(.flash3_init)
 *(.flash3_init.*)
                0x00000000                        __flash3_free__ = .

.flash4         0x00000000        0x0
                0x00000000                        __flash4_init__ = .
 *(.flash4_init)
 *(.flash4_init.*)
                0x00000000                        __flash4_free__ = .

.flash5         0x00000000        0x0
                0x00000000                        __flash5_init__ = .
 *(.flash5_init)
 *(.flash5_init.*)
                0x00000000                        __flash5_free__ = .

.flash6         0x00000000        0x0
                0x00000000                        __flash6_init__ = .
 *(.flash6_init)
 *(.flash6_init.*)
                0x00000000                        __flash6_free__ = .

.flash7         0x00000000        0x0
                0x00000000                        __flash7_init__ = .
 *(.flash7_init)
 *(.flash7_init.*)
                0x00000000                        __flash7_free__ = .

.heap           0x20001f04    0x3e0fc
                0x20001f08                        . = ALIGN (0x8)
 *fill*         0x20001f04        0x4 
                0x20001f08                        __heap_base__ = .
                0x20040000                        . = (ORIGIN (HEAP_RAM) + LENGTH (HEAP_RAM))
 *fill*         0x20001f08    0x3e0f8 
                0x20040000                        __heap_end__ = .

.flash_end      0x10007148        0x0
                0x10007148                        __flash_binary_end = .
OUTPUT(.build/alectardy98_alpine8kal_rp2040_default.elf elf32-littlearm)
LOAD linker stubs

.debug_info     0x00000000    0xd7c0a
 .debug_info    0x00000000    0xc7e33 /var/folders/x9/cy1bx1f960zd_7xhdrxmk_zm0000gn/T//ccVm7dO8debugobj
                0x00000000                alpine8kal.c.1fc436ad
                0x0000223f                default_keyboard.c.7520be54
                0x0000447e                keymap_introspection.c.571aa6a1
                0x00006d2e                quantum.c.f3b85ac6
                0x0000a696                bitwise.c.58a62397
                0x0000a886                led.c.cacb74ef
                0x0000cd2a                action.c.17d7c0a5
                0x0000ffa3                action_layer.c.77029b0d
                0x00012937                action_tapping.c.00b009e7
                0x00013c8a                action_util.c.fa0e92eb
                0x0001607b                eeconfig.c.0cb74748
                0x00016ba7                keyboard.c.95a2269c
                0x0001917a                keymap_common.c.d8dc7865
                0x0001cbd1                keycode_config.c.6292a3df
                0x0001d20a                sync_timer.c.f575104c
                0x0001d2a5                debug.c.f15ba547
                0x0001dc66                sendchar.c.aaa4bde6
                0x0001dd18                print.c.801493d3
                0x0001de30                bootmagic_lite.c.de5f8270
                0x000200b0                magic.c.3494ce6a
                0x00022385                matrix_common.c.42d3c99f
                0x00024858                matrix.c.10dae356
                0x000272aa                sym_defer_g.c.cae3e130
                0x00029628                main.c.bb3bc6b8
                0x000296b6                printf.c.35dc1981
                0x00029f1f                eeprom_driver.c.3dc26550
                0x0002aa9a                eeprom_wear_leveling.c.83082750
                0x0002b450                wear_leveling.c.b99e979c
                0x0002c551                wear_leveling_rp2040_flash.c.a5e82603
                0x0002d656                qmk_fnv_type_validation.c.f89b19d9
                0x0002e176                hash_32a.c.f816a164
                0x0002ed1c                hash_64a.c.1d561502
                0x0002f8c2                process_unicode.c.acb66ec6
                0x00032980                process_unicode_common.c.a164d870
                0x000360ca                utf8.c.2055acc7
                0x0003619a                process_magic.c.8bb77d58
                0x00039258                send_string.c.a4e4fcf7
                0x0003badb                encoder.c.01462cbb
                0x0003e4dd                process_dynamic_macro.c.ceaf5d7f
                0x00041765                process_grave_esc.c.a0e31882
                0x00044d05                process_space_cadet.c.0947cdf1
                0x000482ae                host.c.74fd5616
                0x0004a98f                report.c.7f83f85f
                0x0004ceff                usb_device_state.c.67c82180
                0x0004d08e                usb_util.c.95e17864
                0x0004f2ed                suspend.c.bcf6d205
                0x0004f3c4                hardware_id.c.d2143281
                0x0004fb8e                platform.c.f6945328
                0x00051028                suspend.c.c13cfc16
                0x00052ebb                timer.c.210d6a75
                0x00053acd                rp2040.c.82817416
                0x00055ee3                usb_main.c.4c4ce8b3
                0x0005976f                chibios.c.9f8b6b50
                0x0005b8b7                usb_descriptor.c.08115a0a
                0x0005dcc2                usb_driver.c.807120a1
                0x000607c7                usb_util.c.213d6342
                0x00061c6d                chmboxes.c.c8908508
                0x000623e8                chmemcore.c.96dab5e4
                0x00063085                chmemheaps.c.e185df12
                0x00063800                chmempools.c.04f1bd64
                0x00063f7b                chpipes.c.b578e457
                0x00064f84                chobjcaches.c.1dcf88d8
                0x000656ff                chdelegates.c.a5f99009
                0x00065e7a                chfactory.c.bad310e8
                0x00066e83                crt1.c.c15b2a00
                0x00067157                chsys.c.e19acbe5
                0x00068348                chrfcu.c.da083c14
                0x00068aff                chdebug.c.bc196852
                0x0006927a                chtrace.c.88e6a878
                0x000699f5                chvt.c.87243062
                0x0006b16a                chschd.c.9eac00fc
                0x0006c183                chinstances.c.70a3dfd9
                0x0006cdb4                chthreads.c.aeb244af
                0x0006dfd1                chtm.c.a37cadff
                0x0006e74c                chstats.c.99639f85
                0x0006eec7                chregistry.c.13be683f
                0x0006fed0                chsem.c.79d25abb
                0x00070d65                chmtx.c.bc7e2d52
                0x00071b62                chcond.c.34fb3387
                0x000722dd                chevents.c.ab1fc464
                0x00073384                chmsg.c.8d7f7cdc
                0x00073aff                chdynamic.c.f4d19eab
                0x0007427a                chcore.c.3f41ed31
                0x000751db                osal.c.4a707d63
                0x00075956                hal.c.fe603a5b
                0x00076df9                hal_st.c.92d6508f
                0x00078303                hal_buffers.c.17170541
                0x0007ab33                hal_queues.c.d92994c0
                0x0007d239                hal_flash.c.cd07c207
                0x0007ebb8                hal_mmcsd.c.1d51729a
                0x0008004a                hal_adc.c.3e2ebf37
                0x000814dc                hal_can.c.09b95dd0
                0x0008296e                hal_crypto.c.51dd2e5b
                0x00083e00                hal_dac.c.ae10a33b
                0x00085292                hal_efl.c.f29307f6
                0x00086724                hal_gpt.c.95c2c7be
                0x00087bb6                hal_i2c.c.e3d388c2
                0x00089048                hal_i2s.c.76ad06f2
                0x0008a4da                hal_icu.c.bc5c046b
                0x0008b96c                hal_mac.c.86d440a8
                0x0008cdfe                hal_mmc_spi.c.1bc836fd
                0x0008eb1e                hal_pal.c.8fd1e2cb
                0x000903ef                hal_pwm.c.e128d70d
                0x00091881                hal_rtc.c.f4e3727f
                0x00092d13                hal_sdc.c.05f53d12
                0x00094a33                hal_serial.c.b2a0c1a1
                0x00095ec5                hal_serial_usb.c.c1075b42
                0x00097357                hal_sio.c.c7e54b10
                0x000987e9                hal_spi.c.1eeabfb1
                0x00099c7b                hal_trng.c.2e71d8ea
                0x0009b10d                hal_uart.c.5e2dfd54
                0x0009c59f                hal_usb.c.5f555a8a
                0x0009f2ab                hal_wdg.c.21849733
                0x000a073d                hal_wspi.c.bae1c734
                0x000a1bcf                nvic.c.d6b825ee
                0x000a32ca                rp_isr.c.0cf38114
                0x000a476c                hal_lld.c.3cb906ec
                0x000a5d0d                rp_dma.c.b60d1813
                0x000a719f                hal_pal_lld.c.cabc3557
                0x000a8690                hal_spi_lld.c.bee7eea4
                0x000a9b22                hal_st_lld.c.ec3ce55c
                0x000ab486                hal_sio_lld.c.1cea61c5
                0x000ac918                hal_rtc_lld.c.d0e133d2
                0x000addaa                hal_wdg_lld.c.fb14ac47