Archive member included to satisfy reference by file (symbol)

/usr/local/Cellar/arm-none-eabi-gcc@8/8.5.0_2/lib/arm-none-eabi-gcc/8/gcc/arm-none-eabi/8.5.0/../../../../../../arm-none-eabi/lib/thumb/v6-m/nofp/libg_nano.a(lib_a-ctype_.o)
                              .build/obj_alectardy98_zenithal_rp2040_vial_rev3pico/quantum/send_string/send_string.o (symbol from plugin) (_ctype_)
/usr/local/Cellar/arm-none-eabi-gcc@8/8.5.0_2/lib/arm-none-eabi-gcc/8/gcc/arm-none-eabi/8.5.0/../../../../../../arm-none-eabi/lib/thumb/v6-m/nofp/libg_nano.a(lib_a-errno.o)
                              .build/obj_alectardy98_zenithal_rp2040/platforms/chibios/syscall-fallbacks.o (symbol from plugin) (__errno)
/usr/local/Cellar/arm-none-eabi-gcc@8/8.5.0_2/lib/arm-none-eabi-gcc/8/gcc/arm-none-eabi/8.5.0/../../../../../../arm-none-eabi/lib/thumb/v6-m/nofp/libg_nano.a(lib_a-impure.o)
                              /usr/local/Cellar/arm-none-eabi-gcc@8/8.5.0_2/lib/arm-none-eabi-gcc/8/gcc/arm-none-eabi/8.5.0/../../../../../../arm-none-eabi/lib/thumb/v6-m/nofp/libg_nano.a(lib_a-errno.o) (_impure_ptr)
/usr/local/Cellar/arm-none-eabi-gcc@8/8.5.0_2/lib/arm-none-eabi-gcc/8/gcc/arm-none-eabi/8.5.0/../../../../../../arm-none-eabi/lib/thumb/v6-m/nofp/libg_nano.a(lib_a-rand.o)
                              .build/obj_alectardy98_zenithal_rp2040_vial_rev3pico/quantum/send_string/send_string.o (symbol from plugin) (rand)
/usr/local/Cellar/arm-none-eabi-gcc@8/8.5.0_2/lib/arm-none-eabi-gcc/8/gcc/arm-none-eabi/8.5.0/../../../../../../arm-none-eabi/lib/thumb/v6-m/nofp/libg_nano.a(lib_a-assert.o)
                              /usr/local/Cellar/arm-none-eabi-gcc@8/8.5.0_2/lib/arm-none-eabi-gcc/8/gcc/arm-none-eabi/8.5.0/../../../../../../arm-none-eabi/lib/thumb/v6-m/nofp/libg_nano.a(lib_a-rand.o) (__assert_func)
/usr/local/Cellar/arm-none-eabi-gcc@8/8.5.0_2/lib/arm-none-eabi-gcc/8/gcc/arm-none-eabi/8.5.0/../../../../../../arm-none-eabi/lib/thumb/v6-m/nofp/libg_nano.a(lib_a-fprintf.o)
                              /usr/local/Cellar/arm-none-eabi-gcc@8/8.5.0_2/lib/arm-none-eabi-gcc/8/gcc/arm-none-eabi/8.5.0/../../../../../../arm-none-eabi/lib/thumb/v6-m/nofp/libg_nano.a(lib_a-assert.o) (fiprintf)
/usr/local/Cellar/arm-none-eabi-gcc@8/8.5.0_2/lib/arm-none-eabi-gcc/8/gcc/arm-none-eabi/8.5.0/../../../../../../arm-none-eabi/lib/thumb/v6-m/nofp/libg_nano.a(lib_a-malloc.o)
                              /usr/local/Cellar/arm-none-eabi-gcc@8/8.5.0_2/lib/arm-none-eabi-gcc/8/gcc/arm-none-eabi/8.5.0/../../../../../../arm-none-eabi/lib/thumb/v6-m/nofp/libg_nano.a(lib_a-rand.o) (malloc)
/usr/local/Cellar/arm-none-eabi-gcc@8/8.5.0_2/lib/arm-none-eabi-gcc/8/gcc/arm-none-eabi/8.5.0/../../../../../../arm-none-eabi/lib/thumb/v6-m/nofp/libg_nano.a(lib_a-nano-freer.o)
                              /usr/local/Cellar/arm-none-eabi-gcc@8/8.5.0_2/lib/arm-none-eabi-gcc/8/gcc/arm-none-eabi/8.5.0/../../../../../../arm-none-eabi/lib/thumb/v6-m/nofp/libg_nano.a(lib_a-malloc.o) (_free_r)
/usr/local/Cellar/arm-none-eabi-gcc@8/8.5.0_2/lib/arm-none-eabi-gcc/8/gcc/arm-none-eabi/8.5.0/../../../../../../arm-none-eabi/lib/thumb/v6-m/nofp/libg_nano.a(lib_a-nano-mallocr.o)
                              /usr/local/Cellar/arm-none-eabi-gcc@8/8.5.0_2/lib/arm-none-eabi-gcc/8/gcc/arm-none-eabi/8.5.0/../../../../../../arm-none-eabi/lib/thumb/v6-m/nofp/libg_nano.a(lib_a-malloc.o) (_malloc_r)
/usr/local/Cellar/arm-none-eabi-gcc@8/8.5.0_2/lib/arm-none-eabi-gcc/8/gcc/arm-none-eabi/8.5.0/../../../../../../arm-none-eabi/lib/thumb/v6-m/nofp/libg_nano.a(lib_a-nano-vfprintf.o)
                              /usr/local/Cellar/arm-none-eabi-gcc@8/8.5.0_2/lib/arm-none-eabi-gcc/8/gcc/arm-none-eabi/8.5.0/../../../../../../arm-none-eabi/lib/thumb/v6-m/nofp/libg_nano.a(lib_a-fprintf.o) (_vfprintf_r)
/usr/local/Cellar/arm-none-eabi-gcc@8/8.5.0_2/lib/arm-none-eabi-gcc/8/gcc/arm-none-eabi/8.5.0/../../../../../../arm-none-eabi/lib/thumb/v6-m/nofp/libg_nano.a(lib_a-nano-vfprintf_i.o)
                              /usr/local/Cellar/arm-none-eabi-gcc@8/8.5.0_2/lib/arm-none-eabi-gcc/8/gcc/arm-none-eabi/8.5.0/../../../../../../arm-none-eabi/lib/thumb/v6-m/nofp/libg_nano.a(lib_a-nano-vfprintf.o) (_printf_i)
/usr/local/Cellar/arm-none-eabi-gcc@8/8.5.0_2/lib/arm-none-eabi-gcc/8/gcc/arm-none-eabi/8.5.0/../../../../../../arm-none-eabi/lib/thumb/v6-m/nofp/libg_nano.a(lib_a-wbuf.o)
                              /usr/local/Cellar/arm-none-eabi-gcc@8/8.5.0_2/lib/arm-none-eabi-gcc/8/gcc/arm-none-eabi/8.5.0/../../../../../../arm-none-eabi/lib/thumb/v6-m/nofp/libg_nano.a(lib_a-nano-vfprintf.o) (__swbuf_r)
/usr/local/Cellar/arm-none-eabi-gcc@8/8.5.0_2/lib/arm-none-eabi-gcc/8/gcc/arm-none-eabi/8.5.0/../../../../../../arm-none-eabi/lib/thumb/v6-m/nofp/libg_nano.a(lib_a-wsetup.o)
                              /usr/local/Cellar/arm-none-eabi-gcc@8/8.5.0_2/lib/arm-none-eabi-gcc/8/gcc/arm-none-eabi/8.5.0/../../../../../../arm-none-eabi/lib/thumb/v6-m/nofp/libg_nano.a(lib_a-nano-vfprintf.o) (__swsetup_r)
[...]
Memory Configuration

Name             Origin             Length             Attributes
flash0           0x00000000         0x00004000         xr
flash1           0x10000000         0x00200000         xr
flash2           0x00000000         0x00000000         xr
flash3           0x00000000         0x00000000         xr
flash4           0x00000000         0x00000000         xr
flash5           0x00000000         0x00000000         xr
flash6           0x00000000         0x00000000         xr
flash7           0x00000000         0x00000000         xr
ram0             0x20000000         0x00040000         xw
ram1             0x00000000         0x00040000         xw
ram2             0x00000000         0x00000000         xw
ram3             0x00000000         0x00000000         xw
ram4             0x20040000         0x00001000         xw
ram5             0x20041000         0x00001000         xw
ram6             0x00000000         0x00000000         xw
ram7             0x20041f00         0x00000100         xw
*default*        0x00000000         0xffffffff

Linker script and memory map

LOAD .build/obj_alectardy98_zenithal_rp2040_vial_rev3pico/keyboards/alectardy98/zenithal/zenithal.o
LOAD /var/folders/x9/cy1bx1f960zd_7xhdrxmk_zm0000gn/T//ccp8PmZLdebugobj
LOAD /var/folders/x9/cy1bx1f960zd_7xhdrxmk_zm0000gn/T//ccRZK23p.ltrans0.ltrans.o
LOAD .build/obj_alectardy98_zenithal_rp2040_vial_rev3pico/.build/obj_alectardy98_zenithal_rp2040/src/default_keyboard.o
LOAD .build/obj_alectardy98_zenithal_rp2040_vial_rev3pico/quantum/keymap_introspection.o
LOAD .build/obj_alectardy98_zenithal_rp2040_vial_rev3pico/quantum/quantum.o
LOAD .build/obj_alectardy98_zenithal_rp2040_vial_rev3pico/quantum/bitwise.o
LOAD .build/obj_alectardy98_zenithal_rp2040_vial_rev3pico/quantum/led.o
LOAD .build/obj_alectardy98_zenithal_rp2040_vial_rev3pico/quantum/action.o
LOAD .build/obj_alectardy98_zenithal_rp2040_vial_rev3pico/quantum/action_layer.o
LOAD .build/obj_alectardy98_zenithal_rp2040_vial_rev3pico/quantum/action_tapping.o
LOAD .build/obj_alectardy98_zenithal_rp2040_vial_rev3pico/quantum/action_util.o
LOAD .build/obj_alectardy98_zenithal_rp2040_vial_rev3pico/quantum/eeconfig.o
LOAD .build/obj_alectardy98_zenithal_rp2040_vial_rev3pico/quantum/keyboard.o
LOAD .build/obj_alectardy98_zenithal_rp2040_vial_rev3pico/quantum/keymap_common.o
LOAD .build/obj_alectardy98_zenithal_rp2040_vial_rev3pico/quantum/keycode_config.o
LOAD .build/obj_alectardy98_zenithal_rp2040_vial_rev3pico/quantum/sync_timer.o
LOAD .build/obj_alectardy98_zenithal_rp2040_vial_rev3pico/quantum/logging/debug.o
LOAD .build/obj_alectardy98_zenithal_rp2040_vial_rev3pico/quantum/logging/sendchar.o
LOAD .build/obj_alectardy98_zenithal_rp2040_vial_rev3pico/quantum/logging/print.o
LOAD .build/obj_alectardy98_zenithal_rp2040_vial_rev3pico/quantum/bootmagic/bootmagic_lite.o
LOAD .build/obj_alectardy98_zenithal_rp2040_vial_rev3pico/quantum/bootmagic/magic.o
LOAD .build/obj_alectardy98_zenithal_rp2040_vial_rev3pico/quantum/matrix_common.o
LOAD .build/obj_alectardy98_zenithal_rp2040_vial_rev3pico/quantum/matrix.o
LOAD .build/obj_alectardy98_zenithal_rp2040_vial_rev3pico/quantum/debounce/sym_defer_g.o
LOAD .build/obj_alectardy98_zenithal_rp2040_vial_rev3pico/quantum/main.o
LOAD .build/obj_alectardy98_zenithal_rp2040_vial_rev3pico/printf.o
LOAD .build/obj_alectardy98_zenithal_rp2040_vial_rev3pico/eeprom_driver.o
LOAD .build/obj_alectardy98_zenithal_rp2040_vial_rev3pico/eeprom_wear_leveling.o
LOAD .build/obj_alectardy98_zenithal_rp2040_vial_rev3pico/wear_leveling.o
LOAD .build/obj_alectardy98_zenithal_rp2040_vial_rev3pico/wear_leveling_rp2040_flash.o
LOAD .build/obj_alectardy98_zenithal_rp2040_vial_rev3pico/quantum/via.o
LOAD .build/obj_alectardy98_zenithal_rp2040_vial_rev3pico/quantum/vial.o
LOAD .build/obj_alectardy98_zenithal_rp2040_vial_rev3pico/quantum/dynamic_keymap.o
LOAD .build/obj_alectardy98_zenithal_rp2040_vial_rev3pico/quantum/qmk_settings.o
LOAD .build/obj_alectardy98_zenithal_rp2040_vial_rev3pico/qmk_fnv_type_validation.o
LOAD .build/obj_alectardy98_zenithal_rp2040_vial_rev3pico/hash_32a.o
LOAD .build/obj_alectardy98_zenithal_rp2040_vial_rev3pico/hash_64a.o
LOAD .build/obj_alectardy98_zenithal_rp2040_vial_rev3pico/quantum/process_keycode/process_magic.o
LOAD .build/obj_alectardy98_zenithal_rp2040_vial_rev3pico/quantum/send_string/send_string.o
LOAD .build/obj_alectardy98_zenithal_rp2040_vial_rev3pico/quantum/process_keycode/process_auto_shift.o
LOAD .build/obj_alectardy98_zenithal_rp2040_vial_rev3pico/quantum/process_keycode/process_combo.o
LOAD .build/obj_alectardy98_zenithal_rp2040_vial_rev3pico/quantum/process_keycode/process_dynamic_macro.o
LOAD .build/obj_alectardy98_zenithal_rp2040_vial_rev3pico/quantum/process_keycode/process_grave_esc.o
LOAD .build/obj_alectardy98_zenithal_rp2040_vial_rev3pico/quantum/process_keycode/process_space_cadet.o
LOAD .build/obj_alectardy98_zenithal_rp2040_vial_rev3pico/quantum/process_keycode/process_tap_dance.o
LOAD .build/obj_alectardy98_zenithal_rp2040_vial_rev3pico/./lib/chibios/os/common/startup/ARMCMx/compilers/GCC/crt0_v6m.o
LOAD .build/obj_alectardy98_zenithal_rp2040_vial_rev3pico/./lib/chibios/os/common/startup/ARMCMx/compilers/GCC/vectors.o
LOAD .build/obj_alectardy98_zenithal_rp2040_vial_rev3pico/./lib/chibios/os/common/ports/ARMv6-M-RP2/compilers/GCC/chcoreasm.o
LOAD .build/obj_alectardy98_zenithal_rp2040_vial_rev3pico/protocol/host.o
LOAD .build/obj_alectardy98_zenithal_rp2040_vial_rev3pico/protocol/report.o
LOAD .build/obj_alectardy98_zenithal_rp2040_vial_rev3pico/protocol/usb_device_state.o
LOAD .build/obj_alectardy98_zenithal_rp2040_vial_rev3pico/protocol/usb_util.o
LOAD .build/obj_alectardy98_zenithal_rp2040_vial_rev3pico/platforms/suspend.o
LOAD .build/obj_alectardy98_zenithal_rp2040_vial_rev3pico/platforms/chibios/hardware_id.o
LOAD .build/obj_alectardy98_zenithal_rp2040_vial_rev3pico/platforms/chibios/platform.o
LOAD .build/obj_alectardy98_zenithal_rp2040_vial_rev3pico/platforms/chibios/suspend.o
LOAD .build/obj_alectardy98_zenithal_rp2040_vial_rev3pico/platforms/chibios/timer.o
LOAD .build/obj_alectardy98_zenithal_rp2040_vial_rev3pico/platforms/chibios/bootloaders/rp2040.o
LOAD .build/obj_alectardy98_zenithal_rp2040_vial_rev3pico/protocol/chibios/usb_main.o
LOAD .build/obj_alectardy98_zenithal_rp2040_vial_rev3pico/protocol/chibios/chibios.o
LOAD .build/obj_alectardy98_zenithal_rp2040_vial_rev3pico/usb_descriptor.o
LOAD .build/obj_alectardy98_zenithal_rp2040_vial_rev3pico/protocol/chibios/usb_driver.o
LOAD .build/obj_alectardy98_zenithal_rp2040_vial_rev3pico/protocol/chibios/usb_util.o
LOAD .build/obj_alectardy98_zenithal_rp2040_vial_rev3pico/./lib/chibios/os/oslib/src/chmboxes.o
LOAD .build/obj_alectardy98_zenithal_rp2040_vial_rev3pico/./lib/chibios/os/oslib/src/chmemcore.o
LOAD .build/obj_alectardy98_zenithal_rp2040_vial_rev3pico/./lib/chibios/os/oslib/src/chmemheaps.o
LOAD .build/obj_alectardy98_zenithal_rp2040_vial_rev3pico/./lib/chibios/os/oslib/src/chmempools.o
LOAD .build/obj_alectardy98_zenithal_rp2040_vial_rev3pico/./lib/chibios/os/oslib/src/chpipes.o
LOAD .build/obj_alectardy98_zenithal_rp2040_vial_rev3pico/./lib/chibios/os/oslib/src/chobjcaches.o
LOAD .build/obj_alectardy98_zenithal_rp2040_vial_rev3pico/./lib/chibios/os/oslib/src/chdelegates.o
LOAD .build/obj_alectardy98_zenithal_rp2040_vial_rev3pico/./lib/chibios/os/oslib/src/chfactory.o
LOAD .build/obj_alectardy98_zenithal_rp2040/lib/chibios/os/common/startup/ARMCMx/compilers/GCC/crt1.o
LOAD .build/obj_alectardy98_zenithal_rp2040/lib/chibios/os/rt/src/chsys.o
LOAD .build/obj_alectardy98_zenithal_rp2040/lib/chibios/os/rt/src/chrfcu.o
LOAD .build/obj_alectardy98_zenithal_rp2040/lib/chibios/os/rt/src/chdebug.o
LOAD .build/obj_alectardy98_zenithal_rp2040/lib/chibios/os/rt/src/chtrace.o
LOAD .build/obj_alectardy98_zenithal_rp2040/lib/chibios/os/rt/src/chvt.o
LOAD .build/obj_alectardy98_zenithal_rp2040/lib/chibios/os/rt/src/chschd.o
LOAD .build/obj_alectardy98_zenithal_rp2040/lib/chibios/os/rt/src/chinstances.o
LOAD .build/obj_alectardy98_zenithal_rp2040/lib/chibios/os/rt/src/chthreads.o
LOAD .build/obj_alectardy98_zenithal_rp2040/lib/chibios/os/rt/src/chtm.o
LOAD .build/obj_alectardy98_zenithal_rp2040/lib/chibios/os/rt/src/chstats.o
LOAD .build/obj_alectardy98_zenithal_rp2040/lib/chibios/os/rt/src/chregistry.o
LOAD .build/obj_alectardy98_zenithal_rp2040/lib/chibios/os/rt/src/chsem.o
LOAD .build/obj_alectardy98_zenithal_rp2040/lib/chibios/os/rt/src/chmtx.o
LOAD .build/obj_alectardy98_zenithal_rp2040/lib/chibios/os/rt/src/chcond.o
LOAD .build/obj_alectardy98_zenithal_rp2040/lib/chibios/os/rt/src/chevents.o
LOAD .build/obj_alectardy98_zenithal_rp2040/lib/chibios/os/rt/src/chmsg.o
LOAD .build/obj_alectardy98_zenithal_rp2040/lib/chibios/os/rt/src/chdynamic.o
LOAD .build/obj_alectardy98_zenithal_rp2040/lib/chibios/os/common/ports/ARMv6-M-RP2/chcore.o
LOAD .build/obj_alectardy98_zenithal_rp2040/lib/chibios/os/hal/osal/rt-nil/osal.o
LOAD .build/obj_alectardy98_zenithal_rp2040/lib/chibios/os/hal/src/hal.o
LOAD .build/obj_alectardy98_zenithal_rp2040/lib/chibios/os/hal/src/hal_st.o
LOAD .build/obj_alectardy98_zenithal_rp2040/lib/chibios/os/hal/src/hal_buffers.o
LOAD .build/obj_alectardy98_zenithal_rp2040/lib/chibios/os/hal/src/hal_queues.o
LOAD .build/obj_alectardy98_zenithal_rp2040/lib/chibios/os/hal/src/hal_flash.o
LOAD .build/obj_alectardy98_zenithal_rp2040/lib/chibios/os/hal/src/hal_mmcsd.o
LOAD .build/obj_alectardy98_zenithal_rp2040/lib/chibios/os/hal/src/hal_adc.o
LOAD .build/obj_alectardy98_zenithal_rp2040/lib/chibios/os/hal/src/hal_can.o
LOAD .build/obj_alectardy98_zenithal_rp2040/lib/chibios/os/hal/src/hal_crypto.o
LOAD .build/obj_alectardy98_zenithal_rp2040/lib/chibios/os/hal/src/hal_dac.o
LOAD .build/obj_alectardy98_zenithal_rp2040/lib/chibios/os/hal/src/hal_efl.o
LOAD .build/obj_alectardy98_zenithal_rp2040/lib/chibios/os/hal/src/hal_gpt.o
LOAD .build/obj_alectardy98_zenithal_rp2040/lib/chibios/os/hal/src/hal_i2c.o
LOAD .build/obj_alectardy98_zenithal_rp2040/lib/chibios/os/hal/src/hal_i2s.o
LOAD .build/obj_alectardy98_zenithal_rp2040/lib/chibios/os/hal/src/hal_icu.o
LOAD .build/obj_alectardy98_zenithal_rp2040/lib/chibios/os/hal/src/hal_mac.o
LOAD .build/obj_alectardy98_zenithal_rp2040/lib/chibios/os/hal/src/hal_mmc_spi.o
LOAD .build/obj_alectardy98_zenithal_rp2040/lib/chibios/os/hal/src/hal_pal.o
LOAD .build/obj_alectardy98_zenithal_rp2040/lib/chibios/os/hal/src/hal_pwm.o
LOAD .build/obj_alectardy98_zenithal_rp2040/lib/chibios/os/hal/src/hal_rtc.o
LOAD .build/obj_alectardy98_zenithal_rp2040/lib/chibios/os/hal/src/hal_sdc.o
LOAD .build/obj_alectardy98_zenithal_rp2040/lib/chibios/os/hal/src/hal_serial.o
LOAD .build/obj_alectardy98_zenithal_rp2040/lib/chibios/os/hal/src/hal_serial_usb.o
LOAD .build/obj_alectardy98_zenithal_rp2040/lib/chibios/os/hal/src/hal_sio.o
LOAD .build/obj_alectardy98_zenithal_rp2040/lib/chibios/os/hal/src/hal_spi.o
LOAD .build/obj_alectardy98_zenithal_rp2040/lib/chibios/os/hal/src/hal_trng.o
LOAD .build/obj_alectardy98_zenithal_rp2040/lib/chibios/os/hal/src/hal_uart.o
LOAD .build/obj_alectardy98_zenithal_rp2040/lib/chibios/os/hal/src/hal_usb.o
LOAD .build/obj_alectardy98_zenithal_rp2040/lib/chibios/os/hal/src/hal_wdg.o
LOAD .build/obj_alectardy98_zenithal_rp2040/lib/chibios/os/hal/src/hal_wspi.o
LOAD .build/obj_alectardy98_zenithal_rp2040/lib/chibios/os/hal/ports/common/ARMCMx/nvic.o
LOAD .build/obj_alectardy98_zenithal_rp2040/lib/chibios/os/hal/ports/RP/RP2040/rp_isr.o
LOAD .build/obj_alectardy98_zenithal_rp2040/lib/chibios/os/hal/ports/RP/RP2040/hal_lld.o
LOAD .build/obj_alectardy98_zenithal_rp2040/lib/chibios/os/hal/ports/RP/LLD/DMAv1/rp_dma.o
LOAD .build/obj_alectardy98_zenithal_rp2040/lib/chibios/os/hal/ports/RP/LLD/GPIOv1/hal_pal_lld.o
LOAD .build/obj_alectardy98_zenithal_rp2040/lib/chibios/os/hal/ports/RP/LLD/SPIv1/hal_spi_lld.o
LOAD .build/obj_alectardy98_zenithal_rp2040/lib/chibios/os/hal/ports/RP/LLD/TIMERv1/hal_st_lld.o
LOAD .build/obj_alectardy98_zenithal_rp2040/lib/chibios/os/hal/ports/RP/LLD/UARTv1/hal_sio_lld.o
LOAD .build/obj_alectardy98_zenithal_rp2040/lib/chibios/os/hal/ports/RP/LLD/RTCv1/hal_rtc_lld.o
LOAD .build/obj_alectardy98_zenithal_rp2040/lib/chibios/os/hal/ports/RP/LLD/WDGv1/hal_wdg_lld.o
LOAD .build/obj_alectardy98_zenithal_rp2040/lib/chibios-contrib/os/hal/ports/RP/LLD/I2Cv1/hal_i2c_lld.o
LOAD .build/obj_alectardy98_zenithal_rp2040/lib/chibios-contrib/os/hal/ports/RP/LLD/PWMv1/hal_pwm_lld.o
LOAD .build/obj_alectardy98_zenithal_rp2040/lib/chibios-contrib/os/hal/ports/RP/LLD/ADCv1/hal_adc_lld.o
LOAD .build/obj_alectardy98_zenithal_rp2040/lib/chibios-contrib/os/hal/ports/RP/LLD/USBDv1/hal_usb_lld.o
LOAD .build/obj_alectardy98_zenithal_rp2040/lib/chibios/os/hal/boards/RP_PICO_RP2040/board.o
LOAD .build/obj_alectardy98_zenithal_rp2040/lib/chibios/os/hal/lib/streams/chprintf.o
LOAD .build/obj_alectardy98_zenithal_rp2040/lib/chibios/os/hal/lib/streams/chscanf.o
LOAD .build/obj_alectardy98_zenithal_rp2040/lib/chibios/os/hal/lib/streams/memstreams.o
LOAD .build/obj_alectardy98_zenithal_rp2040/lib/chibios/os/hal/lib/streams/nullstreams.o
LOAD .build/obj_alectardy98_zenithal_rp2040/lib/chibios/os/hal/lib/streams/bufstreams.o
LOAD .build/obj_alectardy98_zenithal_rp2040/lib/chibios/os/various/syscalls.o
LOAD .build/obj_alectardy98_zenithal_rp2040/platforms/chibios/syscall-fallbacks.o
LOAD .build/obj_alectardy98_zenithal_rp2040/platforms/chibios/wait.o
LOAD .build/obj_alectardy98_zenithal_rp2040/platforms/chibios/synchronization_util.o
LOAD .build/obj_alectardy98_zenithal_rp2040/./lib/pico-sdk/src/rp2_common/hardware_clocks/clocks.o
LOAD .build/obj_alectardy98_zenithal_rp2040/./lib/pico-sdk/src/rp2_common/hardware_pll/pll.o
LOAD .build/obj_alectardy98_zenithal_rp2040/./lib/pico-sdk/src/rp2_common/hardware_pio/pio.o
LOAD .build/obj_alectardy98_zenithal_rp2040/./lib/pico-sdk/src/rp2_common/hardware_flash/flash.o
LOAD .build/obj_alectardy98_zenithal_rp2040/./lib/pico-sdk/src/rp2_common/hardware_gpio/gpio.o
LOAD .build/obj_alectardy98_zenithal_rp2040/./lib/pico-sdk/src/rp2_common/hardware_claim/claim.o
LOAD .build/obj_alectardy98_zenithal_rp2040/./lib/pico-sdk/src/rp2_common/hardware_watchdog/watchdog.o
LOAD .build/obj_alectardy98_zenithal_rp2040/./lib/pico-sdk/src/rp2_common/hardware_xosc/xosc.o
LOAD .build/obj_alectardy98_zenithal_rp2040/./lib/pico-sdk/src/rp2_common/pico_bootrom/bootrom.o
LOAD .build/obj_alectardy98_zenithal_rp2040/platforms/chibios/vendors/RP/stage2_bootloaders.o
LOAD .build/obj_alectardy98_zenithal_rp2040/platforms/chibios/vendors/RP/pico_sdk_shims.o
                0x00000800                        __process_stack_size__ = 0x800
                0x00000400                        __main_stack_size__ = 0x400
LOAD /usr/local/Cellar/arm-none-eabi-gcc@8/8.5.0_2/lib/arm-none-eabi-gcc/8/gcc/arm-none-eabi/8.5.0/../../../../../../arm-none-eabi/lib/thumb/v6-m/nofp/libm.a
START GROUP
LOAD /usr/local/Cellar/arm-none-eabi-gcc@8/8.5.0_2/lib/arm-none-eabi-gcc/8/gcc/arm-none-eabi/8.5.0/thumb/v6-m/nofp/libgcc.a
LOAD /usr/local/Cellar/arm-none-eabi-gcc@8/8.5.0_2/lib/arm-none-eabi-gcc/8/gcc/arm-none-eabi/8.5.0/../../../../../../arm-none-eabi/lib/thumb/v6-m/nofp/libg_nano.a
LOAD /usr/local/Cellar/arm-none-eabi-gcc@8/8.5.0_2/lib/arm-none-eabi-gcc/8/gcc/arm-none-eabi/8.5.0/../../../../../../arm-none-eabi/lib/thumb/v6-m/nofp/libc_nano.a
END GROUP
START GROUP
LOAD /usr/local/Cellar/arm-none-eabi-gcc@8/8.5.0_2/lib/arm-none-eabi-gcc/8/gcc/arm-none-eabi/8.5.0/thumb/v6-m/nofp/libgcc.a
LOAD /usr/local/Cellar/arm-none-eabi-gcc@8/8.5.0_2/lib/arm-none-eabi-gcc/8/gcc/arm-none-eabi/8.5.0/../../../../../../arm-none-eabi/lib/thumb/v6-m/nofp/libc_nano.a
END GROUP

.flash_begin    0x10000000        0x0
                0x10000000                        __flash_binary_start = .

.boot2          0x10000000      0x100
                0x10000000                        __boot2_start__ = .
 *(.boot2)
 .boot2         0x10000000      0x100 /var/folders/x9/cy1bx1f960zd_7xhdrxmk_zm0000gn/T//ccRZK23p.ltrans0.ltrans.o
                0x10000000                BOOT2_ROM
                0x10000100                        __boot2_end__ = .

.mstack         0x20040000      0x400
                0x20040000                        . = ALIGN (0x8)
                0x20040000                        __main_stack_base__ = .
                0x20040400                        . = (. + __main_stack_size__)
 *fill*         0x20040000      0x400 
                0x20040400                        . = ALIGN (0x8)
                0x20040400                        __main_stack_end__ = .

.pstack         0x20040400      0x800
                0x20040400                        . = ALIGN (0x8)
                0x20040400                        __process_stack_base__ = .
                0x20040400                        __main_thread_stack_base__ = .
                0x20040c00                        . = (. + __process_stack_size__)
 *fill*         0x20040400      0x800 
                0x20040c00                        . = ALIGN (0x8)
                0x20040c00                        __process_stack_end__ = .
                0x20040c00                        __main_thread_stack_end__ = .
                0x00000400                        __c1_main_stack_size__ = __main_stack_size__
                0x00000800                        __c1_process_stack_size__ = __process_stack_size__

.c1_mstack      0x20041000      0x400
                0x20041000                        . = ALIGN (0x8)
                0x20041000                        __c1_main_stack_base__ = .
                0x20041400                        . = (. + __c1_main_stack_size__)
 *fill*         0x20041000      0x400 
                0x20041400                        . = ALIGN (0x8)
                0x20041400                        __c1_main_stack_end__ = .

.c1_pstack      0x20041400      0x800
                0x20041400                        . = ALIGN (0x8)
                0x20041400                        __c1_process_stack_base__ = .
                0x20041400                        __c1_main_thread_stack_base__ = .
                0x20041c00                        . = (. + __c1_process_stack_size__)
 *fill*         0x20041400      0x800 
                0x20041c00                        . = ALIGN (0x8)
                0x20041c00                        __c1_process_stack_end__ = .
                0x20041c00                        __c1_main_thread_stack_end__ = .

.vectors        0x10000100       0xc0
 *(.vectors)
 .vectors       0x10000100       0xc0 .build/obj_alectardy98_zenithal_rp2040_vial_rev3pico/./lib/chibios/os/common/startup/ARMCMx/compilers/GCC/vectors.o
                0x10000100                _vectors

.xtors          0x100001c0        0x0
                0x100001c0                        __init_array_base__ = .
 *(SORT_BY_NAME(.init_array.*))
 *(.init_array)
                0x100001c0                        __init_array_end__ = .
                0x100001c0                        __fini_array_base__ = .
 *(.fini_array)
 *(SORT_BY_NAME(.fini_array.*))
                0x100001c0                        __fini_array_end__ = .

.text           0x100001c0     0x79d0
                0x100001c0                        __text_base__ = .
 *(.text)
 .text          0x100001c0       0xdc .build/obj_alectardy98_zenithal_rp2040_vial_rev3pico/./lib/chibios/os/common/startup/ARMCMx/compilers/GCC/crt0_v6m.o
                0x100001c0                _crt0_entry
 .text          0x1000029c        0x8 .build/obj_alectardy98_zenithal_rp2040_vial_rev3pico/./lib/chibios/os/common/startup/ARMCMx/compilers/GCC/vectors.o
                0x1000029c                Reset_Handler
                0x1000029e                Vector9C
                0x1000029e                VectorAC
                0x1000029e                DebugMon_Handler
                0x1000029e                Vector5C
                0x1000029e                HardFault_Handler
                0x1000029e                Vector8C
                0x1000029e                PendSV_Handler
                0x1000029e                Vector94
                0x1000029e                VectorA8
                0x1000029e                VectorB4
                0x1000029e                Vector74
                0x1000029e                UsageFault_Handler
                0x1000029e                Vector40
                0x1000029e                VectorBC
                0x1000029e                Vector64
                0x1000029e                Vector98
                0x1000029e                Vector24
                0x1000029e                Vector84
                0x1000029e                SecureFault_Handler
                0x1000029e                MemManage_Handler
                0x1000029e                Vector6C
                0x1000029e                VectorA0
                0x1000029e                SVC_Handler
                0x1000029e                VectorB0
                0x1000029e                Vector90
                0x1000029e                Vector60
                0x1000029e                Vector48
                0x1000029e                Vector70
                0x1000029e                Vector4C
                0x1000029e                Vector68
                0x1000029e                Vector78
                0x1000029e                Vector20
                0x1000029e                Vector58
                0x1000029e                Vector88
                0x1000029e                BusFault_Handler
                0x1000029e                Vector50
                0x1000029e                Vector44
                0x1000029e                Vector28
                0x1000029e                VectorB8
                0x1000029e                Vector34
                0x1000029e                VectorA4
                0x100002a2                _unhandled_exception
 .text          0x100002a4       0x48 .build/obj_alectardy98_zenithal_rp2040_vial_rev3pico/./lib/chibios/os/common/ports/ARMv6-M-RP2/compilers/GCC/chcoreasm.o
                0x100002a4                __port_switch
                0x100002c4                __port_thread_start
                0x100002d6                __port_switch_from_isr
                0x100002da                __port_exit_from_isr
 .text          0x100002ec       0xa8 /usr/local/Cellar/arm-none-eabi-gcc@8/8.5.0_2/lib/arm-none-eabi-gcc/8/gcc/arm-none-eabi/8.5.0/../../../../../../arm-none-eabi/lib/thumb/v6-m/nofp/libg_nano.a(lib_a-memcpy-stub.o)
                0x100002ec                memcpy
 .text          0x10000394       0xa8 /usr/local/Cellar/arm-none-eabi-gcc@8/8.5.0_2/lib/arm-none-eabi-gcc/8/gcc/arm-none-eabi/8.5.0/../../../../../../arm-none-eabi/lib/thumb/v6-m/nofp/libg_nano.a(lib_a-memset.o)
                0x10000394                memset
 .text          0x1000043c       0x50 /usr/local/Cellar/arm-none-eabi-gcc@8/8.5.0_2/lib/arm-none-eabi-gcc/8/gcc/arm-none-eabi/8.5.0/../../../../../../arm-none-eabi/lib/thumb/v6-m/nofp/libg_nano.a(lib_a-memcmp.o)
                0x1000043c                memcmp
 .text          0x1000048c      0x114 /usr/local/Cellar/arm-none-eabi-gcc@8/8.5.0_2/lib/arm-none-eabi-gcc/8/gcc/arm-none-eabi/8.5.0/thumb/v6-m/nofp/libgcc.a(_udivsi3.o)
                0x1000048c                __udivsi3
                0x1000048c                __aeabi_uidiv
                0x10000598                __aeabi_uidivmod
 .text          0x100005a0        0x4 /usr/local/Cellar/arm-none-eabi-gcc@8/8.5.0_2/lib/arm-none-eabi-gcc/8/gcc/arm-none-eabi/8.5.0/thumb/v6-m/nofp/libgcc.a(_dvmd_tls.o)
                0x100005a0                __aeabi_ldiv0
                0x100005a0                __aeabi_idiv0
 .text          0x100005a4       0x54 /usr/local/Cellar/arm-none-eabi-gcc@8/8.5.0_2/lib/arm-none-eabi-gcc/8/gcc/arm-none-eabi/8.5.0/thumb/v6-m/nofp/libgcc.a(_muldi3.o)
                0x100005a4                __aeabi_lmul
                0x100005a4                __muldi3
 .text          0x100005f8       0x14 /usr/local/Cellar/arm-none-eabi-gcc@8/8.5.0_2/lib/arm-none-eabi-gcc/8/gcc/arm-none-eabi/8.5.0/thumb/v6-m/nofp/libgcc.a(_thumb1_case_sqi.o)
                0x100005f8                __gnu_thumb1_case_sqi
 .text          0x1000060c       0x14 /usr/local/Cellar/arm-none-eabi-gcc@8/8.5.0_2/lib/arm-none-eabi-gcc/8/gcc/arm-none-eabi/8.5.0/thumb/v6-m/nofp/libgcc.a(_thumb1_case_uqi.o)
                0x1000060c                __gnu_thumb1_case_uqi
 .text          0x10000620       0x14 /usr/local/Cellar/arm-none-eabi-gcc@8/8.5.0_2/lib/arm-none-eabi-gcc/8/gcc/arm-none-eabi/8.5.0/thumb/v6-m/nofp/libgcc.a(_thumb1_case_uhi.o)
                0x10000620                __gnu_thumb1_case_uhi
 .text          0x10000634       0x40 /usr/local/Cellar/arm-none-eabi-gcc@8/8.5.0_2/lib/arm-none-eabi-gcc/8/gcc/arm-none-eabi/8.5.0/thumb/v6-m/nofp/libgcc.a(_aeabi_uldivmod.o)
                0x10000634                __aeabi_uldivmod
 .text          0x10000674      0x1a4 /usr/local/Cellar/arm-none-eabi-gcc@8/8.5.0_2/lib/arm-none-eabi-gcc/8/gcc/arm-none-eabi/8.5.0/thumb/v6-m/nofp/libgcc.a(_udivmoddi4.o)
                0x10000674                __udivmoddi4
 .text          0x10000818       0x18 /usr/local/Cellar/arm-none-eabi-gcc@8/8.5.0_2/lib/arm-none-eabi-gcc/8/gcc/arm-none-eabi/8.5.0/thumb/v6-m/nofp/libgcc.a(_clzdi2.o)
                0x10000818                __clzdi2
 .text          0x10000830       0x3c /usr/local/Cellar/arm-none-eabi-gcc@8/8.5.0_2/lib/arm-none-eabi-gcc/8/gcc/arm-none-eabi/8.5.0/thumb/v6-m/nofp/libgcc.a(_clzsi2.o)
                0x10000830                __clzsi2
 *(.text.*)
 .text.clock_configure.part.0.constprop.17
                0x1000086c       0xc4 /var/folders/x9/cy1bx1f960zd_7xhdrxmk_zm0000gn/T//ccRZK23p.ltrans0.ltrans.o
 .text.pll_init.constprop.15
                0x10000930       0x94 /var/folders/x9/cy1bx1f960zd_7xhdrxmk_zm0000gn/T//ccRZK23p.ltrans0.ltrans.o
 .text.clocks_init
                0x100009c4       0xdc /var/folders/x9/cy1bx1f960zd_7xhdrxmk_zm0000gn/T//ccRZK23p.ltrans0.ltrans.o
 .text.usb_lld_stall_in
                0x10000aa0       0x40 /var/folders/x9/cy1bx1f960zd_7xhdrxmk_zm0000gn/T//ccRZK23p.ltrans0.ltrans.o
 .text.usb_lld_stall_out
                0x10000ae0       0x40 /var/folders/x9/cy1bx1f960zd_7xhdrxmk_zm0000gn/T//ccRZK23p.ltrans0.ltrans.o
 .text.usb_prepare_out_ep
                0x10000b20       0x90 /var/folders/x9/cy1bx1f960zd_7xhdrxmk_zm0000gn/T//ccRZK23p.ltrans0.ltrans.o
 .text.usb_isochronous_buffer_size
                0x10000bb0       0x44 /var/folders/x9/cy1bx1f960zd_7xhdrxmk_zm0000gn/T//ccRZK23p.ltrans0.ltrans.o
 .text.usb_lld_init_endpoint
                0x10000bf4      0x13c /var/folders/x9/cy1bx1f960zd_7xhdrxmk_zm0000gn/T//ccRZK23p.ltrans0.ltrans.o
 .text.usb_lld_reset.constprop.44
                0x10000d30       0x54 /var/folders/x9/cy1bx1f960zd_7xhdrxmk_zm0000gn/T//ccRZK23p.ltrans0.ltrans.o
 .text.hal_lld_peripheral_unreset.lto_priv.96
                0x10000d84       0x14 /var/folders/x9/cy1bx1f960zd_7xhdrxmk_zm0000gn/T//ccRZK23p.ltrans0.ltrans.o
 .text.port_unlock.lto_priv.99
                0x10000d98       0x12 /var/folders/x9/cy1bx1f960zd_7xhdrxmk_zm0000gn/T//ccRZK23p.ltrans0.ltrans.o
 .text.port_lock.lto_priv.113
                0x10000daa       0x16 /var/folders/x9/cy1bx1f960zd_7xhdrxmk_zm0000gn/T//ccRZK23p.ltrans0.ltrans.o
 .text.usbStartReceiveI
                0x10000dc0       0x42 /var/folders/x9/cy1bx1f960zd_7xhdrxmk_zm0000gn/T//ccRZK23p.ltrans0.ltrans.o
 *fill*         0x10000e02        0x2 
 .text.set_address
                0x10000e04       0x30 /var/folders/x9/cy1bx1f960zd_7xhdrxmk_zm0000gn/T//ccRZK23p.ltrans0.ltrans.o
 .text.obqPostFullBufferS
                0x10000e34       0x2a /var/folders/x9/cy1bx1f960zd_7xhdrxmk_zm0000gn/T//ccRZK23p.ltrans0.ltrans.o
 .text.obqGetFullBufferI
                0x10000e5e       0x18 /var/folders/x9/cy1bx1f960zd_7xhdrxmk_zm0000gn/T//ccRZK23p.ltrans0.ltrans.o
 .text.ibqReleaseEmptyBufferS
                0x10000e76       0x28 /var/folders/x9/cy1bx1f960zd_7xhdrxmk_zm0000gn/T//ccRZK23p.ltrans0.ltrans.o
 *fill*         0x10000e9e        0x2 
 .text.__port_irq_epilogue.part.2
                0x10000ea0       0x44 /var/folders/x9/cy1bx1f960zd_7xhdrxmk_zm0000gn/T//ccRZK23p.ltrans0.ltrans.o
 .text.__idle_thread
                0x10000ee4        0x2 /var/folders/x9/cy1bx1f960zd_7xhdrxmk_zm0000gn/T//ccRZK23p.ltrans0.ltrans.o
 .text.__sch_ready_behind
                0x10000ee6       0x1c /var/folders/x9/cy1bx1f960zd_7xhdrxmk_zm0000gn/T//ccRZK23p.ltrans0.ltrans.o
 .text.__sch_wakeup
                0x10000f02       0x42 /var/folders/x9/cy1bx1f960zd_7xhdrxmk_zm0000gn/T//ccRZK23p.ltrans0.ltrans.o
 .text.chSchReadyI
                0x10000f44       0x2c /var/folders/x9/cy1bx1f960zd_7xhdrxmk_zm0000gn/T//ccRZK23p.ltrans0.ltrans.o
 .text.chThdDequeueAllI.constprop.8
                0x10000f70       0x1e /var/folders/x9/cy1bx1f960zd_7xhdrxmk_zm0000gn/T//ccRZK23p.ltrans0.ltrans.o
 .text.chEvtBroadcastFlagsI
                0x10000f8e       0x4a /var/folders/x9/cy1bx1f960zd_7xhdrxmk_zm0000gn/T//ccRZK23p.ltrans0.ltrans.o
 .text.chThdResumeI
                0x10000fd8       0x16 /var/folders/x9/cy1bx1f960zd_7xhdrxmk_zm0000gn/T//ccRZK23p.ltrans0.ltrans.o
 *fill*         0x10000fee        0x2 
 .text.chVTDoResetI
                0x10000ff0       0x30 /var/folders/x9/cy1bx1f960zd_7xhdrxmk_zm0000gn/T//ccRZK23p.ltrans0.ltrans.o
 .text.ch_dlist_insert
                0x10001020       0x2a /var/folders/x9/cy1bx1f960zd_7xhdrxmk_zm0000gn/T//ccRZK23p.ltrans0.ltrans.o
 *fill*         0x1000104a        0x2 
 .text.chVTSetI.constprop.11
                0x1000104c       0x44 /var/folders/x9/cy1bx1f960zd_7xhdrxmk_zm0000gn/T//ccRZK23p.ltrans0.ltrans.o
 .text.kbd_in_cb
                0x10001090        0x2 /var/folders/x9/cy1bx1f960zd_7xhdrxmk_zm0000gn/T//ccRZK23p.ltrans0.ltrans.o
 .text.qmkusbInterruptTransmitted
                0x10001092        0x2 /var/folders/x9/cy1bx1f960zd_7xhdrxmk_zm0000gn/T//ccRZK23p.ltrans0.ltrans.o
 .text.qmkusb_start_receive
                0x10001094       0x46 /var/folders/x9/cy1bx1f960zd_7xhdrxmk_zm0000gn/T//ccRZK23p.ltrans0.ltrans.o
 .text.qmkusbDataReceived
                0x100010da       0x68 /var/folders/x9/cy1bx1f960zd_7xhdrxmk_zm0000gn/T//ccRZK23p.ltrans0.ltrans.o
 .text.ibnotify
                0x10001142        0xa /var/folders/x9/cy1bx1f960zd_7xhdrxmk_zm0000gn/T//ccRZK23p.ltrans0.ltrans.o
 .text.sendchar
                0x1000114c       0x30 /var/folders/x9/cy1bx1f960zd_7xhdrxmk_zm0000gn/T//ccRZK23p.ltrans0.ltrans.o
 .text.send_programmable_button
                0x1000117c        0x2 /var/folders/x9/cy1bx1f960zd_7xhdrxmk_zm0000gn/T//ccRZK23p.ltrans0.ltrans.o
 .text.shared_in_cb
                0x1000117e        0x2 /var/folders/x9/cy1bx1f960zd_7xhdrxmk_zm0000gn/T//ccRZK23p.ltrans0.ltrans.o
 .text.send_mouse
                0x10001180        0x2 /var/folders/x9/cy1bx1f960zd_7xhdrxmk_zm0000gn/T//ccRZK23p.ltrans0.ltrans.o
 *fill*         0x10001182        0x2 
 .text.keyboard_leds
                0x10001184        0xc /var/folders/x9/cy1bx1f960zd_7xhdrxmk_zm0000gn/T//ccRZK23p.ltrans0.ltrans.o
 .text.usb_request_hook_cb
                0x10001190      0x1ec /var/folders/x9/cy1bx1f960zd_7xhdrxmk_zm0000gn/T//ccRZK23p.ltrans0.ltrans.o
 .text.set_led_transfer_cb
                0x1000137c       0x2c /var/folders/x9/cy1bx1f960zd_7xhdrxmk_zm0000gn/T//ccRZK23p.ltrans0.ltrans.o
 .text.usb_event_queue_enqueue
                0x100013a8       0x30 /var/folders/x9/cy1bx1f960zd_7xhdrxmk_zm0000gn/T//ccRZK23p.ltrans0.ltrans.o
 .text.usb_get_descriptor_cb
                0x100013d8       0x8c /var/folders/x9/cy1bx1f960zd_7xhdrxmk_zm0000gn/T//ccRZK23p.ltrans0.ltrans.o
 .text.bootloader_jump
                0x10001464       0x1c /var/folders/x9/cy1bx1f960zd_7xhdrxmk_zm0000gn/T//ccRZK23p.ltrans0.ltrans.o
 .text.timer_read32
                0x10001480       0x84 /var/folders/x9/cy1bx1f960zd_7xhdrxmk_zm0000gn/T//ccRZK23p.ltrans0.ltrans.o
 .text.host_consumer_send
                0x10001504       0x24 /var/folders/x9/cy1bx1f960zd_7xhdrxmk_zm0000gn/T//ccRZK23p.ltrans0.ltrans.o
 .text.host_system_send
                0x10001528       0x24 /var/folders/x9/cy1bx1f960zd_7xhdrxmk_zm0000gn/T//ccRZK23p.ltrans0.ltrans.o
 .text.host_keyboard_leds
                0x1000154c       0x14 /var/folders/x9/cy1bx1f960zd_7xhdrxmk_zm0000gn/T//ccRZK23p.ltrans0.ltrans.o
 .text.drop_combo_from_buffer
                0x10001560       0x4c /var/folders/x9/cy1bx1f960zd_7xhdrxmk_zm0000gn/T//ccRZK23p.ltrans0.ltrans.o
 .text.clear_combos
                0x100015ac       0x28 /var/folders/x9/cy1bx1f960zd_7xhdrxmk_zm0000gn/T//ccRZK23p.ltrans0.ltrans.o
 .text.auto_shift_timeout_apply
                0x100015d4       0x14 /var/folders/x9/cy1bx1f960zd_7xhdrxmk_zm0000gn/T//ccRZK23p.ltrans0.ltrans.o
 .text.get_tapping_term
                0x100015e8        0xc /var/folders/x9/cy1bx1f960zd_7xhdrxmk_zm0000gn/T//ccRZK23p.ltrans0.ltrans.o
 .text.vial_keycode_firewall
                0x100015f4       0x1c /var/folders/x9/cy1bx1f960zd_7xhdrxmk_zm0000gn/T//ccRZK23p.ltrans0.ltrans.o
 .text.backing_store_read_bulk
                0x10001610       0x20 /var/folders/x9/cy1bx1f960zd_7xhdrxmk_zm0000gn/T//ccRZK23p.ltrans0.ltrans.o
 .text.backing_store_erase
                0x10001630       0x20 /var/folders/x9/cy1bx1f960zd_7xhdrxmk_zm0000gn/T//ccRZK23p.ltrans0.ltrans.o
 .text.wear_leveling_lock
                0x10001650       0x1c /var/folders/x9/cy1bx1f960zd_7xhdrxmk_zm0000gn/T//ccRZK23p.ltrans0.ltrans.o
 .text.wear_leveling_unlock
                0x1000166c       0x1c /var/folders/x9/cy1bx1f960zd_7xhdrxmk_zm0000gn/T//ccRZK23p.ltrans0.ltrans.o
 .text.wear_leveling_write_consolidated
                0x10001688       0xf4 /var/folders/x9/cy1bx1f960zd_7xhdrxmk_zm0000gn/T//ccRZK23p.ltrans0.ltrans.o
 .text.wear_leveling_consolidate_if_needed
                0x1000177c       0x34 /var/folders/x9/cy1bx1f960zd_7xhdrxmk_zm0000gn/T//ccRZK23p.ltrans0.ltrans.o
 .text.wear_leveling_append_raw
                0x100017b0       0x40 /var/folders/x9/cy1bx1f960zd_7xhdrxmk_zm0000gn/T//ccRZK23p.ltrans0.ltrans.o
 .text.putchar_wrapper
                0x100017f0       0x10 /var/folders/x9/cy1bx1f960zd_7xhdrxmk_zm0000gn/T//ccRZK23p.ltrans0.ltrans.o
 .text.putchar_via_gadget
                0x10001800       0x24 /var/folders/x9/cy1bx1f960zd_7xhdrxmk_zm0000gn/T//ccRZK23p.ltrans0.ltrans.o
 .text.out_rev_
                0x10001824       0x56 /var/folders/x9/cy1bx1f960zd_7xhdrxmk_zm0000gn/T//ccRZK23p.ltrans0.ltrans.o
 *fill*         0x1000187a        0x2 
 .text.print_integer
                0x1000187c      0x174 /var/folders/x9/cy1bx1f960zd_7xhdrxmk_zm0000gn/T//ccRZK23p.ltrans0.ltrans.o
 .text.vsnprintf_impl.constprop.91
                0x100019f0      0x38c /var/folders/x9/cy1bx1f960zd_7xhdrxmk_zm0000gn/T//ccRZK23p.ltrans0.ltrans.o
 .text.setPinInputHigh_atomic
                0x10001d7c       0x34 /var/folders/x9/cy1bx1f960zd_7xhdrxmk_zm0000gn/T//ccRZK23p.ltrans0.ltrans.o
 .text.null_sendchar_func
                0x10001db0        0x4 /var/folders/x9/cy1bx1f960zd_7xhdrxmk_zm0000gn/T//ccRZK23p.ltrans0.ltrans.o
 .text.mod_config
                0x10001db4       0xa8 /var/folders/x9/cy1bx1f960zd_7xhdrxmk_zm0000gn/T//ccRZK23p.ltrans0.ltrans.o
 .text.action_for_keycode
                0x10001e5c      0x2b4 /var/folders/x9/cy1bx1f960zd_7xhdrxmk_zm0000gn/T//ccRZK23p.ltrans0.ltrans.o
 .text.clear_oneshot_mods
                0x10002110       0x1c /var/folders/x9/cy1bx1f960zd_7xhdrxmk_zm0000gn/T//ccRZK23p.ltrans0.ltrans.o
 .text.set_oneshot_mods
                0x1000212c       0x2c /var/folders/x9/cy1bx1f960zd_7xhdrxmk_zm0000gn/T//ccRZK23p.ltrans0.ltrans.o
 .text.del_weak_mods
                0x10002158       0x10 /var/folders/x9/cy1bx1f960zd_7xhdrxmk_zm0000gn/T//ccRZK23p.ltrans0.ltrans.o
 .text.del_mods
                0x10002168       0x10 /var/folders/x9/cy1bx1f960zd_7xhdrxmk_zm0000gn/T//ccRZK23p.ltrans0.ltrans.o
 .text.add_mods
                0x10002178       0x10 /var/folders/x9/cy1bx1f960zd_7xhdrxmk_zm0000gn/T//ccRZK23p.ltrans0.ltrans.o
 .text.has_oneshot_mods_timed_out
                0x10002188       0x2c /var/folders/x9/cy1bx1f960zd_7xhdrxmk_zm0000gn/T//ccRZK23p.ltrans0.ltrans.o
 .text.del_key  0x100021b4       0x54 /var/folders/x9/cy1bx1f960zd_7xhdrxmk_zm0000gn/T//ccRZK23p.ltrans0.ltrans.o
 .text.add_key  0x10002208       0x64 /var/folders/x9/cy1bx1f960zd_7xhdrxmk_zm0000gn/T//ccRZK23p.ltrans0.ltrans.o
 .text.waiting_buffer_typed.isra.2
                0x1000226c       0x48 /var/folders/x9/cy1bx1f960zd_7xhdrxmk_zm0000gn/T//ccRZK23p.ltrans0.ltrans.o
 .text.debug_waiting_buffer
                0x100022b4       0x20 /var/folders/x9/cy1bx1f960zd_7xhdrxmk_zm0000gn/T//ccRZK23p.ltrans0.ltrans.o
 .text.read_source_layers_cache
                0x100022d4       0x48 /var/folders/x9/cy1bx1f960zd_7xhdrxmk_zm0000gn/T//ccRZK23p.ltrans0.ltrans.o
 .text.update_source_layers_cache
                0x1000231c       0x54 /var/folders/x9/cy1bx1f960zd_7xhdrxmk_zm0000gn/T//ccRZK23p.ltrans0.ltrans.o
 .text.is_tap_action
                0x10002370       0x4c /var/folders/x9/cy1bx1f960zd_7xhdrxmk_zm0000gn/T//ccRZK23p.ltrans0.ltrans.o
 .text.bitrev   0x100023bc       0x26 /var/folders/x9/cy1bx1f960zd_7xhdrxmk_zm0000gn/T//ccRZK23p.ltrans0.ltrans.o
 *fill*         0x100023e2        0x2 
 .text.extract_mod_bits
                0x100023e4       0x64 /var/folders/x9/cy1bx1f960zd_7xhdrxmk_zm0000gn/T//ccRZK23p.ltrans0.ltrans.o
 .text.led_set  0x10002448       0x50 /var/folders/x9/cy1bx1f960zd_7xhdrxmk_zm0000gn/T//ccRZK23p.ltrans0.ltrans.o
 .text.usb_lld_start.part.3
                0x10002498       0x98 /var/folders/x9/cy1bx1f960zd_7xhdrxmk_zm0000gn/T//ccRZK23p.ltrans0.ltrans.o
 .text.usbInitEndpointI
                0x10002530       0x36 /var/folders/x9/cy1bx1f960zd_7xhdrxmk_zm0000gn/T//ccRZK23p.ltrans0.ltrans.o
 *fill*         0x10002566        0x2 
 .text.usb_event_cb
                0x10002568      0x238 /var/folders/x9/cy1bx1f960zd_7xhdrxmk_zm0000gn/T//ccRZK23p.ltrans0.ltrans.o
 .text.clear_keys_from_report
                0x100027a0       0x28 /var/folders/x9/cy1bx1f960zd_7xhdrxmk_zm0000gn/T//ccRZK23p.ltrans0.ltrans.o
 .text.wear_leveling_clear_cache
                0x100027c8       0x20 /var/folders/x9/cy1bx1f960zd_7xhdrxmk_zm0000gn/T//ccRZK23p.ltrans0.ltrans.o
 .text.wear_leveling_erase
                0x100027e8       0x2e /var/folders/x9/cy1bx1f960zd_7xhdrxmk_zm0000gn/T//ccRZK23p.ltrans0.ltrans.o
 .text.usb_prepare_in_ep_buffer
                0x10002816       0x74 /var/folders/x9/cy1bx1f960zd_7xhdrxmk_zm0000gn/T//ccRZK23p.ltrans0.ltrans.o
 *fill*         0x1000288a        0x2 
 .text.usb_prepare_in_ep
                0x1000288c       0x8c /var/folders/x9/cy1bx1f960zd_7xhdrxmk_zm0000gn/T//ccRZK23p.ltrans0.ltrans.o
 .text.usbStartTransmitI
                0x10002918       0x28 /var/folders/x9/cy1bx1f960zd_7xhdrxmk_zm0000gn/T//ccRZK23p.ltrans0.ltrans.o
 .text._usb_ep0out
                0x10002940       0x80 /var/folders/x9/cy1bx1f960zd_7xhdrxmk_zm0000gn/T//ccRZK23p.ltrans0.ltrans.o
 .text._usb_ep0in
                0x100029c0       0xb0 /var/folders/x9/cy1bx1f960zd_7xhdrxmk_zm0000gn/T//ccRZK23p.ltrans0.ltrans.o
 .text.qmkusbDataTransmitted
                0x10002a70       0xa2 /var/folders/x9/cy1bx1f960zd_7xhdrxmk_zm0000gn/T//ccRZK23p.ltrans0.ltrans.o
 .text.obnotify
                0x10002b12       0x3c /var/folders/x9/cy1bx1f960zd_7xhdrxmk_zm0000gn/T//ccRZK23p.ltrans0.ltrans.o
 *fill*         0x10002b4e        0x2 
 .text.keyboard_idle_timer_cb
                0x10002b50       0x80 /var/folders/x9/cy1bx1f960zd_7xhdrxmk_zm0000gn/T//ccRZK23p.ltrans0.ltrans.o
 .text.usb_sof_cb
                0x10002bd0       0xb8 /var/folders/x9/cy1bx1f960zd_7xhdrxmk_zm0000gn/T//ccRZK23p.ltrans0.ltrans.o
 .text._usb_ep0setup
                0x10002c88      0x3b8 /var/folders/x9/cy1bx1f960zd_7xhdrxmk_zm0000gn/T//ccRZK23p.ltrans0.ltrans.o
 .text.magic_settings_get
                0x10003040       0x60 /var/folders/x9/cy1bx1f960zd_7xhdrxmk_zm0000gn/T//ccRZK23p.ltrans0.ltrans.o
 .text.eeprom_settings_get
                0x100030a0       0x1e /var/folders/x9/cy1bx1f960zd_7xhdrxmk_zm0000gn/T//ccRZK23p.ltrans0.ltrans.o
 *fill*         0x100030be        0x2 
 .text.wear_leveling_read
                0x100030c0       0x24 /var/folders/x9/cy1bx1f960zd_7xhdrxmk_zm0000gn/T//ccRZK23p.ltrans0.ltrans.o
 .text.reload_combo
                0x100030e4       0x5c /var/folders/x9/cy1bx1f960zd_7xhdrxmk_zm0000gn/T//ccRZK23p.ltrans0.ltrans.o
 .text.eeprom_read_byte
                0x10003140       0x16 /var/folders/x9/cy1bx1f960zd_7xhdrxmk_zm0000gn/T//ccRZK23p.ltrans0.ltrans.o
 *fill*         0x10003156        0x2 
 .text.qmk_settings_init
                0x10003158       0x38 /var/folders/x9/cy1bx1f960zd_7xhdrxmk_zm0000gn/T//ccRZK23p.ltrans0.ltrans.o
 .text.dynamic_keymap_get_keycode.part.0
                0x10003190       0x2a /var/folders/x9/cy1bx1f960zd_7xhdrxmk_zm0000gn/T//ccRZK23p.ltrans0.ltrans.o
 *fill*         0x100031ba        0x2 
 .text.keymap_key_to_keycode
                0x100031bc       0x44 /var/folders/x9/cy1bx1f960zd_7xhdrxmk_zm0000gn/T//ccRZK23p.ltrans0.ltrans.o
 .text.layer_switch_get_layer
                0x10003200       0x50 /var/folders/x9/cy1bx1f960zd_7xhdrxmk_zm0000gn/T//ccRZK23p.ltrans0.ltrans.o
 .text.layer_switch_get_action
                0x10003250       0x20 /var/folders/x9/cy1bx1f960zd_7xhdrxmk_zm0000gn/T//ccRZK23p.ltrans0.ltrans.o
 .text.is_tap_record
                0x10003270       0x38 /var/folders/x9/cy1bx1f960zd_7xhdrxmk_zm0000gn/T//ccRZK23p.ltrans0.ltrans.o
 .text.get_event_keycode
                0x100032a8       0x32 /var/folders/x9/cy1bx1f960zd_7xhdrxmk_zm0000gn/T//ccRZK23p.ltrans0.ltrans.o
 .text.get_record_keycode
                0x100032da       0x1c /var/folders/x9/cy1bx1f960zd_7xhdrxmk_zm0000gn/T//ccRZK23p.ltrans0.ltrans.o
 .text.via_get_layout_options
                0x100032f6       0x18 /var/folders/x9/cy1bx1f960zd_7xhdrxmk_zm0000gn/T//ccRZK23p.ltrans0.ltrans.o
 .text.via_eeprom_is_valid
                0x1000330e       0x28 /var/folders/x9/cy1bx1f960zd_7xhdrxmk_zm0000gn/T//ccRZK23p.ltrans0.ltrans.o
 .text.eeconfig_read_keymap
                0x10003336       0x18 /var/folders/x9/cy1bx1f960zd_7xhdrxmk_zm0000gn/T//ccRZK23p.ltrans0.ltrans.o
 *fill*         0x1000334e        0x2 
 .text.chSchGoSleepS
                0x10003350       0x2c /var/folders/x9/cy1bx1f960zd_7xhdrxmk_zm0000gn/T//ccRZK23p.ltrans0.ltrans.o
 .text.chSchGoSleepTimeoutS
                0x1000337c       0x60 /var/folders/x9/cy1bx1f960zd_7xhdrxmk_zm0000gn/T//ccRZK23p.ltrans0.ltrans.o
 .text.chThdEnqueueTimeoutS
                0x100033dc       0x34 /var/folders/x9/cy1bx1f960zd_7xhdrxmk_zm0000gn/T//ccRZK23p.ltrans0.ltrans.o
 .text.obqGetEmptyBufferTimeoutS
                0x10003410       0x36 /var/folders/x9/cy1bx1f960zd_7xhdrxmk_zm0000gn/T//ccRZK23p.ltrans0.ltrans.o
 .text.obqWriteTimeout
                0x10003446       0x86 /var/folders/x9/cy1bx1f960zd_7xhdrxmk_zm0000gn/T//ccRZK23p.ltrans0.ltrans.o
 .text._writet  0x100034cc        0xa /var/folders/x9/cy1bx1f960zd_7xhdrxmk_zm0000gn/T//ccRZK23p.ltrans0.ltrans.o
 .text._write   0x100034d6        0xe /var/folders/x9/cy1bx1f960zd_7xhdrxmk_zm0000gn/T//ccRZK23p.ltrans0.ltrans.o
 .text.obqPutTimeout
                0x100034e4       0x48 /var/folders/x9/cy1bx1f960zd_7xhdrxmk_zm0000gn/T//ccRZK23p.ltrans0.ltrans.o
 .text._putt    0x1000352c        0xa /var/folders/x9/cy1bx1f960zd_7xhdrxmk_zm0000gn/T//ccRZK23p.ltrans0.ltrans.o
 .text._put     0x10003536        0xe /var/folders/x9/cy1bx1f960zd_7xhdrxmk_zm0000gn/T//ccRZK23p.ltrans0.ltrans.o
 .text.ibqGetFullBufferTimeoutS
                0x10003544       0x36 /var/folders/x9/cy1bx1f960zd_7xhdrxmk_zm0000gn/T//ccRZK23p.ltrans0.ltrans.o
 .text.ibqReadTimeout
                0x1000357a       0x82 /var/folders/x9/cy1bx1f960zd_7xhdrxmk_zm0000gn/T//ccRZK23p.ltrans0.ltrans.o
 .text._readt   0x100035fc        0xa /var/folders/x9/cy1bx1f960zd_7xhdrxmk_zm0000gn/T//ccRZK23p.ltrans0.ltrans.o
 .text._read    0x10003606        0xe /var/folders/x9/cy1bx1f960zd_7xhdrxmk_zm0000gn/T//ccRZK23p.ltrans0.ltrans.o
 .text.ibqGetTimeout
                0x10003614       0x3a /var/folders/x9/cy1bx1f960zd_7xhdrxmk_zm0000gn/T//ccRZK23p.ltrans0.ltrans.o
 .text._gett    0x1000364e        0xa /var/folders/x9/cy1bx1f960zd_7xhdrxmk_zm0000gn/T//ccRZK23p.ltrans0.ltrans.o
 .text._get     0x10003658        0xe /var/folders/x9/cy1bx1f960zd_7xhdrxmk_zm0000gn/T//ccRZK23p.ltrans0.ltrans.o
 .text.chThdSleep
                0x10003666       0x16 /var/folders/x9/cy1bx1f960zd_7xhdrxmk_zm0000gn/T//ccRZK23p.ltrans0.ltrans.o
 .text.send_extra
                0x1000367c       0x68 /var/folders/x9/cy1bx1f960zd_7xhdrxmk_zm0000gn/T//ccRZK23p.ltrans0.ltrans.o
 .text.send_consumer
                0x100036e4        0xc /var/folders/x9/cy1bx1f960zd_7xhdrxmk_zm0000gn/T//ccRZK23p.ltrans0.ltrans.o
 .text.send_system
                0x100036f0        0xc /var/folders/x9/cy1bx1f960zd_7xhdrxmk_zm0000gn/T//ccRZK23p.ltrans0.ltrans.o
 .text.osalThreadSuspendS
                0x100036fc       0x28 /var/folders/x9/cy1bx1f960zd_7xhdrxmk_zm0000gn/T//ccRZK23p.ltrans0.ltrans.o
 .text.send_keyboard
                0x10003724       0x84 /var/folders/x9/cy1bx1f960zd_7xhdrxmk_zm0000gn/T//ccRZK23p.ltrans0.ltrans.o
 .text.wear_leveling_write
                0x100037a8      0x1a0 /var/folders/x9/cy1bx1f960zd_7xhdrxmk_zm0000gn/T//ccRZK23p.ltrans0.ltrans.o
 .text.eeprom_update_word
                0x10003948       0x2a /var/folders/x9/cy1bx1f960zd_7xhdrxmk_zm0000gn/T//ccRZK23p.ltrans0.ltrans.o
 .text.eeprom_update_dword.constprop.77
                0x10003972       0x24 /var/folders/x9/cy1bx1f960zd_7xhdrxmk_zm0000gn/T//ccRZK23p.ltrans0.ltrans.o
 .text.eeprom_update_byte
                0x10003996       0x1e /var/folders/x9/cy1bx1f960zd_7xhdrxmk_zm0000gn/T//ccRZK23p.ltrans0.ltrans.o
 .text.eeprom_settings_save
                0x100039b4       0x2c /var/folders/x9/cy1bx1f960zd_7xhdrxmk_zm0000gn/T//ccRZK23p.ltrans0.ltrans.o
 .text.eeprom_settings_set
                0x100039e0       0x1e /var/folders/x9/cy1bx1f960zd_7xhdrxmk_zm0000gn/T//ccRZK23p.ltrans0.ltrans.o
 *fill*         0x100039fe        0x2 
 .text.dynamic_keymap_macro_reset
                0x10003a00       0x1c /var/folders/x9/cy1bx1f960zd_7xhdrxmk_zm0000gn/T//ccRZK23p.ltrans0.ltrans.o
 .text.dynamic_keymap_set_keycode
                0x10003a1c       0x34 /var/folders/x9/cy1bx1f960zd_7xhdrxmk_zm0000gn/T//ccRZK23p.ltrans0.ltrans.o
 .text.via_set_layout_options
                0x10003a50       0x18 /var/folders/x9/cy1bx1f960zd_7xhdrxmk_zm0000gn/T//ccRZK23p.ltrans0.ltrans.o
 .text.via_eeprom_set_valid
                0x10003a68       0x2e /var/folders/x9/cy1bx1f960zd_7xhdrxmk_zm0000gn/T//ccRZK23p.ltrans0.ltrans.o
 .text.eeconfig_update_keymap
                0x10003a96       0x16 /var/folders/x9/cy1bx1f960zd_7xhdrxmk_zm0000gn/T//ccRZK23p.ltrans0.ltrans.o
 .text.matrix_scan
                0x10003aac      0x2cc /var/folders/x9/cy1bx1f960zd_7xhdrxmk_zm0000gn/T//ccRZK23p.ltrans0.ltrans.o
 .text.send_keyboard_report
                0x10003d78       0xd0 /var/folders/x9/cy1bx1f960zd_7xhdrxmk_zm0000gn/T//ccRZK23p.ltrans0.ltrans.o
 .text.process_tap_dance_action_on_reset
                0x10003e48       0x2a /var/folders/x9/cy1bx1f960zd_7xhdrxmk_zm0000gn/T//ccRZK23p.ltrans0.ltrans.o
 *fill*         0x10003e72        0x2 
 .text.process_tap_dance_action_on_dance_finished
                0x10003e74       0x4c /var/folders/x9/cy1bx1f960zd_7xhdrxmk_zm0000gn/T//ccRZK23p.ltrans0.ltrans.o
 .text.autoshift_flush_shift
                0x10003ec0       0x40 /var/folders/x9/cy1bx1f960zd_7xhdrxmk_zm0000gn/T//ccRZK23p.ltrans0.ltrans.o
 .text.unregister_code.part.2
                0x10003f00       0x68 /var/folders/x9/cy1bx1f960zd_7xhdrxmk_zm0000gn/T//ccRZK23p.ltrans0.ltrans.o
 .text.unregister_code
                0x10003f68       0x48 /var/folders/x9/cy1bx1f960zd_7xhdrxmk_zm0000gn/T//ccRZK23p.ltrans0.ltrans.o
 .text.register_code.part.1
                0x10003fb0       0xd8 /var/folders/x9/cy1bx1f960zd_7xhdrxmk_zm0000gn/T//ccRZK23p.ltrans0.ltrans.o
 .text.register_code
                0x10004088       0x58 /var/folders/x9/cy1bx1f960zd_7xhdrxmk_zm0000gn/T//ccRZK23p.ltrans0.ltrans.o
 .text.tap_code
                0x100040e0       0x34 /var/folders/x9/cy1bx1f960zd_7xhdrxmk_zm0000gn/T//ccRZK23p.ltrans0.ltrans.o
 .text.send_string_with_delay.constprop.62
                0x10004114       0xdc /var/folders/x9/cy1bx1f960zd_7xhdrxmk_zm0000gn/T//ccRZK23p.ltrans0.ltrans.o
 .text.clear_keyboard_but_mods_and_keys
                0x100041f0       0x20 /var/folders/x9/cy1bx1f960zd_7xhdrxmk_zm0000gn/T//ccRZK23p.ltrans0.ltrans.o
 .text.update_tri_layer.constprop.63
                0x10004210       0x24 /var/folders/x9/cy1bx1f960zd_7xhdrxmk_zm0000gn/T//ccRZK23p.ltrans0.ltrans.o
 .text.layer_off
                0x10004234       0x18 /var/folders/x9/cy1bx1f960zd_7xhdrxmk_zm0000gn/T//ccRZK23p.ltrans0.ltrans.o
 .text.clear_oneshot_layer_state
                0x1000424c       0x40 /var/folders/x9/cy1bx1f960zd_7xhdrxmk_zm0000gn/T//ccRZK23p.ltrans0.ltrans.o
 .text.oneshot_set
                0x1000428c       0x30 /var/folders/x9/cy1bx1f960zd_7xhdrxmk_zm0000gn/T//ccRZK23p.ltrans0.ltrans.o
 .text.layer_on
                0x100042bc       0x18 /var/folders/x9/cy1bx1f960zd_7xhdrxmk_zm0000gn/T//ccRZK23p.ltrans0.ltrans.o
 .text.set_oneshot_layer
                0x100042d4       0x34 /var/folders/x9/cy1bx1f960zd_7xhdrxmk_zm0000gn/T//ccRZK23p.ltrans0.ltrans.o
 .text.clear_keyboard
                0x10004308       0x1c /var/folders/x9/cy1bx1f960zd_7xhdrxmk_zm0000gn/T//ccRZK23p.ltrans0.ltrans.o
 .text.qmk_settings_reset
                0x10004324       0x4c /var/folders/x9/cy1bx1f960zd_7xhdrxmk_zm0000gn/T//ccRZK23p.ltrans0.ltrans.o
 .text.dynamic_keymap_reset
                0x10004370       0x98 /var/folders/x9/cy1bx1f960zd_7xhdrxmk_zm0000gn/T//ccRZK23p.ltrans0.ltrans.o
 .text.eeconfig_init_via
                0x10004408       0x1e /var/folders/x9/cy1bx1f960zd_7xhdrxmk_zm0000gn/T//ccRZK23p.ltrans0.ltrans.o
 *fill*         0x10004426        0x2 
 .text.eeconfig_init_quantum
                0x10004428       0x9c /var/folders/x9/cy1bx1f960zd_7xhdrxmk_zm0000gn/T//ccRZK23p.ltrans0.ltrans.o
 .text.magic_settings_set
                0x100044c4       0xa8 /var/folders/x9/cy1bx1f960zd_7xhdrxmk_zm0000gn/T//ccRZK23p.ltrans0.ltrans.o
 .text.soft_reset_keyboard
                0x1000456c       0x2c /var/folders/x9/cy1bx1f960zd_7xhdrxmk_zm0000gn/T//ccRZK23p.ltrans0.ltrans.o
 .text.unregister_mods
                0x10004598       0x10 /var/folders/x9/cy1bx1f960zd_7xhdrxmk_zm0000gn/T//ccRZK23p.ltrans0.ltrans.o
 .text.register_mods
                0x100045a8       0x10 /var/folders/x9/cy1bx1f960zd_7xhdrxmk_zm0000gn/T//ccRZK23p.ltrans0.ltrans.o
 .text.perform_space_cadet
                0x100045b8       0xb8 /var/folders/x9/cy1bx1f960zd_7xhdrxmk_zm0000gn/T//ccRZK23p.ltrans0.ltrans.o
 .text.unregister_code16
                0x10004670       0x30 /var/folders/x9/cy1bx1f960zd_7xhdrxmk_zm0000gn/T//ccRZK23p.ltrans0.ltrans.o
 .text.register_code16
                0x100046a0       0x38 /var/folders/x9/cy1bx1f960zd_7xhdrxmk_zm0000gn/T//ccRZK23p.ltrans0.ltrans.o
 .text.autoshift_press_user.constprop.66
                0x100046d8       0x44 /var/folders/x9/cy1bx1f960zd_7xhdrxmk_zm0000gn/T//ccRZK23p.ltrans0.ltrans.o
 .text.autoshift_end
                0x1000471c      0x174 /var/folders/x9/cy1bx1f960zd_7xhdrxmk_zm0000gn/T//ccRZK23p.ltrans0.ltrans.o
 .text._fini    0x10004890        0x2 /var/folders/x9/cy1bx1f960zd_7xhdrxmk_zm0000gn/T//ccRZK23p.ltrans0.ltrans.o
                0x10004890                _fini
 .text.shutdown_user
                0x10004892        0x2 /var/folders/x9/cy1bx1f960zd_7xhdrxmk_zm0000gn/T//ccRZK23p.ltrans0.ltrans.o
                0x10004892                __cpu_init
 .text.Vector54
                0x10004894      0x2ac /var/folders/x9/cy1bx1f960zd_7xhdrxmk_zm0000gn/T//ccRZK23p.ltrans0.ltrans.o
                0x10004894                Vector54
 .text.SysTick_Handler
                0x10004b40       0x70 /var/folders/x9/cy1bx1f960zd_7xhdrxmk_zm0000gn/T//ccRZK23p.ltrans0.ltrans.o
                0x10004b40                SysTick_Handler
 .text.__port_spinlock_release
                0x10004bb0       0x10 /var/folders/x9/cy1bx1f960zd_7xhdrxmk_zm0000gn/T//ccRZK23p.ltrans0.ltrans.o
                0x10004bb0                __port_spinlock_release
 .text.Vector80
                0x10004bc0       0x40 /var/folders/x9/cy1bx1f960zd_7xhdrxmk_zm0000gn/T//ccRZK23p.ltrans0.ltrans.o
                0x10004bc0                Vector80
 .text.Vector7C
                0x10004c00       0x24 /var/folders/x9/cy1bx1f960zd_7xhdrxmk_zm0000gn/T//ccRZK23p.ltrans0.ltrans.o
                0x10004c00                Vector7C
 .text.NMI_Handler
                0x10004c24       0x12 /var/folders/x9/cy1bx1f960zd_7xhdrxmk_zm0000gn/T//ccRZK23p.ltrans0.ltrans.o
                0x10004c24                NMI_Handler
 *fill*         0x10004c36        0x2 
 .text.chThdExit
                0x10004c38       0x28 /var/folders/x9/cy1bx1f960zd_7xhdrxmk_zm0000gn/T//ccRZK23p.ltrans0.ltrans.o
                0x10004c38                chThdExit
 .text.__sch_reschedule_ahead
                0x10004c60       0x44 /var/folders/x9/cy1bx1f960zd_7xhdrxmk_zm0000gn/T//ccRZK23p.ltrans0.ltrans.o
                0x10004c60                chSchDoPreemption
 .text.__init_ram_areas
                0x10004ca4       0x30 /var/folders/x9/cy1bx1f960zd_7xhdrxmk_zm0000gn/T//ccRZK23p.ltrans0.ltrans.o
                0x10004ca4                __init_ram_areas
 .text.__default_exit
                0x10004cd4        0x2 /var/folders/x9/cy1bx1f960zd_7xhdrxmk_zm0000gn/T//ccRZK23p.ltrans0.ltrans.o
                0x10004cd4                __default_exit
 .text.__early_init
                0x10004cd6        0x2 /var/folders/x9/cy1bx1f960zd_7xhdrxmk_zm0000gn/T//ccRZK23p.ltrans0.ltrans.o
                0x10004cd6                __early_init
 .text.__late_init
                0x10004cd8       0x54 /var/folders/x9/cy1bx1f960zd_7xhdrxmk_zm0000gn/T//ccRZK23p.ltrans0.ltrans.o
                0x10004cd8                __late_init
 .text.vprintf  0x10004d2c       0x28 /var/folders/x9/cy1bx1f960zd_7xhdrxmk_zm0000gn/T//ccRZK23p.ltrans0.ltrans.o
                0x10004d2c                vprintf
 .text.printf   0x10004d54       0x16 /var/folders/x9/cy1bx1f960zd_7xhdrxmk_zm0000gn/T//ccRZK23p.ltrans0.ltrans.o
 *fill*         0x10004d6a        0x2 
 .text.process_record
                0x10004d6c     0x1210 /var/folders/x9/cy1bx1f960zd_7xhdrxmk_zm0000gn/T//ccRZK23p.ltrans0.ltrans.o
 .text.waiting_buffer_scan_tap
                0x10005f7c       0xa4 /var/folders/x9/cy1bx1f960zd_7xhdrxmk_zm0000gn/T//ccRZK23p.ltrans0.ltrans.o
 .text.process_tapping
                0x10006020      0x33c /var/folders/x9/cy1bx1f960zd_7xhdrxmk_zm0000gn/T//ccRZK23p.ltrans0.ltrans.o
 .text.action_tapping_process
                0x1000635c       0xb0 /var/folders/x9/cy1bx1f960zd_7xhdrxmk_zm0000gn/T//ccRZK23p.ltrans0.ltrans.o
 .text.dump_key_buffer
                0x1000640c       0x8c /var/folders/x9/cy1bx1f960zd_7xhdrxmk_zm0000gn/T//ccRZK23p.ltrans0.ltrans.o
 .text.combo_disable
                0x10006498       0x30 /var/folders/x9/cy1bx1f960zd_7xhdrxmk_zm0000gn/T//ccRZK23p.ltrans0.ltrans.o
 .text.apply_combos
                0x100064c8       0xec /var/folders/x9/cy1bx1f960zd_7xhdrxmk_zm0000gn/T//ccRZK23p.ltrans0.ltrans.o
 .text.action_exec
                0x100065b4      0x3ac /var/folders/x9/cy1bx1f960zd_7xhdrxmk_zm0000gn/T//ccRZK23p.ltrans0.ltrans.o
 .text.vial_keycode_up.part.3
                0x10006960       0x28 /var/folders/x9/cy1bx1f960zd_7xhdrxmk_zm0000gn/T//ccRZK23p.ltrans0.ltrans.o
 .text.vial_keycode_down.part.2
                0x10006988       0x24 /var/folders/x9/cy1bx1f960zd_7xhdrxmk_zm0000gn/T//ccRZK23p.ltrans0.ltrans.o
 .text.startup.main
                0x100069ac     0x11c4 /var/folders/x9/cy1bx1f960zd_7xhdrxmk_zm0000gn/T//ccRZK23p.ltrans0.ltrans.o
                0x100069ac                main
 .text.startup.main.__stub
                0x10007b70       0x20 linker stubs
 *(.glue_7t)
 .glue_7t       0x10007b90        0x0 linker stubs
 *(.glue_7)
 .glue_7        0x10007b90        0x0 linker stubs
 *(.gcc*)
                0x10007b90                        __text_end__ = .

.vfp11_veneer   0x10007b90        0x0
 .vfp11_veneer  0x10007b90        0x0 linker stubs

.v4_bx          0x10007b90        0x0
 .v4_bx         0x10007b90        0x0 linker stubs

.iplt           0x10007b90        0x0
 .iplt          0x10007b90        0x0 .build/obj_alectardy98_zenithal_rp2040_vial_rev3pico/./lib/chibios/os/common/startup/ARMCMx/compilers/GCC/crt0_v6m.o

.rodata         0x10007b90     0x1044
                0x10007b90                        __rodata_base__ = .
 *(.rodata)
 .rodata        0x10007b90        0x2 /var/folders/x9/cy1bx1f960zd_7xhdrxmk_zm0000gn/T//ccRZK23p.ltrans0.ltrans.o
 *fill*         0x10007b92        0x2 
 .rodata        0x10007b94      0x101 /usr/local/Cellar/arm-none-eabi-gcc@8/8.5.0_2/lib/arm-none-eabi-gcc/8/gcc/arm-none-eabi/8.5.0/../../../../../../arm-none-eabi/lib/thumb/v6-m/nofp/libg_nano.a(lib_a-ctype_.o)
                0x10007b94                _ctype_
 *(.rodata.*)
 *fill*         0x10007c95        0x3 
 .rodata.CSWTCH.0
                0x10007c98       0x10 /var/folders/x9/cy1bx1f960zd_7xhdrxmk_zm0000gn/T//ccRZK23p.ltrans0.ltrans.o
 .rodata.CSWTCH.1
                0x10007ca8        0x4 /var/folders/x9/cy1bx1f960zd_7xhdrxmk_zm0000gn/T//ccRZK23p.ltrans0.ltrans.o
 .rodata.CSWTCH.15
                0x10007cac        0x3 /var/folders/x9/cy1bx1f960zd_7xhdrxmk_zm0000gn/T//ccRZK23p.ltrans0.ltrans.o
 *fill*         0x10007caf        0x1 
 .rodata.CSWTCH.16
                0x10007cb0       0x2e /var/folders/x9/cy1bx1f960zd_7xhdrxmk_zm0000gn/T//ccRZK23p.ltrans0.ltrans.o
 *fill*         0x10007cde        0x2 
 .rodata.CSWTCH.2
                0x10007ce0       0x10 /var/folders/x9/cy1bx1f960zd_7xhdrxmk_zm0000gn/T//ccRZK23p.ltrans0.ltrans.o
 .rodata.CSWTCH.3
                0x10007cf0       0x10 /var/folders/x9/cy1bx1f960zd_7xhdrxmk_zm0000gn/T//ccRZK23p.ltrans0.ltrans.o
 .rodata.CSWTCH.4
                0x10007d00        0x4 /var/folders/x9/cy1bx1f960zd_7xhdrxmk_zm0000gn/T//ccRZK23p.ltrans0.ltrans.o
 .rodata.ConfigurationDescriptor
                0x10007d04       0x7b /var/folders/x9/cy1bx1f960zd_7xhdrxmk_zm0000gn/T//ccRZK23p.ltrans0.ltrans.o
 .rodata.ConsoleReport
                0x10007d7f       0x22 /var/folders/x9/cy1bx1f960zd_7xhdrxmk_zm0000gn/T//ccRZK23p.ltrans0.ltrans.o
 .rodata.DeviceDescriptor
                0x10007da1       0x12 /var/folders/x9/cy1bx1f960zd_7xhdrxmk_zm0000gn/T//ccRZK23p.ltrans0.ltrans.o
 .rodata.KeyboardReport
                0x10007db3       0x40 /var/folders/x9/cy1bx1f960zd_7xhdrxmk_zm0000gn/T//ccRZK23p.ltrans0.ltrans.o
 .rodata.LanguageString
                0x10007df3        0x4 /var/folders/x9/cy1bx1f960zd_7xhdrxmk_zm0000gn/T//ccRZK23p.ltrans0.ltrans.o
 .rodata.ManufacturerString
                0x10007df7       0x1a /var/folders/x9/cy1bx1f960zd_7xhdrxmk_zm0000gn/T//ccRZK23p.ltrans0.ltrans.o
 .rodata.ProductString
                0x10007e11       0x14 /var/folders/x9/cy1bx1f960zd_7xhdrxmk_zm0000gn/T//ccRZK23p.ltrans0.ltrans.o
 .rodata.RawReport
                0x10007e25       0x22 /var/folders/x9/cy1bx1f960zd_7xhdrxmk_zm0000gn/T//ccRZK23p.ltrans0.ltrans.o
 .rodata.SerialNumberString
                0x10007e47       0x1e /var/folders/x9/cy1bx1f960zd_7xhdrxmk_zm0000gn/T//ccRZK23p.ltrans0.ltrans.o
 .rodata.SharedReport
                0x10007e65       0x6d /var/folders/x9/cy1bx1f960zd_7xhdrxmk_zm0000gn/T//ccRZK23p.ltrans0.ltrans.o
 .rodata.Vector80.str1.1
                0x10007ed2       0xac /var/folders/x9/cy1bx1f960zd_7xhdrxmk_zm0000gn/T//ccRZK23p.ltrans0.ltrans.o
                                  0xd (size before relaxing)
 .rodata.active_status
                0x10007f7e        0x2 /var/folders/x9/cy1bx1f960zd_7xhdrxmk_zm0000gn/T//ccRZK23p.ltrans0.ltrans.o
 .rodata.ascii_to_altgr_lut
                0x10007f80       0x10 /var/folders/x9/cy1bx1f960zd_7xhdrxmk_zm0000gn/T//ccRZK23p.ltrans0.ltrans.o
 .rodata.ascii_to_keycode_lut
                0x10007f90       0x80 /var/folders/x9/cy1bx1f960zd_7xhdrxmk_zm0000gn/T//ccRZK23p.ltrans0.ltrans.o
 .rodata.ascii_to_shift_lut
                0x10008010       0x10 /var/folders/x9/cy1bx1f960zd_7xhdrxmk_zm0000gn/T//ccRZK23p.ltrans0.ltrans.o
 .rodata.ch_core0_cfg
                0x10008020        0xc /var/folders/x9/cy1bx1f960zd_7xhdrxmk_zm0000gn/T//ccRZK23p.ltrans0.ltrans.o
 .rodata.col_pins
                0x1000802c       0x28 /var/folders/x9/cy1bx1f960zd_7xhdrxmk_zm0000gn/T//ccRZK23p.ltrans0.ltrans.o
 .rodata.ep0config
                0x10008054       0x1c /var/folders/x9/cy1bx1f960zd_7xhdrxmk_zm0000gn/T//ccRZK23p.ltrans0.ltrans.o
 .rodata.halted_status
                0x10008070        0x2 /var/folders/x9/cy1bx1f960zd_7xhdrxmk_zm0000gn/T//ccRZK23p.ltrans0.ltrans.o
 *fill*         0x10008072        0x2 
 .rodata.kbd_ep_config
                0x10008074       0x1c /var/folders/x9/cy1bx1f960zd_7xhdrxmk_zm0000gn/T//ccRZK23p.ltrans0.ltrans.o
 .rodata.keyboard_definition
                0x10008090      0x634 /var/folders/x9/cy1bx1f960zd_7xhdrxmk_zm0000gn/T//ccRZK23p.ltrans0.ltrans.o
 .rodata.keymaps
                0x100086c4      0x320 /var/folders/x9/cy1bx1f960zd_7xhdrxmk_zm0000gn/T//ccRZK23p.ltrans0.ltrans.o
 .rodata.main.str1.1
                0x100089e4       0x3c /var/folders/x9/cy1bx1f960zd_7xhdrxmk_zm0000gn/T//ccRZK23p.ltrans0.ltrans.o
 .rodata.process_record.str1.1
                0x100089e4       0x55 /var/folders/x9/cy1bx1f960zd_7xhdrxmk_zm0000gn/T//ccRZK23p.ltrans0.ltrans.o
 .rodata.protos
                0x100089e4       0xf0 /var/folders/x9/cy1bx1f960zd_7xhdrxmk_zm0000gn/T//ccRZK23p.ltrans0.ltrans.o
 .rodata.ram_areas
                0x10008ad4       0x80 /var/folders/x9/cy1bx1f960zd_7xhdrxmk_zm0000gn/T//ccRZK23p.ltrans0.ltrans.o
 .rodata.row_pins
                0x10008b54       0x28 /var/folders/x9/cy1bx1f960zd_7xhdrxmk_zm0000gn/T//ccRZK23p.ltrans0.ltrans.o
 .rodata.shared_ep_config
                0x10008b7c       0x1c /var/folders/x9/cy1bx1f960zd_7xhdrxmk_zm0000gn/T//ccRZK23p.ltrans0.ltrans.o
 .rodata.str1.1
                0x10008b98        0x3 /var/folders/x9/cy1bx1f960zd_7xhdrxmk_zm0000gn/T//ccRZK23p.ltrans0.ltrans.o
 .rodata.usbcfg
                0x10008b98       0x10 /var/folders/x9/cy1bx1f960zd_7xhdrxmk_zm0000gn/T//ccRZK23p.ltrans0.ltrans.o
 .rodata.vmt    0x10008ba8       0x28 /var/folders/x9/cy1bx1f960zd_7xhdrxmk_zm0000gn/T//ccRZK23p.ltrans0.ltrans.o
 .rodata.vsnprintf_impl.constprop.91.str1.1
                0x10008bd0        0xd /var/folders/x9/cy1bx1f960zd_7xhdrxmk_zm0000gn/T//ccRZK23p.ltrans0.ltrans.o
 .rodata.zero_status
                0x10008bd0        0x2 /var/folders/x9/cy1bx1f960zd_7xhdrxmk_zm0000gn/T//ccRZK23p.ltrans0.ltrans.o
                0x10008be0                        . = ALIGN (0x4)
 *fill*         0x10008bd2        0x2 
                0x10008bd4                        __rodata_end__ = .

.ARM.extab
 *(.ARM.extab* .gnu.linkonce.armextab.*)

.ARM.exidx      0x10008bd4        0x8
                0x10008bd4                        __exidx_base__ = .
                0x10008bd4                        __exidx_start = .
 *(.ARM.exidx* .gnu.linkonce.armexidx.*)
 .ARM.exidx     0x10008bd4        0x8 /usr/local/Cellar/arm-none-eabi-gcc@8/8.5.0_2/lib/arm-none-eabi-gcc/8/gcc/arm-none-eabi/8.5.0/thumb/v6-m/nofp/libgcc.a(_udivmoddi4.o)
                0x10008bdc                        __exidx_end__ = .
                0x10008bdc                        __exidx_end = .

.rel.dyn        0x10008bdc        0x0
 .rel.iplt      0x10008bdc        0x0 .build/obj_alectardy98_zenithal_rp2040_vial_rev3pico/./lib/chibios/os/common/startup/ARMCMx/compilers/GCC/crt0_v6m.o

.eh_frame_hdr
 *(.eh_frame_hdr)

.eh_frame
 *(.eh_frame)

.data           0x20000000      0x550 load address 0x10008bdc
                [!provide]                        PROVIDE (_textdata = LOADADDR (.data))
                [!provide]                        PROVIDE (_data = .)
                0x10008bdc                        __textdata_base__ = LOADADDR (.data)
                0x20000000                        __data_base__ = .
 *(vtable)
 *(.time_critical*)
 .time_critical.flash_enable_xip_via_boot2
                0x20000000       0x20 /var/folders/x9/cy1bx1f960zd_7xhdrxmk_zm0000gn/T//ccRZK23p.ltrans0.ltrans.o
 .time_critical.flash_init_boot2_copyout
                0x20000020       0x30 /var/folders/x9/cy1bx1f960zd_7xhdrxmk_zm0000gn/T//ccRZK23p.ltrans0.ltrans.o
 .time_critical.flash_range_erase
                0x20000050       0x60 /var/folders/x9/cy1bx1f960zd_7xhdrxmk_zm0000gn/T//ccRZK23p.ltrans0.ltrans.o
 .time_critical.flash_was_aborted
                0x200000b0       0x10 /var/folders/x9/cy1bx1f960zd_7xhdrxmk_zm0000gn/T//ccRZK23p.ltrans0.ltrans.o
 .time_critical.flash_cs_force
                0x200000c0       0x24 /var/folders/x9/cy1bx1f960zd_7xhdrxmk_zm0000gn/T//ccRZK23p.ltrans0.ltrans.o
 .time_critical.flash_put_cmd_addr
                0x200000e4       0x24 /var/folders/x9/cy1bx1f960zd_7xhdrxmk_zm0000gn/T//ccRZK23p.ltrans0.ltrans.o
 .time_critical.flash_put_get
                0x20000108       0x6a /var/folders/x9/cy1bx1f960zd_7xhdrxmk_zm0000gn/T//ccRZK23p.ltrans0.ltrans.o
 .time_critical._flash_do_cmd
                0x20000172       0x22 /var/folders/x9/cy1bx1f960zd_7xhdrxmk_zm0000gn/T//ccRZK23p.ltrans0.ltrans.o
 .time_critical.flash_enable_write
                0x20000194        0xe /var/folders/x9/cy1bx1f960zd_7xhdrxmk_zm0000gn/T//ccRZK23p.ltrans0.ltrans.o
 .time_critical.flash_wait_ready
                0x200001a2       0x22 /var/folders/x9/cy1bx1f960zd_7xhdrxmk_zm0000gn/T//ccRZK23p.ltrans0.ltrans.o
 .time_critical.pico_program_bulk
                0x200001c4       0x94 /var/folders/x9/cy1bx1f960zd_7xhdrxmk_zm0000gn/T//ccRZK23p.ltrans0.ltrans.o
                0x20000258                        . = ALIGN (0x4)
 *(.data)
 *(.data.*)
 .data.autoshift_flags
                0x20000258        0x1 /var/folders/x9/cy1bx1f960zd_7xhdrxmk_zm0000gn/T//ccRZK23p.ltrans0.ltrans.o
 *fill*         0x20000259        0x1 
 .data.autoshift_timeout
                0x2000025a        0x2 /var/folders/x9/cy1bx1f960zd_7xhdrxmk_zm0000gn/T//ccRZK23p.ltrans0.ltrans.o
 .data.b_combo_enable
                0x2000025c        0x1 /var/folders/x9/cy1bx1f960zd_7xhdrxmk_zm0000gn/T//ccRZK23p.ltrans0.ltrans.o
 *fill*         0x2000025d        0x3 
 .data.chibios_driver
                0x20000260       0x18 /var/folders/x9/cy1bx1f960zd_7xhdrxmk_zm0000gn/T//ccRZK23p.ltrans0.ltrans.o
 .data.drivers  0x20000278      0x2c0 /var/folders/x9/cy1bx1f960zd_7xhdrxmk_zm0000gn/T//ccRZK23p.ltrans0.ltrans.o
 .data.func     0x20000538        0x4 /var/folders/x9/cy1bx1f960zd_7xhdrxmk_zm0000gn/T//ccRZK23p.ltrans0.ltrans.o
 .data.keyboard_protocol
                0x2000053c        0x1 /var/folders/x9/cy1bx1f960zd_7xhdrxmk_zm0000gn/T//ccRZK23p.ltrans0.ltrans.o
 .data.linecoding
                0x2000053d        0x7 /var/folders/x9/cy1bx1f960zd_7xhdrxmk_zm0000gn/T//ccRZK23p.ltrans0.ltrans.o
 .data.macro_end.11564
                0x20000544        0x4 /var/folders/x9/cy1bx1f960zd_7xhdrxmk_zm0000gn/T//ccRZK23p.ltrans0.ltrans.o
 .data.r_macro_end.11566
                0x20000548        0x4 /var/folders/x9/cy1bx1f960zd_7xhdrxmk_zm0000gn/T//ccRZK23p.ltrans0.ltrans.o
 .data.vial_unlocked
                0x2000054c        0x4 /var/folders/x9/cy1bx1f960zd_7xhdrxmk_zm0000gn/T//ccRZK23p.ltrans0.ltrans.o
 *(.ramtext)
                0x20000550                        . = ALIGN (0x4)
                [!provide]                        PROVIDE (_edata = .)
                0x20000550                        __data_end__ = .

.igot.plt       0x20000550        0x0 load address 0x1000912c
 .igot.plt      0x20000550        0x0 .build/obj_alectardy98_zenithal_rp2040_vial_rev3pico/./lib/chibios/os/common/startup/ARMCMx/compilers/GCC/crt0_v6m.o

.bss            0x20000550     0x1e60 load address 0x1000912c
                0x20000550                        __bss_base__ = .
 *(.bss)
 *(.bss.*)
 .bss.BOOT2_ROM_RAM
                0x20000550      0x100 /var/folders/x9/cy1bx1f960zd_7xhdrxmk_zm0000gn/T//ccRZK23p.ltrans0.ltrans.o
 .bss.QS        0x20000650       0x24 /var/folders/x9/cy1bx1f960zd_7xhdrxmk_zm0000gn/T//ccRZK23p.ltrans0.ltrans.o
 .bss.USBD1     0x20000674       0xe4 /var/folders/x9/cy1bx1f960zd_7xhdrxmk_zm0000gn/T//ccRZK23p.ltrans0.ltrans.o
 .bss.__compound_literal.0.lto_priv.128
                0x20000758       0x20 /var/folders/x9/cy1bx1f960zd_7xhdrxmk_zm0000gn/T//ccRZK23p.ltrans0.ltrans.o
 .bss.__compound_literal.0.lto_priv.129
                0x20000778       0x90 /var/folders/x9/cy1bx1f960zd_7xhdrxmk_zm0000gn/T//ccRZK23p.ltrans0.ltrans.o
 .bss.__compound_literal.1
                0x20000808       0x90 /var/folders/x9/cy1bx1f960zd_7xhdrxmk_zm0000gn/T//ccRZK23p.ltrans0.ltrans.o
 .bss.__compound_literal.2
                0x20000898       0x90 /var/folders/x9/cy1bx1f960zd_7xhdrxmk_zm0000gn/T//ccRZK23p.ltrans0.ltrans.o
 .bss.__compound_literal.3
                0x20000928       0x90 /var/folders/x9/cy1bx1f960zd_7xhdrxmk_zm0000gn/T//ccRZK23p.ltrans0.ltrans.o
 .bss.active_td
                0x200009b8        0x2 /var/folders/x9/cy1bx1f960zd_7xhdrxmk_zm0000gn/T//ccRZK23p.ltrans0.ltrans.o
 .bss.autoshift_lastkey
                0x200009ba        0x2 /var/folders/x9/cy1bx1f960zd_7xhdrxmk_zm0000gn/T//ccRZK23p.ltrans0.ltrans.o
 .bss.autoshift_lastrecord
                0x200009bc        0xa /var/folders/x9/cy1bx1f960zd_7xhdrxmk_zm0000gn/T//ccRZK23p.ltrans0.ltrans.o
 .bss.autoshift_shift_states
                0x200009c6       0x20 /var/folders/x9/cy1bx1f960zd_7xhdrxmk_zm0000gn/T//ccRZK23p.ltrans0.ltrans.o
 .bss.autoshift_time
                0x200009e6        0x2 /var/folders/x9/cy1bx1f960zd_7xhdrxmk_zm0000gn/T//ccRZK23p.ltrans0.ltrans.o
 .bss.boot2_copyout
                0x200009e8      0x100 /var/folders/x9/cy1bx1f960zd_7xhdrxmk_zm0000gn/T//ccRZK23p.ltrans0.ltrans.o
 .bss.boot2_copyout_valid
                0x20000ae8        0x1 /var/folders/x9/cy1bx1f960zd_7xhdrxmk_zm0000gn/T//ccRZK23p.ltrans0.ltrans.o
 *fill*         0x20000ae9        0x1 
 .bss.bulk_write_buffer.5499
                0x20000aea       0x80 /var/folders/x9/cy1bx1f960zd_7xhdrxmk_zm0000gn/T//ccRZK23p.ltrans0.ltrans.o
 *fill*         0x20000b6a        0x2 
 .bss.ch_memcore
                0x20000b6c        0x8 /var/folders/x9/cy1bx1f960zd_7xhdrxmk_zm0000gn/T//ccRZK23p.ltrans0.ltrans.o
 .bss.ch_system
                0x20000b74       0x10 /var/folders/x9/cy1bx1f960zd_7xhdrxmk_zm0000gn/T//ccRZK23p.ltrans0.ltrans.o
 .bss.combo_buffer
                0x20000b84        0x8 /var/folders/x9/cy1bx1f960zd_7xhdrxmk_zm0000gn/T//ccRZK23p.ltrans0.ltrans.o
 .bss.combo_buffer_read
                0x20000b8c        0x1 /var/folders/x9/cy1bx1f960zd_7xhdrxmk_zm0000gn/T//ccRZK23p.ltrans0.ltrans.o
 .bss.combo_buffer_write
                0x20000b8d        0x1 /var/folders/x9/cy1bx1f960zd_7xhdrxmk_zm0000gn/T//ccRZK23p.ltrans0.ltrans.o
 *fill*         0x20000b8e        0x2 
 .bss.configured_freq
                0x20000b90       0x28 /var/folders/x9/cy1bx1f960zd_7xhdrxmk_zm0000gn/T//ccRZK23p.ltrans0.ltrans.o
 .bss.debouncing
                0x20000bb8        0x1 /var/folders/x9/cy1bx1f960zd_7xhdrxmk_zm0000gn/T//ccRZK23p.ltrans0.ltrans.o
 *fill*         0x20000bb9        0x3 
 .bss.debouncing_time
                0x20000bbc        0x4 /var/folders/x9/cy1bx1f960zd_7xhdrxmk_zm0000gn/T//ccRZK23p.ltrans0.ltrans.o
 .bss.debug_config
                0x20000bc0        0x1 /var/folders/x9/cy1bx1f960zd_7xhdrxmk_zm0000gn/T//ccRZK23p.ltrans0.ltrans.o
 .bss.default_layer_state
                0x20000bc1        0x1 /var/folders/x9/cy1bx1f960zd_7xhdrxmk_zm0000gn/T//ccRZK23p.ltrans0.ltrans.o
 *fill*         0x20000bc2        0x2 
 .bss.desc.9820
                0x20000bc4        0x8 /var/folders/x9/cy1bx1f960zd_7xhdrxmk_zm0000gn/T//ccRZK23p.ltrans0.ltrans.o
 .bss.driver.lto_priv.126
                0x20000bcc        0x4 /var/folders/x9/cy1bx1f960zd_7xhdrxmk_zm0000gn/T//ccRZK23p.ltrans0.ltrans.o
 .bss.driver.lto_priv.127
                0x20000bd0        0x4 /var/folders/x9/cy1bx1f960zd_7xhdrxmk_zm0000gn/T//ccRZK23p.ltrans0.ltrans.o
 .bss.ep0_state
                0x20000bd4       0x40 /var/folders/x9/cy1bx1f960zd_7xhdrxmk_zm0000gn/T//ccRZK23p.ltrans0.ltrans.o
 .bss.event_queue
                0x20000c14       0x10 /var/folders/x9/cy1bx1f960zd_7xhdrxmk_zm0000gn/T//ccRZK23p.ltrans0.ltrans.o
 .bss.event_queue_head
                0x20000c24        0x1 /var/folders/x9/cy1bx1f960zd_7xhdrxmk_zm0000gn/T//ccRZK23p.ltrans0.ltrans.o
 .bss.event_queue_tail
                0x20000c25        0x1 /var/folders/x9/cy1bx1f960zd_7xhdrxmk_zm0000gn/T//ccRZK23p.ltrans0.ltrans.o
 .bss.g_vial_magic_keycode_override
                0x20000c26        0x2 /var/folders/x9/cy1bx1f960zd_7xhdrxmk_zm0000gn/T//ccRZK23p.ltrans0.ltrans.o
 .bss.grave_esc_was_shifted
                0x20000c28        0x1 /var/folders/x9/cy1bx1f960zd_7xhdrxmk_zm0000gn/T//ccRZK23p.ltrans0.ltrans.o
 *fill*         0x20000c29        0x3 
 .bss.interrupts
                0x20000c2c        0x4 /var/folders/x9/cy1bx1f960zd_7xhdrxmk_zm0000gn/T//ccRZK23p.ltrans0.ltrans.o
 .bss.kbd_ep_state
                0x20000c30       0x20 /var/folders/x9/cy1bx1f960zd_7xhdrxmk_zm0000gn/T//ccRZK23p.ltrans0.ltrans.o
 .bss.key_buffer
                0x20000c50       0x70 /var/folders/x9/cy1bx1f960zd_7xhdrxmk_zm0000gn/T//ccRZK23p.ltrans0.ltrans.o
 .bss.key_buffer_next.11570
                0x20000cc0        0x1 /var/folders/x9/cy1bx1f960zd_7xhdrxmk_zm0000gn/T//ccRZK23p.ltrans0.ltrans.o
 .bss.key_buffer_size
                0x20000cc1        0x1 /var/folders/x9/cy1bx1f960zd_7xhdrxmk_zm0000gn/T//ccRZK23p.ltrans0.ltrans.o
 *fill*         0x20000cc2        0x2 
 .bss.key_combos
                0x20000cc4       0x30 /var/folders/x9/cy1bx1f960zd_7xhdrxmk_zm0000gn/T//ccRZK23p.ltrans0.ltrans.o
 .bss.key_combos_keys
                0x20000cf4       0x28 /var/folders/x9/cy1bx1f960zd_7xhdrxmk_zm0000gn/T//ccRZK23p.ltrans0.ltrans.o
 .bss.keyboard_idle
                0x20000d1c        0x1 /var/folders/x9/cy1bx1f960zd_7xhdrxmk_zm0000gn/T//ccRZK23p.ltrans0.ltrans.o
 *fill*         0x20000d1d        0x3 
 .bss.keyboard_idle_timer
                0x20000d20       0x18 /var/folders/x9/cy1bx1f960zd_7xhdrxmk_zm0000gn/T//ccRZK23p.ltrans0.ltrans.o
 .bss.keyboard_led_state
                0x20000d38        0x1 /var/folders/x9/cy1bx1f960zd_7xhdrxmk_zm0000gn/T//ccRZK23p.ltrans0.ltrans.o
 .bss.keyboard_report_sent
                0x20000d39       0x20 /var/folders/x9/cy1bx1f960zd_7xhdrxmk_zm0000gn/T//ccRZK23p.ltrans0.ltrans.o
 *fill*         0x20000d59        0x1 
 .bss.keymap_config
                0x20000d5a        0x2 /var/folders/x9/cy1bx1f960zd_7xhdrxmk_zm0000gn/T//ccRZK23p.ltrans0.ltrans.o
 .bss.last_consumer_report
                0x20000d5c        0x2 /var/folders/x9/cy1bx1f960zd_7xhdrxmk_zm0000gn/T//ccRZK23p.ltrans0.ltrans.o
 .bss.last_led_status.9504
                0x20000d5e        0x1 /var/folders/x9/cy1bx1f960zd_7xhdrxmk_zm0000gn/T//ccRZK23p.ltrans0.ltrans.o
 .bss.last_report.10049
                0x20000d5f       0x20 /var/folders/x9/cy1bx1f960zd_7xhdrxmk_zm0000gn/T//ccRZK23p.ltrans0.ltrans.o
 .bss.last_suspend_state
                0x20000d7f        0x1 /var/folders/x9/cy1bx1f960zd_7xhdrxmk_zm0000gn/T//ccRZK23p.ltrans0.ltrans.o
 .bss.last_system_report
                0x20000d80        0x2 /var/folders/x9/cy1bx1f960zd_7xhdrxmk_zm0000gn/T//ccRZK23p.ltrans0.ltrans.o
 .bss.last_tap_time
                0x20000d82        0x2 /var/folders/x9/cy1bx1f960zd_7xhdrxmk_zm0000gn/T//ccRZK23p.ltrans0.ltrans.o
 .bss.last_tick.11671
                0x20000d84        0x2 /var/folders/x9/cy1bx1f960zd_7xhdrxmk_zm0000gn/T//ccRZK23p.ltrans0.ltrans.o
 *fill*         0x20000d86        0x2 
 .bss.last_ticks
                0x20000d88        0x4 /var/folders/x9/cy1bx1f960zd_7xhdrxmk_zm0000gn/T//ccRZK23p.ltrans0.ltrans.o
 .bss.layer_state
                0x20000d8c        0x1 /var/folders/x9/cy1bx1f960zd_7xhdrxmk_zm0000gn/T//ccRZK23p.ltrans0.ltrans.o
 *fill*         0x20000d8d        0x1 
 .bss.longest_term
                0x20000d8e        0x2 /var/folders/x9/cy1bx1f960zd_7xhdrxmk_zm0000gn/T//ccRZK23p.ltrans0.ltrans.o
 .bss.macro_buffer.11563
                0x20000d90      0x500 /var/folders/x9/cy1bx1f960zd_7xhdrxmk_zm0000gn/T//ccRZK23p.ltrans0.ltrans.o
 .bss.macro_id.11568
                0x20001290        0x1 /var/folders/x9/cy1bx1f960zd_7xhdrxmk_zm0000gn/T//ccRZK23p.ltrans0.ltrans.o
 *fill*         0x20001291        0x3 
 .bss.macro_pointer.11567
                0x20001294        0x4 /var/folders/x9/cy1bx1f960zd_7xhdrxmk_zm0000gn/T//ccRZK23p.ltrans0.ltrans.o
 .bss.matrix    0x20001298       0x14 /var/folders/x9/cy1bx1f960zd_7xhdrxmk_zm0000gn/T//ccRZK23p.ltrans0.ltrans.o
 .bss.matrix_previous.11678
                0x200012ac       0x14 /var/folders/x9/cy1bx1f960zd_7xhdrxmk_zm0000gn/T//ccRZK23p.ltrans0.ltrans.o
 .bss.ms_offset
                0x200012c0        0x4 /var/folders/x9/cy1bx1f960zd_7xhdrxmk_zm0000gn/T//ccRZK23p.ltrans0.ltrans.o
 .bss.oneshot_layer_data
                0x200012c4        0x1 /var/folders/x9/cy1bx1f960zd_7xhdrxmk_zm0000gn/T//ccRZK23p.ltrans0.ltrans.o
 *fill*         0x200012c5        0x1 
 .bss.oneshot_layer_time
                0x200012c6        0x2 /var/folders/x9/cy1bx1f960zd_7xhdrxmk_zm0000gn/T//ccRZK23p.ltrans0.ltrans.o
 .bss.oneshot_locked_mods
                0x200012c8        0x1 /var/folders/x9/cy1bx1f960zd_7xhdrxmk_zm0000gn/T//ccRZK23p.ltrans0.ltrans.o
 .bss.oneshot_mods
                0x200012c9        0x1 /var/folders/x9/cy1bx1f960zd_7xhdrxmk_zm0000gn/T//ccRZK23p.ltrans0.ltrans.o
 .bss.oneshot_time
                0x200012ca        0x2 /var/folders/x9/cy1bx1f960zd_7xhdrxmk_zm0000gn/T//ccRZK23p.ltrans0.ltrans.o
 .bss.raw_matrix
                0x200012cc       0x14 /var/folders/x9/cy1bx1f960zd_7xhdrxmk_zm0000gn/T//ccRZK23p.ltrans0.ltrans.o
 .bss.real_mods
                0x200012e0        0x1 /var/folders/x9/cy1bx1f960zd_7xhdrxmk_zm0000gn/T//ccRZK23p.ltrans0.ltrans.o
 .bss.report.9992
                0x200012e1        0x3 /var/folders/x9/cy1bx1f960zd_7xhdrxmk_zm0000gn/T//ccRZK23p.ltrans0.ltrans.o
 .bss.retro_tapping_counter
                0x200012e4        0x4 /var/folders/x9/cy1bx1f960zd_7xhdrxmk_zm0000gn/T//ccRZK23p.ltrans0.ltrans.o
 .bss.sc_last   0x200012e8        0x1 /var/folders/x9/cy1bx1f960zd_7xhdrxmk_zm0000gn/T//ccRZK23p.ltrans0.ltrans.o
 *fill*         0x200012e9        0x1 
 .bss.sc_timer  0x200012ea        0x2 /var/folders/x9/cy1bx1f960zd_7xhdrxmk_zm0000gn/T//ccRZK23p.ltrans0.ltrans.o
 .bss.set_report_buf
                0x200012ec        0x2 /var/folders/x9/cy1bx1f960zd_7xhdrxmk_zm0000gn/T//ccRZK23p.ltrans0.ltrans.o
 *fill*         0x200012ee        0x2 
 .bss.shared_ep_state
                0x200012f0       0x20 /var/folders/x9/cy1bx1f960zd_7xhdrxmk_zm0000gn/T//ccRZK23p.ltrans0.ltrans.o
 .bss.source_layers_cache
                0x20001310       0x27 /var/folders/x9/cy1bx1f960zd_7xhdrxmk_zm0000gn/T//ccRZK23p.ltrans0.ltrans.o
 *fill*         0x20001337        0x1 
 .bss.tap_dance_actions
                0x20001338        0x0 /var/folders/x9/cy1bx1f960zd_7xhdrxmk_zm0000gn/T//ccRZK23p.ltrans0.ltrans.o
 .bss.tapping_key
                0x20001338        0xa /var/folders/x9/cy1bx1f960zd_7xhdrxmk_zm0000gn/T//ccRZK23p.ltrans0.ltrans.o
 *fill*         0x20001342        0x2 
 .bss.ticks_offset
                0x20001344        0x4 /var/folders/x9/cy1bx1f960zd_7xhdrxmk_zm0000gn/T//ccRZK23p.ltrans0.ltrans.o
 .bss.timed_out.10009
                0x20001348        0x1 /var/folders/x9/cy1bx1f960zd_7xhdrxmk_zm0000gn/T//ccRZK23p.ltrans0.ltrans.o
 *fill*         0x20001349        0x1 
 .bss.timer     0x2000134a        0x2 /var/folders/x9/cy1bx1f960zd_7xhdrxmk_zm0000gn/T//ccRZK23p.ltrans0.ltrans.o
 .bss.vial_unlock_counter
                0x2000134c        0x4 /var/folders/x9/cy1bx1f960zd_7xhdrxmk_zm0000gn/T//ccRZK23p.ltrans0.ltrans.o
 .bss.vial_unlock_in_progress
                0x20001350        0x4 /var/folders/x9/cy1bx1f960zd_7xhdrxmk_zm0000gn/T//ccRZK23p.ltrans0.ltrans.o
 .bss.waiting_buffer
                0x20001354       0x50 /var/folders/x9/cy1bx1f960zd_7xhdrxmk_zm0000gn/T//ccRZK23p.ltrans0.ltrans.o
 .bss.waiting_buffer_head
                0x200013a4        0x1 /var/folders/x9/cy1bx1f960zd_7xhdrxmk_zm0000gn/T//ccRZK23p.ltrans0.ltrans.o
 .bss.waiting_buffer_tail
                0x200013a5        0x1 /var/folders/x9/cy1bx1f960zd_7xhdrxmk_zm0000gn/T//ccRZK23p.ltrans0.ltrans.o
 .bss.weak_mods
                0x200013a6        0x1 /var/folders/x9/cy1bx1f960zd_7xhdrxmk_zm0000gn/T//ccRZK23p.ltrans0.ltrans.o
 *fill*         0x200013a7        0x1 
 .bss.wear_leveling
                0x200013a8     0x1008 /var/folders/x9/cy1bx1f960zd_7xhdrxmk_zm0000gn/T//ccRZK23p.ltrans0.ltrans.o
 *(COMMON)
                0x200023b0                        . = ALIGN (0x4)
                0x200023b0                        __bss_end__ = .
                [!provide]                        PROVIDE (end = .)
                0x20000000                        __ram0_base__ = ORIGIN (ram0)
                0x00040000                        __ram0_size__ = LENGTH (ram0)
                0x20040000                        __ram0_end__ = (__ram0_base__ + __ram0_size__)
                0x00000000                        __ram1_base__ = ORIGIN (ram1)
                0x00040000                        __ram1_size__ = LENGTH (ram1)
                0x00040000                        __ram1_end__ = (__ram1_base__ + __ram1_size__)
                0x00000000                        __ram2_base__ = ORIGIN (ram2)
                0x00000000                        __ram2_size__ = LENGTH (ram2)
                0x00000000                        __ram2_end__ = (__ram2_base__ + __ram2_size__)
                0x00000000                        __ram3_base__ = ORIGIN (ram3)
                0x00000000                        __ram3_size__ = LENGTH (ram3)
                0x00000000                        __ram3_end__ = (__ram3_base__ + __ram3_size__)
                0x20040000                        __ram4_base__ = ORIGIN (ram4)
                0x00001000                        __ram4_size__ = LENGTH (ram4)
                0x20041000                        __ram4_end__ = (__ram4_base__ + __ram4_size__)
                0x20041000                        __ram5_base__ = ORIGIN (ram5)
                0x00001000                        __ram5_size__ = LENGTH (ram5)
                0x20042000                        __ram5_end__ = (__ram5_base__ + __ram5_size__)
                0x00000000                        __ram6_base__ = ORIGIN (ram6)
                0x00000000                        __ram6_size__ = LENGTH (ram6)
                0x00000000                        __ram6_end__ = (__ram6_base__ + __ram6_size__)
                0x20041f00                        __ram7_base__ = ORIGIN (ram7)
                0x00000100                        __ram7_size__ = LENGTH (ram7)
                0x20042000                        __ram7_end__ = (__ram7_base__ + __ram7_size__)
                0x00000000                        __flash0_base__ = ORIGIN (flash0)
                0x00004000                        __flash0_size__ = LENGTH (flash0)
                0x00004000                        __flash0_end__ = (__flash0_base__ + __flash0_size__)
                0x10000000                        __flash1_base__ = ORIGIN (flash1)
                0x00200000                        __flash1_size__ = LENGTH (flash1)
                0x10200000                        __flash1_end__ = (__flash1_base__ + __flash1_size__)
                0x00000000                        __flash2_base__ = ORIGIN (flash2)
                0x00000000                        __flash2_size__ = LENGTH (flash2)
                0x00000000                        __flash2_end__ = (__flash2_base__ + __flash2_size__)
                0x00000000                        __flash3_base__ = ORIGIN (flash3)
                0x00000000                        __flash3_size__ = LENGTH (flash3)
                0x00000000                        __flash3_end__ = (__flash3_base__ + __flash3_size__)
                0x00000000                        __flash4_base__ = ORIGIN (flash4)
                0x00000000                        __flash4_size__ = LENGTH (flash4)
                0x00000000                        __flash4_end__ = (__flash4_base__ + __flash4_size__)
                0x00000000                        __flash5_base__ = ORIGIN (flash5)
                0x00000000                        __flash5_size__ = LENGTH (flash5)
                0x00000000                        __flash5_end__ = (__flash5_base__ + __flash5_size__)
                0x00000000                        __flash6_base__ = ORIGIN (flash6)
                0x00000000                        __flash6_size__ = LENGTH (flash6)
                0x00000000                        __flash6_end__ = (__flash6_base__ + __flash6_size__)
                0x00000000                        __flash7_base__ = ORIGIN (flash7)
                0x00000000                        __flash7_size__ = LENGTH (flash7)
                0x00000000                        __flash7_end__ = (__flash7_base__ + __flash7_size__)

.ram0_init      0x200023b0        0x0 load address 0x1000912c
                0x1000912c                        __ram0_init_text__ = LOADADDR (.ram0_init)
                0x200023b0                        __ram0_init__ = .
 *(.ram0_init)
 *(.ram0_init.*)
                0x200023b0                        . = ALIGN (0x4)

.ram0           0x200023b0        0x4 load address 0x1000912c
                0x200023b0                        __ram0_clear__ = .
 *(.ram0_clear)
 *(.ram0_clear.*)
                0x200023b0                        . = ALIGN (0x4)
                0x200023b0                        __ram0_noinit__ = .
 *(.ram0)
 *(.ram0.*)
 .ram0.bootloader_magic
                0x200023b0        0x4 /var/folders/x9/cy1bx1f960zd_7xhdrxmk_zm0000gn/T//ccRZK23p.ltrans0.ltrans.o
                0x200023b4                        . = ALIGN (0x4)
                0x200023b4                        __ram0_free__ = .

.ram1_init      0x00000000        0x0 load address 0x1000912c
                0x1000912c                        __ram1_init_text__ = LOADADDR (.ram1_init)
                0x00000000                        __ram1_init__ = .
 *(.ram1_init)
 *(.ram1_init.*)
                0x00000000                        . = ALIGN (0x4)

.ram1           0x00000000        0x0 load address 0x1000912c
                0x00000000                        __ram1_clear__ = .
 *(.ram1_clear)
 *(.ram1_clear.*)
                0x00000000                        . = ALIGN (0x4)
                0x00000000                        __ram1_noinit__ = .
 *(.ram1)
 *(.ram1.*)
                0x00000000                        . = ALIGN (0x4)
                0x00000000                        __ram1_free__ = .

.ram2_init      0x00000000        0x0 load address 0x1000912c
                0x1000912c                        __ram2_init_text__ = LOADADDR (.ram2_init)
                0x00000000                        __ram2_init__ = .
 *(.ram2_init)
 *(.ram2_init.*)
                0x00000000                        . = ALIGN (0x4)

.ram2           0x00000000        0x0 load address 0x1000912c
                0x00000000                        __ram2_clear__ = .
 *(.ram2_clear)
 *(.ram2_clear.*)
                0x00000000                        . = ALIGN (0x4)
                0x00000000                        __ram2_noinit__ = .
 *(.ram2)
 *(.ram2.*)
                0x00000000                        . = ALIGN (0x4)
                0x00000000                        __ram2_free__ = .

.ram3_init      0x00000000        0x0 load address 0x1000912c
                0x1000912c                        __ram3_init_text__ = LOADADDR (.ram3_init)
                0x00000000                        __ram3_init__ = .
 *(.ram3_init)
 *(.ram3_init.*)
                0x00000000                        . = ALIGN (0x4)

.ram3           0x00000000        0x0 load address 0x1000912c
                0x00000000                        __ram3_clear__ = .
 *(.ram3_clear)
 *(.ram3_clear.*)
                0x00000000                        . = ALIGN (0x4)
                0x00000000                        __ram3_noinit__ = .
 *(.ram3)
 *(.ram3.*)
                0x00000000                        . = ALIGN (0x4)
                0x00000000                        __ram3_free__ = .

.ram4_init      0x20040c00        0x0 load address 0x1000912c
                0x1000912c                        __ram4_init_text__ = LOADADDR (.ram4_init)
                0x20040c00                        __ram4_init__ = .
 *(.ram4_init)
 *(.ram4_init.*)
                0x20040c00                        . = ALIGN (0x4)

.ram4           0x20040c00      0x120 load address 0x1000912c
                0x20040c00                        __ram4_clear__ = .
 *(.ram4_clear)
 *(.ram4_clear.*)
 .ram4_clear.core0
                0x20040c00      0x120 /var/folders/x9/cy1bx1f960zd_7xhdrxmk_zm0000gn/T//ccRZK23p.ltrans0.ltrans.o
                0x20040d20                        . = ALIGN (0x4)
                0x20040d20                        __ram4_noinit__ = .
 *(.ram4)
 *(.ram4.*)
                0x20040d20                        . = ALIGN (0x4)
                0x20040d20                        __ram4_free__ = .

.ram5_init      0x20041c00        0x0 load address 0x1000912c
                0x1000912c                        __ram5_init_text__ = LOADADDR (.ram5_init)
                0x20041c00                        __ram5_init__ = .
 *(.ram5_init)
 *(.ram5_init.*)
                0x20041c00                        . = ALIGN (0x4)

.ram5           0x20041c00        0x0 load address 0x1000912c
                0x20041c00                        __ram5_clear__ = .
 *(.ram5_clear)
 *(.ram5_clear.*)
                0x20041c00                        . = ALIGN (0x4)
                0x20041c00                        __ram5_noinit__ = .
 *(.ram5)
 *(.ram5.*)
                0x20041c00                        . = ALIGN (0x4)
                0x20041c00                        __ram5_free__ = .

.ram6_init      0x00000000        0x0 load address 0x1000912c
                0x1000912c                        __ram6_init_text__ = LOADADDR (.ram6_init)
                0x00000000                        __ram6_init__ = .
 *(.ram6_init)
 *(.ram6_init.*)
                0x00000000                        . = ALIGN (0x4)

.ram6           0x00000000        0x0 load address 0x1000912c
                0x00000000                        __ram6_clear__ = .
 *(.ram6_clear)
 *(.ram6_clear.*)
                0x00000000                        . = ALIGN (0x4)
                0x00000000                        __ram6_noinit__ = .
 *(.ram6)
 *(.ram6.*)
                0x00000000                        . = ALIGN (0x4)
                0x00000000                        __ram6_free__ = .

.ram7_init      0x20041f00        0x0 load address 0x1000912c
                0x1000912c                        __ram7_init_text__ = LOADADDR (.ram7_init)
                0x20041f00                        __ram7_init__ = .
 *(.ram7_init)
 *(.ram7_init.*)
                0x20041f00                        . = ALIGN (0x4)

.ram7           0x20041f00        0x0 load address 0x1000912c
                0x20041f00                        __ram7_clear__ = .
 *(.ram7_clear)
 *(.ram7_clear.*)
                0x20041f00                        . = ALIGN (0x4)
                0x20041f00                        __ram7_noinit__ = .
 *(.ram7)
 *(.ram7.*)
                0x20041f00                        . = ALIGN (0x4)
                0x20041f00                        __ram7_free__ = .

.flash0         0x00000000        0x0
                0x00000000                        __flash0_init__ = .
 *(.flash0_init)
 *(.flash0_init.*)
                0x00000000                        __flash0_free__ = .

.flash1         0x1000912c        0x0
                0x1000912c                        __flash1_init__ = .
 *(.flash1_init)
 *(.flash1_init.*)
                0x1000912c                        __flash1_free__ = .

.flash2         0x00000000        0x0
                0x00000000                        __flash2_init__ = .
 *(.flash2_init)
 *(.flash2_init.*)
                0x00000000                        __flash2_free__ = .

.flash3         0x00000000        0x0
                0x00000000                        __flash3_init__ = .
 *(.flash3_init)
 *(.flash3_init.*)
                0x00000000                        __flash3_free__ = .

.flash4         0x00000000        0x0
                0x00000000                        __flash4_init__ = .
 *(.flash4_init)
 *(.flash4_init.*)
                0x00000000                        __flash4_free__ = .

.flash5         0x00000000        0x0
                0x00000000                        __flash5_init__ = .
 *(.flash5_init)
 *(.flash5_init.*)
                0x00000000                        __flash5_free__ = .

.flash6         0x00000000        0x0
                0x00000000                        __flash6_init__ = .
 *(.flash6_init)
 *(.flash6_init.*)
                0x00000000                        __flash6_free__ = .

.flash7         0x00000000        0x0
                0x00000000                        __flash7_init__ = .
 *(.flash7_init)
 *(.flash7_init.*)
                0x00000000                        __flash7_free__ = .

.heap           0x200023b4    0x3dc4c
                0x200023b8                        . = ALIGN (0x8)
 *fill*         0x200023b4        0x4 
                0x200023b8                        __heap_base__ = .
                0x20040000                        . = (ORIGIN (HEAP_RAM) + LENGTH (HEAP_RAM))
 *fill*         0x200023b8    0x3dc48 
                0x20040000                        __heap_end__ = .

.flash_end      0x1000912c        0x0
                0x1000912c                        __flash_binary_end = .
OUTPUT(.build/alectardy98_zenithal_rp2040_vial_rev3pico.elf elf32-littlearm)
LOAD linker stubs

.debug_info     0x00000000    0xead86
 .debug_info    0x00000000    0xd78b8 /var/folders/x9/cy1bx1f960zd_7xhdrxmk_zm0000gn/T//ccp8PmZLdebugobj
                0x00000000                zenithal.c.73449a7d
                0x00002308                default_keyboard.c.1f405572
                0x00004610                keymap_introspection.c.412b9021
                0x00008038                quantum.c.aebbbcd3
                0x0000bba8                bitwise.c.58a62397
                0x0000bd98                led.c.cacb74ef
                0x0000e23c                action.c.52ef8467
                0x0001155f                action_layer.c.18eb1572
                0x00013d11                action_tapping.c.a881ae7b