Archive member included to satisfy reference by file (symbol)

/usr/local/Cellar/arm-gcc-bin@8/8-2019-q3-update_3/bin/../lib/gcc/arm-none-eabi/8.3.1/../../../../arm-none-eabi/lib/thumb/v6-m/nofp/libg_nano.a(lib_a-ctype_.o)
                              .build/obj_alectardy98_alpinenoon_rp2040_vial/quantum/send_string/send_string.o (symbol from plugin) (_ctype_)
/usr/local/Cellar/arm-gcc-bin@8/8-2019-q3-update_3/bin/../lib/gcc/arm-none-eabi/8.3.1/../../../../arm-none-eabi/lib/thumb/v6-m/nofp/libg_nano.a(lib_a-errno.o)
                              .build/obj_alectardy98_alpinenoon_rp2040/platforms/chibios/syscall-fallbacks.o (symbol from plugin) (__errno)
/usr/local/Cellar/arm-gcc-bin@8/8-2019-q3-update_3/bin/../lib/gcc/arm-none-eabi/8.3.1/../../../../arm-none-eabi/lib/thumb/v6-m/nofp/libg_nano.a(lib_a-impure.o)
                              /usr/local/Cellar/arm-gcc-bin@8/8-2019-q3-update_3/bin/../lib/gcc/arm-none-eabi/8.3.1/../../../../arm-none-eabi/lib/thumb/v6-m/nofp/libg_nano.a(lib_a-errno.o) (_impure_ptr)
/usr/local/Cellar/arm-gcc-bin@8/8-2019-q3-update_3/bin/../lib/gcc/arm-none-eabi/8.3.1/../../../../arm-none-eabi/lib/thumb/v6-m/nofp/libg_nano.a(lib_a-rand.o)
                              .build/obj_alectardy98_alpinenoon_rp2040_vial/quantum/send_string/send_string.o (symbol from plugin) (rand)
/usr/local/Cellar/arm-gcc-bin@8/8-2019-q3-update_3/bin/../lib/gcc/arm-none-eabi/8.3.1/../../../../arm-none-eabi/lib/thumb/v6-m/nofp/libg_nano.a(lib_a-malloc.o)
                              /usr/local/Cellar/arm-gcc-bin@8/8-2019-q3-update_3/bin/../lib/gcc/arm-none-eabi/8.3.1/../../../../arm-none-eabi/lib/thumb/v6-m/nofp/libg_nano.a(lib_a-rand.o) (malloc)
/usr/local/Cellar/arm-gcc-bin@8/8-2019-q3-update_3/bin/../lib/gcc/arm-none-eabi/8.3.1/../../../../arm-none-eabi/lib/thumb/v6-m/nofp/libg_nano.a(lib_a-nano-freer.o)
                              /usr/local/Cellar/arm-gcc-bin@8/8-2019-q3-update_3/bin/../lib/gcc/arm-none-eabi/8.3.1/../../../../arm-none-eabi/lib/thumb/v6-m/nofp/libg_nano.a(lib_a-malloc.o) (_free_r)
/usr/local/Cellar/arm-gcc-bin@8/8-2019-q3-update_3/bin/../lib/gcc/arm-none-eabi/8.3.1/../../../../arm-none-eabi/lib/thumb/v6-m/nofp/libg_nano.a(lib_a-nano-mallocr.o)
                              /usr/local/Cellar/arm-gcc-bin@8/8-2019-q3-update_3/bin/../lib/gcc/arm-none-eabi/8.3.1/../../../../arm-none-eabi/lib/thumb/v6-m/nofp/libg_nano.a(lib_a-malloc.o) (_malloc_r)
/usr/local/Cellar/arm-gcc-bin@8/8-2019-q3-update_3/bin/../lib/gcc/arm-none-eabi/8.3.1/../../../../arm-none-eabi/lib/thumb/v6-m/nofp/libg_nano.a(lib_a-mlock.o)
                              /usr/local/Cellar/arm-gcc-bin@8/8-2019-q3-update_3/bin/../lib/gcc/arm-none-eabi/8.3.1/../../../../arm-none-eabi/lib/thumb/v6-m/nofp/libg_nano.a(lib_a-nano-freer.o) (__malloc_lock)
/usr/local/Cellar/arm-gcc-bin@8/8-2019-q3-update_3/bin/../lib/gcc/arm-none-eabi/8.3.1/../../../../arm-none-eabi/lib/thumb/v6-m/nofp/libg_nano.a(lib_a-lock.o)
                              /usr/local/Cellar/arm-gcc-bin@8/8-2019-q3-update_3/bin/../lib/gcc/arm-none-eabi/8.3.1/../../../../arm-none-eabi/lib/thumb/v6-m/nofp/libg_nano.a(lib_a-mlock.o) (__retarget_lock_acquire_recursive)
/usr/local/Cellar/arm-gcc-bin@8/8-2019-q3-update_3/bin/../lib/gcc/arm-none-eabi/8.3.1/thumb/v6-m/nofp/libgcc.a(_muldi3.o)
                              /usr/local/Cellar/arm-gcc-bin@8/8-2019-q3-update_3/bin/../lib/gcc/arm-none-eabi/8.3.1/../../../../arm-none-eabi/lib/thumb/v6-m/nofp/libg_nano.a(lib_a-rand.o) (__aeabi_lmul)
/usr/local/Cellar/arm-gcc-bin@8/8-2019-q3-update_3/bin/../lib/gcc/arm-none-eabi/8.3.1/thumb/v6-m/nofp/libgcc.a(_thumb1_case_sqi.o)
                              /var/folders/qh/rc5ty9qd7sb027gybgx226xr0000gn/T//ccLqUCfz.ltrans0.ltrans.o (__gnu_thumb1_case_sqi)
/usr/local/Cellar/arm-gcc-bin@8/8-2019-q3-update_3/bin/../lib/gcc/arm-none-eabi/8.3.1/thumb/v6-m/nofp/libgcc.a(_thumb1_case_uqi.o)
                              /var/folders/qh/rc5ty9qd7sb027gybgx226xr0000gn/T//ccLqUCfz.ltrans0.ltrans.o (__gnu_thumb1_case_uqi)
/usr/local/Cellar/arm-gcc-bin@8/8-2019-q3-update_3/bin/../lib/gcc/arm-none-eabi/8.3.1/thumb/v6-m/nofp/libgcc.a(_thumb1_case_shi.o)
                              /var/folders/qh/rc5ty9qd7sb027gybgx226xr0000gn/T//ccLqUCfz.ltrans0.ltrans.o (__gnu_thumb1_case_shi)
/usr/local/Cellar/arm-gcc-bin@8/8-2019-q3-update_3/bin/../lib/gcc/arm-none-eabi/8.3.1/thumb/v6-m/nofp/libgcc.a(_thumb1_case_uhi.o)
                              /var/folders/qh/rc5ty9qd7sb027gybgx226xr0000gn/T//ccLqUCfz.ltrans0.ltrans.o (__gnu_thumb1_case_uhi)
/usr/local/Cellar/arm-gcc-bin@8/8-2019-q3-update_3/bin/../lib/gcc/arm-none-eabi/8.3.1/thumb/v6-m/nofp/libgcc.a(_udivsi3.o)
                              /var/folders/qh/rc5ty9qd7sb027gybgx226xr0000gn/T//ccLqUCfz.ltrans0.ltrans.o (__aeabi_uidiv)
/usr/local/Cellar/arm-gcc-bin@8/8-2019-q3-update_3/bin/../lib/gcc/arm-none-eabi/8.3.1/thumb/v6-m/nofp/libgcc.a(_divsi3.o)
[...]
Memory Configuration

Name             Origin             Length             Attributes
flash0           0x0000000000000000 0x0000000000004000 xr
flash1           0x0000000010000000 0x0000000000200000 xr
flash2           0x0000000000000000 0x0000000000000000 xr
flash3           0x0000000000000000 0x0000000000000000 xr
flash4           0x0000000000000000 0x0000000000000000 xr
flash5           0x0000000000000000 0x0000000000000000 xr
flash6           0x0000000000000000 0x0000000000000000 xr
flash7           0x0000000000000000 0x0000000000000000 xr
ram0             0x0000000020000000 0x0000000000040000 xw
ram1             0x0000000000000000 0x0000000000040000 xw
ram2             0x0000000000000000 0x0000000000000000 xw
ram3             0x0000000000000000 0x0000000000000000 xw
ram4             0x0000000020040000 0x0000000000001000 xw
ram5             0x0000000020041000 0x0000000000001000 xw
ram6             0x0000000000000000 0x0000000000000000 xw
ram7             0x0000000020041f00 0x0000000000000100 xw
*default*        0x0000000000000000 0xffffffffffffffff

Linker script and memory map

LOAD /var/folders/qh/rc5ty9qd7sb027gybgx226xr0000gn/T//cczyfemvdebugobj
LOAD /var/folders/qh/rc5ty9qd7sb027gybgx226xr0000gn/T//ccLqUCfz.ltrans0.ltrans.o
LOAD .build/obj_alectardy98_alpinenoon_rp2040_vial/./lib/chibios/os/common/startup/ARMCMx/compilers/GCC/crt0_v6m.o
LOAD .build/obj_alectardy98_alpinenoon_rp2040_vial/./lib/chibios/os/common/startup/ARMCMx/compilers/GCC/vectors.o
LOAD .build/obj_alectardy98_alpinenoon_rp2040_vial/./lib/chibios/os/common/ports/ARMv6-M-RP2/compilers/GCC/chcoreasm.o
                0x0000000000000800                __process_stack_size__ = 0x800
                0x0000000000000400                __main_stack_size__ = 0x400
LOAD /usr/local/Cellar/arm-gcc-bin@8/8-2019-q3-update_3/bin/../lib/gcc/arm-none-eabi/8.3.1/../../../../arm-none-eabi/lib/thumb/v6-m/nofp/libm.a
START GROUP
LOAD /usr/local/Cellar/arm-gcc-bin@8/8-2019-q3-update_3/bin/../lib/gcc/arm-none-eabi/8.3.1/thumb/v6-m/nofp/libgcc.a
LOAD /usr/local/Cellar/arm-gcc-bin@8/8-2019-q3-update_3/bin/../lib/gcc/arm-none-eabi/8.3.1/../../../../arm-none-eabi/lib/thumb/v6-m/nofp/libg_nano.a
LOAD /usr/local/Cellar/arm-gcc-bin@8/8-2019-q3-update_3/bin/../lib/gcc/arm-none-eabi/8.3.1/../../../../arm-none-eabi/lib/thumb/v6-m/nofp/libc_nano.a
END GROUP
START GROUP
LOAD /usr/local/Cellar/arm-gcc-bin@8/8-2019-q3-update_3/bin/../lib/gcc/arm-none-eabi/8.3.1/thumb/v6-m/nofp/libgcc.a
LOAD /usr/local/Cellar/arm-gcc-bin@8/8-2019-q3-update_3/bin/../lib/gcc/arm-none-eabi/8.3.1/../../../../arm-none-eabi/lib/thumb/v6-m/nofp/libc_nano.a
END GROUP

.flash_begin    0x0000000010000000        0x0
                0x0000000010000000                __flash_binary_start = .

.boot2          0x0000000010000000      0x100
                0x0000000010000000                __boot2_start__ = .
 *(.boot2)
 .boot2         0x0000000010000000      0x100 /var/folders/qh/rc5ty9qd7sb027gybgx226xr0000gn/T//ccLqUCfz.ltrans0.ltrans.o
                0x0000000010000000                BOOT2_ROM
                0x0000000010000100                __boot2_end__ = .

.mstack         0x0000000020040000      0x400
                0x0000000020040000                . = ALIGN (0x8)
                0x0000000020040000                __main_stack_base__ = .
                0x0000000020040400                . = (. + __main_stack_size__)
 *fill*         0x0000000020040000      0x400 
                0x0000000020040400                . = ALIGN (0x8)
                0x0000000020040400                __main_stack_end__ = .

.pstack         0x0000000020040400      0x800
                0x0000000020040400                . = ALIGN (0x8)
                0x0000000020040400                __process_stack_base__ = .
                0x0000000020040400                __main_thread_stack_base__ = .
                0x0000000020040c00                . = (. + __process_stack_size__)
 *fill*         0x0000000020040400      0x800 
                0x0000000020040c00                . = ALIGN (0x8)
                0x0000000020040c00                __process_stack_end__ = .
                0x0000000020040c00                __main_thread_stack_end__ = .
                0x0000000000000400                __c1_main_stack_size__ = __main_stack_size__
                0x0000000000000800                __c1_process_stack_size__ = __process_stack_size__

.c1_mstack      0x0000000020041000      0x400
                0x0000000020041000                . = ALIGN (0x8)
                0x0000000020041000                __c1_main_stack_base__ = .
                0x0000000020041400                . = (. + __c1_main_stack_size__)
 *fill*         0x0000000020041000      0x400 
                0x0000000020041400                . = ALIGN (0x8)
                0x0000000020041400                __c1_main_stack_end__ = .

.c1_pstack      0x0000000020041400      0x800
                0x0000000020041400                . = ALIGN (0x8)
                0x0000000020041400                __c1_process_stack_base__ = .
                0x0000000020041400                __c1_main_thread_stack_base__ = .
                0x0000000020041c00                . = (. + __c1_process_stack_size__)
 *fill*         0x0000000020041400      0x800 
                0x0000000020041c00                . = ALIGN (0x8)
                0x0000000020041c00                __c1_process_stack_end__ = .
                0x0000000020041c00                __c1_main_thread_stack_end__ = .

.vectors        0x0000000010000100       0xc0
 *(.vectors)
 .vectors       0x0000000010000100       0xc0 .build/obj_alectardy98_alpinenoon_rp2040_vial/./lib/chibios/os/common/startup/ARMCMx/compilers/GCC/vectors.o
                0x0000000010000100                _vectors

.xtors          0x00000000100001c0        0x0
                0x00000000100001c0                __init_array_base__ = .
 *(SORT_BY_NAME(.init_array.*))
 *(.init_array)
                0x00000000100001c0                __init_array_end__ = .
                0x00000000100001c0                __fini_array_base__ = .
 *(.fini_array)
 *(SORT_BY_NAME(.fini_array.*))
                0x00000000100001c0                __fini_array_end__ = .

.text           0x00000000100001c0     0x84b0
                0x00000000100001c0                __text_base__ = .
 *(.text)
 .text          0x00000000100001c0       0xdc .build/obj_alectardy98_alpinenoon_rp2040_vial/./lib/chibios/os/common/startup/ARMCMx/compilers/GCC/crt0_v6m.o
                0x00000000100001c0                _crt0_entry
 .text          0x000000001000029c        0x8 .build/obj_alectardy98_alpinenoon_rp2040_vial/./lib/chibios/os/common/startup/ARMCMx/compilers/GCC/vectors.o
                0x000000001000029c                Reset_Handler
                0x000000001000029e                Vector9C
                0x000000001000029e                VectorAC
                0x000000001000029e                DebugMon_Handler
                0x000000001000029e                Vector5C
                0x000000001000029e                HardFault_Handler
                0x000000001000029e                Vector8C
                0x000000001000029e                PendSV_Handler
                0x000000001000029e                Vector94
                0x000000001000029e                VectorA8
                0x000000001000029e                VectorB4
                0x000000001000029e                Vector74
                0x000000001000029e                UsageFault_Handler
                0x000000001000029e                Vector40
                0x000000001000029e                VectorBC
                0x000000001000029e                Vector64
                0x000000001000029e                Vector98
                0x000000001000029e                Vector24
                0x000000001000029e                Vector84
                0x000000001000029e                SecureFault_Handler
                0x000000001000029e                MemManage_Handler
                0x000000001000029e                Vector6C
                0x000000001000029e                VectorA0
                0x000000001000029e                SVC_Handler
                0x000000001000029e                VectorB0
                0x000000001000029e                Vector90
                0x000000001000029e                Vector60
                0x000000001000029e                Vector48
                0x000000001000029e                Vector70
                0x000000001000029e                Vector4C
                0x000000001000029e                Vector68
                0x000000001000029e                Vector78
                0x000000001000029e                Vector20
                0x000000001000029e                Vector58
                0x000000001000029e                Vector88
                0x000000001000029e                BusFault_Handler
                0x000000001000029e                Vector50
                0x000000001000029e                Vector44
                0x000000001000029e                Vector28
                0x000000001000029e                VectorB8
                0x000000001000029e                Vector34
                0x000000001000029e                VectorA4
                0x00000000100002a2                _unhandled_exception
 .text          0x00000000100002a4       0x48 .build/obj_alectardy98_alpinenoon_rp2040_vial/./lib/chibios/os/common/ports/ARMv6-M-RP2/compilers/GCC/chcoreasm.o
                0x00000000100002a4                __port_switch
                0x00000000100002c4                __port_thread_start
                0x00000000100002d6                __port_switch_from_isr
                0x00000000100002da                __port_exit_from_isr
 .text          0x00000000100002ec       0x54 /usr/local/Cellar/arm-gcc-bin@8/8-2019-q3-update_3/bin/../lib/gcc/arm-none-eabi/8.3.1/thumb/v6-m/nofp/libgcc.a(_muldi3.o)
                0x00000000100002ec                __aeabi_lmul
                0x00000000100002ec                __muldi3
 .text          0x0000000010000340       0x14 /usr/local/Cellar/arm-gcc-bin@8/8-2019-q3-update_3/bin/../lib/gcc/arm-none-eabi/8.3.1/thumb/v6-m/nofp/libgcc.a(_thumb1_case_sqi.o)
                0x0000000010000340                __gnu_thumb1_case_sqi
 .text          0x0000000010000354       0x14 /usr/local/Cellar/arm-gcc-bin@8/8-2019-q3-update_3/bin/../lib/gcc/arm-none-eabi/8.3.1/thumb/v6-m/nofp/libgcc.a(_thumb1_case_uqi.o)
                0x0000000010000354                __gnu_thumb1_case_uqi
 .text          0x0000000010000368       0x14 /usr/local/Cellar/arm-gcc-bin@8/8-2019-q3-update_3/bin/../lib/gcc/arm-none-eabi/8.3.1/thumb/v6-m/nofp/libgcc.a(_thumb1_case_shi.o)
                0x0000000010000368                __gnu_thumb1_case_shi
 .text          0x000000001000037c       0x14 /usr/local/Cellar/arm-gcc-bin@8/8-2019-q3-update_3/bin/../lib/gcc/arm-none-eabi/8.3.1/thumb/v6-m/nofp/libgcc.a(_thumb1_case_uhi.o)
                0x000000001000037c                __gnu_thumb1_case_uhi
 .text          0x0000000010000390      0x114 /usr/local/Cellar/arm-gcc-bin@8/8-2019-q3-update_3/bin/../lib/gcc/arm-none-eabi/8.3.1/thumb/v6-m/nofp/libgcc.a(_udivsi3.o)
                0x0000000010000390                __udivsi3
                0x0000000010000390                __aeabi_uidiv
                0x000000001000049c                __aeabi_uidivmod
 .text          0x00000000100004a4      0x1d4 /usr/local/Cellar/arm-gcc-bin@8/8-2019-q3-update_3/bin/../lib/gcc/arm-none-eabi/8.3.1/thumb/v6-m/nofp/libgcc.a(_divsi3.o)
                0x00000000100004a4                __aeabi_idiv
                0x00000000100004a4                __divsi3
                0x0000000010000670                __aeabi_idivmod
 .text          0x0000000010000678        0x4 /usr/local/Cellar/arm-gcc-bin@8/8-2019-q3-update_3/bin/../lib/gcc/arm-none-eabi/8.3.1/thumb/v6-m/nofp/libgcc.a(_dvmd_tls.o)
                0x0000000010000678                __aeabi_ldiv0
                0x0000000010000678                __aeabi_idiv0
 .text          0x000000001000067c       0x40 /usr/local/Cellar/arm-gcc-bin@8/8-2019-q3-update_3/bin/../lib/gcc/arm-none-eabi/8.3.1/thumb/v6-m/nofp/libgcc.a(_aeabi_uldivmod.o)
                0x000000001000067c                __aeabi_uldivmod
 .text          0x00000000100006bc      0x1a4 /usr/local/Cellar/arm-gcc-bin@8/8-2019-q3-update_3/bin/../lib/gcc/arm-none-eabi/8.3.1/thumb/v6-m/nofp/libgcc.a(_udivmoddi4.o)
                0x00000000100006bc                __udivmoddi4
 .text          0x0000000010000860       0x18 /usr/local/Cellar/arm-gcc-bin@8/8-2019-q3-update_3/bin/../lib/gcc/arm-none-eabi/8.3.1/thumb/v6-m/nofp/libgcc.a(_clzdi2.o)
                0x0000000010000860                __clzdi2
 .text          0x0000000010000878       0x3c /usr/local/Cellar/arm-gcc-bin@8/8-2019-q3-update_3/bin/../lib/gcc/arm-none-eabi/8.3.1/thumb/v6-m/nofp/libgcc.a(_clzsi2.o)
                0x0000000010000878                __clzsi2
 *(.text.*)
 .text.clock_configure.part.0.constprop.17
                0x00000000100008b4       0xc4 /var/folders/qh/rc5ty9qd7sb027gybgx226xr0000gn/T//ccLqUCfz.ltrans0.ltrans.o
 .text.pll_init.constprop.15
                0x0000000010000978       0x94 /var/folders/qh/rc5ty9qd7sb027gybgx226xr0000gn/T//ccLqUCfz.ltrans0.ltrans.o
 .text.clocks_init
                0x0000000010000a0c       0xdc /var/folders/qh/rc5ty9qd7sb027gybgx226xr0000gn/T//ccLqUCfz.ltrans0.ltrans.o
 .text.usb_lld_stall_in
                0x0000000010000ae8       0x40 /var/folders/qh/rc5ty9qd7sb027gybgx226xr0000gn/T//ccLqUCfz.ltrans0.ltrans.o
 .text.usb_lld_stall_out
                0x0000000010000b28       0x40 /var/folders/qh/rc5ty9qd7sb027gybgx226xr0000gn/T//ccLqUCfz.ltrans0.ltrans.o
 .text.usb_prepare_out_ep
                0x0000000010000b68       0x90 /var/folders/qh/rc5ty9qd7sb027gybgx226xr0000gn/T//ccLqUCfz.ltrans0.ltrans.o
 .text.usb_isochronous_buffer_size
                0x0000000010000bf8       0x44 /var/folders/qh/rc5ty9qd7sb027gybgx226xr0000gn/T//ccLqUCfz.ltrans0.ltrans.o
 .text.usb_lld_init_endpoint
                0x0000000010000c3c      0x13c /var/folders/qh/rc5ty9qd7sb027gybgx226xr0000gn/T//ccLqUCfz.ltrans0.ltrans.o
 .text.usb_lld_reset.constprop.44
                0x0000000010000d78       0x54 /var/folders/qh/rc5ty9qd7sb027gybgx226xr0000gn/T//ccLqUCfz.ltrans0.ltrans.o
 .text.hal_lld_peripheral_unreset.lto_priv.97
                0x0000000010000dcc       0x14 /var/folders/qh/rc5ty9qd7sb027gybgx226xr0000gn/T//ccLqUCfz.ltrans0.ltrans.o
 .text.port_unlock.lto_priv.100
                0x0000000010000de0       0x12 /var/folders/qh/rc5ty9qd7sb027gybgx226xr0000gn/T//ccLqUCfz.ltrans0.ltrans.o
 .text.port_lock.lto_priv.114
                0x0000000010000df2       0x16 /var/folders/qh/rc5ty9qd7sb027gybgx226xr0000gn/T//ccLqUCfz.ltrans0.ltrans.o
 .text.usbStartReceiveI
                0x0000000010000e08       0x42 /var/folders/qh/rc5ty9qd7sb027gybgx226xr0000gn/T//ccLqUCfz.ltrans0.ltrans.o
 *fill*         0x0000000010000e4a        0x2 
 .text.set_address
                0x0000000010000e4c       0x30 /var/folders/qh/rc5ty9qd7sb027gybgx226xr0000gn/T//ccLqUCfz.ltrans0.ltrans.o
 .text.obqPostFullBufferS
                0x0000000010000e7c       0x2a /var/folders/qh/rc5ty9qd7sb027gybgx226xr0000gn/T//ccLqUCfz.ltrans0.ltrans.o
 .text.obqGetFullBufferI
                0x0000000010000ea6       0x18 /var/folders/qh/rc5ty9qd7sb027gybgx226xr0000gn/T//ccLqUCfz.ltrans0.ltrans.o
 .text.ibqReleaseEmptyBufferS
                0x0000000010000ebe       0x28 /var/folders/qh/rc5ty9qd7sb027gybgx226xr0000gn/T//ccLqUCfz.ltrans0.ltrans.o
 *fill*         0x0000000010000ee6        0x2 
 .text.__port_irq_epilogue.part.2
                0x0000000010000ee8       0x44 /var/folders/qh/rc5ty9qd7sb027gybgx226xr0000gn/T//ccLqUCfz.ltrans0.ltrans.o
 .text.__idle_thread
                0x0000000010000f2c        0x2 /var/folders/qh/rc5ty9qd7sb027gybgx226xr0000gn/T//ccLqUCfz.ltrans0.ltrans.o
 .text.__sch_ready_behind
                0x0000000010000f2e       0x1c /var/folders/qh/rc5ty9qd7sb027gybgx226xr0000gn/T//ccLqUCfz.ltrans0.ltrans.o
 .text.__sch_wakeup
                0x0000000010000f4a       0x42 /var/folders/qh/rc5ty9qd7sb027gybgx226xr0000gn/T//ccLqUCfz.ltrans0.ltrans.o
 .text.chSchReadyI
                0x0000000010000f8c       0x2c /var/folders/qh/rc5ty9qd7sb027gybgx226xr0000gn/T//ccLqUCfz.ltrans0.ltrans.o
 .text.chThdDequeueAllI.constprop.8
                0x0000000010000fb8       0x1e /var/folders/qh/rc5ty9qd7sb027gybgx226xr0000gn/T//ccLqUCfz.ltrans0.ltrans.o
 .text.chEvtBroadcastFlagsI
                0x0000000010000fd6       0x4a /var/folders/qh/rc5ty9qd7sb027gybgx226xr0000gn/T//ccLqUCfz.ltrans0.ltrans.o
 .text.chThdResumeI
                0x0000000010001020       0x16 /var/folders/qh/rc5ty9qd7sb027gybgx226xr0000gn/T//ccLqUCfz.ltrans0.ltrans.o
 *fill*         0x0000000010001036        0x2 
 .text.chVTDoResetI
                0x0000000010001038       0x30 /var/folders/qh/rc5ty9qd7sb027gybgx226xr0000gn/T//ccLqUCfz.ltrans0.ltrans.o
 .text.ch_dlist_insert
                0x0000000010001068       0x2a /var/folders/qh/rc5ty9qd7sb027gybgx226xr0000gn/T//ccLqUCfz.ltrans0.ltrans.o
 *fill*         0x0000000010001092        0x2 
 .text.chVTSetI.constprop.11
                0x0000000010001094       0x44 /var/folders/qh/rc5ty9qd7sb027gybgx226xr0000gn/T//ccLqUCfz.ltrans0.ltrans.o
 .text.chSysPolledDelayX
                0x00000000100010d8       0x14 /var/folders/qh/rc5ty9qd7sb027gybgx226xr0000gn/T//ccLqUCfz.ltrans0.ltrans.o
 .text.kbd_in_cb
                0x00000000100010ec        0x2 /var/folders/qh/rc5ty9qd7sb027gybgx226xr0000gn/T//ccLqUCfz.ltrans0.ltrans.o
 .text.qmkusbInterruptTransmitted
                0x00000000100010ee        0x2 /var/folders/qh/rc5ty9qd7sb027gybgx226xr0000gn/T//ccLqUCfz.ltrans0.ltrans.o
 .text.qmkusb_start_receive
                0x00000000100010f0       0x46 /var/folders/qh/rc5ty9qd7sb027gybgx226xr0000gn/T//ccLqUCfz.ltrans0.ltrans.o
 .text.qmkusbDataReceived
                0x0000000010001136       0x68 /var/folders/qh/rc5ty9qd7sb027gybgx226xr0000gn/T//ccLqUCfz.ltrans0.ltrans.o
 .text.ibnotify
                0x000000001000119e        0xa /var/folders/qh/rc5ty9qd7sb027gybgx226xr0000gn/T//ccLqUCfz.ltrans0.ltrans.o
 .text.sendchar
                0x00000000100011a8       0x30 /var/folders/qh/rc5ty9qd7sb027gybgx226xr0000gn/T//ccLqUCfz.ltrans0.ltrans.o
 .text.send_programmable_button
                0x00000000100011d8        0x2 /var/folders/qh/rc5ty9qd7sb027gybgx226xr0000gn/T//ccLqUCfz.ltrans0.ltrans.o
 .text.shared_in_cb
                0x00000000100011da        0x2 /var/folders/qh/rc5ty9qd7sb027gybgx226xr0000gn/T//ccLqUCfz.ltrans0.ltrans.o
 .text.send_mouse
                0x00000000100011dc        0x2 /var/folders/qh/rc5ty9qd7sb027gybgx226xr0000gn/T//ccLqUCfz.ltrans0.ltrans.o
 *fill*         0x00000000100011de        0x2 
 .text.keyboard_leds
                0x00000000100011e0        0xc /var/folders/qh/rc5ty9qd7sb027gybgx226xr0000gn/T//ccLqUCfz.ltrans0.ltrans.o
 .text.usb_request_hook_cb
                0x00000000100011ec      0x1ec /var/folders/qh/rc5ty9qd7sb027gybgx226xr0000gn/T//ccLqUCfz.ltrans0.ltrans.o
 .text.set_led_transfer_cb
                0x00000000100013d8       0x2c /var/folders/qh/rc5ty9qd7sb027gybgx226xr0000gn/T//ccLqUCfz.ltrans0.ltrans.o
 .text.usb_event_queue_enqueue
                0x0000000010001404       0x30 /var/folders/qh/rc5ty9qd7sb027gybgx226xr0000gn/T//ccLqUCfz.ltrans0.ltrans.o
 .text.usb_get_descriptor_cb
                0x0000000010001434       0x8c /var/folders/qh/rc5ty9qd7sb027gybgx226xr0000gn/T//ccLqUCfz.ltrans0.ltrans.o
 .text.bootloader_jump
                0x00000000100014c0       0x1c /var/folders/qh/rc5ty9qd7sb027gybgx226xr0000gn/T//ccLqUCfz.ltrans0.ltrans.o
 .text.timer_read32
                0x00000000100014dc       0x84 /var/folders/qh/rc5ty9qd7sb027gybgx226xr0000gn/T//ccLqUCfz.ltrans0.ltrans.o
 .text.host_consumer_send
                0x0000000010001560       0x24 /var/folders/qh/rc5ty9qd7sb027gybgx226xr0000gn/T//ccLqUCfz.ltrans0.ltrans.o
 .text.host_system_send
                0x0000000010001584       0x24 /var/folders/qh/rc5ty9qd7sb027gybgx226xr0000gn/T//ccLqUCfz.ltrans0.ltrans.o
 .text.host_keyboard_leds
                0x00000000100015a8       0x14 /var/folders/qh/rc5ty9qd7sb027gybgx226xr0000gn/T//ccLqUCfz.ltrans0.ltrans.o
 .text.key_override_matches_active_modifiers.part.0
                0x00000000100015bc       0x36 /var/folders/qh/rc5ty9qd7sb027gybgx226xr0000gn/T//ccLqUCfz.ltrans0.ltrans.o
 *fill*         0x00000000100015f2        0x2 
 .text.schedule_deferred_register
                0x00000000100015f4       0x40 /var/folders/qh/rc5ty9qd7sb027gybgx226xr0000gn/T//ccLqUCfz.ltrans0.ltrans.o
 .text.drop_combo_from_buffer
                0x0000000010001634       0x4c /var/folders/qh/rc5ty9qd7sb027gybgx226xr0000gn/T//ccLqUCfz.ltrans0.ltrans.o
 .text.clear_combos
                0x0000000010001680       0x28 /var/folders/qh/rc5ty9qd7sb027gybgx226xr0000gn/T//ccLqUCfz.ltrans0.ltrans.o
 .text.auto_shift_timeout_apply
                0x00000000100016a8       0x14 /var/folders/qh/rc5ty9qd7sb027gybgx226xr0000gn/T//ccLqUCfz.ltrans0.ltrans.o
 .text.reload_tap_dance
                0x00000000100016bc       0x30 /var/folders/qh/rc5ty9qd7sb027gybgx226xr0000gn/T//ccLqUCfz.ltrans0.ltrans.o
 .text.vial_keycode_firewall
                0x00000000100016ec       0x1c /var/folders/qh/rc5ty9qd7sb027gybgx226xr0000gn/T//ccLqUCfz.ltrans0.ltrans.o
 .text.backing_store_read_bulk
                0x0000000010001708       0x20 /var/folders/qh/rc5ty9qd7sb027gybgx226xr0000gn/T//ccLqUCfz.ltrans0.ltrans.o
 .text.backing_store_erase
                0x0000000010001728       0x20 /var/folders/qh/rc5ty9qd7sb027gybgx226xr0000gn/T//ccLqUCfz.ltrans0.ltrans.o
 .text.wear_leveling_lock
                0x0000000010001748       0x1c /var/folders/qh/rc5ty9qd7sb027gybgx226xr0000gn/T//ccLqUCfz.ltrans0.ltrans.o
 .text.wear_leveling_unlock
                0x0000000010001764       0x1c /var/folders/qh/rc5ty9qd7sb027gybgx226xr0000gn/T//ccLqUCfz.ltrans0.ltrans.o
 .text.wear_leveling_write_consolidated
                0x0000000010001780       0xf4 /var/folders/qh/rc5ty9qd7sb027gybgx226xr0000gn/T//ccLqUCfz.ltrans0.ltrans.o
 .text.wear_leveling_consolidate_if_needed
                0x0000000010001874       0x34 /var/folders/qh/rc5ty9qd7sb027gybgx226xr0000gn/T//ccLqUCfz.ltrans0.ltrans.o
 .text.wear_leveling_append_raw
                0x00000000100018a8       0x40 /var/folders/qh/rc5ty9qd7sb027gybgx226xr0000gn/T//ccLqUCfz.ltrans0.ltrans.o
 .text.putchar_wrapper
                0x00000000100018e8       0x10 /var/folders/qh/rc5ty9qd7sb027gybgx226xr0000gn/T//ccLqUCfz.ltrans0.ltrans.o
 .text.putchar_via_gadget
                0x00000000100018f8       0x24 /var/folders/qh/rc5ty9qd7sb027gybgx226xr0000gn/T//ccLqUCfz.ltrans0.ltrans.o
 .text.out_rev_
                0x000000001000191c       0x56 /var/folders/qh/rc5ty9qd7sb027gybgx226xr0000gn/T//ccLqUCfz.ltrans0.ltrans.o
 *fill*         0x0000000010001972        0x2 
 .text.print_integer
                0x0000000010001974      0x174 /var/folders/qh/rc5ty9qd7sb027gybgx226xr0000gn/T//ccLqUCfz.ltrans0.ltrans.o
 .text.vsnprintf_impl.constprop.52
                0x0000000010001ae8      0x38c /var/folders/qh/rc5ty9qd7sb027gybgx226xr0000gn/T//ccLqUCfz.ltrans0.ltrans.o
 .text.setPinInputHigh_atomic
                0x0000000010001e74       0x34 /var/folders/qh/rc5ty9qd7sb027gybgx226xr0000gn/T//ccLqUCfz.ltrans0.ltrans.o
 .text.null_sendchar_func
                0x0000000010001ea8        0x4 /var/folders/qh/rc5ty9qd7sb027gybgx226xr0000gn/T//ccLqUCfz.ltrans0.ltrans.o
 .text.mod_config
                0x0000000010001eac       0xa8 /var/folders/qh/rc5ty9qd7sb027gybgx226xr0000gn/T//ccLqUCfz.ltrans0.ltrans.o
 .text.action_for_keycode
                0x0000000010001f54      0x2b4 /var/folders/qh/rc5ty9qd7sb027gybgx226xr0000gn/T//ccLqUCfz.ltrans0.ltrans.o
 .text.clear_oneshot_mods
                0x0000000010002208       0x1c /var/folders/qh/rc5ty9qd7sb027gybgx226xr0000gn/T//ccLqUCfz.ltrans0.ltrans.o
 .text.set_oneshot_mods
                0x0000000010002224       0x2c /var/folders/qh/rc5ty9qd7sb027gybgx226xr0000gn/T//ccLqUCfz.ltrans0.ltrans.o
 .text.del_weak_mods
                0x0000000010002250       0x10 /var/folders/qh/rc5ty9qd7sb027gybgx226xr0000gn/T//ccLqUCfz.ltrans0.ltrans.o
 .text.del_mods
                0x0000000010002260       0x10 /var/folders/qh/rc5ty9qd7sb027gybgx226xr0000gn/T//ccLqUCfz.ltrans0.ltrans.o
 .text.add_mods
                0x0000000010002270       0x10 /var/folders/qh/rc5ty9qd7sb027gybgx226xr0000gn/T//ccLqUCfz.ltrans0.ltrans.o
 .text.has_oneshot_mods_timed_out
                0x0000000010002280       0x2c /var/folders/qh/rc5ty9qd7sb027gybgx226xr0000gn/T//ccLqUCfz.ltrans0.ltrans.o
 .text.del_key  0x00000000100022ac       0x54 /var/folders/qh/rc5ty9qd7sb027gybgx226xr0000gn/T//ccLqUCfz.ltrans0.ltrans.o
 .text.add_key  0x0000000010002300       0x64 /var/folders/qh/rc5ty9qd7sb027gybgx226xr0000gn/T//ccLqUCfz.ltrans0.ltrans.o
 .text.waiting_buffer_typed.isra.2
                0x0000000010002364       0x48 /var/folders/qh/rc5ty9qd7sb027gybgx226xr0000gn/T//ccLqUCfz.ltrans0.ltrans.o
 .text.debug_waiting_buffer
                0x00000000100023ac       0x20 /var/folders/qh/rc5ty9qd7sb027gybgx226xr0000gn/T//ccLqUCfz.ltrans0.ltrans.o
 .text.read_source_layers_cache
                0x00000000100023cc       0x48 /var/folders/qh/rc5ty9qd7sb027gybgx226xr0000gn/T//ccLqUCfz.ltrans0.ltrans.o
 .text.update_source_layers_cache
                0x0000000010002414       0x54 /var/folders/qh/rc5ty9qd7sb027gybgx226xr0000gn/T//ccLqUCfz.ltrans0.ltrans.o
 .text.is_tap_action
                0x0000000010002468       0x4c /var/folders/qh/rc5ty9qd7sb027gybgx226xr0000gn/T//ccLqUCfz.ltrans0.ltrans.o
 .text.bitrev   0x00000000100024b4       0x26 /var/folders/qh/rc5ty9qd7sb027gybgx226xr0000gn/T//ccLqUCfz.ltrans0.ltrans.o
 *fill*         0x00000000100024da        0x2 
 .text.extract_mod_bits
                0x00000000100024dc       0x64 /var/folders/qh/rc5ty9qd7sb027gybgx226xr0000gn/T//ccLqUCfz.ltrans0.ltrans.o
 .text.usb_lld_start.part.3
                0x0000000010002540       0x98 /var/folders/qh/rc5ty9qd7sb027gybgx226xr0000gn/T//ccLqUCfz.ltrans0.ltrans.o
 .text.usbInitEndpointI
                0x00000000100025d8       0x36 /var/folders/qh/rc5ty9qd7sb027gybgx226xr0000gn/T//ccLqUCfz.ltrans0.ltrans.o
 *fill*         0x000000001000260e        0x2 
 .text.usb_event_cb
                0x0000000010002610      0x238 /var/folders/qh/rc5ty9qd7sb027gybgx226xr0000gn/T//ccLqUCfz.ltrans0.ltrans.o
 .text.clear_keys_from_report
                0x0000000010002848       0x28 /var/folders/qh/rc5ty9qd7sb027gybgx226xr0000gn/T//ccLqUCfz.ltrans0.ltrans.o
 .text.wear_leveling_clear_cache
                0x0000000010002870       0x20 /var/folders/qh/rc5ty9qd7sb027gybgx226xr0000gn/T//ccLqUCfz.ltrans0.ltrans.o
 .text.wear_leveling_erase
                0x0000000010002890       0x2e /var/folders/qh/rc5ty9qd7sb027gybgx226xr0000gn/T//ccLqUCfz.ltrans0.ltrans.o
 .text.usb_prepare_in_ep_buffer
                0x00000000100028be       0x74 /var/folders/qh/rc5ty9qd7sb027gybgx226xr0000gn/T//ccLqUCfz.ltrans0.ltrans.o
 *fill*         0x0000000010002932        0x2 
 .text.usb_prepare_in_ep
                0x0000000010002934       0x8c /var/folders/qh/rc5ty9qd7sb027gybgx226xr0000gn/T//ccLqUCfz.ltrans0.ltrans.o
 .text.usbStartTransmitI
                0x00000000100029c0       0x28 /var/folders/qh/rc5ty9qd7sb027gybgx226xr0000gn/T//ccLqUCfz.ltrans0.ltrans.o
 .text._usb_ep0out
                0x00000000100029e8       0x80 /var/folders/qh/rc5ty9qd7sb027gybgx226xr0000gn/T//ccLqUCfz.ltrans0.ltrans.o
 .text._usb_ep0in
                0x0000000010002a68       0xb0 /var/folders/qh/rc5ty9qd7sb027gybgx226xr0000gn/T//ccLqUCfz.ltrans0.ltrans.o
 .text.qmkusbDataTransmitted
                0x0000000010002b18       0xa2 /var/folders/qh/rc5ty9qd7sb027gybgx226xr0000gn/T//ccLqUCfz.ltrans0.ltrans.o
 .text.obnotify
                0x0000000010002bba       0x3c /var/folders/qh/rc5ty9qd7sb027gybgx226xr0000gn/T//ccLqUCfz.ltrans0.ltrans.o
 *fill*         0x0000000010002bf6        0x2 
 .text.keyboard_idle_timer_cb
                0x0000000010002bf8       0x80 /var/folders/qh/rc5ty9qd7sb027gybgx226xr0000gn/T//ccLqUCfz.ltrans0.ltrans.o
 .text.usb_sof_cb
                0x0000000010002c78       0xb8 /var/folders/qh/rc5ty9qd7sb027gybgx226xr0000gn/T//ccLqUCfz.ltrans0.ltrans.o
 .text._usb_ep0setup
                0x0000000010002d30      0x3b8 /var/folders/qh/rc5ty9qd7sb027gybgx226xr0000gn/T//ccLqUCfz.ltrans0.ltrans.o
 .text.magic_settings_get
                0x00000000100030e8       0x60 /var/folders/qh/rc5ty9qd7sb027gybgx226xr0000gn/T//ccLqUCfz.ltrans0.ltrans.o
 .text.eeprom_settings_get
                0x0000000010003148       0x1e /var/folders/qh/rc5ty9qd7sb027gybgx226xr0000gn/T//ccLqUCfz.ltrans0.ltrans.o
 *fill*         0x0000000010003166        0x2 
 .text.wear_leveling_read
                0x0000000010003168       0x24 /var/folders/qh/rc5ty9qd7sb027gybgx226xr0000gn/T//ccLqUCfz.ltrans0.ltrans.o
 .text.dynamic_keymap_get_tap_dance
                0x000000001000318c       0x20 /var/folders/qh/rc5ty9qd7sb027gybgx226xr0000gn/T//ccLqUCfz.ltrans0.ltrans.o
 .text.get_tapping_term
                0x00000000100031ac       0x2c /var/folders/qh/rc5ty9qd7sb027gybgx226xr0000gn/T//ccLqUCfz.ltrans0.ltrans.o
 .text.reload_key_override
                0x00000000100031d8       0xb8 /var/folders/qh/rc5ty9qd7sb027gybgx226xr0000gn/T//ccLqUCfz.ltrans0.ltrans.o
 .text.reload_combo
                0x0000000010003290       0x60 /var/folders/qh/rc5ty9qd7sb027gybgx226xr0000gn/T//ccLqUCfz.ltrans0.ltrans.o
 .text.eeprom_read_byte
                0x00000000100032f0       0x16 /var/folders/qh/rc5ty9qd7sb027gybgx226xr0000gn/T//ccLqUCfz.ltrans0.ltrans.o
 *fill*         0x0000000010003306        0x2 
 .text.qmk_settings_init
                0x0000000010003308       0x38 /var/folders/qh/rc5ty9qd7sb027gybgx226xr0000gn/T//ccLqUCfz.ltrans0.ltrans.o
 .text.dynamic_keymap_get_keycode.part.0
                0x0000000010003340       0x2a /var/folders/qh/rc5ty9qd7sb027gybgx226xr0000gn/T//ccLqUCfz.ltrans0.ltrans.o
 *fill*         0x000000001000336a        0x2 
 .text.keymap_key_to_keycode
                0x000000001000336c       0x44 /var/folders/qh/rc5ty9qd7sb027gybgx226xr0000gn/T//ccLqUCfz.ltrans0.ltrans.o
 .text.layer_switch_get_layer
                0x00000000100033b0       0x50 /var/folders/qh/rc5ty9qd7sb027gybgx226xr0000gn/T//ccLqUCfz.ltrans0.ltrans.o
 .text.layer_switch_get_action
                0x0000000010003400       0x20 /var/folders/qh/rc5ty9qd7sb027gybgx226xr0000gn/T//ccLqUCfz.ltrans0.ltrans.o
 .text.is_tap_record
                0x0000000010003420       0x38 /var/folders/qh/rc5ty9qd7sb027gybgx226xr0000gn/T//ccLqUCfz.ltrans0.ltrans.o
 .text.get_event_keycode
                0x0000000010003458       0x32 /var/folders/qh/rc5ty9qd7sb027gybgx226xr0000gn/T//ccLqUCfz.ltrans0.ltrans.o
 .text.get_record_keycode
                0x000000001000348a       0x1c /var/folders/qh/rc5ty9qd7sb027gybgx226xr0000gn/T//ccLqUCfz.ltrans0.ltrans.o
 .text.via_get_layout_options.part.0
                0x00000000100034a6        0xa /var/folders/qh/rc5ty9qd7sb027gybgx226xr0000gn/T//ccLqUCfz.ltrans0.ltrans.o
 .text.via_eeprom_is_valid
                0x00000000100034b0       0x28 /var/folders/qh/rc5ty9qd7sb027gybgx226xr0000gn/T//ccLqUCfz.ltrans0.ltrans.o
 .text.eeconfig_read_keymap
                0x00000000100034d8       0x18 /var/folders/qh/rc5ty9qd7sb027gybgx226xr0000gn/T//ccLqUCfz.ltrans0.ltrans.o
 .text.chSchGoSleepS
                0x00000000100034f0       0x2c /var/folders/qh/rc5ty9qd7sb027gybgx226xr0000gn/T//ccLqUCfz.ltrans0.ltrans.o
 .text.chSchGoSleepTimeoutS
                0x000000001000351c       0x60 /var/folders/qh/rc5ty9qd7sb027gybgx226xr0000gn/T//ccLqUCfz.ltrans0.ltrans.o
 .text.chThdEnqueueTimeoutS
                0x000000001000357c       0x34 /var/folders/qh/rc5ty9qd7sb027gybgx226xr0000gn/T//ccLqUCfz.ltrans0.ltrans.o
 .text.obqGetEmptyBufferTimeoutS
                0x00000000100035b0       0x36 /var/folders/qh/rc5ty9qd7sb027gybgx226xr0000gn/T//ccLqUCfz.ltrans0.ltrans.o
 .text.obqWriteTimeout
                0x00000000100035e6       0x86 /var/folders/qh/rc5ty9qd7sb027gybgx226xr0000gn/T//ccLqUCfz.ltrans0.ltrans.o
 .text._writet  0x000000001000366c        0xa /var/folders/qh/rc5ty9qd7sb027gybgx226xr0000gn/T//ccLqUCfz.ltrans0.ltrans.o
 .text._write   0x0000000010003676        0xe /var/folders/qh/rc5ty9qd7sb027gybgx226xr0000gn/T//ccLqUCfz.ltrans0.ltrans.o
 .text.obqPutTimeout
                0x0000000010003684       0x48 /var/folders/qh/rc5ty9qd7sb027gybgx226xr0000gn/T//ccLqUCfz.ltrans0.ltrans.o
 .text._putt    0x00000000100036cc        0xa /var/folders/qh/rc5ty9qd7sb027gybgx226xr0000gn/T//ccLqUCfz.ltrans0.ltrans.o
 .text._put     0x00000000100036d6        0xe /var/folders/qh/rc5ty9qd7sb027gybgx226xr0000gn/T//ccLqUCfz.ltrans0.ltrans.o
 .text.ibqGetFullBufferTimeoutS
                0x00000000100036e4       0x36 /var/folders/qh/rc5ty9qd7sb027gybgx226xr0000gn/T//ccLqUCfz.ltrans0.ltrans.o
 .text.ibqReadTimeout
                0x000000001000371a       0x82 /var/folders/qh/rc5ty9qd7sb027gybgx226xr0000gn/T//ccLqUCfz.ltrans0.ltrans.o
 .text._readt   0x000000001000379c        0xa /var/folders/qh/rc5ty9qd7sb027gybgx226xr0000gn/T//ccLqUCfz.ltrans0.ltrans.o
 .text._read    0x00000000100037a6        0xe /var/folders/qh/rc5ty9qd7sb027gybgx226xr0000gn/T//ccLqUCfz.ltrans0.ltrans.o
 .text.ibqGetTimeout
                0x00000000100037b4       0x3a /var/folders/qh/rc5ty9qd7sb027gybgx226xr0000gn/T//ccLqUCfz.ltrans0.ltrans.o
 .text._gett    0x00000000100037ee        0xa /var/folders/qh/rc5ty9qd7sb027gybgx226xr0000gn/T//ccLqUCfz.ltrans0.ltrans.o
 .text._get     0x00000000100037f8        0xe /var/folders/qh/rc5ty9qd7sb027gybgx226xr0000gn/T//ccLqUCfz.ltrans0.ltrans.o
 .text.chThdSleep
                0x0000000010003806       0x16 /var/folders/qh/rc5ty9qd7sb027gybgx226xr0000gn/T//ccLqUCfz.ltrans0.ltrans.o
 .text.send_extra
                0x000000001000381c       0x68 /var/folders/qh/rc5ty9qd7sb027gybgx226xr0000gn/T//ccLqUCfz.ltrans0.ltrans.o
 .text.send_consumer
                0x0000000010003884        0xc /var/folders/qh/rc5ty9qd7sb027gybgx226xr0000gn/T//ccLqUCfz.ltrans0.ltrans.o
 .text.send_system
                0x0000000010003890        0xc /var/folders/qh/rc5ty9qd7sb027gybgx226xr0000gn/T//ccLqUCfz.ltrans0.ltrans.o
 .text.osalThreadSuspendS
                0x000000001000389c       0x28 /var/folders/qh/rc5ty9qd7sb027gybgx226xr0000gn/T//ccLqUCfz.ltrans0.ltrans.o
 .text.send_keyboard
                0x00000000100038c4       0x84 /var/folders/qh/rc5ty9qd7sb027gybgx226xr0000gn/T//ccLqUCfz.ltrans0.ltrans.o
 .text.wear_leveling_write
                0x0000000010003948      0x1a0 /var/folders/qh/rc5ty9qd7sb027gybgx226xr0000gn/T//ccLqUCfz.ltrans0.ltrans.o
 .text.eeprom_update_word
                0x0000000010003ae8       0x2a /var/folders/qh/rc5ty9qd7sb027gybgx226xr0000gn/T//ccLqUCfz.ltrans0.ltrans.o
 .text.eeprom_update_dword.constprop.78
                0x0000000010003b12       0x24 /var/folders/qh/rc5ty9qd7sb027gybgx226xr0000gn/T//ccLqUCfz.ltrans0.ltrans.o
 .text.eeprom_update_byte
                0x0000000010003b36       0x1e /var/folders/qh/rc5ty9qd7sb027gybgx226xr0000gn/T//ccLqUCfz.ltrans0.ltrans.o
 .text.persist_unicode_input_mode
                0x0000000010003b54       0x14 /var/folders/qh/rc5ty9qd7sb027gybgx226xr0000gn/T//ccLqUCfz.ltrans0.ltrans.o
 .text.eeprom_settings_save
                0x0000000010003b68       0x2c /var/folders/qh/rc5ty9qd7sb027gybgx226xr0000gn/T//ccLqUCfz.ltrans0.ltrans.o
 .text.eeprom_settings_set
                0x0000000010003b94       0x1e /var/folders/qh/rc5ty9qd7sb027gybgx226xr0000gn/T//ccLqUCfz.ltrans0.ltrans.o
 *fill*         0x0000000010003bb2        0x2 
 .text.dynamic_keymap_macro_reset
                0x0000000010003bb4       0x1c /var/folders/qh/rc5ty9qd7sb027gybgx226xr0000gn/T//ccLqUCfz.ltrans0.ltrans.o
 .text.dynamic_keymap_set_keycode
                0x0000000010003bd0       0x34 /var/folders/qh/rc5ty9qd7sb027gybgx226xr0000gn/T//ccLqUCfz.ltrans0.ltrans.o
 .text.via_eeprom_set_valid
                0x0000000010003c04       0x2e /var/folders/qh/rc5ty9qd7sb027gybgx226xr0000gn/T//ccLqUCfz.ltrans0.ltrans.o
 .text.eeconfig_update_keymap
                0x0000000010003c32       0x16 /var/folders/qh/rc5ty9qd7sb027gybgx226xr0000gn/T//ccLqUCfz.ltrans0.ltrans.o
 .text.matrix_scan
                0x0000000010003c48      0x2b4 /var/folders/qh/rc5ty9qd7sb027gybgx226xr0000gn/T//ccLqUCfz.ltrans0.ltrans.o
 .text.send_keyboard_report
                0x0000000010003efc       0xe8 /var/folders/qh/rc5ty9qd7sb027gybgx226xr0000gn/T//ccLqUCfz.ltrans0.ltrans.o
 .text.process_tap_dance_action_on_reset
                0x0000000010003fe4       0x2a /var/folders/qh/rc5ty9qd7sb027gybgx226xr0000gn/T//ccLqUCfz.ltrans0.ltrans.o
 *fill*         0x000000001000400e        0x2 
 .text.process_tap_dance_action_on_dance_finished
                0x0000000010004010       0x4c /var/folders/qh/rc5ty9qd7sb027gybgx226xr0000gn/T//ccLqUCfz.ltrans0.ltrans.o
 .text.autoshift_flush_shift
                0x000000001000405c       0x40 /var/folders/qh/rc5ty9qd7sb027gybgx226xr0000gn/T//ccLqUCfz.ltrans0.ltrans.o
 .text.unregister_code.part.2
                0x000000001000409c       0x68 /var/folders/qh/rc5ty9qd7sb027gybgx226xr0000gn/T//ccLqUCfz.ltrans0.ltrans.o
 .text.unregister_code
                0x0000000010004104       0x48 /var/folders/qh/rc5ty9qd7sb027gybgx226xr0000gn/T//ccLqUCfz.ltrans0.ltrans.o
 .text.clear_active_override
                0x000000001000414c       0xb4 /var/folders/qh/rc5ty9qd7sb027gybgx226xr0000gn/T//ccLqUCfz.ltrans0.ltrans.o
 .text.register_code.part.1
                0x0000000010004200       0xd8 /var/folders/qh/rc5ty9qd7sb027gybgx226xr0000gn/T//ccLqUCfz.ltrans0.ltrans.o
 .text.register_code
                0x00000000100042d8       0x58 /var/folders/qh/rc5ty9qd7sb027gybgx226xr0000gn/T//ccLqUCfz.ltrans0.ltrans.o
 .text.tap_code
                0x0000000010004330       0x34 /var/folders/qh/rc5ty9qd7sb027gybgx226xr0000gn/T//ccLqUCfz.ltrans0.ltrans.o
 .text.send_char
                0x0000000010004364       0x70 /var/folders/qh/rc5ty9qd7sb027gybgx226xr0000gn/T//ccLqUCfz.ltrans0.ltrans.o
 .text.send_string_with_delay.constprop.64
                0x00000000100043d4       0x78 /var/folders/qh/rc5ty9qd7sb027gybgx226xr0000gn/T//ccLqUCfz.ltrans0.ltrans.o
 .text.clear_keyboard_but_mods_and_keys
                0x000000001000444c       0x20 /var/folders/qh/rc5ty9qd7sb027gybgx226xr0000gn/T//ccLqUCfz.ltrans0.ltrans.o
 .text.update_tri_layer.constprop.65
                0x000000001000446c       0x24 /var/folders/qh/rc5ty9qd7sb027gybgx226xr0000gn/T//ccLqUCfz.ltrans0.ltrans.o
 .text.layer_off
                0x0000000010004490       0x18 /var/folders/qh/rc5ty9qd7sb027gybgx226xr0000gn/T//ccLqUCfz.ltrans0.ltrans.o
 .text.clear_oneshot_layer_state
                0x00000000100044a8       0x40 /var/folders/qh/rc5ty9qd7sb027gybgx226xr0000gn/T//ccLqUCfz.ltrans0.ltrans.o
 .text.oneshot_set
                0x00000000100044e8       0x30 /var/folders/qh/rc5ty9qd7sb027gybgx226xr0000gn/T//ccLqUCfz.ltrans0.ltrans.o
 .text.layer_on
                0x0000000010004518       0x18 /var/folders/qh/rc5ty9qd7sb027gybgx226xr0000gn/T//ccLqUCfz.ltrans0.ltrans.o
 .text.set_oneshot_layer
                0x0000000010004530       0x34 /var/folders/qh/rc5ty9qd7sb027gybgx226xr0000gn/T//ccLqUCfz.ltrans0.ltrans.o
 .text.clear_keyboard
                0x0000000010004564       0x1c /var/folders/qh/rc5ty9qd7sb027gybgx226xr0000gn/T//ccLqUCfz.ltrans0.ltrans.o
 .text.qmk_settings_reset
                0x0000000010004580       0x4c /var/folders/qh/rc5ty9qd7sb027gybgx226xr0000gn/T//ccLqUCfz.ltrans0.ltrans.o
 .text.dynamic_keymap_reset
                0x00000000100045cc       0xd4 /var/folders/qh/rc5ty9qd7sb027gybgx226xr0000gn/T//ccLqUCfz.ltrans0.ltrans.o
 .text.eeconfig_init_via
                0x00000000100046a0       0x20 /var/folders/qh/rc5ty9qd7sb027gybgx226xr0000gn/T//ccLqUCfz.ltrans0.ltrans.o
 .text.eeconfig_init_quantum
                0x00000000100046c0       0x9c /var/folders/qh/rc5ty9qd7sb027gybgx226xr0000gn/T//ccLqUCfz.ltrans0.ltrans.o
 .text.magic_settings_set
                0x000000001000475c       0xa8 /var/folders/qh/rc5ty9qd7sb027gybgx226xr0000gn/T//ccLqUCfz.ltrans0.ltrans.o
 .text.soft_reset_keyboard
                0x0000000010004804       0x2c /var/folders/qh/rc5ty9qd7sb027gybgx226xr0000gn/T//ccLqUCfz.ltrans0.ltrans.o
 .text.unregister_mods
                0x0000000010004830       0x10 /var/folders/qh/rc5ty9qd7sb027gybgx226xr0000gn/T//ccLqUCfz.ltrans0.ltrans.o
 .text.register_mods
                0x0000000010004840       0x10 /var/folders/qh/rc5ty9qd7sb027gybgx226xr0000gn/T//ccLqUCfz.ltrans0.ltrans.o
 .text.perform_space_cadet
                0x0000000010004850       0xb8 /var/folders/qh/rc5ty9qd7sb027gybgx226xr0000gn/T//ccLqUCfz.ltrans0.ltrans.o
 .text.unregister_code16
                0x0000000010004908       0x30 /var/folders/qh/rc5ty9qd7sb027gybgx226xr0000gn/T//ccLqUCfz.ltrans0.ltrans.o
 .text.register_code16
                0x0000000010004938       0x38 /var/folders/qh/rc5ty9qd7sb027gybgx226xr0000gn/T//ccLqUCfz.ltrans0.ltrans.o
 .text.autoshift_press_user.constprop.68
                0x0000000010004970       0x44 /var/folders/qh/rc5ty9qd7sb027gybgx226xr0000gn/T//ccLqUCfz.ltrans0.ltrans.o
 .text.autoshift_end
                0x00000000100049b4      0x174 /var/folders/qh/rc5ty9qd7sb027gybgx226xr0000gn/T//ccLqUCfz.ltrans0.ltrans.o
 .text.tap_code16
                0x0000000010004b28       0x34 /var/folders/qh/rc5ty9qd7sb027gybgx226xr0000gn/T//ccLqUCfz.ltrans0.ltrans.o
 .text.process_record
                0x0000000010004b5c     0x1650 /var/folders/qh/rc5ty9qd7sb027gybgx226xr0000gn/T//ccLqUCfz.ltrans0.ltrans.o
 .text.waiting_buffer_scan_tap
                0x00000000100061ac       0xa4 /var/folders/qh/rc5ty9qd7sb027gybgx226xr0000gn/T//ccLqUCfz.ltrans0.ltrans.o
 .text.process_tapping
                0x0000000010006250      0x33c /var/folders/qh/rc5ty9qd7sb027gybgx226xr0000gn/T//ccLqUCfz.ltrans0.ltrans.o
 .text.action_tapping_process
                0x000000001000658c       0xb0 /var/folders/qh/rc5ty9qd7sb027gybgx226xr0000gn/T//ccLqUCfz.ltrans0.ltrans.o
 .text.dump_key_buffer
                0x000000001000663c       0x8c /var/folders/qh/rc5ty9qd7sb027gybgx226xr0000gn/T//ccLqUCfz.ltrans0.ltrans.o
 .text.combo_disable
                0x00000000100066c8       0x30 /var/folders/qh/rc5ty9qd7sb027gybgx226xr0000gn/T//ccLqUCfz.ltrans0.ltrans.o
 .text.apply_combos
                0x00000000100066f8       0xec /var/folders/qh/rc5ty9qd7sb027gybgx226xr0000gn/T//ccLqUCfz.ltrans0.ltrans.o
 .text.action_exec
                0x00000000100067e4      0x3ac /var/folders/qh/rc5ty9qd7sb027gybgx226xr0000gn/T//ccLqUCfz.ltrans0.ltrans.o
 .text.vial_keycode_up
                0x0000000010006b90       0x40 /var/folders/qh/rc5ty9qd7sb027gybgx226xr0000gn/T//ccLqUCfz.ltrans0.ltrans.o
 .text.on_dance_reset
                0x0000000010006bd0       0x9c /var/folders/qh/rc5ty9qd7sb027gybgx226xr0000gn/T//ccLqUCfz.ltrans0.ltrans.o
 .text.vial_keycode_down
                0x0000000010006c6c       0x3c /var/folders/qh/rc5ty9qd7sb027gybgx226xr0000gn/T//ccLqUCfz.ltrans0.ltrans.o
 .text.vial_keycode_tap
                0x0000000010006ca8       0x48 /var/folders/qh/rc5ty9qd7sb027gybgx226xr0000gn/T//ccLqUCfz.ltrans0.ltrans.o
 .text.on_dance_finished
                0x0000000010006cf0       0x9c /var/folders/qh/rc5ty9qd7sb027gybgx226xr0000gn/T//ccLqUCfz.ltrans0.ltrans.o
 .text.on_dance
                0x0000000010006d8c       0x3c /var/folders/qh/rc5ty9qd7sb027gybgx226xr0000gn/T//ccLqUCfz.ltrans0.ltrans.o
 .text._fini    0x0000000010006dc8        0x2 /var/folders/qh/rc5ty9qd7sb027gybgx226xr0000gn/T//ccLqUCfz.ltrans0.ltrans.o
                0x0000000010006dc8                _fini
 .text.shutdown_user
                0x0000000010006dca        0x2 /var/folders/qh/rc5ty9qd7sb027gybgx226xr0000gn/T//ccLqUCfz.ltrans0.ltrans.o
                0x0000000010006dca                __cpu_init
 .text.Vector54
                0x0000000010006dcc      0x2ac /var/folders/qh/rc5ty9qd7sb027gybgx226xr0000gn/T//ccLqUCfz.ltrans0.ltrans.o
                0x0000000010006dcc                Vector54
 .text.SysTick_Handler
                0x0000000010007078       0x70 /var/folders/qh/rc5ty9qd7sb027gybgx226xr0000gn/T//ccLqUCfz.ltrans0.ltrans.o
                0x0000000010007078                SysTick_Handler
 .text.__port_spinlock_release
                0x00000000100070e8       0x10 /var/folders/qh/rc5ty9qd7sb027gybgx226xr0000gn/T//ccLqUCfz.ltrans0.ltrans.o
                0x00000000100070e8                __port_spinlock_release
 .text.Vector80
                0x00000000100070f8       0x40 /var/folders/qh/rc5ty9qd7sb027gybgx226xr0000gn/T//ccLqUCfz.ltrans0.ltrans.o
                0x00000000100070f8                Vector80
 .text.Vector7C
                0x0000000010007138       0x24 /var/folders/qh/rc5ty9qd7sb027gybgx226xr0000gn/T//ccLqUCfz.ltrans0.ltrans.o
                0x0000000010007138                Vector7C
 .text.NMI_Handler
                0x000000001000715c       0x12 /var/folders/qh/rc5ty9qd7sb027gybgx226xr0000gn/T//ccLqUCfz.ltrans0.ltrans.o
                0x000000001000715c                NMI_Handler
 *fill*         0x000000001000716e        0x2 
 .text.chThdExit
                0x0000000010007170       0x28 /var/folders/qh/rc5ty9qd7sb027gybgx226xr0000gn/T//ccLqUCfz.ltrans0.ltrans.o
                0x0000000010007170                chThdExit
 .text.__sch_reschedule_ahead
                0x0000000010007198       0x44 /var/folders/qh/rc5ty9qd7sb027gybgx226xr0000gn/T//ccLqUCfz.ltrans0.ltrans.o
                0x0000000010007198                chSchDoPreemption
 .text.__init_ram_areas
                0x00000000100071dc       0x30 /var/folders/qh/rc5ty9qd7sb027gybgx226xr0000gn/T//ccLqUCfz.ltrans0.ltrans.o
                0x00000000100071dc                __init_ram_areas
 .text.__default_exit
                0x000000001000720c        0x2 /var/folders/qh/rc5ty9qd7sb027gybgx226xr0000gn/T//ccLqUCfz.ltrans0.ltrans.o
                0x000000001000720c                __default_exit
 .text.__early_init
                0x000000001000720e        0x2 /var/folders/qh/rc5ty9qd7sb027gybgx226xr0000gn/T//ccLqUCfz.ltrans0.ltrans.o
                0x000000001000720e                __early_init
 .text.__late_init
                0x0000000010007210       0x44 /var/folders/qh/rc5ty9qd7sb027gybgx226xr0000gn/T//ccLqUCfz.ltrans0.ltrans.o
                0x0000000010007210                __late_init
 .text.vprintf  0x0000000010007254       0x28 /var/folders/qh/rc5ty9qd7sb027gybgx226xr0000gn/T//ccLqUCfz.ltrans0.ltrans.o
                0x0000000010007254                vprintf
 .text.printf   0x000000001000727c       0x16 /var/folders/qh/rc5ty9qd7sb027gybgx226xr0000gn/T//ccLqUCfz.ltrans0.ltrans.o
 *fill*         0x0000000010007292        0x2 
 .text.startup.main
                0x0000000010007294     0x137c /var/folders/qh/rc5ty9qd7sb027gybgx226xr0000gn/T//ccLqUCfz.ltrans0.ltrans.o
                0x0000000010007294                main
 .text.memcmp   0x0000000010008610       0x1c /usr/local/Cellar/arm-gcc-bin@8/8-2019-q3-update_3/bin/../lib/gcc/arm-none-eabi/8.3.1/../../../../arm-none-eabi/lib/thumb/v6-m/nofp/libg_nano.a(lib_a-memcmp.o)
                0x0000000010008610                memcmp
 .text.memcpy   0x000000001000862c       0x12 /usr/local/Cellar/arm-gcc-bin@8/8-2019-q3-update_3/bin/../lib/gcc/arm-none-eabi/8.3.1/../../../../arm-none-eabi/lib/thumb/v6-m/nofp/libg_nano.a(lib_a-memcpy-stub.o)
                0x000000001000862c                memcpy
 .text.memset   0x000000001000863e       0x10 /usr/local/Cellar/arm-gcc-bin@8/8-2019-q3-update_3/bin/../lib/gcc/arm-none-eabi/8.3.1/../../../../arm-none-eabi/lib/thumb/v6-m/nofp/libg_nano.a(lib_a-memset.o)
                0x000000001000863e                memset
 *fill*         0x000000001000864e        0x2 
 .text.memset.__stub
                0x0000000010008650       0x20 linker stubs
 *(.glue_7t)
 .glue_7t       0x0000000010008670        0x0 linker stubs
 *(.glue_7)
 .glue_7        0x0000000010008670        0x0 linker stubs
 *(.gcc*)
                0x0000000010008670                __text_end__ = .

.vfp11_veneer   0x0000000010008670        0x0
 .vfp11_veneer  0x0000000010008670        0x0 linker stubs

.v4_bx          0x0000000010008670        0x0
 .v4_bx         0x0000000010008670        0x0 linker stubs

.iplt           0x0000000010008670        0x0
 .iplt          0x0000000010008670        0x0 .build/obj_alectardy98_alpinenoon_rp2040_vial/./lib/chibios/os/common/startup/ARMCMx/compilers/GCC/crt0_v6m.o

.rodata         0x0000000010008670      0xacc
                0x0000000010008670                __rodata_base__ = .
 *(.rodata)
 .rodata        0x0000000010008670        0x2 /var/folders/qh/rc5ty9qd7sb027gybgx226xr0000gn/T//ccLqUCfz.ltrans0.ltrans.o
 *(.rodata.*)
 *fill*         0x0000000010008672        0x2 
 .rodata.CSWTCH.0
                0x0000000010008674       0x10 /var/folders/qh/rc5ty9qd7sb027gybgx226xr0000gn/T//ccLqUCfz.ltrans0.ltrans.o
 .rodata.CSWTCH.1
                0x0000000010008684        0x4 /var/folders/qh/rc5ty9qd7sb027gybgx226xr0000gn/T//ccLqUCfz.ltrans0.ltrans.o
 .rodata.CSWTCH.15
                0x0000000010008688        0x3 /var/folders/qh/rc5ty9qd7sb027gybgx226xr0000gn/T//ccLqUCfz.ltrans0.ltrans.o
 *fill*         0x000000001000868b        0x1 
 .rodata.CSWTCH.16
                0x000000001000868c       0x2e /var/folders/qh/rc5ty9qd7sb027gybgx226xr0000gn/T//ccLqUCfz.ltrans0.ltrans.o
 *fill*         0x00000000100086ba        0x2 
 .rodata.CSWTCH.2
                0x00000000100086bc       0x10 /var/folders/qh/rc5ty9qd7sb027gybgx226xr0000gn/T//ccLqUCfz.ltrans0.ltrans.o
 .rodata.CSWTCH.3
                0x00000000100086cc       0x10 /var/folders/qh/rc5ty9qd7sb027gybgx226xr0000gn/T//ccLqUCfz.ltrans0.ltrans.o
 .rodata.CSWTCH.4
                0x00000000100086dc        0x4 /var/folders/qh/rc5ty9qd7sb027gybgx226xr0000gn/T//ccLqUCfz.ltrans0.ltrans.o
 .rodata.ConfigurationDescriptor
                0x00000000100086e0       0x7b /var/folders/qh/rc5ty9qd7sb027gybgx226xr0000gn/T//ccLqUCfz.ltrans0.ltrans.o
 .rodata.ConsoleReport
                0x000000001000875b       0x22 /var/folders/qh/rc5ty9qd7sb027gybgx226xr0000gn/T//ccLqUCfz.ltrans0.ltrans.o
 .rodata.DeviceDescriptor
                0x000000001000877d       0x12 /var/folders/qh/rc5ty9qd7sb027gybgx226xr0000gn/T//ccLqUCfz.ltrans0.ltrans.o
 .rodata.KeyboardReport
                0x000000001000878f       0x40 /var/folders/qh/rc5ty9qd7sb027gybgx226xr0000gn/T//ccLqUCfz.ltrans0.ltrans.o
 .rodata.LanguageString
                0x00000000100087cf        0x4 /var/folders/qh/rc5ty9qd7sb027gybgx226xr0000gn/T//ccLqUCfz.ltrans0.ltrans.o
 .rodata.ManufacturerString
                0x00000000100087d3       0x1a /var/folders/qh/rc5ty9qd7sb027gybgx226xr0000gn/T//ccLqUCfz.ltrans0.ltrans.o
 .rodata.ProductString
                0x00000000100087ed       0x18 /var/folders/qh/rc5ty9qd7sb027gybgx226xr0000gn/T//ccLqUCfz.ltrans0.ltrans.o
 .rodata.RawReport
                0x0000000010008805       0x22 /var/folders/qh/rc5ty9qd7sb027gybgx226xr0000gn/T//ccLqUCfz.ltrans0.ltrans.o
 .rodata.SerialNumberString
                0x0000000010008827       0x1e /var/folders/qh/rc5ty9qd7sb027gybgx226xr0000gn/T//ccLqUCfz.ltrans0.ltrans.o
 .rodata.SharedReport
                0x0000000010008845       0x6d /var/folders/qh/rc5ty9qd7sb027gybgx226xr0000gn/T//ccLqUCfz.ltrans0.ltrans.o
 .rodata.Vector80.str1.1
                0x00000000100088b2        0xd /var/folders/qh/rc5ty9qd7sb027gybgx226xr0000gn/T//ccLqUCfz.ltrans0.ltrans.o
 .rodata.active_status
                0x00000000100088bf        0x2 /var/folders/qh/rc5ty9qd7sb027gybgx226xr0000gn/T//ccLqUCfz.ltrans0.ltrans.o
 .rodata.ascii_to_altgr_lut
                0x00000000100088c1       0x10 /var/folders/qh/rc5ty9qd7sb027gybgx226xr0000gn/T//ccLqUCfz.ltrans0.ltrans.o
 .rodata.ascii_to_keycode_lut
                0x00000000100088d1       0x80 /var/folders/qh/rc5ty9qd7sb027gybgx226xr0000gn/T//ccLqUCfz.ltrans0.ltrans.o
 .rodata.ascii_to_shift_lut
                0x0000000010008951       0x10 /var/folders/qh/rc5ty9qd7sb027gybgx226xr0000gn/T//ccLqUCfz.ltrans0.ltrans.o
 *fill*         0x0000000010008961        0x3 
 .rodata.ch_core0_cfg
                0x0000000010008964        0xc /var/folders/qh/rc5ty9qd7sb027gybgx226xr0000gn/T//ccLqUCfz.ltrans0.ltrans.o
 .rodata.col_pins
                0x0000000010008970       0x44 /var/folders/qh/rc5ty9qd7sb027gybgx226xr0000gn/T//ccLqUCfz.ltrans0.ltrans.o
 .rodata.encoder_LUT
                0x00000000100089b4       0x10 /var/folders/qh/rc5ty9qd7sb027gybgx226xr0000gn/T//ccLqUCfz.ltrans0.ltrans.o
 .rodata.ep0config
                0x00000000100089c4       0x1c /var/folders/qh/rc5ty9qd7sb027gybgx226xr0000gn/T//ccLqUCfz.ltrans0.ltrans.o
 .rodata.halted_status
                0x00000000100089e0        0x2 /var/folders/qh/rc5ty9qd7sb027gybgx226xr0000gn/T//ccLqUCfz.ltrans0.ltrans.o
 *fill*         0x00000000100089e2        0x2 
 .rodata.kbd_ep_config
                0x00000000100089e4       0x1c /var/folders/qh/rc5ty9qd7sb027gybgx226xr0000gn/T//ccLqUCfz.ltrans0.ltrans.o
 .rodata.keyboard_definition
                0x0000000010008a00      0x2b0 /var/folders/qh/rc5ty9qd7sb027gybgx226xr0000gn/T//ccLqUCfz.ltrans0.ltrans.o
 .rodata.keymaps
                0x0000000010008cb0      0x154 /var/folders/qh/rc5ty9qd7sb027gybgx226xr0000gn/T//ccLqUCfz.ltrans0.ltrans.o
 .rodata.main.str1.1
                0x0000000010008e04       0x4b /var/folders/qh/rc5ty9qd7sb027gybgx226xr0000gn/T//ccLqUCfz.ltrans0.ltrans.o
                                         0x4d (size before relaxing)
 *fill*         0x0000000010008e4f        0x1 
 .rodata.protos
                0x0000000010008e50       0xf0 /var/folders/qh/rc5ty9qd7sb027gybgx226xr0000gn/T//ccLqUCfz.ltrans0.ltrans.o
 .rodata.ram_areas
                0x0000000010008f40       0x80 /var/folders/qh/rc5ty9qd7sb027gybgx226xr0000gn/T//ccLqUCfz.ltrans0.ltrans.o
 .rodata.row_pins
                0x0000000010008fc0       0x14 /var/folders/qh/rc5ty9qd7sb027gybgx226xr0000gn/T//ccLqUCfz.ltrans0.ltrans.o
 .rodata.shared_ep_config
                0x0000000010008fd4       0x1c /var/folders/qh/rc5ty9qd7sb027gybgx226xr0000gn/T//ccLqUCfz.ltrans0.ltrans.o
 .rodata.str1.1
                0x0000000010008ff0        0x3 /var/folders/qh/rc5ty9qd7sb027gybgx226xr0000gn/T//ccLqUCfz.ltrans0.ltrans.o
 *fill*         0x0000000010008ff3        0x1 
 .rodata.usbcfg
                0x0000000010008ff4       0x10 /var/folders/qh/rc5ty9qd7sb027gybgx226xr0000gn/T//ccLqUCfz.ltrans0.ltrans.o
 .rodata.vmt    0x0000000010009004       0x28 /var/folders/qh/rc5ty9qd7sb027gybgx226xr0000gn/T//ccLqUCfz.ltrans0.ltrans.o
 .rodata.vsnprintf_impl.constprop.52.str1.1
                0x000000001000902c        0xd /var/folders/qh/rc5ty9qd7sb027gybgx226xr0000gn/T//ccLqUCfz.ltrans0.ltrans.o
 .rodata.zero_status
                0x0000000010009039        0x2 /var/folders/qh/rc5ty9qd7sb027gybgx226xr0000gn/T//ccLqUCfz.ltrans0.ltrans.o
 .rodata._ctype_
                0x000000001000903b      0x101 /usr/local/Cellar/arm-gcc-bin@8/8-2019-q3-update_3/bin/../lib/gcc/arm-none-eabi/8.3.1/../../../../arm-none-eabi/lib/thumb/v6-m/nofp/libg_nano.a(lib_a-ctype_.o)
                0x000000001000903b                _ctype_
                0x000000001000913c                . = ALIGN (0x4)
                0x000000001000913c                __rodata_end__ = .

.ARM.extab
 *(.ARM.extab* .gnu.linkonce.armextab.*)

.ARM.exidx      0x000000001000913c        0x8
                0x000000001000913c                __exidx_base__ = .
                0x000000001000913c                __exidx_start = .
 *(.ARM.exidx* .gnu.linkonce.armexidx.*)
 .ARM.exidx     0x000000001000913c        0x8 /usr/local/Cellar/arm-gcc-bin@8/8-2019-q3-update_3/bin/../lib/gcc/arm-none-eabi/8.3.1/thumb/v6-m/nofp/libgcc.a(_udivmoddi4.o)
                0x0000000010009144                __exidx_end__ = .
                0x0000000010009144                __exidx_end = .

.rel.dyn        0x0000000010009144        0x0
 .rel.iplt      0x0000000010009144        0x0 .build/obj_alectardy98_alpinenoon_rp2040_vial/./lib/chibios/os/common/startup/ARMCMx/compilers/GCC/crt0_v6m.o

.eh_frame_hdr
 *(.eh_frame_hdr)

.eh_frame
 *(.eh_frame)

.data           0x0000000020000000      0x554 load address 0x0000000010009144
                [!provide]                        PROVIDE (_textdata = LOADADDR (.data))
                [!provide]                        PROVIDE (_data = .)
                0x0000000010009144                __textdata_base__ = LOADADDR (.data)
                0x0000000020000000                __data_base__ = .
 *(vtable)
 *(.time_critical*)
 .time_critical.flash_enable_xip_via_boot2
                0x0000000020000000       0x20 /var/folders/qh/rc5ty9qd7sb027gybgx226xr0000gn/T//ccLqUCfz.ltrans0.ltrans.o
 .time_critical.flash_init_boot2_copyout
                0x0000000020000020       0x30 /var/folders/qh/rc5ty9qd7sb027gybgx226xr0000gn/T//ccLqUCfz.ltrans0.ltrans.o
 .time_critical.flash_range_erase
                0x0000000020000050       0x60 /var/folders/qh/rc5ty9qd7sb027gybgx226xr0000gn/T//ccLqUCfz.ltrans0.ltrans.o
 .time_critical.flash_was_aborted
                0x00000000200000b0       0x10 /var/folders/qh/rc5ty9qd7sb027gybgx226xr0000gn/T//ccLqUCfz.ltrans0.ltrans.o
 .time_critical.flash_cs_force
                0x00000000200000c0       0x24 /var/folders/qh/rc5ty9qd7sb027gybgx226xr0000gn/T//ccLqUCfz.ltrans0.ltrans.o
 .time_critical.flash_put_cmd_addr
                0x00000000200000e4       0x24 /var/folders/qh/rc5ty9qd7sb027gybgx226xr0000gn/T//ccLqUCfz.ltrans0.ltrans.o
 .time_critical.flash_put_get
                0x0000000020000108       0x6a /var/folders/qh/rc5ty9qd7sb027gybgx226xr0000gn/T//ccLqUCfz.ltrans0.ltrans.o
 .time_critical._flash_do_cmd
                0x0000000020000172       0x22 /var/folders/qh/rc5ty9qd7sb027gybgx226xr0000gn/T//ccLqUCfz.ltrans0.ltrans.o
 .time_critical.flash_enable_write
                0x0000000020000194        0xe /var/folders/qh/rc5ty9qd7sb027gybgx226xr0000gn/T//ccLqUCfz.ltrans0.ltrans.o
 .time_critical.flash_wait_ready
                0x00000000200001a2       0x22 /var/folders/qh/rc5ty9qd7sb027gybgx226xr0000gn/T//ccLqUCfz.ltrans0.ltrans.o
 .time_critical.pico_program_bulk
                0x00000000200001c4       0x94 /var/folders/qh/rc5ty9qd7sb027gybgx226xr0000gn/T//ccLqUCfz.ltrans0.ltrans.o
                0x0000000020000258                . = ALIGN (0x4)
 *(.data)
 *(.data.*)
 .data.autoshift_flags
                0x0000000020000258        0x1 /var/folders/qh/rc5ty9qd7sb027gybgx226xr0000gn/T//ccLqUCfz.ltrans0.ltrans.o
 *fill*         0x0000000020000259        0x1 
 .data.autoshift_timeout
                0x000000002000025a        0x2 /var/folders/qh/rc5ty9qd7sb027gybgx226xr0000gn/T//ccLqUCfz.ltrans0.ltrans.o
 .data.b_combo_enable
                0x000000002000025c        0x1 /var/folders/qh/rc5ty9qd7sb027gybgx226xr0000gn/T//ccLqUCfz.ltrans0.ltrans.o
 *fill*         0x000000002000025d        0x3 
 .data.chibios_driver
                0x0000000020000260       0x18 /var/folders/qh/rc5ty9qd7sb027gybgx226xr0000gn/T//ccLqUCfz.ltrans0.ltrans.o
 .data.drivers  0x0000000020000278      0x2c0 /var/folders/qh/rc5ty9qd7sb027gybgx226xr0000gn/T//ccLqUCfz.ltrans0.ltrans.o
 .data.enabled  0x0000000020000538        0x1 /var/folders/qh/rc5ty9qd7sb027gybgx226xr0000gn/T//ccLqUCfz.ltrans0.ltrans.o
 *fill*         0x0000000020000539        0x3 
 .data.func     0x000000002000053c        0x4 /var/folders/qh/rc5ty9qd7sb027gybgx226xr0000gn/T//ccLqUCfz.ltrans0.ltrans.o
 .data.keyboard_protocol
                0x0000000020000540        0x1 /var/folders/qh/rc5ty9qd7sb027gybgx226xr0000gn/T//ccLqUCfz.ltrans0.ltrans.o
 .data.linecoding
                0x0000000020000541        0x7 /var/folders/qh/rc5ty9qd7sb027gybgx226xr0000gn/T//ccLqUCfz.ltrans0.ltrans.o
 .data.macro_end.11681
                0x0000000020000548        0x4 /var/folders/qh/rc5ty9qd7sb027gybgx226xr0000gn/T//ccLqUCfz.ltrans0.ltrans.o
 .data.r_macro_end.11683
                0x000000002000054c        0x4 /var/folders/qh/rc5ty9qd7sb027gybgx226xr0000gn/T//ccLqUCfz.ltrans0.ltrans.o
 .data.vial_unlocked
                0x0000000020000550        0x4 /var/folders/qh/rc5ty9qd7sb027gybgx226xr0000gn/T//ccLqUCfz.ltrans0.ltrans.o
 *(.ramtext)
                0x0000000020000554                . = ALIGN (0x4)
                [!provide]                        PROVIDE (_edata = .)
                0x0000000020000554                __data_end__ = .

.igot.plt       0x0000000020000554        0x0 load address 0x0000000010009698
 .igot.plt      0x0000000020000554        0x0 .build/obj_alectardy98_alpinenoon_rp2040_vial/./lib/chibios/os/common/startup/ARMCMx/compilers/GCC/crt0_v6m.o

.bss            0x0000000020000554     0x2798 load address 0x0000000010009698
                0x0000000020000554                __bss_base__ = .
 *(.bss)
 *(.bss.*)
 .bss.BOOT2_ROM_RAM
                0x0000000020000554      0x100 /var/folders/qh/rc5ty9qd7sb027gybgx226xr0000gn/T//ccLqUCfz.ltrans0.ltrans.o
 .bss.QS        0x0000000020000654       0x24 /var/folders/qh/rc5ty9qd7sb027gybgx226xr0000gn/T//ccLqUCfz.ltrans0.ltrans.o
 .bss.USBD1     0x0000000020000678       0xe4 /var/folders/qh/rc5ty9qd7sb027gybgx226xr0000gn/T//ccLqUCfz.ltrans0.ltrans.o
 .bss.__compound_literal.0.lto_priv.129
                0x000000002000075c       0x20 /var/folders/qh/rc5ty9qd7sb027gybgx226xr0000gn/T//ccLqUCfz.ltrans0.ltrans.o
 .bss.__compound_literal.0.lto_priv.130
                0x000000002000077c       0x90 /var/folders/qh/rc5ty9qd7sb027gybgx226xr0000gn/T//ccLqUCfz.ltrans0.ltrans.o
 .bss.__compound_literal.1
                0x000000002000080c       0x90 /var/folders/qh/rc5ty9qd7sb027gybgx226xr0000gn/T//ccLqUCfz.ltrans0.ltrans.o
 .bss.__compound_literal.2
                0x000000002000089c       0x90 /var/folders/qh/rc5ty9qd7sb027gybgx226xr0000gn/T//ccLqUCfz.ltrans0.ltrans.o
 .bss.__compound_literal.3
                0x000000002000092c       0x90 /var/folders/qh/rc5ty9qd7sb027gybgx226xr0000gn/T//ccLqUCfz.ltrans0.ltrans.o
 .bss.active_override
                0x00000000200009bc        0x4 /var/folders/qh/rc5ty9qd7sb027gybgx226xr0000gn/T//ccLqUCfz.ltrans0.ltrans.o
 .bss.active_override_trigger_is_down
                0x00000000200009c0        0x1 /var/folders/qh/rc5ty9qd7sb027gybgx226xr0000gn/T//ccLqUCfz.ltrans0.ltrans.o
 *fill*         0x00000000200009c1        0x1 
 .bss.active_td
                0x00000000200009c2        0x2 /var/folders/qh/rc5ty9qd7sb027gybgx226xr0000gn/T//ccLqUCfz.ltrans0.ltrans.o
 .bss.autoshift_lastkey
                0x00000000200009c4        0x2 /var/folders/qh/rc5ty9qd7sb027gybgx226xr0000gn/T//ccLqUCfz.ltrans0.ltrans.o
 .bss.autoshift_lastrecord
                0x00000000200009c6        0xa /var/folders/qh/rc5ty9qd7sb027gybgx226xr0000gn/T//ccLqUCfz.ltrans0.ltrans.o
 .bss.autoshift_shift_states
                0x00000000200009d0       0x20 /var/folders/qh/rc5ty9qd7sb027gybgx226xr0000gn/T//ccLqUCfz.ltrans0.ltrans.o
 .bss.autoshift_time
                0x00000000200009f0        0x2 /var/folders/qh/rc5ty9qd7sb027gybgx226xr0000gn/T//ccLqUCfz.ltrans0.ltrans.o
 *fill*         0x00000000200009f2        0x2 
 .bss.boot2_copyout
                0x00000000200009f4      0x100 /var/folders/qh/rc5ty9qd7sb027gybgx226xr0000gn/T//ccLqUCfz.ltrans0.ltrans.o
 .bss.boot2_copyout_valid
                0x0000000020000af4        0x1 /var/folders/qh/rc5ty9qd7sb027gybgx226xr0000gn/T//ccLqUCfz.ltrans0.ltrans.o
 *fill*         0x0000000020000af5        0x1 
 .bss.bulk_write_buffer.5499
                0x0000000020000af6       0x80 /var/folders/qh/rc5ty9qd7sb027gybgx226xr0000gn/T//ccLqUCfz.ltrans0.ltrans.o
 *fill*         0x0000000020000b76        0x2 
 .bss.ch_memcore
                0x0000000020000b78        0x8 /var/folders/qh/rc5ty9qd7sb027gybgx226xr0000gn/T//ccLqUCfz.ltrans0.ltrans.o
 .bss.ch_system
                0x0000000020000b80       0x10 /var/folders/qh/rc5ty9qd7sb027gybgx226xr0000gn/T//ccLqUCfz.ltrans0.ltrans.o
 .bss.combo_buffer
                0x0000000020000b90        0x8 /var/folders/qh/rc5ty9qd7sb027gybgx226xr0000gn/T//ccLqUCfz.ltrans0.ltrans.o
 .bss.combo_buffer_read
                0x0000000020000b98        0x1 /var/folders/qh/rc5ty9qd7sb027gybgx226xr0000gn/T//ccLqUCfz.ltrans0.ltrans.o
 .bss.combo_buffer_write
                0x0000000020000b99        0x1 /var/folders/qh/rc5ty9qd7sb027gybgx226xr0000gn/T//ccLqUCfz.ltrans0.ltrans.o
 *fill*         0x0000000020000b9a        0x2 
 .bss.configured_freq
                0x0000000020000b9c       0x28 /var/folders/qh/rc5ty9qd7sb027gybgx226xr0000gn/T//ccLqUCfz.ltrans0.ltrans.o
 .bss.dance_state
                0x0000000020000bc4       0x20 /var/folders/qh/rc5ty9qd7sb027gybgx226xr0000gn/T//ccLqUCfz.ltrans0.ltrans.o
 .bss.debouncing
                0x0000000020000be4        0x1 /var/folders/qh/rc5ty9qd7sb027gybgx226xr0000gn/T//ccLqUCfz.ltrans0.ltrans.o
 *fill*         0x0000000020000be5        0x3 
 .bss.debouncing_time
                0x0000000020000be8        0x4 /var/folders/qh/rc5ty9qd7sb027gybgx226xr0000gn/T//ccLqUCfz.ltrans0.ltrans.o
 .bss.debug_config
                0x0000000020000bec        0x1 /var/folders/qh/rc5ty9qd7sb027gybgx226xr0000gn/T//ccLqUCfz.ltrans0.ltrans.o
 .bss.default_layer_state
                0x0000000020000bed        0x1 /var/folders/qh/rc5ty9qd7sb027gybgx226xr0000gn/T//ccLqUCfz.ltrans0.ltrans.o
 *fill*         0x0000000020000bee        0x2 
 .bss.defer_delay
                0x0000000020000bf0        0x4 /var/folders/qh/rc5ty9qd7sb027gybgx226xr0000gn/T//ccLqUCfz.ltrans0.ltrans.o
 .bss.defer_reference_time
                0x0000000020000bf4        0x4 /var/folders/qh/rc5ty9qd7sb027gybgx226xr0000gn/T//ccLqUCfz.ltrans0.ltrans.o
 .bss.deferred_register
                0x0000000020000bf8        0x2 /var/folders/qh/rc5ty9qd7sb027gybgx226xr0000gn/T//ccLqUCfz.ltrans0.ltrans.o
 *fill*         0x0000000020000bfa        0x2 
 .bss.desc.9820
                0x0000000020000bfc        0x8 /var/folders/qh/rc5ty9qd7sb027gybgx226xr0000gn/T//ccLqUCfz.ltrans0.ltrans.o
 .bss.driver.lto_priv.127
                0x0000000020000c04        0x4 /var/folders/qh/rc5ty9qd7sb027gybgx226xr0000gn/T//ccLqUCfz.ltrans0.ltrans.o
 .bss.driver.lto_priv.128
                0x0000000020000c08        0x4 /var/folders/qh/rc5ty9qd7sb027gybgx226xr0000gn/T//ccLqUCfz.ltrans0.ltrans.o
 .bss.encoder_pulses
                0x0000000020000c0c        0x1 /var/folders/qh/rc5ty9qd7sb027gybgx226xr0000gn/T//ccLqUCfz.ltrans0.ltrans.o
 .bss.encoder_state
                0x0000000020000c0d        0x1 /var/folders/qh/rc5ty9qd7sb027gybgx226xr0000gn/T//ccLqUCfz.ltrans0.ltrans.o
 .bss.encoder_value
                0x0000000020000c0e        0x1 /var/folders/qh/rc5ty9qd7sb027gybgx226xr0000gn/T//ccLqUCfz.ltrans0.ltrans.o
 *fill*         0x0000000020000c0f        0x1 
 .bss.ep0_state
                0x0000000020000c10       0x40 /var/folders/qh/rc5ty9qd7sb027gybgx226xr0000gn/T//ccLqUCfz.ltrans0.ltrans.o
 .bss.event_queue
                0x0000000020000c50       0x10 /var/folders/qh/rc5ty9qd7sb027gybgx226xr0000gn/T//ccLqUCfz.ltrans0.ltrans.o
 .bss.event_queue_head
                0x0000000020000c60        0x1 /var/folders/qh/rc5ty9qd7sb027gybgx226xr0000gn/T//ccLqUCfz.ltrans0.ltrans.o
 .bss.event_queue_tail
                0x0000000020000c61        0x1 /var/folders/qh/rc5ty9qd7sb027gybgx226xr0000gn/T//ccLqUCfz.ltrans0.ltrans.o
 .bss.g_vial_magic_keycode_override
                0x0000000020000c62        0x2 /var/folders/qh/rc5ty9qd7sb027gybgx226xr0000gn/T//ccLqUCfz.ltrans0.ltrans.o
 .bss.grave_esc_was_shifted
                0x0000000020000c64        0x1 /var/folders/qh/rc5ty9qd7sb027gybgx226xr0000gn/T//ccLqUCfz.ltrans0.ltrans.o
 *fill*         0x0000000020000c65        0x3 
 .bss.interrupts
                0x0000000020000c68        0x4 /var/folders/qh/rc5ty9qd7sb027gybgx226xr0000gn/T//ccLqUCfz.ltrans0.ltrans.o
 .bss.kbd_ep_state
                0x0000000020000c6c       0x20 /var/folders/qh/rc5ty9qd7sb027gybgx226xr0000gn/T//ccLqUCfz.ltrans0.ltrans.o
 .bss.key_buffer
                0x0000000020000c8c       0x70 /var/folders/qh/rc5ty9qd7sb027gybgx226xr0000gn/T//ccLqUCfz.ltrans0.ltrans.o
 .bss.key_buffer_next.11687
                0x0000000020000cfc        0x1 /var/folders/qh/rc5ty9qd7sb027gybgx226xr0000gn/T//ccLqUCfz.ltrans0.ltrans.o
 .bss.key_buffer_size
                0x0000000020000cfd        0x1 /var/folders/qh/rc5ty9qd7sb027gybgx226xr0000gn/T//ccLqUCfz.ltrans0.ltrans.o
 *fill*         0x0000000020000cfe        0x2 
 .bss.key_combos
                0x0000000020000d00      0x180 /var/folders/qh/rc5ty9qd7sb027gybgx226xr0000gn/T//ccLqUCfz.ltrans0.ltrans.o
 .bss.key_combos_keys
                0x0000000020000e80      0x140 /var/folders/qh/rc5ty9qd7sb027gybgx226xr0000gn/T//ccLqUCfz.ltrans0.ltrans.o
 .bss.keyboard_idle
                0x0000000020000fc0        0x1 /var/folders/qh/rc5ty9qd7sb027gybgx226xr0000gn/T//ccLqUCfz.ltrans0.ltrans.o
 *fill*         0x0000000020000fc1        0x3 
 .bss.keyboard_idle_timer
                0x0000000020000fc4       0x18 /var/folders/qh/rc5ty9qd7sb027gybgx226xr0000gn/T//ccLqUCfz.ltrans0.ltrans.o
 .bss.keyboard_led_state
                0x0000000020000fdc        0x1 /var/folders/qh/rc5ty9qd7sb027gybgx226xr0000gn/T//ccLqUCfz.ltrans0.ltrans.o
 .bss.keyboard_report_sent
                0x0000000020000fdd       0x20 /var/folders/qh/rc5ty9qd7sb027gybgx226xr0000gn/T//ccLqUCfz.ltrans0.ltrans.o
 *fill*         0x0000000020000ffd        0x1 
 .bss.keymap_config
                0x0000000020000ffe        0x2 /var/folders/qh/rc5ty9qd7sb027gybgx226xr0000gn/T//ccLqUCfz.ltrans0.ltrans.o
 .bss.last_consumer_report
                0x0000000020001000        0x2 /var/folders/qh/rc5ty9qd7sb027gybgx226xr0000gn/T//ccLqUCfz.ltrans0.ltrans.o
 .bss.last_key_down
                0x0000000020001002        0x2 /var/folders/qh/rc5ty9qd7sb027gybgx226xr0000gn/T//ccLqUCfz.ltrans0.ltrans.o
 .bss.last_key_down_time
                0x0000000020001004        0x4 /var/folders/qh/rc5ty9qd7sb027gybgx226xr0000gn/T//ccLqUCfz.ltrans0.ltrans.o
 .bss.last_led_status.9504
                0x0000000020001008        0x1 /var/folders/qh/rc5ty9qd7sb027gybgx226xr0000gn/T//ccLqUCfz.ltrans0.ltrans.o
 .bss.last_report.10051
                0x0000000020001009       0x20 /var/folders/qh/rc5ty9qd7sb027gybgx226xr0000gn/T//ccLqUCfz.ltrans0.ltrans.o
 .bss.last_suspend_state
                0x0000000020001029        0x1 /var/folders/qh/rc5ty9qd7sb027gybgx226xr0000gn/T//ccLqUCfz.ltrans0.ltrans.o
 .bss.last_system_report
                0x000000002000102a        0x2 /var/folders/qh/rc5ty9qd7sb027gybgx226xr0000gn/T//ccLqUCfz.ltrans0.ltrans.o
 .bss.last_tap_time
                0x000000002000102c        0x2 /var/folders/qh/rc5ty9qd7sb027gybgx226xr0000gn/T//ccLqUCfz.ltrans0.ltrans.o
 .bss.last_tick.11788
                0x000000002000102e        0x2 /var/folders/qh/rc5ty9qd7sb027gybgx226xr0000gn/T//ccLqUCfz.ltrans0.ltrans.o
 .bss.last_ticks
                0x0000000020001030        0x4 /var/folders/qh/rc5ty9qd7sb027gybgx226xr0000gn/T//ccLqUCfz.ltrans0.ltrans.o
 .bss.layer_state
                0x0000000020001034        0x1 /var/folders/qh/rc5ty9qd7sb027gybgx226xr0000gn/T//ccLqUCfz.ltrans0.ltrans.o
 *fill*         0x0000000020001035        0x1 
 .bss.longest_term
                0x0000000020001036        0x2 /var/folders/qh/rc5ty9qd7sb027gybgx226xr0000gn/T//ccLqUCfz.ltrans0.ltrans.o
 .bss.macro_buffer.11680
                0x0000000020001038      0x500 /var/folders/qh/rc5ty9qd7sb027gybgx226xr0000gn/T//ccLqUCfz.ltrans0.ltrans.o
 .bss.macro_id.11685
                0x0000000020001538        0x1 /var/folders/qh/rc5ty9qd7sb027gybgx226xr0000gn/T//ccLqUCfz.ltrans0.ltrans.o
 *fill*         0x0000000020001539        0x3 
 .bss.macro_pointer.11684
                0x000000002000153c        0x4 /var/folders/qh/rc5ty9qd7sb027gybgx226xr0000gn/T//ccLqUCfz.ltrans0.ltrans.o
 .bss.matrix    0x0000000020001540       0x14 /var/folders/qh/rc5ty9qd7sb027gybgx226xr0000gn/T//ccLqUCfz.ltrans0.ltrans.o
 .bss.matrix_previous.11795
                0x0000000020001554       0x14 /var/folders/qh/rc5ty9qd7sb027gybgx226xr0000gn/T//ccLqUCfz.ltrans0.ltrans.o
 .bss.ms_offset
                0x0000000020001568        0x4 /var/folders/qh/rc5ty9qd7sb027gybgx226xr0000gn/T//ccLqUCfz.ltrans0.ltrans.o
 .bss.oneshot_layer_data
                0x000000002000156c        0x1 /var/folders/qh/rc5ty9qd7sb027gybgx226xr0000gn/T//ccLqUCfz.ltrans0.ltrans.o
 *fill*         0x000000002000156d        0x1 
 .bss.oneshot_layer_time
                0x000000002000156e        0x2 /var/folders/qh/rc5ty9qd7sb027gybgx226xr0000gn/T//ccLqUCfz.ltrans0.ltrans.o
 .bss.oneshot_locked_mods
                0x0000000020001570        0x1 /var/folders/qh/rc5ty9qd7sb027gybgx226xr0000gn/T//ccLqUCfz.ltrans0.ltrans.o
 .bss.oneshot_mods
                0x0000000020001571        0x1 /var/folders/qh/rc5ty9qd7sb027gybgx226xr0000gn/T//ccLqUCfz.ltrans0.ltrans.o
 .bss.oneshot_time
                0x0000000020001572        0x2 /var/folders/qh/rc5ty9qd7sb027gybgx226xr0000gn/T//ccLqUCfz.ltrans0.ltrans.o
 .bss.override_ptrs
                0x0000000020001574       0x84 /var/folders/qh/rc5ty9qd7sb027gybgx226xr0000gn/T//ccLqUCfz.ltrans0.ltrans.o
 .bss.overrides
                0x00000000200015f8      0x300 /var/folders/qh/rc5ty9qd7sb027gybgx226xr0000gn/T//ccLqUCfz.ltrans0.ltrans.o
 .bss.raw_matrix
                0x00000000200018f8       0x14 /var/folders/qh/rc5ty9qd7sb027gybgx226xr0000gn/T//ccLqUCfz.ltrans0.ltrans.o
 .bss.real_mods
                0x000000002000190c        0x1 /var/folders/qh/rc5ty9qd7sb027gybgx226xr0000gn/T//ccLqUCfz.ltrans0.ltrans.o
 .bss.report.9992
                0x000000002000190d        0x3 /var/folders/qh/rc5ty9qd7sb027gybgx226xr0000gn/T//ccLqUCfz.ltrans0.ltrans.o
 .bss.retro_tapping_counter
                0x0000000020001910        0x4 /var/folders/qh/rc5ty9qd7sb027gybgx226xr0000gn/T//ccLqUCfz.ltrans0.ltrans.o
 .bss.sc_last   0x0000000020001914        0x1 /var/folders/qh/rc5ty9qd7sb027gybgx226xr0000gn/T//ccLqUCfz.ltrans0.ltrans.o
 *fill*         0x0000000020001915        0x1 
 .bss.sc_timer  0x0000000020001916        0x2 /var/folders/qh/rc5ty9qd7sb027gybgx226xr0000gn/T//ccLqUCfz.ltrans0.ltrans.o
 .bss.set_report_buf
                0x0000000020001918        0x2 /var/folders/qh/rc5ty9qd7sb027gybgx226xr0000gn/T//ccLqUCfz.ltrans0.ltrans.o
 *fill*         0x000000002000191a        0x2 
 .bss.shared_ep_state
                0x000000002000191c       0x20 /var/folders/qh/rc5ty9qd7sb027gybgx226xr0000gn/T//ccLqUCfz.ltrans0.ltrans.o
 .bss.source_layers_cache
                0x000000002000193c       0x21 /var/folders/qh/rc5ty9qd7sb027gybgx226xr0000gn/T//ccLqUCfz.ltrans0.ltrans.o
 .bss.suppressed_mods
                0x000000002000195d        0x1 /var/folders/qh/rc5ty9qd7sb027gybgx226xr0000gn/T//ccLqUCfz.ltrans0.ltrans.o
 *fill*         0x000000002000195e        0x2 
 .bss.tap_dance_actions
                0x0000000020001960      0x300 /var/folders/qh/rc5ty9qd7sb027gybgx226xr0000gn/T//ccLqUCfz.ltrans0.ltrans.o
 .bss.tapping_key
                0x0000000020001c60        0xa /var/folders/qh/rc5ty9qd7sb027gybgx226xr0000gn/T//ccLqUCfz.ltrans0.ltrans.o
 .bss.td_entry  0x0000000020001c6a        0xa /var/folders/qh/rc5ty9qd7sb027gybgx226xr0000gn/T//ccLqUCfz.ltrans0.ltrans.o
 .bss.thisCount
                0x0000000020001c74        0x1 /var/folders/qh/rc5ty9qd7sb027gybgx226xr0000gn/T//ccLqUCfz.ltrans0.ltrans.o
 *fill*         0x0000000020001c75        0x3 
 .bss.ticks_offset
                0x0000000020001c78        0x4 /var/folders/qh/rc5ty9qd7sb027gybgx226xr0000gn/T//ccLqUCfz.ltrans0.ltrans.o
 .bss.timed_out.10009
                0x0000000020001c7c        0x1 /var/folders/qh/rc5ty9qd7sb027gybgx226xr0000gn/T//ccLqUCfz.ltrans0.ltrans.o
 *fill*         0x0000000020001c7d        0x1 
 .bss.timer     0x0000000020001c7e        0x2 /var/folders/qh/rc5ty9qd7sb027gybgx226xr0000gn/T//ccLqUCfz.ltrans0.ltrans.o
 .bss.unicode_config
                0x0000000020001c80        0x4 /var/folders/qh/rc5ty9qd7sb027gybgx226xr0000gn/T//ccLqUCfz.ltrans0.ltrans.o
 .bss.unicode_saved_caps_lock
                0x0000000020001c84        0x1 /var/folders/qh/rc5ty9qd7sb027gybgx226xr0000gn/T//ccLqUCfz.ltrans0.ltrans.o
 .bss.unicode_saved_mods
                0x0000000020001c85        0x1 /var/folders/qh/rc5ty9qd7sb027gybgx226xr0000gn/T//ccLqUCfz.ltrans0.ltrans.o
 .bss.unicode_saved_num_lock
                0x0000000020001c86        0x1 /var/folders/qh/rc5ty9qd7sb027gybgx226xr0000gn/T//ccLqUCfz.ltrans0.ltrans.o
 .bss.vial_key_override_disabled
                0x0000000020001c87        0x1 /var/folders/qh/rc5ty9qd7sb027gybgx226xr0000gn/T//ccLqUCfz.ltrans0.ltrans.o
 .bss.vial_unlock_counter
                0x0000000020001c88        0x4 /var/folders/qh/rc5ty9qd7sb027gybgx226xr0000gn/T//ccLqUCfz.ltrans0.ltrans.o
 .bss.vial_unlock_in_progress
                0x0000000020001c8c        0x4 /var/folders/qh/rc5ty9qd7sb027gybgx226xr0000gn/T//ccLqUCfz.ltrans0.ltrans.o
 .bss.waiting_buffer
                0x0000000020001c90       0x50 /var/folders/qh/rc5ty9qd7sb027gybgx226xr0000gn/T//ccLqUCfz.ltrans0.ltrans.o
 .bss.waiting_buffer_head
                0x0000000020001ce0        0x1 /var/folders/qh/rc5ty9qd7sb027gybgx226xr0000gn/T//ccLqUCfz.ltrans0.ltrans.o
 .bss.waiting_buffer_tail
                0x0000000020001ce1        0x1 /var/folders/qh/rc5ty9qd7sb027gybgx226xr0000gn/T//ccLqUCfz.ltrans0.ltrans.o
 .bss.weak_mods
                0x0000000020001ce2        0x1 /var/folders/qh/rc5ty9qd7sb027gybgx226xr0000gn/T//ccLqUCfz.ltrans0.ltrans.o
 .bss.weak_override_mods
                0x0000000020001ce3        0x1 /var/folders/qh/rc5ty9qd7sb027gybgx226xr0000gn/T//ccLqUCfz.ltrans0.ltrans.o
 .bss.wear_leveling
                0x0000000020001ce4     0x1008 /var/folders/qh/rc5ty9qd7sb027gybgx226xr0000gn/T//ccLqUCfz.ltrans0.ltrans.o
 *(COMMON)
                0x0000000020002cec                . = ALIGN (0x4)
                0x0000000020002cec                __bss_end__ = .
                [!provide]                        PROVIDE (end = .)
                0x0000000020000000                __ram0_base__ = ORIGIN (ram0)
                0x0000000000040000                __ram0_size__ = LENGTH (ram0)
                0x0000000020040000                __ram0_end__ = (__ram0_base__ + __ram0_size__)
                0x0000000000000000                __ram1_base__ = ORIGIN (ram1)
                0x0000000000040000                __ram1_size__ = LENGTH (ram1)
                0x0000000000040000                __ram1_end__ = (__ram1_base__ + __ram1_size__)
                0x0000000000000000                __ram2_base__ = ORIGIN (ram2)
                0x0000000000000000                __ram2_size__ = LENGTH (ram2)
                0x0000000000000000                __ram2_end__ = (__ram2_base__ + __ram2_size__)
                0x0000000000000000                __ram3_base__ = ORIGIN (ram3)
                0x0000000000000000                __ram3_size__ = LENGTH (ram3)
                0x0000000000000000                __ram3_end__ = (__ram3_base__ + __ram3_size__)
                0x0000000020040000                __ram4_base__ = ORIGIN (ram4)
                0x0000000000001000                __ram4_size__ = LENGTH (ram4)
                0x0000000020041000                __ram4_end__ = (__ram4_base__ + __ram4_size__)
                0x0000000020041000                __ram5_base__ = ORIGIN (ram5)
                0x0000000000001000                __ram5_size__ = LENGTH (ram5)
                0x0000000020042000                __ram5_end__ = (__ram5_base__ + __ram5_size__)
                0x0000000000000000                __ram6_base__ = ORIGIN (ram6)
                0x0000000000000000                __ram6_size__ = LENGTH (ram6)
                0x0000000000000000                __ram6_end__ = (__ram6_base__ + __ram6_size__)
                0x0000000020041f00                __ram7_base__ = ORIGIN (ram7)
                0x0000000000000100                __ram7_size__ = LENGTH (ram7)
                0x0000000020042000                __ram7_end__ = (__ram7_base__ + __ram7_size__)
                0x0000000000000000                __flash0_base__ = ORIGIN (flash0)
                0x0000000000004000                __flash0_size__ = LENGTH (flash0)
                0x0000000000004000                __flash0_end__ = (__flash0_base__ + __flash0_size__)
                0x0000000010000000                __flash1_base__ = ORIGIN (flash1)
                0x0000000000200000                __flash1_size__ = LENGTH (flash1)
                0x0000000010200000                __flash1_end__ = (__flash1_base__ + __flash1_size__)
                0x0000000000000000                __flash2_base__ = ORIGIN (flash2)
                0x0000000000000000                __flash2_size__ = LENGTH (flash2)
                0x0000000000000000                __flash2_end__ = (__flash2_base__ + __flash2_size__)
                0x0000000000000000                __flash3_base__ = ORIGIN (flash3)
                0x0000000000000000                __flash3_size__ = LENGTH (flash3)
                0x0000000000000000                __flash3_end__ = (__flash3_base__ + __flash3_size__)
                0x0000000000000000                __flash4_base__ = ORIGIN (flash4)
                0x0000000000000000                __flash4_size__ = LENGTH (flash4)
                0x0000000000000000                __flash4_end__ = (__flash4_base__ + __flash4_size__)
                0x0000000000000000                __flash5_base__ = ORIGIN (flash5)
                0x0000000000000000                __flash5_size__ = LENGTH (flash5)
                0x0000000000000000                __flash5_end__ = (__flash5_base__ + __flash5_size__)
                0x0000000000000000                __flash6_base__ = ORIGIN (flash6)
                0x0000000000000000                __flash6_size__ = LENGTH (flash6)
                0x0000000000000000                __flash6_end__ = (__flash6_base__ + __flash6_size__)
                0x0000000000000000                __flash7_base__ = ORIGIN (flash7)
                0x0000000000000000                __flash7_size__ = LENGTH (flash7)
                0x0000000000000000                __flash7_end__ = (__flash7_base__ + __flash7_size__)

.ram0_init      0x0000000020002cec        0x0 load address 0x0000000010009698
                0x0000000010009698                __ram0_init_text__ = LOADADDR (.ram0_init)
                0x0000000020002cec                __ram0_init__ = .
 *(.ram0_init)
 *(.ram0_init.*)
                0x0000000020002cec                . = ALIGN (0x4)

.ram0           0x0000000020002cec        0x4 load address 0x0000000010009698
                0x0000000020002cec                __ram0_clear__ = .
 *(.ram0_clear)
 *(.ram0_clear.*)
                0x0000000020002cec                . = ALIGN (0x4)
                0x0000000020002cec                __ram0_noinit__ = .
 *(.ram0)
 *(.ram0.*)
 .ram0.bootloader_magic
                0x0000000020002cec        0x4 /var/folders/qh/rc5ty9qd7sb027gybgx226xr0000gn/T//ccLqUCfz.ltrans0.ltrans.o
                0x0000000020002cf0                . = ALIGN (0x4)
                0x0000000020002cf0                __ram0_free__ = .

.ram1_init      0x0000000000000000        0x0 load address 0x0000000010009698
                0x0000000010009698                __ram1_init_text__ = LOADADDR (.ram1_init)
                0x0000000000000000                __ram1_init__ = .
 *(.ram1_init)
 *(.ram1_init.*)
                0x0000000000000000                . = ALIGN (0x4)

.ram1           0x0000000000000000        0x0 load address 0x0000000010009698
                0x0000000000000000                __ram1_clear__ = .
 *(.ram1_clear)
 *(.ram1_clear.*)
                0x0000000000000000                . = ALIGN (0x4)
                0x0000000000000000                __ram1_noinit__ = .
 *(.ram1)
 *(.ram1.*)
                0x0000000000000000                . = ALIGN (0x4)
                0x0000000000000000                __ram1_free__ = .

.ram2_init      0x0000000000000000        0x0 load address 0x0000000010009698
                0x0000000010009698                __ram2_init_text__ = LOADADDR (.ram2_init)
                0x0000000000000000                __ram2_init__ = .
 *(.ram2_init)
 *(.ram2_init.*)
                0x0000000000000000                . = ALIGN (0x4)

.ram2           0x0000000000000000        0x0 load address 0x0000000010009698
                0x0000000000000000                __ram2_clear__ = .
 *(.ram2_clear)
 *(.ram2_clear.*)
                0x0000000000000000                . = ALIGN (0x4)
                0x0000000000000000                __ram2_noinit__ = .
 *(.ram2)
 *(.ram2.*)
                0x0000000000000000                . = ALIGN (0x4)
                0x0000000000000000                __ram2_free__ = .

.ram3_init      0x0000000000000000        0x0 load address 0x0000000010009698
                0x0000000010009698                __ram3_init_text__ = LOADADDR (.ram3_init)
                0x0000000000000000                __ram3_init__ = .
 *(.ram3_init)
 *(.ram3_init.*)
                0x0000000000000000                . = ALIGN (0x4)

.ram3           0x0000000000000000        0x0 load address 0x0000000010009698
                0x0000000000000000                __ram3_clear__ = .
 *(.ram3_clear)
 *(.ram3_clear.*)
                0x0000000000000000                . = ALIGN (0x4)
                0x0000000000000000                __ram3_noinit__ = .
 *(.ram3)
 *(.ram3.*)
                0x0000000000000000                . = ALIGN (0x4)
                0x0000000000000000                __ram3_free__ = .

.ram4_init      0x0000000020040c00        0x0 load address 0x0000000010009698
                0x0000000010009698                __ram4_init_text__ = LOADADDR (.ram4_init)
                0x0000000020040c00                __ram4_init__ = .
 *(.ram4_init)
 *(.ram4_init.*)
                0x0000000020040c00                . = ALIGN (0x4)

.ram4           0x0000000020040c00      0x120 load address 0x0000000010009698
                0x0000000020040c00                __ram4_clear__ = .
 *(.ram4_clear)
 *(.ram4_clear.*)
 .ram4_clear.core0
                0x0000000020040c00      0x120 /var/folders/qh/rc5ty9qd7sb027gybgx226xr0000gn/T//ccLqUCfz.ltrans0.ltrans.o
                0x0000000020040d20                . = ALIGN (0x4)
                0x0000000020040d20                __ram4_noinit__ = .
 *(.ram4)
 *(.ram4.*)
                0x0000000020040d20                . = ALIGN (0x4)
                0x0000000020040d20                __ram4_free__ = .

.ram5_init      0x0000000020041c00        0x0 load address 0x0000000010009698
                0x0000000010009698                __ram5_init_text__ = LOADADDR (.ram5_init)
                0x0000000020041c00                __ram5_init__ = .
 *(.ram5_init)
 *(.ram5_init.*)
                0x0000000020041c00                . = ALIGN (0x4)

.ram5           0x0000000020041c00        0x0 load address 0x0000000010009698
                0x0000000020041c00                __ram5_clear__ = .
 *(.ram5_clear)
 *(.ram5_clear.*)
                0x0000000020041c00                . = ALIGN (0x4)
                0x0000000020041c00                __ram5_noinit__ = .
 *(.ram5)
 *(.ram5.*)
                0x0000000020041c00                . = ALIGN (0x4)
                0x0000000020041c00                __ram5_free__ = .

.ram6_init      0x0000000000000000        0x0 load address 0x0000000010009698
                0x0000000010009698                __ram6_init_text__ = LOADADDR (.ram6_init)
                0x0000000000000000                __ram6_init__ = .
 *(.ram6_init)
 *(.ram6_init.*)
                0x0000000000000000                . = ALIGN (0x4)

.ram6           0x0000000000000000        0x0 load address 0x0000000010009698
                0x0000000000000000                __ram6_clear__ = .
 *(.ram6_clear)
 *(.ram6_clear.*)
                0x0000000000000000                . = ALIGN (0x4)
                0x0000000000000000                __ram6_noinit__ = .
 *(.ram6)
 *(.ram6.*)
                0x0000000000000000                . = ALIGN (0x4)
                0x0000000000000000                __ram6_free__ = .

.ram7_init      0x0000000020041f00        0x0 load address 0x0000000010009698
                0x0000000010009698                __ram7_init_text__ = LOADADDR (.ram7_init)
                0x0000000020041f00                __ram7_init__ = .
 *(.ram7_init)
 *(.ram7_init.*)
                0x0000000020041f00                . = ALIGN (0x4)

.ram7           0x0000000020041f00        0x0 load address 0x0000000010009698
                0x0000000020041f00                __ram7_clear__ = .
 *(.ram7_clear)
 *(.ram7_clear.*)
                0x0000000020041f00                . = ALIGN (0x4)
                0x0000000020041f00                __ram7_noinit__ = .
 *(.ram7)
 *(.ram7.*)
                0x0000000020041f00                . = ALIGN (0x4)
                0x0000000020041f00                __ram7_free__ = .

.flash0         0x0000000000000000        0x0
                0x0000000000000000                __flash0_init__ = .
 *(.flash0_init)
 *(.flash0_init.*)
                0x0000000000000000                __flash0_free__ = .

.flash1         0x0000000010009698        0x0
                0x0000000010009698                __flash1_init__ = .
 *(.flash1_init)
 *(.flash1_init.*)
                0x0000000010009698                __flash1_free__ = .

.flash2         0x0000000000000000        0x0
                0x0000000000000000                __flash2_init__ = .
 *(.flash2_init)
 *(.flash2_init.*)
                0x0000000000000000                __flash2_free__ = .

.flash3         0x0000000000000000        0x0
                0x0000000000000000                __flash3_init__ = .
 *(.flash3_init)
 *(.flash3_init.*)
                0x0000000000000000                __flash3_free__ = .

.flash4         0x0000000000000000        0x0
                0x0000000000000000                __flash4_init__ = .
 *(.flash4_init)
 *(.flash4_init.*)
                0x0000000000000000                __flash4_free__ = .

.flash5         0x0000000000000000        0x0
                0x0000000000000000                __flash5_init__ = .
 *(.flash5_init)
 *(.flash5_init.*)
                0x0000000000000000                __flash5_free__ = .

.flash6         0x0000000000000000        0x0
                0x0000000000000000                __flash6_init__ = .
 *(.flash6_init)
 *(.flash6_init.*)
                0x0000000000000000                __flash6_free__ = .

.flash7         0x0000000000000000        0x0
                0x0000000000000000                __flash7_init__ = .
 *(.flash7_init)
 *(.flash7_init.*)
                0x0000000000000000                __flash7_free__ = .

.heap           0x0000000020002cf0    0x3d310
                0x0000000020002cf0                . = ALIGN (0x8)
                0x0000000020002cf0                __heap_base__ = .
                0x0000000020040000                . = (ORIGIN (HEAP_RAM) + LENGTH (HEAP_RAM))
 *fill*         0x0000000020002cf0    0x3d310 
                0x0000000020040000                __heap_end__ = .

.flash_end      0x0000000010009698        0x0
                0x0000000010009698                __flash_binary_end = .
OUTPUT(.build/alectardy98_alpinenoon_rp2040_vial.elf elf32-littlearm)

.debug_info     0x0000000000000000    0xfb7e9
 .debug_info    0x0000000000000000    0xe6ce6 /var/folders/qh/rc5ty9qd7sb027gybgx226xr0000gn/T//cczyfemvdebugobj
                0x0000000000000000                alpinenoon.c.aeb309ed
                0x0000000000002475                default_keyboard.c.9e439374
                0x00000000000048ea                keymap_introspection.c.29c9c896
                0x000000000000807b                quantum.c.8ef5db06
                0x000000000000bd58                bitwise.c.237b1810
                0x000000000000bf48                led.c.e11ae1c5
                0x000000000000df02                action.c.d1da712d
                0x0000000000011225                action_layer.c.7aac5e26
                0x0000000000013af7                action_tapping.c.2eb894c4
                0x0000000000014ede                action_util.c.3c447b58
                0x0000000000017461                eeconfig.c.b740c076
                0x0000000000017f8d                keyboard.c.60495313
                0x000000000001a8b0                keymap_common.c.ddedf688
                0x000000000001e525                keycode_config.c.b858f1f1
                0x000000000001eb5e                sync_timer.c.6e5ccd5c
                0x000000000001ebf9                debug.c.e9a35e1e
                0x000000000001f5ba                sendchar.c.465c30fe
                0x000000000001f66c                print.c.c80dd4ca
                0x000000000001f784                bootmagic_lite.c.8318480f
                0x0000000000021c3a                magic.c.0273bf5d
                0x0000000000023d51                matrix_common.c.a11a22fd
                0x0000000000026442                matrix.c.e891c546
                0x00000000000290ca                sym_defer_g.c.a8d85ead
                0x000000000002b666                main.c.bb3bc6b8
                0x000000000002b6f4                printf.c.fd662f5d
                0x000000000002bf5d                eeprom_driver.c.d1f2a858
                0x000000000002cad8                eeprom_wear_leveling.c.144bed57
                0x000000000002d48e                wear_leveling.c.9a596cba
                0x000000000002e58f                wear_leveling_rp2040_flash.c.f5c1a03a
                0x000000000002f694                via.c.d028da36
                0x00000000000320a3                vial.c.673a2bab
                0x0000000000036296                dynamic_keymap.c.b06027e6
                0x00000000000393e1                qmk_settings.c.cbbb2496
                0x000000000003c542                qmk_fnv_type_validation.c.6f074b14
                0x000000000003d062                hash_32a.c.5f127455
                0x000000000003dc08                hash_64a.c.f2ad4607
                0x000000000003e7ae                process_unicode.c.b0a9b995
                0x0000000000041aaf                process_unicode_common.c.b9747bfe
                0x0000000000045424                utf8.c.6fed55f8
                0x00000000000454f4                process_magic.c.2acca651
                0x00000000000487f5                send_string.c.26f3d8ff
                0x000000000004b296                process_auto_shift.c.2ad2432b
                0x000000000004ee9b                encoder.c.204d80fb
                0x0000000000051a35                process_combo.c.977e88df