Archive member included to satisfy reference by file (symbol)

/usr/lib/gcc/arm-none-eabi/14.1.0/../../../../arm-none-eabi/lib/thumb/v6-m/nofp/libg_nano.a(libc_a-rand.o)
                              .build/obj_alectardy98_nixdorf_softkeys_default/quantum/send_string/send_string.o (symbol from plugin) (rand)
/usr/lib/gcc/arm-none-eabi/14.1.0/../../../../arm-none-eabi/lib/thumb/v6-m/nofp/libg_nano.a(libc_a-ctype_.o)
                              .build/obj_alectardy98_nixdorf_softkeys_default/quantum/send_string/send_string.o (symbol from plugin) (_ctype_)
/usr/lib/gcc/arm-none-eabi/14.1.0/../../../../arm-none-eabi/lib/thumb/v6-m/nofp/libg_nano.a(libc_a-impure.o)
                              /usr/lib/gcc/arm-none-eabi/14.1.0/../../../../arm-none-eabi/lib/thumb/v6-m/nofp/libg_nano.a(libc_a-rand.o) (_impure_ptr)
/usr/lib/gcc/arm-none-eabi/14.1.0/../../../../arm-none-eabi/lib/thumb/v6-m/nofp/libg_nano.a(libc_a-errno.o)
                              .build/obj_alectardy98_nixdorf_softkeys/platforms/chibios/syscall-fallbacks.o (symbol from plugin) (__errno)
/usr/lib/gcc/arm-none-eabi/14.1.0/../../../../arm-none-eabi/lib/thumb/v6-m/nofp/libg_nano.a(libc_a-assert.o)
                              /usr/lib/gcc/arm-none-eabi/14.1.0/../../../../arm-none-eabi/lib/thumb/v6-m/nofp/libg_nano.a(libc_a-rand.o) (__assert_func)
/usr/lib/gcc/arm-none-eabi/14.1.0/../../../../arm-none-eabi/lib/thumb/v6-m/nofp/libg_nano.a(libc_a-malloc.o)
                              /usr/lib/gcc/arm-none-eabi/14.1.0/../../../../arm-none-eabi/lib/thumb/v6-m/nofp/libg_nano.a(libc_a-rand.o) (malloc)
/usr/lib/gcc/arm-none-eabi/14.1.0/../../../../arm-none-eabi/lib/thumb/v6-m/nofp/libg_nano.a(libc_a-mallocr.o)
                              /usr/lib/gcc/arm-none-eabi/14.1.0/../../../../arm-none-eabi/lib/thumb/v6-m/nofp/libg_nano.a(libc_a-malloc.o) (_malloc_r)
/usr/lib/gcc/arm-none-eabi/14.1.0/../../../../arm-none-eabi/lib/thumb/v6-m/nofp/libg_nano.a(libc_a-mlock.o)
                              /usr/lib/gcc/arm-none-eabi/14.1.0/../../../../arm-none-eabi/lib/thumb/v6-m/nofp/libg_nano.a(libc_a-mallocr.o) (__malloc_lock)
/usr/lib/gcc/arm-none-eabi/14.1.0/../../../../arm-none-eabi/lib/thumb/v6-m/nofp/libg_nano.a(libc_a-fprintf.o)
                              /usr/lib/gcc/arm-none-eabi/14.1.0/../../../../arm-none-eabi/lib/thumb/v6-m/nofp/libg_nano.a(libc_a-assert.o) (fiprintf)
/usr/lib/gcc/arm-none-eabi/14.1.0/../../../../arm-none-eabi/lib/thumb/v6-m/nofp/libg_nano.a(libc_a-lock.o)
                              /usr/lib/gcc/arm-none-eabi/14.1.0/../../../../arm-none-eabi/lib/thumb/v6-m/nofp/libg_nano.a(libc_a-mlock.o) (__retarget_lock_acquire_recursive)
/usr/lib/gcc/arm-none-eabi/14.1.0/../../../../arm-none-eabi/lib/thumb/v6-m/nofp/libg_nano.a(libc_a-abort.o)
                              /usr/lib/gcc/arm-none-eabi/14.1.0/../../../../arm-none-eabi/lib/thumb/v6-m/nofp/libg_nano.a(libc_a-assert.o) (abort)
/usr/lib/gcc/arm-none-eabi/14.1.0/../../../../arm-none-eabi/lib/thumb/v6-m/nofp/libg_nano.a(libc_a-freer.o)
                              /usr/lib/gcc/arm-none-eabi/14.1.0/../../../../arm-none-eabi/lib/thumb/v6-m/nofp/libg_nano.a(libc_a-malloc.o) (_free_r)
/usr/lib/gcc/arm-none-eabi/14.1.0/../../../../arm-none-eabi/lib/thumb/v6-m/nofp/libg_nano.a(libc_a-nano-vfprintf.o)
                              /usr/lib/gcc/arm-none-eabi/14.1.0/../../../../arm-none-eabi/lib/thumb/v6-m/nofp/libg_nano.a(libc_a-fprintf.o) (_vfprintf_r)
/usr/lib/gcc/arm-none-eabi/14.1.0/../../../../arm-none-eabi/lib/thumb/v6-m/nofp/libg_nano.a(libc_a-nano-vfprintf_i.o)
                              /usr/lib/gcc/arm-none-eabi/14.1.0/../../../../arm-none-eabi/lib/thumb/v6-m/nofp/libg_nano.a(libc_a-nano-vfprintf.o) (_printf_i)
/usr/lib/gcc/arm-none-eabi/14.1.0/../../../../arm-none-eabi/lib/thumb/v6-m/nofp/libg_nano.a(libc_a-findfp.o)
                              /usr/lib/gcc/arm-none-eabi/14.1.0/../../../../arm-none-eabi/lib/thumb/v6-m/nofp/libg_nano.a(libc_a-nano-vfprintf.o) (__sinit)
/usr/lib/gcc/arm-none-eabi/14.1.0/../../../../arm-none-eabi/lib/thumb/v6-m/nofp/libg_nano.a(libc_a-fvwrite.o)
                              /usr/lib/gcc/arm-none-eabi/14.1.0/../../../../arm-none-eabi/lib/thumb/v6-m/nofp/libg_nano.a(libc_a-nano-vfprintf.o) (__sfvwrite_r)
/usr/lib/gcc/arm-none-eabi/14.1.0/../../../../arm-none-eabi/lib/thumb/v6-m/nofp/libg_nano.a(libc_a-fwalk.o)
                              /usr/lib/gcc/arm-none-eabi/14.1.0/../../../../arm-none-eabi/lib/thumb/v6-m/nofp/libg_nano.a(libc_a-findfp.o) (_fwalk_sglue)
/usr/lib/gcc/arm-none-eabi/14.1.0/../../../../arm-none-eabi/lib/thumb/v6-m/nofp/libg_nano.a(libc_a-stdio.o)
                              /usr/lib/gcc/arm-none-eabi/14.1.0/../../../../arm-none-eabi/lib/thumb/v6-m/nofp/libg_nano.a(libc_a-findfp.o) (__sread)
/usr/lib/gcc/arm-none-eabi/14.1.0/../../../../arm-none-eabi/lib/thumb/v6-m/nofp/libg_nano.a(libc_a-wbuf.o)
[...]
Memory Configuration

Name             Origin             Length             Attributes
flash0           0x00000000         0x00004000         xr
flash1           0x10000000         0x00200000         xr
flash2           0x00000000         0x00000000         xr
flash3           0x00000000         0x00000000         xr
flash4           0x00000000         0x00000000         xr
flash5           0x00000000         0x00000000         xr
flash6           0x00000000         0x00000000         xr
flash7           0x00000000         0x00000000         xr
ram0             0x20000000         0x00040000         xw
ram1             0x00000000         0x00040000         xw
ram2             0x00000000         0x00000000         xw
ram3             0x00000000         0x00000000         xw
ram4             0x20040000         0x00001000         xw
ram5             0x20041000         0x00001000         xw
ram6             0x00000000         0x00000000         xw
ram7             0x20041f00         0x00000100         xw
*default*        0x00000000         0xffffffff

Linker script and memory map

LOAD .build/obj_alectardy98_nixdorf_softkeys_default/keyboards/alectardy98/nixdorf_softkeys/nixdorf_softkeys.o
LOAD /tmp/ccWepg5a.ltrans0.ltrans.o
LOAD /tmp/ccMbf3vd.debug.temp.o
LOAD /tmp/ccE09M28.debug.temp.o
LOAD /tmp/ccvbNPNQ.debug.temp.o
LOAD /tmp/ccwsctVi.debug.temp.o
LOAD /tmp/ccZpihVv.debug.temp.o
LOAD /tmp/cczRx1ix.debug.temp.o
LOAD /tmp/ccAdvngS.debug.temp.o
LOAD /tmp/ccE0r8iU.debug.temp.o
LOAD /tmp/cckBHsGA.debug.temp.o
LOAD /tmp/ccDZ7i1W.debug.temp.o
LOAD /tmp/ccxPIciw.debug.temp.o
LOAD /tmp/ccQE2bHi.debug.temp.o
LOAD /tmp/ccRgV6as.debug.temp.o
LOAD /tmp/ccKrVYFO.debug.temp.o
LOAD /tmp/ccKhrFAH.debug.temp.o
LOAD /tmp/ccGTzYK8.debug.temp.o
LOAD /tmp/ccF6ikwT.debug.temp.o
LOAD /tmp/ccpRowCX.debug.temp.o
LOAD /tmp/ccKEvtiY.debug.temp.o
LOAD /tmp/ccjUEeH7.debug.temp.o
LOAD /tmp/ccfXOjvX.debug.temp.o
LOAD /tmp/ccQXPqYT.debug.temp.o
LOAD /tmp/ccoPwI4b.debug.temp.o
LOAD /tmp/cciBsV5B.debug.temp.o
LOAD /tmp/cccD1hPj.debug.temp.o
LOAD /tmp/cclh5cW6.debug.temp.o
LOAD /tmp/ccheDXrC.debug.temp.o
LOAD /tmp/ccXyEaIs.debug.temp.o
LOAD /tmp/ccD1PxLC.debug.temp.o
LOAD /tmp/ccVgKpIA.debug.temp.o
LOAD /tmp/ccqo8E2k.debug.temp.o
LOAD /tmp/ccew5f8V.debug.temp.o
LOAD /tmp/ccxhrrmC.debug.temp.o
LOAD /tmp/ccbk9uKm.debug.temp.o
LOAD /tmp/cc9WhsC9.debug.temp.o
LOAD /tmp/ccO8sOaP.debug.temp.o
LOAD /tmp/ccr5rIU1.debug.temp.o
LOAD /tmp/ccf5bRgg.debug.temp.o
LOAD /tmp/ccTBsHCS.debug.temp.o
LOAD /tmp/cc7K2BXz.debug.temp.o
LOAD /tmp/ccFSkqtP.debug.temp.o
LOAD /tmp/cczOyUdk.debug.temp.o
LOAD /tmp/cck4Xj7c.debug.temp.o
LOAD /tmp/cc9MUUl1.debug.temp.o
LOAD /tmp/cc6HAGf0.debug.temp.o
LOAD /tmp/cc3Dt3pI.debug.temp.o
LOAD /tmp/ccdiwr5a.debug.temp.o
LOAD /tmp/cciRKkar.debug.temp.o
LOAD /tmp/cca8Sqkj.debug.temp.o
LOAD /tmp/ccifC9RP.debug.temp.o
LOAD /tmp/cctpxFbm.debug.temp.o
LOAD /tmp/ccrFwKPd.debug.temp.o
LOAD /tmp/ccnscjhe.debug.temp.o
LOAD /tmp/ccgqZK5x.debug.temp.o
LOAD /tmp/cc5BrMLG.debug.temp.o
LOAD /tmp/cc2W21WR.debug.temp.o
LOAD /tmp/ccSbNqd0.debug.temp.o
LOAD /tmp/ccLRkr92.debug.temp.o
LOAD /tmp/cc6GGsKb.debug.temp.o
LOAD /tmp/ccHs4xfm.debug.temp.o
LOAD /tmp/ccLxNObS.debug.temp.o
LOAD /tmp/ccxZV8O1.debug.temp.o
LOAD /tmp/cc3MdsCc.debug.temp.o
LOAD /tmp/ccpwRkoM.debug.temp.o
LOAD /tmp/ccJsNHt3.debug.temp.o
LOAD /tmp/ccXRaPja.debug.temp.o
LOAD /tmp/ccjGzjs0.debug.temp.o
LOAD /tmp/ccBLGpGP.debug.temp.o
LOAD /tmp/cckqBjoh.debug.temp.o
LOAD /tmp/ccWlle7y.debug.temp.o
LOAD /tmp/ccTqal9j.debug.temp.o
LOAD /tmp/ccU18hSv.debug.temp.o
LOAD /tmp/ccHhHvGq.debug.temp.o
LOAD /tmp/cccNCY6s.debug.temp.o
LOAD /tmp/ccIZETvs.debug.temp.o
LOAD /tmp/ccTj6cYL.debug.temp.o
LOAD /tmp/cclohqHE.debug.temp.o
LOAD /tmp/cc9NYECZ.debug.temp.o
LOAD /tmp/ccujftWa.debug.temp.o
LOAD /tmp/ccOIDDgQ.debug.temp.o
LOAD /tmp/ccXJg6A7.debug.temp.o
LOAD /tmp/ccoFhByX.debug.temp.o
LOAD /tmp/ccKibUw1.debug.temp.o
LOAD /tmp/ccFa4Dyu.debug.temp.o
LOAD /tmp/ccjeDEgL.debug.temp.o
LOAD /tmp/ccIYGSOI.debug.temp.o
LOAD /tmp/cciOK278.debug.temp.o
LOAD /tmp/ccjdLEz2.debug.temp.o
LOAD /tmp/ccyfoCx9.debug.temp.o
LOAD /tmp/ccIidQJq.debug.temp.o
LOAD /tmp/ccWOn9O0.debug.temp.o
LOAD /tmp/cce90Hhi.debug.temp.o
LOAD /tmp/ccGkNADn.debug.temp.o
LOAD /tmp/ccdcgFou.debug.temp.o
LOAD /tmp/ccpAqu45.debug.temp.o
LOAD /tmp/ccaouT2F.debug.temp.o
LOAD /tmp/ccCg8oJi.debug.temp.o
LOAD /tmp/cc7Wk93b.debug.temp.o
LOAD /tmp/ccd7RKKd.debug.temp.o
LOAD /tmp/cc8a7faF.debug.temp.o
LOAD /tmp/cclOexJq.debug.temp.o
LOAD /tmp/cchdLcZa.debug.temp.o
LOAD /tmp/ccMaftuM.debug.temp.o
LOAD /tmp/ccSITEle.debug.temp.o
LOAD /tmp/cc6FXHrt.debug.temp.o
LOAD /tmp/ccMcrGBO.debug.temp.o
LOAD /tmp/ccxt4V2w.debug.temp.o
LOAD /tmp/ccE0VUS4.debug.temp.o
LOAD /tmp/ccB3uw6v.debug.temp.o
LOAD /tmp/ccpv2eh0.debug.temp.o
LOAD /tmp/ccuqATZn.debug.temp.o
LOAD /tmp/ccGDZni6.debug.temp.o
LOAD /tmp/ccvDfwTj.debug.temp.o
LOAD /tmp/cc6eDlIG.debug.temp.o
LOAD /tmp/ccUJwQj0.debug.temp.o
LOAD /tmp/ccj0nag1.debug.temp.o
LOAD /tmp/cceBeYKw.debug.temp.o
LOAD /tmp/cctEZTIU.debug.temp.o
LOAD /tmp/ccDSFY5s.debug.temp.o
LOAD /tmp/ccBIFJOR.debug.temp.o
LOAD /tmp/ccF3rZJG.debug.temp.o
LOAD /tmp/ccaQhsIN.debug.temp.o
LOAD /tmp/cctoS7Rc.debug.temp.o
LOAD /tmp/cck4074S.debug.temp.o
LOAD /tmp/ccbKkGVd.debug.temp.o
LOAD /tmp/ccayFwb4.debug.temp.o
LOAD /tmp/cc7Ii3QS.debug.temp.o
LOAD /tmp/cca7IHsd.debug.temp.o
LOAD /tmp/ccmFjdw4.debug.temp.o
LOAD /tmp/cc53CvlO.debug.temp.o
LOAD /tmp/ccQBgyDT.debug.temp.o
LOAD /tmp/cci1y7XL.debug.temp.o
LOAD /tmp/ccZtFDpJ.debug.temp.o
LOAD /tmp/cctzJPUi.debug.temp.o
LOAD /tmp/ccbxEhjW.debug.temp.o
LOAD /tmp/ccWZn21Z.debug.temp.o
LOAD /tmp/ccNEkrAE.debug.temp.o
LOAD /tmp/ccs2H6c6.debug.temp.o
LOAD /tmp/cc9b5l6j.debug.temp.o
LOAD /tmp/ccNL0Cvy.debug.temp.o
LOAD /tmp/ccPwUM9E.debug.temp.o
LOAD /tmp/ccrbxonT.debug.temp.o
LOAD /tmp/ccubOK2j.debug.temp.o
LOAD /tmp/ccN9kNcn.debug.temp.o
LOAD /tmp/ccr6nGIa.debug.temp.o
LOAD /tmp/cctVdOce.debug.temp.o
LOAD /tmp/ccndqrfb.debug.temp.o
LOAD /tmp/cczFa5Zi.debug.temp.o
LOAD /tmp/cceXHKns.debug.temp.o
LOAD .build/obj_alectardy98_nixdorf_softkeys_default/.build/obj_alectardy98_nixdorf_softkeys/src/default_keyboard.o
LOAD .build/obj_alectardy98_nixdorf_softkeys_default/quantum/keymap_introspection.o
LOAD .build/obj_alectardy98_nixdorf_softkeys_default/quantum/quantum.o
LOAD .build/obj_alectardy98_nixdorf_softkeys_default/quantum/bitwise.o
LOAD .build/obj_alectardy98_nixdorf_softkeys_default/quantum/led.o
LOAD .build/obj_alectardy98_nixdorf_softkeys_default/quantum/action.o
LOAD .build/obj_alectardy98_nixdorf_softkeys_default/quantum/action_layer.o
LOAD .build/obj_alectardy98_nixdorf_softkeys_default/quantum/action_tapping.o
LOAD .build/obj_alectardy98_nixdorf_softkeys_default/quantum/action_util.o
LOAD .build/obj_alectardy98_nixdorf_softkeys_default/quantum/eeconfig.o
LOAD .build/obj_alectardy98_nixdorf_softkeys_default/quantum/keyboard.o
LOAD .build/obj_alectardy98_nixdorf_softkeys_default/quantum/keymap_common.o
LOAD .build/obj_alectardy98_nixdorf_softkeys_default/quantum/keycode_config.o
LOAD .build/obj_alectardy98_nixdorf_softkeys_default/quantum/sync_timer.o
LOAD .build/obj_alectardy98_nixdorf_softkeys_default/quantum/logging/debug.o
LOAD .build/obj_alectardy98_nixdorf_softkeys_default/quantum/logging/sendchar.o
LOAD .build/obj_alectardy98_nixdorf_softkeys_default/quantum/logging/print.o
LOAD .build/obj_alectardy98_nixdorf_softkeys_default/quantum/bootmagic/bootmagic_lite.o
LOAD .build/obj_alectardy98_nixdorf_softkeys_default/quantum/bootmagic/magic.o
LOAD .build/obj_alectardy98_nixdorf_softkeys_default/quantum/matrix_common.o
LOAD .build/obj_alectardy98_nixdorf_softkeys_default/quantum/matrix.o
LOAD .build/obj_alectardy98_nixdorf_softkeys_default/quantum/debounce/sym_defer_g.o
LOAD .build/obj_alectardy98_nixdorf_softkeys_default/quantum/main.o
LOAD .build/obj_alectardy98_nixdorf_softkeys_default/printf.o
LOAD .build/obj_alectardy98_nixdorf_softkeys_default/quantum/mousekey.o
LOAD .build/obj_alectardy98_nixdorf_softkeys_default/eeprom_driver.o
LOAD .build/obj_alectardy98_nixdorf_softkeys_default/eeprom_wear_leveling.o
LOAD .build/obj_alectardy98_nixdorf_softkeys_default/wear_leveling.o
LOAD .build/obj_alectardy98_nixdorf_softkeys_default/wear_leveling_rp2040_flash.o
LOAD .build/obj_alectardy98_nixdorf_softkeys_default/qmk_fnv_type_validation.o
LOAD .build/obj_alectardy98_nixdorf_softkeys_default/hash_32a.o
LOAD .build/obj_alectardy98_nixdorf_softkeys_default/hash_64a.o
LOAD .build/obj_alectardy98_nixdorf_softkeys_default/quantum/process_keycode/process_unicode.o
LOAD .build/obj_alectardy98_nixdorf_softkeys_default/quantum/process_keycode/process_unicode_common.o
LOAD .build/obj_alectardy98_nixdorf_softkeys_default/quantum/utf8.o
LOAD .build/obj_alectardy98_nixdorf_softkeys_default/quantum/process_keycode/process_magic.o
LOAD .build/obj_alectardy98_nixdorf_softkeys_default/quantum/send_string/send_string.o
LOAD .build/obj_alectardy98_nixdorf_softkeys_default/quantum/process_keycode/process_dynamic_macro.o
LOAD .build/obj_alectardy98_nixdorf_softkeys_default/quantum/process_keycode/process_grave_esc.o
LOAD .build/obj_alectardy98_nixdorf_softkeys_default/quantum/process_keycode/process_space_cadet.o
LOAD .build/obj_alectardy98_nixdorf_softkeys_default/./lib/chibios/os/common/startup/ARMCMx/compilers/GCC/crt0_v6m.o
LOAD .build/obj_alectardy98_nixdorf_softkeys_default/./lib/chibios/os/common/startup/ARMCMx/compilers/GCC/vectors.o
LOAD .build/obj_alectardy98_nixdorf_softkeys_default/./lib/chibios/os/common/ports/ARMv6-M-RP2/compilers/GCC/chcoreasm.o
LOAD .build/obj_alectardy98_nixdorf_softkeys_default/protocol/host.o
LOAD .build/obj_alectardy98_nixdorf_softkeys_default/protocol/report.o
LOAD .build/obj_alectardy98_nixdorf_softkeys_default/protocol/usb_device_state.o
LOAD .build/obj_alectardy98_nixdorf_softkeys_default/protocol/usb_util.o
LOAD .build/obj_alectardy98_nixdorf_softkeys_default/platforms/suspend.o
LOAD .build/obj_alectardy98_nixdorf_softkeys_default/platforms/chibios/hardware_id.o
LOAD .build/obj_alectardy98_nixdorf_softkeys_default/platforms/chibios/platform.o
LOAD .build/obj_alectardy98_nixdorf_softkeys_default/platforms/chibios/suspend.o
LOAD .build/obj_alectardy98_nixdorf_softkeys_default/platforms/chibios/timer.o
LOAD .build/obj_alectardy98_nixdorf_softkeys_default/platforms/chibios/bootloaders/rp2040.o
LOAD .build/obj_alectardy98_nixdorf_softkeys_default/protocol/chibios/usb_main.o
LOAD .build/obj_alectardy98_nixdorf_softkeys_default/protocol/chibios/chibios.o
LOAD .build/obj_alectardy98_nixdorf_softkeys_default/usb_descriptor.o
LOAD .build/obj_alectardy98_nixdorf_softkeys_default/protocol/chibios/usb_driver.o
LOAD .build/obj_alectardy98_nixdorf_softkeys_default/protocol/chibios/usb_util.o
LOAD .build/obj_alectardy98_nixdorf_softkeys_default/./lib/chibios/os/oslib/src/chmboxes.o
LOAD .build/obj_alectardy98_nixdorf_softkeys_default/./lib/chibios/os/oslib/src/chmemcore.o
LOAD .build/obj_alectardy98_nixdorf_softkeys_default/./lib/chibios/os/oslib/src/chmemheaps.o
LOAD .build/obj_alectardy98_nixdorf_softkeys_default/./lib/chibios/os/oslib/src/chmempools.o
LOAD .build/obj_alectardy98_nixdorf_softkeys_default/./lib/chibios/os/oslib/src/chpipes.o
LOAD .build/obj_alectardy98_nixdorf_softkeys_default/./lib/chibios/os/oslib/src/chobjcaches.o
LOAD .build/obj_alectardy98_nixdorf_softkeys_default/./lib/chibios/os/oslib/src/chdelegates.o
LOAD .build/obj_alectardy98_nixdorf_softkeys_default/./lib/chibios/os/oslib/src/chfactory.o
LOAD .build/obj_alectardy98_nixdorf_softkeys/lib/chibios/os/common/startup/ARMCMx/compilers/GCC/crt1.o
LOAD .build/obj_alectardy98_nixdorf_softkeys/lib/chibios/os/rt/src/chsys.o
LOAD .build/obj_alectardy98_nixdorf_softkeys/lib/chibios/os/rt/src/chrfcu.o
LOAD .build/obj_alectardy98_nixdorf_softkeys/lib/chibios/os/rt/src/chdebug.o
LOAD .build/obj_alectardy98_nixdorf_softkeys/lib/chibios/os/rt/src/chtrace.o
LOAD .build/obj_alectardy98_nixdorf_softkeys/lib/chibios/os/rt/src/chvt.o
LOAD .build/obj_alectardy98_nixdorf_softkeys/lib/chibios/os/rt/src/chschd.o
LOAD .build/obj_alectardy98_nixdorf_softkeys/lib/chibios/os/rt/src/chinstances.o
LOAD .build/obj_alectardy98_nixdorf_softkeys/lib/chibios/os/rt/src/chthreads.o
LOAD .build/obj_alectardy98_nixdorf_softkeys/lib/chibios/os/rt/src/chtm.o
LOAD .build/obj_alectardy98_nixdorf_softkeys/lib/chibios/os/rt/src/chstats.o
LOAD .build/obj_alectardy98_nixdorf_softkeys/lib/chibios/os/rt/src/chregistry.o
LOAD .build/obj_alectardy98_nixdorf_softkeys/lib/chibios/os/rt/src/chsem.o
LOAD .build/obj_alectardy98_nixdorf_softkeys/lib/chibios/os/rt/src/chmtx.o
LOAD .build/obj_alectardy98_nixdorf_softkeys/lib/chibios/os/rt/src/chcond.o
LOAD .build/obj_alectardy98_nixdorf_softkeys/lib/chibios/os/rt/src/chevents.o
LOAD .build/obj_alectardy98_nixdorf_softkeys/lib/chibios/os/rt/src/chmsg.o
LOAD .build/obj_alectardy98_nixdorf_softkeys/lib/chibios/os/rt/src/chdynamic.o
LOAD .build/obj_alectardy98_nixdorf_softkeys/lib/chibios/os/common/ports/ARMv6-M-RP2/chcore.o
LOAD .build/obj_alectardy98_nixdorf_softkeys/lib/chibios/os/hal/osal/rt-nil/osal.o
LOAD .build/obj_alectardy98_nixdorf_softkeys/lib/chibios/os/hal/src/hal.o
LOAD .build/obj_alectardy98_nixdorf_softkeys/lib/chibios/os/hal/src/hal_st.o
LOAD .build/obj_alectardy98_nixdorf_softkeys/lib/chibios/os/hal/src/hal_buffers.o
LOAD .build/obj_alectardy98_nixdorf_softkeys/lib/chibios/os/hal/src/hal_queues.o
LOAD .build/obj_alectardy98_nixdorf_softkeys/lib/chibios/os/hal/src/hal_flash.o
LOAD .build/obj_alectardy98_nixdorf_softkeys/lib/chibios/os/hal/src/hal_mmcsd.o
LOAD .build/obj_alectardy98_nixdorf_softkeys/lib/chibios/os/hal/src/hal_adc.o
LOAD .build/obj_alectardy98_nixdorf_softkeys/lib/chibios/os/hal/src/hal_can.o
LOAD .build/obj_alectardy98_nixdorf_softkeys/lib/chibios/os/hal/src/hal_crypto.o
LOAD .build/obj_alectardy98_nixdorf_softkeys/lib/chibios/os/hal/src/hal_dac.o
LOAD .build/obj_alectardy98_nixdorf_softkeys/lib/chibios/os/hal/src/hal_efl.o
LOAD .build/obj_alectardy98_nixdorf_softkeys/lib/chibios/os/hal/src/hal_gpt.o
LOAD .build/obj_alectardy98_nixdorf_softkeys/lib/chibios/os/hal/src/hal_i2c.o
LOAD .build/obj_alectardy98_nixdorf_softkeys/lib/chibios/os/hal/src/hal_i2s.o
LOAD .build/obj_alectardy98_nixdorf_softkeys/lib/chibios/os/hal/src/hal_icu.o
LOAD .build/obj_alectardy98_nixdorf_softkeys/lib/chibios/os/hal/src/hal_mac.o
LOAD .build/obj_alectardy98_nixdorf_softkeys/lib/chibios/os/hal/src/hal_mmc_spi.o
LOAD .build/obj_alectardy98_nixdorf_softkeys/lib/chibios/os/hal/src/hal_pal.o
LOAD .build/obj_alectardy98_nixdorf_softkeys/lib/chibios/os/hal/src/hal_pwm.o
LOAD .build/obj_alectardy98_nixdorf_softkeys/lib/chibios/os/hal/src/hal_rtc.o
LOAD .build/obj_alectardy98_nixdorf_softkeys/lib/chibios/os/hal/src/hal_sdc.o
LOAD .build/obj_alectardy98_nixdorf_softkeys/lib/chibios/os/hal/src/hal_serial.o
LOAD .build/obj_alectardy98_nixdorf_softkeys/lib/chibios/os/hal/src/hal_serial_usb.o
LOAD .build/obj_alectardy98_nixdorf_softkeys/lib/chibios/os/hal/src/hal_sio.o
LOAD .build/obj_alectardy98_nixdorf_softkeys/lib/chibios/os/hal/src/hal_spi.o
LOAD .build/obj_alectardy98_nixdorf_softkeys/lib/chibios/os/hal/src/hal_trng.o
LOAD .build/obj_alectardy98_nixdorf_softkeys/lib/chibios/os/hal/src/hal_uart.o
LOAD .build/obj_alectardy98_nixdorf_softkeys/lib/chibios/os/hal/src/hal_usb.o
LOAD .build/obj_alectardy98_nixdorf_softkeys/lib/chibios/os/hal/src/hal_wdg.o
LOAD .build/obj_alectardy98_nixdorf_softkeys/lib/chibios/os/hal/src/hal_wspi.o
LOAD .build/obj_alectardy98_nixdorf_softkeys/lib/chibios/os/hal/ports/common/ARMCMx/nvic.o
LOAD .build/obj_alectardy98_nixdorf_softkeys/lib/chibios/os/hal/ports/RP/RP2040/rp_isr.o
LOAD .build/obj_alectardy98_nixdorf_softkeys/lib/chibios/os/hal/ports/RP/RP2040/hal_lld.o
LOAD .build/obj_alectardy98_nixdorf_softkeys/lib/chibios/os/hal/ports/RP/LLD/DMAv1/rp_dma.o
LOAD .build/obj_alectardy98_nixdorf_softkeys/lib/chibios/os/hal/ports/RP/LLD/GPIOv1/hal_pal_lld.o
LOAD .build/obj_alectardy98_nixdorf_softkeys/lib/chibios/os/hal/ports/RP/LLD/SPIv1/hal_spi_lld.o
LOAD .build/obj_alectardy98_nixdorf_softkeys/lib/chibios/os/hal/ports/RP/LLD/TIMERv1/hal_st_lld.o
LOAD .build/obj_alectardy98_nixdorf_softkeys/lib/chibios/os/hal/ports/RP/LLD/UARTv1/hal_sio_lld.o
LOAD .build/obj_alectardy98_nixdorf_softkeys/lib/chibios/os/hal/ports/RP/LLD/RTCv1/hal_rtc_lld.o
LOAD .build/obj_alectardy98_nixdorf_softkeys/lib/chibios/os/hal/ports/RP/LLD/WDGv1/hal_wdg_lld.o
LOAD .build/obj_alectardy98_nixdorf_softkeys/lib/chibios-contrib/os/hal/ports/RP/LLD/I2Cv1/hal_i2c_lld.o
LOAD .build/obj_alectardy98_nixdorf_softkeys/lib/chibios-contrib/os/hal/ports/RP/LLD/PWMv1/hal_pwm_lld.o
LOAD .build/obj_alectardy98_nixdorf_softkeys/lib/chibios-contrib/os/hal/ports/RP/LLD/ADCv1/hal_adc_lld.o
LOAD .build/obj_alectardy98_nixdorf_softkeys/lib/chibios-contrib/os/hal/ports/RP/LLD/USBDv1/hal_usb_lld.o
LOAD .build/obj_alectardy98_nixdorf_softkeys/lib/chibios/os/hal/boards/RP_PICO_RP2040/board.o
LOAD .build/obj_alectardy98_nixdorf_softkeys/lib/chibios/os/hal/lib/streams/chprintf.o
LOAD .build/obj_alectardy98_nixdorf_softkeys/lib/chibios/os/hal/lib/streams/chscanf.o
LOAD .build/obj_alectardy98_nixdorf_softkeys/lib/chibios/os/hal/lib/streams/memstreams.o
LOAD .build/obj_alectardy98_nixdorf_softkeys/lib/chibios/os/hal/lib/streams/nullstreams.o
LOAD .build/obj_alectardy98_nixdorf_softkeys/lib/chibios/os/hal/lib/streams/bufstreams.o
LOAD .build/obj_alectardy98_nixdorf_softkeys/lib/chibios/os/various/syscalls.o
LOAD .build/obj_alectardy98_nixdorf_softkeys/platforms/chibios/syscall-fallbacks.o
LOAD .build/obj_alectardy98_nixdorf_softkeys/platforms/chibios/wait.o
LOAD .build/obj_alectardy98_nixdorf_softkeys/platforms/chibios/synchronization_util.o
LOAD .build/obj_alectardy98_nixdorf_softkeys/./lib/pico-sdk/src/rp2_common/hardware_clocks/clocks.o
LOAD .build/obj_alectardy98_nixdorf_softkeys/./lib/pico-sdk/src/rp2_common/hardware_pll/pll.o
LOAD .build/obj_alectardy98_nixdorf_softkeys/./lib/pico-sdk/src/rp2_common/hardware_pio/pio.o
LOAD .build/obj_alectardy98_nixdorf_softkeys/./lib/pico-sdk/src/rp2_common/hardware_flash/flash.o
LOAD .build/obj_alectardy98_nixdorf_softkeys/./lib/pico-sdk/src/rp2_common/hardware_gpio/gpio.o
LOAD .build/obj_alectardy98_nixdorf_softkeys/./lib/pico-sdk/src/rp2_common/hardware_claim/claim.o
LOAD .build/obj_alectardy98_nixdorf_softkeys/./lib/pico-sdk/src/rp2_common/hardware_watchdog/watchdog.o
LOAD .build/obj_alectardy98_nixdorf_softkeys/./lib/pico-sdk/src/rp2_common/hardware_xosc/xosc.o
LOAD .build/obj_alectardy98_nixdorf_softkeys/./lib/pico-sdk/src/rp2_common/pico_bootrom/bootrom.o
LOAD .build/obj_alectardy98_nixdorf_softkeys/platforms/chibios/vendors/RP/stage2_bootloaders.o
LOAD .build/obj_alectardy98_nixdorf_softkeys/platforms/chibios/vendors/RP/pico_sdk_shims.o
                0x00000800                        __process_stack_size__ = 0x800
                0x00000400                        __main_stack_size__ = 0x400
LOAD /usr/lib/gcc/arm-none-eabi/14.1.0/../../../../arm-none-eabi/lib/thumb/v6-m/nofp/libm.a
START GROUP
LOAD /usr/lib/gcc/arm-none-eabi/14.1.0/thumb/v6-m/nofp/libgcc.a
LOAD /usr/lib/gcc/arm-none-eabi/14.1.0/../../../../arm-none-eabi/lib/thumb/v6-m/nofp/libg_nano.a
LOAD /usr/lib/gcc/arm-none-eabi/14.1.0/../../../../arm-none-eabi/lib/thumb/v6-m/nofp/libc_nano.a
END GROUP
START GROUP
LOAD /usr/lib/gcc/arm-none-eabi/14.1.0/thumb/v6-m/nofp/libgcc.a
LOAD /usr/lib/gcc/arm-none-eabi/14.1.0/../../../../arm-none-eabi/lib/thumb/v6-m/nofp/libc_nano.a
END GROUP

.flash_begin    0x10000000        0x0
                0x10000000                        __flash_binary_start = .

.boot2          0x10000000      0x100
                0x10000000                        __boot2_start__ = .
 *(.boot2)
 .boot2         0x10000000      0x100 /tmp/ccWepg5a.ltrans0.ltrans.o
                0x10000000                BOOT2_ROM
                0x10000100                        __boot2_end__ = .

.mstack         0x20040000      0x400
                0x20040000                        . = ALIGN (0x8)
                0x20040000                        __main_stack_base__ = .
                0x20040400                        . = (. + __main_stack_size__)
 *fill*         0x20040000      0x400 
                0x20040400                        . = ALIGN (0x8)
                0x20040400                        __main_stack_end__ = .

.pstack         0x20040400      0x800
                0x20040400                        . = ALIGN (0x8)
                0x20040400                        __process_stack_base__ = .
                0x20040400                        __main_thread_stack_base__ = .
                0x20040c00                        . = (. + __process_stack_size__)
 *fill*         0x20040400      0x800 
                0x20040c00                        . = ALIGN (0x8)
                0x20040c00                        __process_stack_end__ = .
                0x20040c00                        __main_thread_stack_end__ = .
                0x00000400                        __c1_main_stack_size__ = __main_stack_size__
                0x00000800                        __c1_process_stack_size__ = __process_stack_size__

.c1_mstack      0x20041000      0x400
                0x20041000                        . = ALIGN (0x8)
                0x20041000                        __c1_main_stack_base__ = .
                0x20041400                        . = (. + __c1_main_stack_size__)
 *fill*         0x20041000      0x400 
                0x20041400                        . = ALIGN (0x8)
                0x20041400                        __c1_main_stack_end__ = .

.c1_pstack      0x20041400      0x800
                0x20041400                        . = ALIGN (0x8)
                0x20041400                        __c1_process_stack_base__ = .
                0x20041400                        __c1_main_thread_stack_base__ = .
                0x20041c00                        . = (. + __c1_process_stack_size__)
 *fill*         0x20041400      0x800 
                0x20041c00                        . = ALIGN (0x8)
                0x20041c00                        __c1_process_stack_end__ = .
                0x20041c00                        __c1_main_thread_stack_end__ = .

.vectors        0x10000100       0xc0
 *(.vectors)
 .vectors       0x10000100       0xc0 .build/obj_alectardy98_nixdorf_softkeys_default/./lib/chibios/os/common/startup/ARMCMx/compilers/GCC/vectors.o
                0x10000100                _vectors

.xtors          0x100001c0        0x0
                0x100001c0                        __init_array_base__ = .
 *(SORT_BY_NAME(.init_array.*))
 *(.init_array)
                0x100001c0                        __init_array_end__ = .
                0x100001c0                        __fini_array_base__ = .
 *(.fini_array)
 *(SORT_BY_NAME(.fini_array.*))
                0x100001c0                        __fini_array_end__ = .

.text           0x100001c0     0x6070
                0x100001c0                        __text_base__ = .
 *(.text)
 .text          0x100001c0       0xdc .build/obj_alectardy98_nixdorf_softkeys_default/./lib/chibios/os/common/startup/ARMCMx/compilers/GCC/crt0_v6m.o
                0x100001c0                _crt0_entry
 .text          0x1000029c        0x8 .build/obj_alectardy98_nixdorf_softkeys_default/./lib/chibios/os/common/startup/ARMCMx/compilers/GCC/vectors.o
                0x1000029c                Reset_Handler
                0x1000029e                Vector58
                0x1000029e                Vector9C
                0x1000029e                VectorAC
                0x1000029e                DebugMon_Handler
                0x1000029e                Vector5C
                0x1000029e                HardFault_Handler
                0x1000029e                Vector8C
                0x1000029e                PendSV_Handler
                0x1000029e                Vector94
                0x1000029e                VectorA8
                0x1000029e                VectorB4
                0x1000029e                Vector74
                0x1000029e                UsageFault_Handler
                0x1000029e                Vector40
                0x1000029e                VectorBC
                0x1000029e                Vector64
                0x1000029e                Vector98
                0x1000029e                Vector24
                0x1000029e                Vector84
                0x1000029e                SecureFault_Handler
                0x1000029e                MemManage_Handler
                0x1000029e                Vector6C
                0x1000029e                VectorA0
                0x1000029e                SVC_Handler
                0x1000029e                VectorB0
                0x1000029e                Vector90
                0x1000029e                Vector60
                0x1000029e                Vector48
                0x1000029e                Vector70
                0x1000029e                Vector4C
                0x1000029e                Vector68
                0x1000029e                Vector78
                0x1000029e                Vector88
                0x1000029e                BusFault_Handler
                0x1000029e                Vector50
                0x1000029e                Vector44
                0x1000029e                Vector28
                0x1000029e                VectorB8
                0x1000029e                Vector34
                0x1000029e                VectorA4
                0x1000029e                Vector20
                0x100002a2                _unhandled_exception
 .text          0x100002a4       0x48 .build/obj_alectardy98_nixdorf_softkeys_default/./lib/chibios/os/common/ports/ARMv6-M-RP2/compilers/GCC/chcoreasm.o
                0x100002a4                __port_switch
                0x100002c4                __port_thread_start
                0x100002d6                __port_switch_from_isr
                0x100002da                __port_exit_from_isr
 .text          0x100002ec       0x8c /usr/lib/gcc/arm-none-eabi/14.1.0/thumb/v6-m/nofp/libgcc.a(_udivsi3.o)
                0x100002ec                __udivsi3
                0x100002ec                __aeabi_uidiv
                0x10000364                __aeabi_uidivmod
 .text          0x10000378       0xa8 /usr/lib/gcc/arm-none-eabi/14.1.0/thumb/v6-m/nofp/libgcc.a(_divsi3.o)
                0x10000378                __aeabi_idiv
                0x10000378                __divsi3
                0x1000040c                __aeabi_idivmod
 .text          0x10000420        0x4 /usr/lib/gcc/arm-none-eabi/14.1.0/thumb/v6-m/nofp/libgcc.a(_dvmd_tls.o)
                0x10000420                __aeabi_ldiv0
                0x10000420                __aeabi_idiv0
 .text          0x10000424       0x14 /usr/lib/gcc/arm-none-eabi/14.1.0/thumb/v6-m/nofp/libgcc.a(_thumb1_case_sqi.o)
                0x10000424                __gnu_thumb1_case_sqi
 .text          0x10000438       0x14 /usr/lib/gcc/arm-none-eabi/14.1.0/thumb/v6-m/nofp/libgcc.a(_thumb1_case_uqi.o)
                0x10000438                __gnu_thumb1_case_uqi
 .text          0x1000044c       0x14 /usr/lib/gcc/arm-none-eabi/14.1.0/thumb/v6-m/nofp/libgcc.a(_thumb1_case_uhi.o)
                0x1000044c                __gnu_thumb1_case_uhi
 .text          0x10000460       0x40 /usr/lib/gcc/arm-none-eabi/14.1.0/thumb/v6-m/nofp/libgcc.a(_aeabi_uldivmod.o)
                0x10000460                __aeabi_uldivmod
 .text          0x100004a0       0x18 /usr/lib/gcc/arm-none-eabi/14.1.0/thumb/v6-m/nofp/libgcc.a(_lshrdi3.o)
                0x100004a0                __aeabi_llsr
                0x100004a0                __lshrdi3
 .text          0x100004b8       0x18 /usr/lib/gcc/arm-none-eabi/14.1.0/thumb/v6-m/nofp/libgcc.a(_ashldi3.o)
                0x100004b8                __ashldi3
                0x100004b8                __aeabi_llsl
 .text          0x100004d0       0x18 /usr/lib/gcc/arm-none-eabi/14.1.0/thumb/v6-m/nofp/libgcc.a(_clzdi2.o)
                0x100004d0                __clzdi2
 .text          0x100004e8       0x3c /usr/lib/gcc/arm-none-eabi/14.1.0/thumb/v6-m/nofp/libgcc.a(_clzsi2.o)
                0x100004e8                __clzsi2
 *(.text.*)
 .text.led_set  0x10000524       0x34 /tmp/ccWepg5a.ltrans0.ltrans.o
 .text.do_code16
                0x10000558       0x22 /tmp/ccWepg5a.ltrans0.ltrans.o
 .text.bitrev   0x1000057a       0x26 /tmp/ccWepg5a.ltrans0.ltrans.o
 .text.update_source_layers_cache
                0x100005a0       0x4c /tmp/ccWepg5a.ltrans0.ltrans.o
 .text.read_source_layers_cache
                0x100005ec       0x44 /tmp/ccWepg5a.ltrans0.ltrans.o
 .text.debug_waiting_buffer
                0x10000630       0x20 /tmp/ccWepg5a.ltrans0.ltrans.o
 .text.del_mods
                0x10000650       0x10 /tmp/ccWepg5a.ltrans0.ltrans.o
 .text.clear_oneshot_mods
                0x10000660       0x1c /tmp/ccWepg5a.ltrans0.ltrans.o
 .text.keymap_key_to_keycode
                0x1000067c       0x30 /tmp/ccWepg5a.ltrans0.ltrans.o
 .text.mod_config
                0x100006ac       0xa8 /tmp/ccWepg5a.ltrans0.ltrans.o
 .text.action_for_keycode
                0x10000754      0x2c4 /tmp/ccWepg5a.ltrans0.ltrans.o
 .text.layer_switch_get_layer
                0x10000a18       0x50 /tmp/ccWepg5a.ltrans0.ltrans.o
 .text.layer_switch_get_action
                0x10000a68       0x20 /tmp/ccWepg5a.ltrans0.ltrans.o
 .text.is_tap_record
                0x10000a88       0x7c /tmp/ccWepg5a.ltrans0.ltrans.o
 .text.null_sendchar_func
                0x10000b04        0x4 /tmp/ccWepg5a.ltrans0.ltrans.o
 .text.port_lock.lto_priv.0
                0x10000b08       0x16 /tmp/ccWepg5a.ltrans0.ltrans.o
 .text.port_unlock.lto_priv.0
                0x10000b1e       0x12 /tmp/ccWepg5a.ltrans0.ltrans.o
 .text.setPinInputHigh_atomic
                0x10000b30       0x34 /tmp/ccWepg5a.ltrans0.ltrans.o
 .text.sendchar
                0x10000b64       0x34 /tmp/ccWepg5a.ltrans0.ltrans.o
 .text.__idle_thread
                0x10000b98        0x2 /tmp/ccWepg5a.ltrans0.ltrans.o
 .text.putchar_via_gadget
                0x10000b9a       0x24 /tmp/ccWepg5a.ltrans0.ltrans.o
 *fill*         0x10000bbe        0x2 
 .text.putchar_wrapper
                0x10000bc0       0x10 /tmp/ccWepg5a.ltrans0.ltrans.o
 .text.out_rev_
                0x10000bd0       0x56 /tmp/ccWepg5a.ltrans0.ltrans.o
 *fill*         0x10000c26        0x2 
 .text.print_integer
                0x10000c28      0x190 /tmp/ccWepg5a.ltrans0.ltrans.o
 .text.move_unit
                0x10000db8       0x40 /tmp/ccWepg5a.ltrans0.ltrans.o
 .text.wheel_unit
                0x10000df8       0x50 /tmp/ccWepg5a.ltrans0.ltrans.o
 .text.mousekey_on
                0x10000e48       0xc0 /tmp/ccWepg5a.ltrans0.ltrans.o
 .text.mousekey_off
                0x10000f08       0xfc /tmp/ccWepg5a.ltrans0.ltrans.o
 .text.wear_leveling_unlock
                0x10001004       0x1c /tmp/ccWepg5a.ltrans0.ltrans.o
 .text.wear_leveling_lock
                0x10001020       0x1c /tmp/ccWepg5a.ltrans0.ltrans.o
 .text.backing_store_read_bulk
                0x1000103c       0x20 /tmp/ccWepg5a.ltrans0.ltrans.o
 .text.host_keyboard_leds
                0x1000105c       0x14 /tmp/ccWepg5a.ltrans0.ltrans.o
 .text.host_system_send
                0x10001070       0x24 /tmp/ccWepg5a.ltrans0.ltrans.o
 .text.host_consumer_send
                0x10001094       0x24 /tmp/ccWepg5a.ltrans0.ltrans.o
 .text.timer_read32
                0x100010b8       0x84 /tmp/ccWepg5a.ltrans0.ltrans.o
 .text.usb_get_descriptor_cb
                0x1000113c       0x94 /tmp/ccWepg5a.ltrans0.ltrans.o
 .text.set_led_transfer_cb
                0x100011d0       0x2c /tmp/ccWepg5a.ltrans0.ltrans.o
 .text.kbd_in_cb
                0x100011fc        0x2 /tmp/ccWepg5a.ltrans0.ltrans.o
 *fill*         0x100011fe        0x2 
 .text.keyboard_leds
                0x10001200        0xc /tmp/ccWepg5a.ltrans0.ltrans.o
 .text.shared_in_cb
                0x1000120c        0x2 /tmp/ccWepg5a.ltrans0.ltrans.o
 .text.send_programmable_button
                0x1000120e        0x2 /tmp/ccWepg5a.ltrans0.ltrans.o
 .text.qmkusbInterruptTransmitted
                0x10001210        0x2 /tmp/ccWepg5a.ltrans0.ltrans.o
 *fill*         0x10001212        0x2 
 .text.chVTDoResetI
                0x10001214       0x30 /tmp/ccWepg5a.ltrans0.ltrans.o
 .text.chThdGetSelfX
                0x10001244       0x18 /tmp/ccWepg5a.ltrans0.ltrans.o
 .text.__port_irq_epilogue
                0x1000125c       0x4c /tmp/ccWepg5a.ltrans0.ltrans.o
 .text.ibqReleaseEmptyBufferS
                0x100012a8       0x28 /tmp/ccWepg5a.ltrans0.ltrans.o
 .text.obqPostFullBufferS
                0x100012d0       0x2a /tmp/ccWepg5a.ltrans0.ltrans.o
 *fill*         0x100012fa        0x2 
 .text.set_address
                0x100012fc       0x30 /tmp/ccWepg5a.ltrans0.ltrans.o
 .text.hal_lld_peripheral_unreset.lto_priv.0
                0x1000132c       0x14 /tmp/ccWepg5a.ltrans0.ltrans.o
 .text.usb_isochronous_buffer_size
                0x10001340       0x44 /tmp/ccWepg5a.ltrans0.ltrans.o
 .text.usb_prepare_out_ep
                0x10001384       0x90 /tmp/ccWepg5a.ltrans0.ltrans.o
 .text.usbStartReceiveI
                0x10001414       0x42 /tmp/ccWepg5a.ltrans0.ltrans.o
 *fill*         0x10001456        0x2 
 .text.usb_lld_init_endpoint
                0x10001458      0x13c /tmp/ccWepg5a.ltrans0.ltrans.o
 .text.usb_lld_stall_out
                0x10001594       0x40 /tmp/ccWepg5a.ltrans0.ltrans.o
 .text.usb_lld_stall_in
                0x100015d4       0x40 /tmp/ccWepg5a.ltrans0.ltrans.o
 .text.pll_init.constprop.0
                0x10001614       0x98 /tmp/ccWepg5a.ltrans0.ltrans.o
 .text.usb_lld_reset.constprop.0
                0x100016ac       0x54 /tmp/ccWepg5a.ltrans0.ltrans.o
 .text.backing_store_erase
                0x10001700       0x20 /tmp/ccWepg5a.ltrans0.ltrans.o
 .text.reset_usb_boot.constprop.0
                0x10001720       0x1c /tmp/ccWepg5a.ltrans0.ltrans.o
 .text.vsnprintf_impl.constprop.0
                0x1000173c      0x398 /tmp/ccWepg5a.ltrans0.ltrans.o
 .text.clock_configure.constprop.0.isra.0
                0x10001ad4       0xc8 /tmp/ccWepg5a.ltrans0.ltrans.o
 .text.clocks_init
                0x10001b9c       0xdc /tmp/ccWepg5a.ltrans0.ltrans.o
 .text.qmkusb_start_receive.isra.0
                0x10001c78       0x3a /tmp/ccWepg5a.ltrans0.ltrans.o
 .text.ibnotify
                0x10001cb2        0xa /tmp/ccWepg5a.ltrans0.ltrans.o
 .text.usb_event_queue_enqueue.isra.0
                0x10001cbc       0x28 /tmp/ccWepg5a.ltrans0.ltrans.o
 .text.get_event_keycode.isra.0
                0x10001ce4       0x30 /tmp/ccWepg5a.ltrans0.ltrans.o
 .text.backing_store_write_bulk
                0x10001d14       0x24 /tmp/ccWepg5a.ltrans0.ltrans.o
 .text.wear_leveling_consolidate_force
                0x10001d38       0xc4 /tmp/ccWepg5a.ltrans0.ltrans.o
 .text.wear_leveling_consolidate_if_needed
                0x10001dfc       0x20 /tmp/ccWepg5a.ltrans0.ltrans.o
 .text.wear_leveling_append_raw
                0x10001e1c       0x28 /tmp/ccWepg5a.ltrans0.ltrans.o
 .text.ch_dlist_insert
                0x10001e44       0x2a /tmp/ccWepg5a.ltrans0.ltrans.o
 *fill*         0x10001e6e        0x2 
 .text.chVTSetI.constprop.0
                0x10001e70       0x44 /tmp/ccWepg5a.ltrans0.ltrans.o
 .text.usb_request_hook_cb
                0x10001eb4      0x1ac /tmp/ccWepg5a.ltrans0.ltrans.o
 .text.__sch_ready_behind.isra.0
                0x10002060       0x1c /tmp/ccWepg5a.ltrans0.ltrans.o
 .text.__sch_wakeup
                0x1000207c       0x42 /tmp/ccWepg5a.ltrans0.ltrans.o
 *fill*         0x100020be        0x2 
 .text.chSchReadyI.isra.0
                0x100020c0       0x2c /tmp/ccWepg5a.ltrans0.ltrans.o
 .text.chThdResumeI
                0x100020ec       0x16 /tmp/ccWepg5a.ltrans0.ltrans.o
 .text.chEvtBroadcastFlagsI
                0x10002102       0x4a /tmp/ccWepg5a.ltrans0.ltrans.o
 .text.qmkusbDataReceived
                0x1000214c       0x68 /tmp/ccWepg5a.ltrans0.ltrans.o
 .text.chThdDequeueAllI.constprop.0
                0x100021b4       0x1e /tmp/ccWepg5a.ltrans0.ltrans.o
 *fill*         0x100021d2        0x2 
 .text.wear_leveling_clear_cache
                0x100021d4       0x24 /tmp/ccWepg5a.ltrans0.ltrans.o
 .text.wear_leveling_erase.isra.0
                0x100021f8       0x1a /tmp/ccWepg5a.ltrans0.ltrans.o
 *fill*         0x10002212        0x2 
 .text.clear_keys_from_report
                0x10002214       0x28 /tmp/ccWepg5a.ltrans0.ltrans.o
 .text.usbInitEndpointI
                0x1000223c       0x36 /tmp/ccWepg5a.ltrans0.ltrans.o
 *fill*         0x10002272        0x2 
 .text.usb_event_cb
                0x10002274      0x144 /tmp/ccWepg5a.ltrans0.ltrans.o
 .text.usbStart.constprop.0.isra.0
                0x100023b8       0xc8 /tmp/ccWepg5a.ltrans0.ltrans.o
 .text.usb_prepare_in_ep_buffer
                0x10002480       0x72 /tmp/ccWepg5a.ltrans0.ltrans.o
 *fill*         0x100024f2        0x2 
 .text.usb_prepare_in_ep
                0x100024f4       0x88 /tmp/ccWepg5a.ltrans0.ltrans.o
 .text.usbStartTransmitI
                0x1000257c       0x28 /tmp/ccWepg5a.ltrans0.ltrans.o
 .text.obnotify
                0x100025a4       0x36 /tmp/ccWepg5a.ltrans0.ltrans.o
 *fill*         0x100025da        0x2 
 .text.usb_sof_cb
                0x100025dc       0xa8 /tmp/ccWepg5a.ltrans0.ltrans.o
 .text.keyboard_idle_timer_cb
                0x10002684       0x80 /tmp/ccWepg5a.ltrans0.ltrans.o
 .text.qmkusbDataTransmitted
                0x10002704       0xa0 /tmp/ccWepg5a.ltrans0.ltrans.o
 .text._usb_ep0setup
                0x100027a4      0x3c0 /tmp/ccWepg5a.ltrans0.ltrans.o
 .text._usb_ep0in
                0x10002b64       0xb6 /tmp/ccWepg5a.ltrans0.ltrans.o
 .text._usb_ep0out
                0x10002c1a       0x7e /tmp/ccWepg5a.ltrans0.ltrans.o
 .text.wear_leveling_write.isra.0
                0x10002c98      0x120 /tmp/ccWepg5a.ltrans0.ltrans.o
 .text.wear_leveling_read.isra.0
                0x10002db8       0x20 /tmp/ccWepg5a.ltrans0.ltrans.o
 .text.eeprom_update_dword.constprop.0
                0x10002dd8       0x24 /tmp/ccWepg5a.ltrans0.ltrans.o
 .text.eeprom_read_byte
                0x10002dfc       0x16 /tmp/ccWepg5a.ltrans0.ltrans.o
 .text.eeconfig_read_keymap
                0x10002e12       0x18 /tmp/ccWepg5a.ltrans0.ltrans.o
 .text.eeprom_update_byte
                0x10002e2a       0x1e /tmp/ccWepg5a.ltrans0.ltrans.o
 .text.eeprom_update_word
                0x10002e48       0x2a /tmp/ccWepg5a.ltrans0.ltrans.o
 *fill*         0x10002e72        0x2 
 .text.eeconfig_init_quantum
                0x10002e74       0x94 /tmp/ccWepg5a.ltrans0.ltrans.o
 .text.matrix_scan.isra.0
                0x10002f08      0x2b4 /tmp/ccWepg5a.ltrans0.ltrans.o
 .text.chSchGoSleepS
                0x100031bc       0x2c /tmp/ccWepg5a.ltrans0.ltrans.o
 .text.chSchGoSleepTimeoutS
                0x100031e8       0x60 /tmp/ccWepg5a.ltrans0.ltrans.o
 .text.chThdSleep
                0x10003248       0x16 /tmp/ccWepg5a.ltrans0.ltrans.o
 .text.chThdSuspendTimeoutS
                0x1000325e       0x18 /tmp/ccWepg5a.ltrans0.ltrans.o
 *fill*         0x10003276        0x2 
 .text.send_keyboard
                0x10003278       0x8c /tmp/ccWepg5a.ltrans0.ltrans.o
 .text.send_mouse
                0x10003304       0x40 /tmp/ccWepg5a.ltrans0.ltrans.o
 .text.send_extra
                0x10003344       0x4c /tmp/ccWepg5a.ltrans0.ltrans.o
 .text.send_system
                0x10003390        0xc /tmp/ccWepg5a.ltrans0.ltrans.o
 .text.send_consumer
                0x1000339c        0xc /tmp/ccWepg5a.ltrans0.ltrans.o
 .text.obqGetEmptyBufferTimeoutS
                0x100033a8       0x4c /tmp/ccWepg5a.ltrans0.ltrans.o
 .text.obqPutTimeout
                0x100033f4       0x48 /tmp/ccWepg5a.ltrans0.ltrans.o
 .text._put     0x1000343c        0xe /tmp/ccWepg5a.ltrans0.ltrans.o
 .text._putt    0x1000344a        0xa /tmp/ccWepg5a.ltrans0.ltrans.o
 .text.obqWriteTimeout
                0x10003454       0x82 /tmp/ccWepg5a.ltrans0.ltrans.o
 .text._write   0x100034d6        0xe /tmp/ccWepg5a.ltrans0.ltrans.o
 .text._writet  0x100034e4        0xa /tmp/ccWepg5a.ltrans0.ltrans.o
 .text.ibqGetFullBufferTimeoutS
                0x100034ee       0x4c /tmp/ccWepg5a.ltrans0.ltrans.o
 .text.ibqGetTimeout
                0x1000353a       0x3a /tmp/ccWepg5a.ltrans0.ltrans.o
 .text._get     0x10003574        0xe /tmp/ccWepg5a.ltrans0.ltrans.o
 .text._gett    0x10003582        0xa /tmp/ccWepg5a.ltrans0.ltrans.o
 .text.ibqReadTimeout
                0x1000358c       0x7e /tmp/ccWepg5a.ltrans0.ltrans.o
 .text._read    0x1000360a        0xe /tmp/ccWepg5a.ltrans0.ltrans.o
 .text._readt   0x10003618        0xa /tmp/ccWepg5a.ltrans0.ltrans.o
 .text.shutdown_user
                0x10003622        0x2 /tmp/ccWepg5a.ltrans0.ltrans.o
                0x10003622                __cpu_init
 .text.vprintf  0x10003624       0x28 /tmp/ccWepg5a.ltrans0.ltrans.o
                0x10003624                vprintf
 .text.printf   0x1000364c       0x16 /tmp/ccWepg5a.ltrans0.ltrans.o
 *fill*         0x10003662        0x2 
 .text.add_key  0x10003664       0x84 /tmp/ccWepg5a.ltrans0.ltrans.o
 .text.del_key  0x100036e8       0x6c /tmp/ccWepg5a.ltrans0.ltrans.o
 .text.send_keyboard_report
                0x10003754      0x134 /tmp/ccWepg5a.ltrans0.ltrans.o
 .text.register_mods
                0x10003888       0x18 /tmp/ccWepg5a.ltrans0.ltrans.o
 .text.unregister_mods
                0x100038a0       0x10 /tmp/ccWepg5a.ltrans0.ltrans.o
 .text.register_weak_mods
                0x100038b0       0x18 /tmp/ccWepg5a.ltrans0.ltrans.o
 .text.unregister_weak_mods
                0x100038c8       0x18 /tmp/ccWepg5a.ltrans0.ltrans.o
 .text.mousekey_send
                0x100038e0       0xf8 /tmp/ccWepg5a.ltrans0.ltrans.o
 .text.clear_keyboard_but_mods_and_keys
                0x100039d8       0x48 /tmp/ccWepg5a.ltrans0.ltrans.o
 .text.clear_keyboard
                0x10003a20       0x1c /tmp/ccWepg5a.ltrans0.ltrans.o
 .text.soft_reset_keyboard
                0x10003a3c       0x2c /tmp/ccWepg5a.ltrans0.ltrans.o
 .text.layer_on
                0x10003a68       0x18 /tmp/ccWepg5a.ltrans0.ltrans.o
 .text.set_oneshot_layer
                0x10003a80       0x34 /tmp/ccWepg5a.ltrans0.ltrans.o
 .text.layer_off
                0x10003ab4       0x18 /tmp/ccWepg5a.ltrans0.ltrans.o
 .text.clear_oneshot_layer_state
                0x10003acc       0x44 /tmp/ccWepg5a.ltrans0.ltrans.o
 .text.oneshot_set
                0x10003b10       0x54 /tmp/ccWepg5a.ltrans0.ltrans.o
 .text.register_code.part.0
                0x10003b64      0x10c /tmp/ccWepg5a.ltrans0.ltrans.o
 .text.register_code
                0x10003c70       0x36 /tmp/ccWepg5a.ltrans0.ltrans.o
 .text.unregister_code.part.0
                0x10003ca6       0x92 /tmp/ccWepg5a.ltrans0.ltrans.o
 .text.unregister_code
                0x10003d38       0x2e /tmp/ccWepg5a.ltrans0.ltrans.o
 *fill*         0x10003d66        0x2 
 .text.tap_code16
                0x10003d68       0x2c /tmp/ccWepg5a.ltrans0.ltrans.o
 .text.tap_code
                0x10003d94       0x2a /tmp/ccWepg5a.ltrans0.ltrans.o
 *fill*         0x10003dbe        0x2 
 .text.perform_space_cadet.isra.0
                0x10003dc0       0x94 /tmp/ccWepg5a.ltrans0.ltrans.o
 .text.send_char
                0x10003e54       0x74 /tmp/ccWepg5a.ltrans0.ltrans.o
 .text.set_unicode_input_mode
                0x10003ec8       0x2c /tmp/ccWepg5a.ltrans0.ltrans.o
 .text.dynamic_macro_record_end
                0x10003ef4       0x60 /tmp/ccWepg5a.ltrans0.ltrans.o
 .text.dynamic_macro_record_start.constprop.0
                0x10003f54       0x38 /tmp/ccWepg5a.ltrans0.ltrans.o
 .text.dynamic_macro_record_key.constprop.0
                0x10003f8c       0x88 /tmp/ccWepg5a.ltrans0.ltrans.o
 .text.process_record
                0x10004014      0xbb4 /tmp/ccWepg5a.ltrans0.ltrans.o
 .text.waiting_buffer_scan_tap
                0x10004bc8       0xac /tmp/ccWepg5a.ltrans0.ltrans.o
 .text.process_tapping
                0x10004c74      0x28c /tmp/ccWepg5a.ltrans0.ltrans.o
 .text.action_exec
                0x10004f00      0x148 /tmp/ccWepg5a.ltrans0.ltrans.o
 .text.dynamic_macro_play
                0x10005048       0x5c /tmp/ccWepg5a.ltrans0.ltrans.o
 .text.__late_init
                0x100050a4       0x40 /tmp/ccWepg5a.ltrans0.ltrans.o
                0x100050a4                __late_init
 .text.__early_init
                0x100050e4        0x2 /tmp/ccWepg5a.ltrans0.ltrans.o
                0x100050e4                __early_init
 .text.__default_exit
                0x100050e6        0x2 /tmp/ccWepg5a.ltrans0.ltrans.o
                0x100050e6                __default_exit
 .text.__init_ram_areas
                0x100050e8       0x44 /tmp/ccWepg5a.ltrans0.ltrans.o
                0x100050e8                __init_ram_areas
 .text.__sch_reschedule_ahead
                0x1000512c       0x44 /tmp/ccWepg5a.ltrans0.ltrans.o
                0x1000512c                chSchDoPreemption
 .text.startup.main
                0x10005170      0xb84 /tmp/ccWepg5a.ltrans0.ltrans.o
                0x10005170                main
 .text.chThdExit
                0x10005cf4       0x16 /tmp/ccWepg5a.ltrans0.ltrans.o
                0x10005cf4                chThdExit
 .text.NMI_Handler
                0x10005d0a       0x12 /tmp/ccWepg5a.ltrans0.ltrans.o
                0x10005d0a                NMI_Handler
 .text.Vector7C
                0x10005d1c       0x20 /tmp/ccWepg5a.ltrans0.ltrans.o
                0x10005d1c                Vector7C
 .text.Vector80
                0x10005d3c       0x3c /tmp/ccWepg5a.ltrans0.ltrans.o
                0x10005d3c                Vector80
 .text.__port_spinlock_release
                0x10005d78       0x10 /tmp/ccWepg5a.ltrans0.ltrans.o
                0x10005d78                __port_spinlock_release
 .text.SysTick_Handler
                0x10005d88       0x70 /tmp/ccWepg5a.ltrans0.ltrans.o
                0x10005d88                SysTick_Handler
 .text.Vector54
                0x10005df8      0x2a4 /tmp/ccWepg5a.ltrans0.ltrans.o
                0x10005df8                Vector54
 .text._fini    0x1000609c        0x2 /tmp/ccWepg5a.ltrans0.ltrans.o
                0x1000609c                _fini
 .text.memset   0x1000609e       0x10 /usr/lib/gcc/arm-none-eabi/14.1.0/../../../../arm-none-eabi/lib/thumb/v6-m/nofp/libg_nano.a(libc_a-memset.o)
                0x1000609e                memset
 .text.memcpy   0x100060ae       0x12 /usr/lib/gcc/arm-none-eabi/14.1.0/../../../../arm-none-eabi/lib/thumb/v6-m/nofp/libg_nano.a(libc_a-memcpy-stub.o)
                0x100060ae                memcpy
 .text.memcmp   0x100060c0       0x1c /usr/lib/gcc/arm-none-eabi/14.1.0/../../../../arm-none-eabi/lib/thumb/v6-m/nofp/libg_nano.a(libc_a-memcmp.o)
                0x100060c0                memcmp
 .text.__muldi3
                0x100060dc       0x44 /usr/lib/gcc/arm-none-eabi/14.1.0/thumb/v6-m/nofp/libgcc.a(_muldi3.o)
                0x100060dc                __aeabi_lmul
                0x100060dc                __muldi3
 .text.__udivmoddi4
                0x10006120       0xea /usr/lib/gcc/arm-none-eabi/14.1.0/thumb/v6-m/nofp/libgcc.a(_udivmoddi4.o)
                0x10006120                __udivmoddi4
 *fill*         0x1000620a        0x6 
 .text.__udivmoddi4.__stub
                0x10006210       0x20 linker stubs
 *(.glue_7t)
 .glue_7t       0x10006230        0x0 linker stubs
 *(.glue_7)
 .glue_7        0x10006230        0x0 linker stubs
 *(.gcc*)
                0x10006230                        __text_end__ = .

.vfp11_veneer   0x10006230        0x0
 .vfp11_veneer  0x10006230        0x0 linker stubs

.v4_bx          0x10006230        0x0
 .v4_bx         0x10006230        0x0 linker stubs

.iplt           0x10006230        0x0
 .iplt          0x10006230        0x0 .build/obj_alectardy98_nixdorf_softkeys_default/./lib/chibios/os/common/startup/ARMCMx/compilers/GCC/crt0_v6m.o

.rodata         0x10006230      0x934
                0x10006230                        __rodata_base__ = .
 *(.rodata)
 *(.rodata.*)
 .rodata.vsnprintf_impl.constprop.0.str1.1
                0x10006230      0x2bd /tmp/ccWepg5a.ltrans0.ltrans.o
                                  0xd (size before relaxing)
 .rodata.add_key.str1.1
                0x100064ed       0x1e /tmp/ccWepg5a.ltrans0.ltrans.o
 .rodata.del_key.str1.1
                0x100064ed       0x1e /tmp/ccWepg5a.ltrans0.ltrans.o
 .rodata.send_keyboard_report.str1.1
                0x100064ed       0x2c /tmp/ccWepg5a.ltrans0.ltrans.o
 .rodata.mousekey_send.str1.1
                0x100064ed       0x3a /tmp/ccWepg5a.ltrans0.ltrans.o
 .rodata.oneshot_set.str1.1
                0x100064ed       0x15 /tmp/ccWepg5a.ltrans0.ltrans.o
 .rodata.set_unicode_input_mode.str1.1
                0x100064ed       0x1f /tmp/ccWepg5a.ltrans0.ltrans.o
 .rodata.dynamic_macro_record_end.str1.1
                0x100064ed       0x5e /tmp/ccWepg5a.ltrans0.ltrans.o
 .rodata.dynamic_macro_record_start.constprop.0.str1.1
                0x100064ed       0x23 /tmp/ccWepg5a.ltrans0.ltrans.o
 .rodata.dynamic_macro_record_key.constprop.0.str1.1
                0x100064ed       0x57 /tmp/ccWepg5a.ltrans0.ltrans.o
 .rodata.process_record.str1.1
                0x100064ed       0x78 /tmp/ccWepg5a.ltrans0.ltrans.o
 .rodata.dynamic_macro_play.str1.1
                0x100064ed       0x21 /tmp/ccWepg5a.ltrans0.ltrans.o
 .rodata.main.str1.1
                0x100064ed       0x60 /tmp/ccWepg5a.ltrans0.ltrans.o
 .rodata.Vector80.str1.1
                0x100064ed        0xd /tmp/ccWepg5a.ltrans0.ltrans.o
 .rodata.ConsoleReport
                0x100064ed       0x22 /tmp/ccWepg5a.ltrans0.ltrans.o
 .rodata.SharedReport
                0x1000650f       0xbc /tmp/ccWepg5a.ltrans0.ltrans.o
 .rodata.KeyboardReport
                0x100065cb       0x40 /tmp/ccWepg5a.ltrans0.ltrans.o
 .rodata.ProductString
                0x1000660b       0x14 /tmp/ccWepg5a.ltrans0.ltrans.o
 .rodata.ManufacturerString
                0x1000661f       0x12 /tmp/ccWepg5a.ltrans0.ltrans.o
 .rodata.LanguageString
                0x10006631        0x4 /tmp/ccWepg5a.ltrans0.ltrans.o
 *fill*         0x10006635        0x3 
 .rodata.ep0config
                0x10006638       0x1c /tmp/ccWepg5a.ltrans0.ltrans.o
 .rodata.active_status
                0x10006654        0x2 /tmp/ccWepg5a.ltrans0.ltrans.o
 .rodata.halted_status
                0x10006656        0x2 /tmp/ccWepg5a.ltrans0.ltrans.o
 .rodata.zero_status
                0x10006658        0x2 /tmp/ccWepg5a.ltrans0.ltrans.o
 *fill*         0x1000665a        0x2 
 .rodata.ram_areas
                0x1000665c       0x80 /tmp/ccWepg5a.ltrans0.ltrans.o
 .rodata.shared_ep_config
                0x100066dc       0x1c /tmp/ccWepg5a.ltrans0.ltrans.o
 .rodata.kbd_ep_config
                0x100066f8       0x1c /tmp/ccWepg5a.ltrans0.ltrans.o
 .rodata.ConfigurationDescriptor
                0x10006714       0x5b /tmp/ccWepg5a.ltrans0.ltrans.o
 .rodata.DeviceDescriptor
                0x1000676f       0x12 /tmp/ccWepg5a.ltrans0.ltrans.o
 .rodata.CSWTCH.5
                0x10006781        0x3 /tmp/ccWepg5a.ltrans0.ltrans.o
 .rodata.CSWTCH.4
                0x10006784        0xc /tmp/ccWepg5a.ltrans0.ltrans.o
 .rodata.CSWTCH.3
                0x10006790        0xc /tmp/ccWepg5a.ltrans0.ltrans.o
 .rodata.CSWTCH.2
                0x1000679c        0x3 /tmp/ccWepg5a.ltrans0.ltrans.o
 *fill*         0x1000679f        0x1 
 .rodata.CSWTCH.1
                0x100067a0        0xc /tmp/ccWepg5a.ltrans0.ltrans.o
 .rodata.ascii_to_altgr_lut
                0x100067ac       0x10 /tmp/ccWepg5a.ltrans0.ltrans.o
 .rodata.ascii_to_shift_lut
                0x100067bc       0x10 /tmp/ccWepg5a.ltrans0.ltrans.o
 .rodata.ascii_to_keycode_lut
                0x100067cc       0x80 /tmp/ccWepg5a.ltrans0.ltrans.o
 .rodata.str1.1
                0x1000684c        0x3 /tmp/ccWepg5a.ltrans0.ltrans.o
 .rodata.ch_core0_cfg
                0x1000684c        0xc /tmp/ccWepg5a.ltrans0.ltrans.o
 .rodata.vmt    0x10006858       0x28 /tmp/ccWepg5a.ltrans0.ltrans.o
 .rodata.row_pins
                0x10006880       0x24 /tmp/ccWepg5a.ltrans0.ltrans.o
 .rodata.col_pins
                0x100068a4       0x40 /tmp/ccWepg5a.ltrans0.ltrans.o
 .rodata.usbcfg
                0x100068e4       0x10 /tmp/ccWepg5a.ltrans0.ltrans.o
 .rodata.keymaps
                0x100068f4      0x240 /tmp/ccWepg5a.ltrans0.ltrans.o
 .rodata.CSWTCH.15
                0x10006b34       0x2e /tmp/ccWepg5a.ltrans0.ltrans.o
                0x10006b64                        . = ALIGN (0x4)
 *fill*         0x10006b62        0x2 
                0x10006b64                        __rodata_end__ = .

.ARM.extab
 *(.ARM.extab* .gnu.linkonce.armextab.*)

.ARM.exidx      0x10006b64        0x8
                0x10006b64                        __exidx_base__ = .
                0x10006b64                        __exidx_start = .
 *(.ARM.exidx* .gnu.linkonce.armexidx.*)
 .ARM.exidx.text.__udivmoddi4
                0x10006b64        0x8 /usr/lib/gcc/arm-none-eabi/14.1.0/thumb/v6-m/nofp/libgcc.a(_udivmoddi4.o)
                0x10006b6c                        __exidx_end__ = .
                0x10006b6c                        __exidx_end = .

.rel.dyn        0x10006b6c        0x0
 .rel.iplt      0x10006b6c        0x0 .build/obj_alectardy98_nixdorf_softkeys_default/./lib/chibios/os/common/startup/ARMCMx/compilers/GCC/crt0_v6m.o

.eh_frame_hdr
 *(.eh_frame_hdr)

.eh_frame
 *(.eh_frame)

.data           0x20000000      0x3e0 load address 0x10006b6c
                [!provide]                        PROVIDE (_textdata = LOADADDR (.data))
                [!provide]                        PROVIDE (_data = .)
                0x10006b6c                        __textdata_base__ = LOADADDR (.data)
                0x20000000                        __data_base__ = .
 *(vtable)
 *(.time_critical*)
 .time_critical.flash_enable_xip_via_boot2
                0x20000000       0x18 /tmp/ccWepg5a.ltrans0.ltrans.o
 .time_critical.flash_cs_force
                0x20000018       0x20 /tmp/ccWepg5a.ltrans0.ltrans.o
 .time_critical.flash_was_aborted
                0x20000038       0x10 /tmp/ccWepg5a.ltrans0.ltrans.o
 .time_critical.flash_init_boot2_copyout
                0x20000048       0x30 /tmp/ccWepg5a.ltrans0.ltrans.o
 .time_critical.flash_range_erase
                0x20000078       0x60 /tmp/ccWepg5a.ltrans0.ltrans.o
 .time_critical.flash_put_cmd_addr
                0x200000d8       0x24 /tmp/ccWepg5a.ltrans0.ltrans.o
 .time_critical.flash_put_get
                0x200000fc       0x6c /tmp/ccWepg5a.ltrans0.ltrans.o
 .time_critical._flash_do_cmd
                0x20000168       0x22 /tmp/ccWepg5a.ltrans0.ltrans.o
 .time_critical.flash_wait_ready
                0x2000018a       0x22 /tmp/ccWepg5a.ltrans0.ltrans.o
 .time_critical.flash_enable_write
                0x200001ac        0xe /tmp/ccWepg5a.ltrans0.ltrans.o
 *fill*         0x200001ba        0x2 
 .time_critical.pico_program_bulk
                0x200001bc       0x94 /tmp/ccWepg5a.ltrans0.ltrans.o
                0x20000250                        . = ALIGN (0x4)
 *(.data)
 *(.data.*)
 .data.linecoding
                0x20000250        0x7 /tmp/ccWepg5a.ltrans0.ltrans.o
 *fill*         0x20000257        0x1 
 .data.func     0x20000258        0x4 /tmp/ccWepg5a.ltrans0.ltrans.o
 .data.chibios_driver
                0x2000025c       0x18 /tmp/ccWepg5a.ltrans0.ltrans.o
 .data.drivers  0x20000274      0x160 /tmp/ccWepg5a.ltrans0.ltrans.o
 .data.keyboard_protocol
                0x200003d4        0x1 /tmp/ccWepg5a.ltrans0.ltrans.o
 *fill*         0x200003d5        0x3 
 .data.r_macro_end.0
                0x200003d8        0x4 /tmp/ccWepg5a.ltrans0.ltrans.o
 .data.macro_end.1
                0x200003dc        0x4 /tmp/ccWepg5a.ltrans0.ltrans.o
 *(.ramtext)
                0x200003e0                        . = ALIGN (0x4)
                [!provide]                        PROVIDE (_edata = .)
                0x200003e0                        __data_end__ = .

.igot.plt       0x200003e0        0x0 load address 0x10006f4c
 .igot.plt      0x200003e0        0x0 .build/obj_alectardy98_nixdorf_softkeys_default/./lib/chibios/os/common/startup/ARMCMx/compilers/GCC/crt0_v6m.o

.bss            0x200003e0     0x1b10 load address 0x10006f4c
                0x200003e0                        __bss_base__ = .
 *(.bss)
 *(.bss.*)
 .bss.ep0_state
                0x200003e0       0x40 /tmp/ccWepg5a.ltrans0.ltrans.o
 .bss.shared_ep_state
                0x20000420       0x20 /tmp/ccWepg5a.ltrans0.ltrans.o
 .bss.kbd_ep_state
                0x20000440       0x20 /tmp/ccWepg5a.ltrans0.ltrans.o
 .bss.__compound_literal.1
                0x20000460       0x90 /tmp/ccWepg5a.ltrans0.ltrans.o
 .bss.__compound_literal.0.lto_priv.1
                0x200004f0       0x90 /tmp/ccWepg5a.ltrans0.ltrans.o
 .bss.__compound_literal.0.lto_priv.0
                0x20000580       0x20 /tmp/ccWepg5a.ltrans0.ltrans.o
 .bss.debouncing_time
                0x200005a0        0x4 /tmp/ccWepg5a.ltrans0.ltrans.o
 .bss.debouncing
                0x200005a4        0x1 /tmp/ccWepg5a.ltrans0.ltrans.o
 *fill*         0x200005a5        0x1 
 .bss.sc_timer  0x200005a6        0x2 /tmp/ccWepg5a.ltrans0.ltrans.o
 .bss.boot2_copyout
                0x200005a8      0x100 /tmp/ccWepg5a.ltrans0.ltrans.o
 .bss.boot2_copyout_valid
                0x200006a8        0x1 /tmp/ccWepg5a.ltrans0.ltrans.o
 .bss.timed_out.0
                0x200006a9        0x1 /tmp/ccWepg5a.ltrans0.ltrans.o
 .bss.report.1  0x200006aa        0x3 /tmp/ccWepg5a.ltrans0.ltrans.o
 *fill*         0x200006ad        0x1 
 .bss.keyboard_idle
                0x200006ae        0x1 /tmp/ccWepg5a.ltrans0.ltrans.o
 .bss.keyboard_report_sent
                0x200006af       0x20 /tmp/ccWepg5a.ltrans0.ltrans.o
 .bss.keyboard_led_state
                0x200006cf        0x1 /tmp/ccWepg5a.ltrans0.ltrans.o
 .bss.set_report_buf
                0x200006d0        0x2 /tmp/ccWepg5a.ltrans0.ltrans.o
 *fill*         0x200006d2        0x2 
 .bss.desc.2    0x200006d4        0x8 /tmp/ccWepg5a.ltrans0.ltrans.o
 .bss.last_consumer_report
                0x200006dc        0x2 /tmp/ccWepg5a.ltrans0.ltrans.o
 .bss.last_system_report
                0x200006de        0x2 /tmp/ccWepg5a.ltrans0.ltrans.o
 .bss.interrupts
                0x200006e0        0x4 /tmp/ccWepg5a.ltrans0.ltrans.o
 .bss.bulk_write_buffer.0
                0x200006e4       0x80 /tmp/ccWepg5a.ltrans0.ltrans.o
 .bss.ch_memcore
                0x20000764        0x8 /tmp/ccWepg5a.ltrans0.ltrans.o
 .bss.configured_freq
                0x2000076c       0x28 /tmp/ccWepg5a.ltrans0.ltrans.o
 .bss.wear_leveling
                0x20000794     0x1008 /tmp/ccWepg5a.ltrans0.ltrans.o
 .bss.BOOT2_ROM_RAM
                0x2000179c      0x100 /tmp/ccWepg5a.ltrans0.ltrans.o
 .bss.keyboard_idle_timer
                0x2000189c       0x18 /tmp/ccWepg5a.ltrans0.ltrans.o
 .bss.ms_offset
                0x200018b4        0x4 /tmp/ccWepg5a.ltrans0.ltrans.o
 .bss.last_ticks
                0x200018b8        0x4 /tmp/ccWepg5a.ltrans0.ltrans.o
 .bss.ticks_offset
                0x200018bc        0x4 /tmp/ccWepg5a.ltrans0.ltrans.o
 .bss.raw_matrix
                0x200018c0       0x12 /tmp/ccWepg5a.ltrans0.ltrans.o
 *fill*         0x200018d2        0x2 
 .bss.driver.lto_priv.1
                0x200018d4        0x4 /tmp/ccWepg5a.ltrans0.ltrans.o
 .bss.event_queue
                0x200018d8       0x10 /tmp/ccWepg5a.ltrans0.ltrans.o
 .bss.event_queue_tail
                0x200018e8        0x1 /tmp/ccWepg5a.ltrans0.ltrans.o
 .bss.event_queue_head
                0x200018e9        0x1 /tmp/ccWepg5a.ltrans0.ltrans.o
 .bss.last_suspend_state
                0x200018ea        0x1 /tmp/ccWepg5a.ltrans0.ltrans.o
 *fill*         0x200018eb        0x1 
 .bss.ch_system
                0x200018ec       0x10 /tmp/ccWepg5a.ltrans0.ltrans.o
 .bss.USBD1     0x200018fc       0xe4 /tmp/ccWepg5a.ltrans0.ltrans.o
 .bss.last_tick.0
                0x200019e0        0x2 /tmp/ccWepg5a.ltrans0.ltrans.o
 .bss.matrix    0x200019e2       0x12 /tmp/ccWepg5a.ltrans0.ltrans.o
 .bss.matrix_previous.1
                0x200019f4       0x12 /tmp/ccWepg5a.ltrans0.ltrans.o
 .bss.last_timer_w
                0x20001a06        0x2 /tmp/ccWepg5a.ltrans0.ltrans.o
 .bss.last_timer_c
                0x20001a08        0x2 /tmp/ccWepg5a.ltrans0.ltrans.o
 .bss.last_led_status.0
                0x20001a0a        0x1 /tmp/ccWepg5a.ltrans0.ltrans.o
 *fill*         0x20001a0b        0x1 
 .bss.driver.lto_priv.0
                0x20001a0c        0x4 /tmp/ccWepg5a.ltrans0.ltrans.o
 .bss.last_report.0
                0x20001a10       0x20 /tmp/ccWepg5a.ltrans0.ltrans.o
 .bss.source_layers_cache
                0x20001a30       0x48 /tmp/ccWepg5a.ltrans0.ltrans.o
 .bss.mousekey_accel
                0x20001a78        0x1 /tmp/ccWepg5a.ltrans0.ltrans.o
 .bss.mousekey_wheel_repeat
                0x20001a79        0x1 /tmp/ccWepg5a.ltrans0.ltrans.o
 .bss.mousekey_repeat
                0x20001a7a        0x1 /tmp/ccWepg5a.ltrans0.ltrans.o
 .bss.mouse_report
                0x20001a7b        0x6 /tmp/ccWepg5a.ltrans0.ltrans.o
 *fill*         0x20001a81        0x1 
 .bss.macro_buffer.2
                0x20001a82      0x400 /tmp/ccWepg5a.ltrans0.ltrans.o
 *fill*         0x20001e82        0x2 
 .bss.macro_pointer.3
                0x20001e84        0x4 /tmp/ccWepg5a.ltrans0.ltrans.o
 .bss.macro_id.4
                0x20001e88        0x1 /tmp/ccWepg5a.ltrans0.ltrans.o
 .bss.unicode_saved_mods
                0x20001e89        0x1 /tmp/ccWepg5a.ltrans0.ltrans.o
 *fill*         0x20001e8a        0x2 
 .bss.unicode_config
                0x20001e8c        0x4 /tmp/ccWepg5a.ltrans0.ltrans.o
 .bss.unicode_saved_num_lock
                0x20001e90        0x1 /tmp/ccWepg5a.ltrans0.ltrans.o
 .bss.unicode_saved_caps_lock
                0x20001e91        0x1 /tmp/ccWepg5a.ltrans0.ltrans.o
 .bss.sc_last   0x20001e92        0x1 /tmp/ccWepg5a.ltrans0.ltrans.o
 .bss.grave_esc_was_shifted
                0x20001e93        0x1 /tmp/ccWepg5a.ltrans0.ltrans.o
 .bss.debug_config
                0x20001e94        0x1 /tmp/ccWepg5a.ltrans0.ltrans.o
 .bss.oneshot_mods
                0x20001e95        0x1 /tmp/ccWepg5a.ltrans0.ltrans.o
 .bss.real_mods
                0x20001e96        0x1 /tmp/ccWepg5a.ltrans0.ltrans.o
 .bss.oneshot_locked_mods
                0x20001e97        0x1 /tmp/ccWepg5a.ltrans0.ltrans.o
 .bss.default_layer_state
                0x20001e98        0x2 /tmp/ccWepg5a.ltrans0.ltrans.o
 .bss.weak_mods
                0x20001e9a        0x1 /tmp/ccWepg5a.ltrans0.ltrans.o
 .bss.oneshot_layer_data
                0x20001e9b        0x1 /tmp/ccWepg5a.ltrans0.ltrans.o
 .bss.oneshot_layer_time
                0x20001e9c        0x2 /tmp/ccWepg5a.ltrans0.ltrans.o
 .bss.oneshot_time
                0x20001e9e        0x2 /tmp/ccWepg5a.ltrans0.ltrans.o
 .bss.waiting_buffer_head
                0x20001ea0        0x1 /tmp/ccWepg5a.ltrans0.ltrans.o
 .bss.waiting_buffer_tail
                0x20001ea1        0x1 /tmp/ccWepg5a.ltrans0.ltrans.o
 .bss.waiting_buffer
                0x20001ea2       0x40 /tmp/ccWepg5a.ltrans0.ltrans.o
 .bss.tapping_key
                0x20001ee2        0x8 /tmp/ccWepg5a.ltrans0.ltrans.o
 .bss.keymap_config
                0x20001eea        0x2 /tmp/ccWepg5a.ltrans0.ltrans.o
 .bss.layer_state
                0x20001eec        0x2 /tmp/ccWepg5a.ltrans0.ltrans.o
 *(COMMON)
                0x20001ef0                        . = ALIGN (0x4)
 *fill*         0x20001eee        0x2 
                0x20001ef0                        __bss_end__ = .
                [!provide]                        PROVIDE (end = .)
                0x20000000                        __ram0_base__ = ORIGIN (ram0)
                0x00040000                        __ram0_size__ = LENGTH (ram0)
                0x20040000                        __ram0_end__ = (__ram0_base__ + __ram0_size__)
                0x00000000                        __ram1_base__ = ORIGIN (ram1)
                0x00040000                        __ram1_size__ = LENGTH (ram1)
                0x00040000                        __ram1_end__ = (__ram1_base__ + __ram1_size__)
                0x00000000                        __ram2_base__ = ORIGIN (ram2)
                0x00000000                        __ram2_size__ = LENGTH (ram2)
                0x00000000                        __ram2_end__ = (__ram2_base__ + __ram2_size__)
                0x00000000                        __ram3_base__ = ORIGIN (ram3)
                0x00000000                        __ram3_size__ = LENGTH (ram3)
                0x00000000                        __ram3_end__ = (__ram3_base__ + __ram3_size__)
                0x20040000                        __ram4_base__ = ORIGIN (ram4)
                0x00001000                        __ram4_size__ = LENGTH (ram4)
                0x20041000                        __ram4_end__ = (__ram4_base__ + __ram4_size__)
                0x20041000                        __ram5_base__ = ORIGIN (ram5)
                0x00001000                        __ram5_size__ = LENGTH (ram5)
                0x20042000                        __ram5_end__ = (__ram5_base__ + __ram5_size__)
                0x00000000                        __ram6_base__ = ORIGIN (ram6)
                0x00000000                        __ram6_size__ = LENGTH (ram6)
                0x00000000                        __ram6_end__ = (__ram6_base__ + __ram6_size__)
                0x20041f00                        __ram7_base__ = ORIGIN (ram7)
                0x00000100                        __ram7_size__ = LENGTH (ram7)
                0x20042000                        __ram7_end__ = (__ram7_base__ + __ram7_size__)
                0x00000000                        __flash0_base__ = ORIGIN (flash0)
                0x00004000                        __flash0_size__ = LENGTH (flash0)
                0x00004000                        __flash0_end__ = (__flash0_base__ + __flash0_size__)
                0x10000000                        __flash1_base__ = ORIGIN (flash1)
                0x00200000                        __flash1_size__ = LENGTH (flash1)
                0x10200000                        __flash1_end__ = (__flash1_base__ + __flash1_size__)
                0x00000000                        __flash2_base__ = ORIGIN (flash2)
                0x00000000                        __flash2_size__ = LENGTH (flash2)
                0x00000000                        __flash2_end__ = (__flash2_base__ + __flash2_size__)
                0x00000000                        __flash3_base__ = ORIGIN (flash3)
                0x00000000                        __flash3_size__ = LENGTH (flash3)
                0x00000000                        __flash3_end__ = (__flash3_base__ + __flash3_size__)
                0x00000000                        __flash4_base__ = ORIGIN (flash4)
                0x00000000                        __flash4_size__ = LENGTH (flash4)
                0x00000000                        __flash4_end__ = (__flash4_base__ + __flash4_size__)
                0x00000000                        __flash5_base__ = ORIGIN (flash5)
                0x00000000                        __flash5_size__ = LENGTH (flash5)
                0x00000000                        __flash5_end__ = (__flash5_base__ + __flash5_size__)
                0x00000000                        __flash6_base__ = ORIGIN (flash6)
                0x00000000                        __flash6_size__ = LENGTH (flash6)
                0x00000000                        __flash6_end__ = (__flash6_base__ + __flash6_size__)
                0x00000000                        __flash7_base__ = ORIGIN (flash7)
                0x00000000                        __flash7_size__ = LENGTH (flash7)
                0x00000000                        __flash7_end__ = (__flash7_base__ + __flash7_size__)

.ram0_init      0x20001ef0        0x0 load address 0x10006f4c
                0x10006f4c                        __ram0_init_text__ = LOADADDR (.ram0_init)
                0x20001ef0                        __ram0_init__ = .
 *(.ram0_init)
 *(.ram0_init.*)
                0x20001ef0                        . = ALIGN (0x4)

.ram0           0x20001ef0        0x4 load address 0x10006f4c
                0x20001ef0                        __ram0_clear__ = .
 *(.ram0_clear)
 *(.ram0_clear.*)
                0x20001ef0                        . = ALIGN (0x4)
                0x20001ef0                        __ram0_noinit__ = .
 *(.ram0)
 *(.ram0.*)
 .ram0.bootloader_magic
                0x20001ef0        0x4 /tmp/ccWepg5a.ltrans0.ltrans.o
                0x20001ef4                        . = ALIGN (0x4)
                0x20001ef4                        __ram0_free__ = .

.ram1_init      0x00000000        0x0 load address 0x10006f4c
                0x10006f4c                        __ram1_init_text__ = LOADADDR (.ram1_init)
                0x00000000                        __ram1_init__ = .
 *(.ram1_init)
 *(.ram1_init.*)
                0x00000000                        . = ALIGN (0x4)

.ram1           0x00000000        0x0 load address 0x10006f4c
                0x00000000                        __ram1_clear__ = .
 *(.ram1_clear)
 *(.ram1_clear.*)
                0x00000000                        . = ALIGN (0x4)
                0x00000000                        __ram1_noinit__ = .
 *(.ram1)
 *(.ram1.*)
                0x00000000                        . = ALIGN (0x4)
                0x00000000                        __ram1_free__ = .

.ram2_init      0x00000000        0x0 load address 0x10006f4c
                0x10006f4c                        __ram2_init_text__ = LOADADDR (.ram2_init)
                0x00000000                        __ram2_init__ = .
 *(.ram2_init)
 *(.ram2_init.*)
                0x00000000                        . = ALIGN (0x4)

.ram2           0x00000000        0x0 load address 0x10006f4c
                0x00000000                        __ram2_clear__ = .
 *(.ram2_clear)
 *(.ram2_clear.*)
                0x00000000                        . = ALIGN (0x4)
                0x00000000                        __ram2_noinit__ = .
 *(.ram2)
 *(.ram2.*)
                0x00000000                        . = ALIGN (0x4)
                0x00000000                        __ram2_free__ = .

.ram3_init      0x00000000        0x0 load address 0x10006f4c
                0x10006f4c                        __ram3_init_text__ = LOADADDR (.ram3_init)
                0x00000000                        __ram3_init__ = .
 *(.ram3_init)
 *(.ram3_init.*)
                0x00000000                        . = ALIGN (0x4)

.ram3           0x00000000        0x0 load address 0x10006f4c
                0x00000000                        __ram3_clear__ = .
 *(.ram3_clear)
 *(.ram3_clear.*)
                0x00000000                        . = ALIGN (0x4)
                0x00000000                        __ram3_noinit__ = .
 *(.ram3)
 *(.ram3.*)
                0x00000000                        . = ALIGN (0x4)
                0x00000000                        __ram3_free__ = .

.ram4_init      0x20040c00        0x0 load address 0x10006f4c
                0x10006f4c                        __ram4_init_text__ = LOADADDR (.ram4_init)
                0x20040c00                        __ram4_init__ = .
 *(.ram4_init)
 *(.ram4_init.*)
                0x20040c00                        . = ALIGN (0x4)

.ram4           0x20040c00      0x120 load address 0x10006f4c
                0x20040c00                        __ram4_clear__ = .
 *(.ram4_clear)
 *(.ram4_clear.*)
 .ram4_clear.core0
                0x20040c00      0x120 /tmp/ccWepg5a.ltrans0.ltrans.o
                0x20040d20                        . = ALIGN (0x4)
                0x20040d20                        __ram4_noinit__ = .
 *(.ram4)
 *(.ram4.*)
                0x20040d20                        . = ALIGN (0x4)
                0x20040d20                        __ram4_free__ = .

.ram5_init      0x20041c00        0x0 load address 0x10006f4c
                0x10006f4c                        __ram5_init_text__ = LOADADDR (.ram5_init)
                0x20041c00                        __ram5_init__ = .
 *(.ram5_init)
 *(.ram5_init.*)
                0x20041c00                        . = ALIGN (0x4)

.ram5           0x20041c00        0x0 load address 0x10006f4c
                0x20041c00                        __ram5_clear__ = .
 *(.ram5_clear)
 *(.ram5_clear.*)
                0x20041c00                        . = ALIGN (0x4)
                0x20041c00                        __ram5_noinit__ = .
 *(.ram5)
 *(.ram5.*)
                0x20041c00                        . = ALIGN (0x4)
                0x20041c00                        __ram5_free__ = .

.ram6_init      0x00000000        0x0 load address 0x10006f4c
                0x10006f4c                        __ram6_init_text__ = LOADADDR (.ram6_init)
                0x00000000                        __ram6_init__ = .
 *(.ram6_init)
 *(.ram6_init.*)
                0x00000000                        . = ALIGN (0x4)

.ram6           0x00000000        0x0 load address 0x10006f4c
                0x00000000                        __ram6_clear__ = .
 *(.ram6_clear)
 *(.ram6_clear.*)
                0x00000000                        . = ALIGN (0x4)
                0x00000000                        __ram6_noinit__ = .
 *(.ram6)
 *(.ram6.*)
                0x00000000                        . = ALIGN (0x4)
                0x00000000                        __ram6_free__ = .

.ram7_init      0x20041f00        0x0 load address 0x10006f4c
                0x10006f4c                        __ram7_init_text__ = LOADADDR (.ram7_init)
                0x20041f00                        __ram7_init__ = .
 *(.ram7_init)
 *(.ram7_init.*)
                0x20041f00                        . = ALIGN (0x4)

.ram7           0x20041f00        0x0 load address 0x10006f4c
                0x20041f00                        __ram7_clear__ = .
 *(.ram7_clear)
 *(.ram7_clear.*)
                0x20041f00                        . = ALIGN (0x4)
                0x20041f00                        __ram7_noinit__ = .
 *(.ram7)
 *(.ram7.*)
                0x20041f00                        . = ALIGN (0x4)
                0x20041f00                        __ram7_free__ = .

.flash0         0x00000000        0x0
                0x00000000                        __flash0_init__ = .
 *(.flash0_init)
 *(.flash0_init.*)
                0x00000000                        __flash0_free__ = .

.flash1         0x10006f4c        0x0
                0x10006f4c                        __flash1_init__ = .
 *(.flash1_init)
 *(.flash1_init.*)
                0x10006f4c                        __flash1_free__ = .

.flash2         0x00000000        0x0
                0x00000000                        __flash2_init__ = .
 *(.flash2_init)
 *(.flash2_init.*)
                0x00000000                        __flash2_free__ = .

.flash3         0x00000000        0x0
                0x00000000                        __flash3_init__ = .
 *(.flash3_init)
 *(.flash3_init.*)
                0x00000000                        __flash3_free__ = .

.flash4         0x00000000        0x0
                0x00000000                        __flash4_init__ = .
 *(.flash4_init)
 *(.flash4_init.*)
                0x00000000                        __flash4_free__ = .

.flash5         0x00000000        0x0
                0x00000000                        __flash5_init__ = .
 *(.flash5_init)
 *(.flash5_init.*)
                0x00000000                        __flash5_free__ = .

.flash6         0x00000000        0x0
                0x00000000                        __flash6_init__ = .
 *(.flash6_init)
 *(.flash6_init.*)
                0x00000000                        __flash6_free__ = .

.flash7         0x00000000        0x0
                0x00000000                        __flash7_init__ = .
 *(.flash7_init)
 *(.flash7_init.*)
                0x00000000                        __flash7_free__ = .

.heap           0x20001ef4    0x3e10c
                0x20001ef8                        . = ALIGN (0x8)
 *fill*         0x20001ef4        0x4 
                0x20001ef8                        __heap_base__ = .
                0x20040000                        . = (ORIGIN (HEAP_RAM) + LENGTH (HEAP_RAM))
 *fill*         0x20001ef8    0x3e108 
                0x20040000                        __heap_end__ = .

.flash_end      0x10006f4c        0x0
                0x10006f4c                        __flash_binary_end = .
OUTPUT(.build/alectardy98_nixdorf_softkeys_default.elf elf32-littlearm)
LOAD linker stubs

.debug_info     0x00000000    0x3a5d9
 .debug_info    0x00000000     0xdb88 /tmp/ccWepg5a.ltrans0.ltrans.o
 .debug_info    0x0000db88     0x18bf /tmp/ccvbNPNQ.debug.temp.o
                0x0000db88                keymap_introspection.c.abbedc92
 .debug_info    0x0000f447     0x1a6f /tmp/ccwsctVi.debug.temp.o
                0x0000f447                quantum.c.98331123
 .debug_info    0x00010eb6      0x1d4 /tmp/ccZpihVv.debug.temp.o
                0x00010eb6                bitwise.c.ba9b4d4e
 .debug_info    0x0001108a      0x7eb /tmp/cczRx1ix.debug.temp.o
                0x0001108a                led.c.605daa0c
 .debug_info    0x00011875     0x15a1 /tmp/ccAdvngS.debug.temp.o
                0x00011875                action.c.937a5dca
 .debug_info    0x00012e16      0x788 /tmp/ccE0r8iU.debug.temp.o
                0x00012e16                action_layer.c.712e661a
 .debug_info    0x0001359e      0x9e6 /tmp/cckBHsGA.debug.temp.o
                0x0001359e                action_tapping.c.e858584c
 .debug_info    0x00013f84      0x7db /tmp/ccDZ7i1W.debug.temp.o
                0x00013f84                action_util.c.00f501ed
 .debug_info    0x0001475f      0x2f3 /tmp/ccxPIciw.debug.temp.o
                0x0001475f                eeconfig.c.7f8f360e
 .debug_info    0x00014a52      0x588 /tmp/ccQE2bHi.debug.temp.o
                0x00014a52                keyboard.c.4d767070
 .debug_info    0x00014fda     0x18f8 /tmp/ccRgV6as.debug.temp.o
                0x00014fda                keymap_common.c.aeaf4247
 .debug_info    0x000168d2      0x5f8 /tmp/ccKrVYFO.debug.temp.o
                0x000168d2                keycode_config.c.28c69f40
 .debug_info    0x00016eca      0x113 /tmp/ccGTzYK8.debug.temp.o
                0x00016eca                debug.c.f5f40fa4
 .debug_info    0x00016fdd      0x113 /tmp/ccpRowCX.debug.temp.o
                0x00016fdd                print.c.46acd48f
 .debug_info    0x000170f0      0x170 /tmp/ccKEvtiY.debug.temp.o
                0x000170f0                bootmagic_lite.c.8aef7d28
 .debug_info    0x00017260      0x34b /tmp/ccjUEeH7.debug.temp.o
                0x00017260                magic.c.a2af0c8b
 .debug_info    0x000175ab      0x40d /tmp/ccfXOjvX.debug.temp.o
                0x000175ab                matrix_common.c.8ceb528f
 .debug_info    0x000179b8      0x991 /tmp/ccQXPqYT.debug.temp.o
                0x000179b8                matrix.c.85ce8b44
 .debug_info    0x00018349      0x295 /tmp/ccoPwI4b.debug.temp.o
                0x00018349                sym_defer_g.c.88b7428a
 .debug_info    0x000185de       0xd1 /tmp/cciBsV5B.debug.temp.o
                0x000185de                main.c.a58825e5
 .debug_info    0x000186af      0x7f4 /tmp/cccD1hPj.debug.temp.o
                0x000186af                printf.c.2a4ab5b8
 .debug_info    0x00018ea3      0x4ce /tmp/cclh5cW6.debug.temp.o
                0x00018ea3                mousekey.c.5702701c
 .debug_info    0x00019371      0x2f8 /tmp/ccheDXrC.debug.temp.o
                0x00019371                eeprom_driver.c.a13b586a
 .debug_info    0x00019669      0x185 /tmp/ccXyEaIs.debug.temp.o
                0x00019669                eeprom_wear_leveling.c.4e5168a0
 .debug_info    0x000197ee      0x70c /tmp/ccD1PxLC.debug.temp.o
                0x000197ee                wear_leveling.c.3bec5fb6
 .debug_info    0x00019efa      0x849 /tmp/ccVgKpIA.debug.temp.o
                0x00019efa                wear_leveling_rp2040_flash.c.b70d4903
 .debug_info    0x0001a743      0x11e /tmp/ccxhrrmC.debug.temp.o
                0x0001a743                hash_64a.c.4b430d3d
 .debug_info    0x0001a861      0xf2b /tmp/ccbk9uKm.debug.temp.o
                0x0001a861                process_unicode.c.99072996
 .debug_info    0x0001b78c     0x187a /tmp/cc9WhsC9.debug.temp.o
                0x0001b78c                process_unicode_common.c.1949eebb
 .debug_info    0x0001d006     0x1032 /tmp/ccr5rIU1.debug.temp.o
                0x0001d006                process_magic.c.c9a32602
 .debug_info    0x0001e038      0x7e6 /tmp/ccf5bRgg.debug.temp.o
                0x0001e038                send_string.c.93fe8532
 .debug_info    0x0001e81e     0x11ab /tmp/ccTBsHCS.debug.temp.o
                0x0001e81e                process_dynamic_macro.c.29ed2400
 .debug_info    0x0001f9c9     0x1533 /tmp/cc7K2BXz.debug.temp.o
                0x0001f9c9                process_grave_esc.c.6c10d348
 .debug_info    0x00020efc     0x1470 /tmp/ccFSkqtP.debug.temp.o
                0x00020efc                process_space_cadet.c.712f3a65
 .debug_info    0x0002236c      0x7b1 /tmp/cczOyUdk.debug.temp.o
                0x0002236c                host.c.74af345f
 .debug_info    0x00022b1d      0x9b9 /tmp/cck4Xj7c.debug.temp.o
                0x00022b1d                report.c.f102e444
 .debug_info    0x000234d6      0x17f /tmp/cc9MUUl1.debug.temp.o
                0x000234d6                usb_device_state.c.b6c22855
 .debug_info    0x00023655      0x112 /tmp/cc3Dt3pI.debug.temp.o
                0x00023655                suspend.c.051b6a09
 .debug_info    0x00023767       0x93 /tmp/cciRKkar.debug.temp.o
                0x00023767                platform.c.874ca1e1
 .debug_info    0x000237fa      0x247 /tmp/cca8Sqkj.debug.temp.o
                0x000237fa                suspend.c.ad88c915
 .debug_info    0x00023a41      0xb4a /tmp/ccifC9RP.debug.temp.o
                0x00023a41                timer.c.bcc3c29f
 .debug_info    0x0002458b      0x2c1 /tmp/cctpxFbm.debug.temp.o
                0x0002458b                rp2040.c.40cb8a99
 .debug_info    0x0002484c     0x27f6 /tmp/ccrFwKPd.debug.temp.o
                0x0002484c                usb_main.c.b07bb3da
 .debug_info    0x00027042      0xf74 /tmp/ccnscjhe.debug.temp.o
                0x00027042                chibios.c.f6c61b20
 .debug_info    0x00027fb6      0x75e /tmp/ccgqZK5x.debug.temp.o
                0x00027fb6                usb_descriptor.c.ee196637
 .debug_info    0x00028714     0x1b21 /tmp/cc5BrMLG.debug.temp.o
                0x00028714                usb_driver.c.bfed8b95
 .debug_info    0x0002a235      0x5b6 /tmp/ccLRkr92.debug.temp.o
                0x0002a235                chmemcore.c.42eed797
 .debug_info    0x0002a7eb      0x296 /tmp/ccJsNHt3.debug.temp.o
                0x0002a7eb                crt1.c.d3be186b
 .debug_info    0x0002aa81     0x1176 /tmp/ccXRaPja.debug.temp.o
                0x0002aa81                chsys.c.bc877637
 .debug_info    0x0002bbf7      0xe20 /tmp/ccWlle7y.debug.temp.o
                0x0002bbf7                chvt.c.c0e07ccf
 .debug_info    0x0002ca17      0xf92 /tmp/ccTqal9j.debug.temp.o
                0x0002ca17                chschd.c.46a8e7ef
 .debug_info    0x0002d9a9      0xbdb /tmp/ccU18hSv.debug.temp.o
                0x0002d9a9                chinstances.c.a0f7f1d8
 .debug_info    0x0002e584     0x11a5 /tmp/ccHhHvGq.debug.temp.o
                0x0002e584                chthreads.c.8baa9310
 .debug_info    0x0002f729     0x1000 /tmp/ccOIDDgQ.debug.temp.o
                0x0002f729                chevents.c.48d1444a
 .debug_info    0x00030729      0xed2 /tmp/ccKibUw1.debug.temp.o
                0x00030729                chcore.c.0e4fcc91
 .debug_info    0x000315fb       0xb0 /tmp/ccjeDEgL.debug.temp.o
                0x000315fb                hal.c.7cbed660
 .debug_info    0x000316ab      0x137 /tmp/ccIYGSOI.debug.temp.o
                0x000316ab                hal_st.c.3b72a2be
 .debug_info    0x000317e2      0xc40 /tmp/cciOK278.debug.temp.o
                0x000317e2                hal_buffers.c.610358d1
 .debug_info    0x00032422     0x1cb7 /tmp/ccGDZni6.debug.temp.o
                0x00032422                hal_usb.c.4bb5f095
 .debug_info    0x000340d9      0x2e9 /tmp/ccUJwQj0.debug.temp.o
                0x000340d9                nvic.c.14e56a4d
 .debug_info    0x000343c2      0x1da /tmp/cceBeYKw.debug.temp.o
                0x000343c2                hal_lld.c.bc1fbd57
 .debug_info    0x0003459c       0xf5 /tmp/ccDSFY5s.debug.temp.o
                0x0003459c                hal_pal_lld.c.fd11eaa3
 .debug_info    0x00034691      0x5b2 /tmp/ccF3rZJG.debug.temp.o
                0x00034691                hal_st_lld.c.2c0e73bf
 .debug_info    0x00034c43     0x1dfc /tmp/cca7IHsd.debug.temp.o
                0x00034c43                hal_usb_lld.c.dff8c51f
 .debug_info    0x00036a3f      0xb4a /tmp/ccbxEhjW.debug.temp.o
                0x00036a3f                syscalls.c.0215760d
 .debug_info    0x00037589      0xbeb /tmp/ccWZn21Z.debug.temp.o
                0x00037589                syscall_fallbacks.c.ecd25dc8
 .debug_info    0x00038174      0x775 /tmp/cc9b5l6j.debug.temp.o
                0x00038174                clocks.c.a1c088ec
 .debug_info    0x000388e9      0x26c /tmp/ccNL0Cvy.debug.temp.o
                0x000388e9                pll.c.1dce24de
 .debug_info    0x00038b55      0x6e4 /tmp/ccrbxonT.debug.temp.o
                0x00038b55                flash.c.4b33d350
 .debug_info    0x00039239      0x2a0 /tmp/ccr6nGIa.debug.temp.o
                0x00039239                watchdog.c.ac0fee4b
 .debug_info    0x000394d9      0x163 /tmp/cctVdOce.debug.temp.o
                0x000394d9                xosc.c.0a609954
 .debug_info    0x0003963c      0x1aa /tmp/ccndqrfb.debug.temp.o
                0x0003963c                bootrom.c.84b8b1a1
 .debug_info    0x000397e6       0x99 /tmp/cczFa5Zi.debug.temp.o
                0x000397e6                stage2_bootloaders.c.c631680f
 .debug_info    0x0003987f       0xe0 /usr/lib/gcc/arm-none-eabi/14.1.0/../../../../arm-none-eabi/lib/thumb/v6-m/nofp/libg_nano.a(libc_a-memset.o)
 .debug_info    0x0003995f      0x11b /usr/lib/gcc/arm-none-eabi/14.1.0/../../../../arm-none-eabi/lib/thumb/v6-m/nofp/libg_nano.a(libc_a-memcpy-stub.o)
 .debug_info    0x00039a7a      0x104 /usr/lib/gcc/arm-none-eabi/14.1.0/../../../../arm-none-eabi/lib/thumb/v6-m/nofp/libg_nano.a(libc_a-memcmp.o)
 .debug_info    0x00039b7e       0x3d /usr/lib/gcc/arm-none-eabi/14.1.0/thumb/v6-m/nofp/libgcc.a(_udivsi3.o)
 .debug_info    0x00039bbb       0x3e /usr/lib/gcc/arm-none-eabi/14.1.0/thumb/v6-m/nofp/libgcc.a(_divsi3.o)
 .debug_info    0x00039bf9       0x3c /usr/lib/gcc/arm-none-eabi/14.1.0/thumb/v6-m/nofp/libgcc.a(_dvmd_tls.o)
 .debug_info    0x00039c35      0x42c /usr/lib/gcc/arm-none-eabi/14.1.0/thumb/v6-m/nofp/libgcc.a(_muldi3.o)
 .debug_info    0x0003a061       0x31 /usr/lib/gcc/arm-none-eabi/14.1.0/thumb/v6-m/nofp/libgcc.a(_thumb1_case_sqi.o)
 .debug_info    0x0003a092       0x31 /usr/lib/gcc/arm-none-eabi/14.1.0/thumb/v6-m/nofp/libgcc.a(_thumb1_case_uqi.o)
 .debug_info    0x0003a0c3       0x31 /usr/lib/gcc/arm-none-eabi/14.1.0/thumb/v6-m/nofp/libgcc.a(_thumb1_case_uhi.o)
 .debug_info    0x0003a0f4       0x31 /usr/lib/gcc/arm-none-eabi/14.1.0/thumb/v6-m/nofp/libgcc.a(_aeabi_uldivmod.o)
 .debug_info    0x0003a125      0x3e7 /usr/lib/gcc/arm-none-eabi/14.1.0/thumb/v6-m/nofp/libgcc.a(_udivmoddi4.o)
 .debug_info    0x0003a50c       0x3c /usr/lib/gcc/arm-none-eabi/14.1.0/thumb/v6-m/nofp/libgcc.a(_lshrdi3.o)
 .debug_info    0x0003a548       0x3c /usr/lib/gcc/arm-none-eabi/14.1.0/thumb/v6-m/nofp/libgcc.a(_ashldi3.o)
 .debug_info    0x0003a584       0x24 /usr/lib/gcc/arm-none-eabi/14.1.0/thumb/v6-m/nofp/libgcc.a(_clzdi2.o)
 .debug_info    0x0003a5a8       0x31 /usr/lib/gcc/arm-none-eabi/14.1.0/thumb/v6-m/nofp/libgcc.a(_clzsi2.o)

.debug_abbrev   0x00000000     0x88ac
 .debug_abbrev  0x00000000      0x35a /tmp/ccWepg5a.ltrans0.ltrans.o
 .debug_abbrev  0x0000035a      0x1f3 /tmp/ccvbNPNQ.debug.temp.o
 .debug_abbrev  0x0000054d      0x289 /tmp/ccwsctVi.debug.temp.o
 .debug_abbrev  0x000007d6       0x7f /tmp/ccZpihVv.debug.temp.o
 .debug_abbrev  0x00000855      0x27b /tmp/cczRx1ix.debug.temp.o
 .debug_abbrev  0x00000ad0      0x33e /tmp/ccAdvngS.debug.temp.o
 .debug_abbrev  0x00000e0e      0x267 /tmp/ccE0r8iU.debug.temp.o
 .debug_abbrev  0x00001075      0x207 /tmp/cckBHsGA.debug.temp.o
 .debug_abbrev  0x0000127c      0x27d /tmp/ccDZ7i1W.debug.temp.o
 .debug_abbrev  0x000014f9      0x138 /tmp/ccxPIciw.debug.temp.o
 .debug_abbrev  0x00001631      0x299 /tmp/ccQE2bHi.debug.temp.o
 .debug_abbrev  0x000018ca      0x1dc /tmp/ccRgV6as.debug.temp.o
 .debug_abbrev  0x00001aa6       0xfc /tmp/ccKrVYFO.debug.temp.o
 .debug_abbrev  0x00001ba2       0xa1 /tmp/ccGTzYK8.debug.temp.o
 .debug_abbrev  0x00001c43       0xa4 /tmp/ccpRowCX.debug.temp.o
 .debug_abbrev  0x00001ce7       0xc7 /tmp/ccKEvtiY.debug.temp.o
 .debug_abbrev  0x00001dae      0x161 /tmp/ccjUEeH7.debug.temp.o
 .debug_abbrev  0x00001f0f      0x1c0 /tmp/ccfXOjvX.debug.temp.o
 .debug_abbrev  0x000020cf      0x2bd /tmp/ccQXPqYT.debug.temp.o
 .debug_abbrev  0x0000238c      0x129 /tmp/ccoPwI4b.debug.temp.o
 .debug_abbrev  0x000024b5       0x60 /tmp/cciBsV5B.debug.temp.o
 .debug_abbrev  0x00002515      0x18f /tmp/cccD1hPj.debug.temp.o
 .debug_abbrev  0x000026a4      0x259 /tmp/cclh5cW6.debug.temp.o
 .debug_abbrev  0x000028fd      0x10e /tmp/ccheDXrC.debug.temp.o
 .debug_abbrev  0x00002a0b       0xe7 /tmp/ccXyEaIs.debug.temp.o
 .debug_abbrev  0x00002af2      0x1ed /tmp/ccD1PxLC.debug.temp.o
 .debug_abbrev  0x00002cdf      0x1ca /tmp/ccVgKpIA.debug.temp.o
 .debug_abbrev  0x00002ea9       0x9f /tmp/ccxhrrmC.debug.temp.o
 .debug_abbrev  0x00002f48      0x103 /tmp/ccbk9uKm.debug.temp.o
 .debug_abbrev  0x0000304b      0x282 /tmp/cc9WhsC9.debug.temp.o
 .debug_abbrev  0x000032cd      0x15f /tmp/ccr5rIU1.debug.temp.o
 .debug_abbrev  0x0000342c      0x15c /tmp/ccf5bRgg.debug.temp.o
 .debug_abbrev  0x00003588      0x1b6 /tmp/ccTBsHCS.debug.temp.o
 .debug_abbrev  0x0000373e      0x1fb /tmp/cc7K2BXz.debug.temp.o
 .debug_abbrev  0x00003939      0x152 /tmp/ccFSkqtP.debug.temp.o
 .debug_abbrev  0x00003a8b      0x202 /tmp/cczOyUdk.debug.temp.o
 .debug_abbrev  0x00003c8d      0x223 /tmp/cck4Xj7c.debug.temp.o
 .debug_abbrev  0x00003eb0       0xcc /tmp/cc9MUUl1.debug.temp.o
 .debug_abbrev  0x00003f7c       0xa4 /tmp/cc3Dt3pI.debug.temp.o
 .debug_abbrev  0x00004020       0x5d /tmp/cciRKkar.debug.temp.o
 .debug_abbrev  0x0000407d      0x124 /tmp/cca8Sqkj.debug.temp.o
 .debug_abbrev  0x000041a1      0x23a /tmp/ccifC9RP.debug.temp.o
 .debug_abbrev  0x000043db      0x1a0 /tmp/cctpxFbm.debug.temp.o
 .debug_abbrev  0x0000457b      0x484 /tmp/ccrFwKPd.debug.temp.o
 .debug_abbrev  0x000049ff      0x273 /tmp/ccnscjhe.debug.temp.o
 .debug_abbrev  0x00004c72      0x14a /tmp/ccgqZK5x.debug.temp.o
 .debug_abbrev  0x00004dbc      0x351 /tmp/cc5BrMLG.debug.temp.o
 .debug_abbrev  0x0000510d      0x1a7 /tmp/ccLRkr92.debug.temp.o
 .debug_abbrev  0x000052b4       0xec /tmp/ccJsNHt3.debug.temp.o
 .debug_abbrev  0x000053a0      0x33e /tmp/ccXRaPja.debug.temp.o
 .debug_abbrev  0x000056de      0x2be /tmp/ccWlle7y.debug.temp.o
 .debug_abbrev  0x0000599c      0x2bc /tmp/ccTqal9j.debug.temp.o
 .debug_abbrev  0x00005c58      0x27b /tmp/ccU18hSv.debug.temp.o
 .debug_abbrev  0x00005ed3      0x33d /tmp/ccHhHvGq.debug.temp.o
 .debug_abbrev  0x00006210      0x2f1 /tmp/ccOIDDgQ.debug.temp.o
 .debug_abbrev  0x00006501      0x290 /tmp/ccKibUw1.debug.temp.o
 .debug_abbrev  0x00006791       0x6e /tmp/ccjeDEgL.debug.temp.o
 .debug_abbrev  0x000067ff       0xe4 /tmp/ccIYGSOI.debug.temp.o
 .debug_abbrev  0x000068e3      0x26b /tmp/cciOK278.debug.temp.o
 .debug_abbrev  0x00006b4e      0x349 /tmp/ccGDZni6.debug.temp.o
 .debug_abbrev  0x00006e97      0x133 /tmp/ccUJwQj0.debug.temp.o
 .debug_abbrev  0x00006fca      0x143 /tmp/cceBeYKw.debug.temp.o
 .debug_abbrev  0x0000710d       0xa3 /tmp/ccDSFY5s.debug.temp.o
 .debug_abbrev  0x000071b0      0x1b1 /tmp/ccF3rZJG.debug.temp.o
 .debug_abbrev  0x00007361      0x34e /tmp/cca7IHsd.debug.temp.o
 .debug_abbrev  0x000076af      0x247 /tmp/ccbxEhjW.debug.temp.o
 .debug_abbrev  0x000078f6      0x212 /tmp/ccWZn21Z.debug.temp.o
 .debug_abbrev  0x00007b08      0x24a /tmp/cc9b5l6j.debug.temp.o
 .debug_abbrev  0x00007d52       0xf7 /tmp/ccNL0Cvy.debug.temp.o
 .debug_abbrev  0x00007e49      0x16c /tmp/ccrbxonT.debug.temp.o
 .debug_abbrev  0x00007fb5      0x10a /tmp/ccr6nGIa.debug.temp.o
 .debug_abbrev  0x000080bf       0xcf /tmp/cctVdOce.debug.temp.o
 .debug_abbrev  0x0000818e       0xb2 /tmp/ccndqrfb.debug.temp.o
 .debug_abbrev  0x00008240       0x58 /tmp/cczFa5Zi.debug.temp.o
 .debug_abbrev  0x00008298       0x9e /usr/lib/gcc/arm-none-eabi/14.1.0/../../../../arm-none-eabi/lib/thumb/v6-m/nofp/libg_nano.a(libc_a-memset.o)
 .debug_abbrev  0x00008336       0xc1 /usr/lib/gcc/arm-none-eabi/14.1.0/../../../../arm-none-eabi/lib/thumb/v6-m/nofp/libg_nano.a(libc_a-memcpy-stub.o)
 .debug_abbrev  0x000083f7       0x90 /usr/lib/gcc/arm-none-eabi/14.1.0/../../../../arm-none-eabi/lib/thumb/v6-m/nofp/libg_nano.a(libc_a-memcmp.o)
 .debug_abbrev  0x00008487       0x28 /usr/lib/gcc/arm-none-eabi/14.1.0/thumb/v6-m/nofp/libgcc.a(_udivsi3.o)
 .debug_abbrev  0x000084af       0x28 /usr/lib/gcc/arm-none-eabi/14.1.0/thumb/v6-m/nofp/libgcc.a(_divsi3.o)
 .debug_abbrev  0x000084d7       0x26 /usr/lib/gcc/arm-none-eabi/14.1.0/thumb/v6-m/nofp/libgcc.a(_dvmd_tls.o)
 .debug_abbrev  0x000084fd      0x163 /usr/lib/gcc/arm-none-eabi/14.1.0/thumb/v6-m/nofp/libgcc.a(_muldi3.o)
 .debug_abbrev  0x00008660       0x28 /usr/lib/gcc/arm-none-eabi/14.1.0/thumb/v6-m/nofp/libgcc.a(_thumb1_case_sqi.o)
 .debug_abbrev  0x00008688       0x28 /usr/lib/gcc/arm-none-eabi/14.1.0/thumb/v6-m/nofp/libgcc.a(_thumb1_case_uqi.o)
 .debug_abbrev  0x000086b0       0x28 /usr/lib/gcc/arm-none-eabi/14.1.0/thumb/v6-m/nofp/libgcc.a(_thumb1_case_uhi.o)
 .debug_abbrev  0x000086d8       0x28 /usr/lib/gcc/arm-none-eabi/14.1.0/thumb/v6-m/nofp/libgcc.a(_aeabi_uldivmod.o)
 .debug_abbrev  0x00008700      0x120 /usr/lib/gcc/arm-none-eabi/14.1.0/thumb/v6-m/nofp/libgcc.a(_udivmoddi4.o)
 .debug_abbrev  0x00008820       0x28 /usr/lib/gcc/arm-none-eabi/14.1.0/thumb/v6-m/nofp/libgcc.a(_lshrdi3.o)
 .debug_abbrev  0x00008848       0x28 /usr/lib/gcc/arm-none-eabi/14.1.0/thumb/v6-m/nofp/libgcc.a(_ashldi3.o)
 .debug_abbrev  0x00008870       0x14 /usr/lib/gcc/arm-none-eabi/14.1.0/thumb/v6-m/nofp/libgcc.a(_clzdi2.o)
 .debug_abbrev  0x00008884       0x28 /usr/lib/gcc/arm-none-eabi/14.1.0/thumb/v6-m/nofp/libgcc.a(_clzsi2.o)

.debug_loclists
                0x00000000     0x874f
 .debug_loclists
                0x00000000     0x82c2 /tmp/ccWepg5a.ltrans0.ltrans.o
 .debug_loclists