Archive member included to satisfy reference by file (symbol)

/usr/local/Cellar/arm-none-eabi-gcc@8/8.5.0_2/lib/arm-none-eabi-gcc/8/gcc/arm-none-eabi/8.5.0/../../../../../../arm-none-eabi/lib/thumb/v6-m/nofp/libg_nano.a(lib_a-ctype_.o)
                              .build/obj_converter_cumulus_ta15_vial/quantum/send_string/send_string.o (symbol from plugin) (_ctype_)
/usr/local/Cellar/arm-none-eabi-gcc@8/8.5.0_2/lib/arm-none-eabi-gcc/8/gcc/arm-none-eabi/8.5.0/../../../../../../arm-none-eabi/lib/thumb/v6-m/nofp/libg_nano.a(lib_a-errno.o)
                              .build/obj_converter_cumulus_ta15/platforms/chibios/syscall-fallbacks.o (symbol from plugin) (__errno)
/usr/local/Cellar/arm-none-eabi-gcc@8/8.5.0_2/lib/arm-none-eabi-gcc/8/gcc/arm-none-eabi/8.5.0/../../../../../../arm-none-eabi/lib/thumb/v6-m/nofp/libg_nano.a(lib_a-impure.o)
                              /usr/local/Cellar/arm-none-eabi-gcc@8/8.5.0_2/lib/arm-none-eabi-gcc/8/gcc/arm-none-eabi/8.5.0/../../../../../../arm-none-eabi/lib/thumb/v6-m/nofp/libg_nano.a(lib_a-errno.o) (_impure_ptr)
/usr/local/Cellar/arm-none-eabi-gcc@8/8.5.0_2/lib/arm-none-eabi-gcc/8/gcc/arm-none-eabi/8.5.0/../../../../../../arm-none-eabi/lib/thumb/v6-m/nofp/libg_nano.a(lib_a-rand.o)
                              .build/obj_converter_cumulus_ta15_vial/quantum/send_string/send_string.o (symbol from plugin) (rand)
/usr/local/Cellar/arm-none-eabi-gcc@8/8.5.0_2/lib/arm-none-eabi-gcc/8/gcc/arm-none-eabi/8.5.0/../../../../../../arm-none-eabi/lib/thumb/v6-m/nofp/libg_nano.a(lib_a-assert.o)
                              /usr/local/Cellar/arm-none-eabi-gcc@8/8.5.0_2/lib/arm-none-eabi-gcc/8/gcc/arm-none-eabi/8.5.0/../../../../../../arm-none-eabi/lib/thumb/v6-m/nofp/libg_nano.a(lib_a-rand.o) (__assert_func)
/usr/local/Cellar/arm-none-eabi-gcc@8/8.5.0_2/lib/arm-none-eabi-gcc/8/gcc/arm-none-eabi/8.5.0/../../../../../../arm-none-eabi/lib/thumb/v6-m/nofp/libg_nano.a(lib_a-fprintf.o)
                              /usr/local/Cellar/arm-none-eabi-gcc@8/8.5.0_2/lib/arm-none-eabi-gcc/8/gcc/arm-none-eabi/8.5.0/../../../../../../arm-none-eabi/lib/thumb/v6-m/nofp/libg_nano.a(lib_a-assert.o) (fiprintf)
/usr/local/Cellar/arm-none-eabi-gcc@8/8.5.0_2/lib/arm-none-eabi-gcc/8/gcc/arm-none-eabi/8.5.0/../../../../../../arm-none-eabi/lib/thumb/v6-m/nofp/libg_nano.a(lib_a-malloc.o)
                              /usr/local/Cellar/arm-none-eabi-gcc@8/8.5.0_2/lib/arm-none-eabi-gcc/8/gcc/arm-none-eabi/8.5.0/../../../../../../arm-none-eabi/lib/thumb/v6-m/nofp/libg_nano.a(lib_a-rand.o) (malloc)
/usr/local/Cellar/arm-none-eabi-gcc@8/8.5.0_2/lib/arm-none-eabi-gcc/8/gcc/arm-none-eabi/8.5.0/../../../../../../arm-none-eabi/lib/thumb/v6-m/nofp/libg_nano.a(lib_a-nano-freer.o)
                              /usr/local/Cellar/arm-none-eabi-gcc@8/8.5.0_2/lib/arm-none-eabi-gcc/8/gcc/arm-none-eabi/8.5.0/../../../../../../arm-none-eabi/lib/thumb/v6-m/nofp/libg_nano.a(lib_a-malloc.o) (_free_r)
/usr/local/Cellar/arm-none-eabi-gcc@8/8.5.0_2/lib/arm-none-eabi-gcc/8/gcc/arm-none-eabi/8.5.0/../../../../../../arm-none-eabi/lib/thumb/v6-m/nofp/libg_nano.a(lib_a-nano-mallocr.o)
                              /usr/local/Cellar/arm-none-eabi-gcc@8/8.5.0_2/lib/arm-none-eabi-gcc/8/gcc/arm-none-eabi/8.5.0/../../../../../../arm-none-eabi/lib/thumb/v6-m/nofp/libg_nano.a(lib_a-malloc.o) (_malloc_r)
/usr/local/Cellar/arm-none-eabi-gcc@8/8.5.0_2/lib/arm-none-eabi-gcc/8/gcc/arm-none-eabi/8.5.0/../../../../../../arm-none-eabi/lib/thumb/v6-m/nofp/libg_nano.a(lib_a-nano-vfprintf.o)
                              /usr/local/Cellar/arm-none-eabi-gcc@8/8.5.0_2/lib/arm-none-eabi-gcc/8/gcc/arm-none-eabi/8.5.0/../../../../../../arm-none-eabi/lib/thumb/v6-m/nofp/libg_nano.a(lib_a-fprintf.o) (_vfprintf_r)
/usr/local/Cellar/arm-none-eabi-gcc@8/8.5.0_2/lib/arm-none-eabi-gcc/8/gcc/arm-none-eabi/8.5.0/../../../../../../arm-none-eabi/lib/thumb/v6-m/nofp/libg_nano.a(lib_a-nano-vfprintf_i.o)
                              /usr/local/Cellar/arm-none-eabi-gcc@8/8.5.0_2/lib/arm-none-eabi-gcc/8/gcc/arm-none-eabi/8.5.0/../../../../../../arm-none-eabi/lib/thumb/v6-m/nofp/libg_nano.a(lib_a-nano-vfprintf.o) (_printf_i)
/usr/local/Cellar/arm-none-eabi-gcc@8/8.5.0_2/lib/arm-none-eabi-gcc/8/gcc/arm-none-eabi/8.5.0/../../../../../../arm-none-eabi/lib/thumb/v6-m/nofp/libg_nano.a(lib_a-wbuf.o)
                              /usr/local/Cellar/arm-none-eabi-gcc@8/8.5.0_2/lib/arm-none-eabi-gcc/8/gcc/arm-none-eabi/8.5.0/../../../../../../arm-none-eabi/lib/thumb/v6-m/nofp/libg_nano.a(lib_a-nano-vfprintf.o) (__swbuf_r)
/usr/local/Cellar/arm-none-eabi-gcc@8/8.5.0_2/lib/arm-none-eabi-gcc/8/gcc/arm-none-eabi/8.5.0/../../../../../../arm-none-eabi/lib/thumb/v6-m/nofp/libg_nano.a(lib_a-wsetup.o)
                              /usr/local/Cellar/arm-none-eabi-gcc@8/8.5.0_2/lib/arm-none-eabi-gcc/8/gcc/arm-none-eabi/8.5.0/../../../../../../arm-none-eabi/lib/thumb/v6-m/nofp/libg_nano.a(lib_a-nano-vfprintf.o) (__swsetup_r)
[...]
Memory Configuration

Name             Origin             Length             Attributes
flash0           0x00000000         0x00004000         xr
flash1           0x10000000         0x00200000         xr
flash2           0x00000000         0x00000000         xr
flash3           0x00000000         0x00000000         xr
flash4           0x00000000         0x00000000         xr
flash5           0x00000000         0x00000000         xr
flash6           0x00000000         0x00000000         xr
flash7           0x00000000         0x00000000         xr
ram0             0x20000000         0x00040000         xw
ram1             0x00000000         0x00040000         xw
ram2             0x00000000         0x00000000         xw
ram3             0x00000000         0x00000000         xw
ram4             0x20040000         0x00001000         xw
ram5             0x20041000         0x00001000         xw
ram6             0x00000000         0x00000000         xw
ram7             0x20041f00         0x00000100         xw
*default*        0x00000000         0xffffffff

Linker script and memory map

LOAD .build/obj_converter_cumulus_ta15_vial/keyboards/converter/cumulus_ta15/cumulus_ta15.o
LOAD /var/folders/x9/cy1bx1f960zd_7xhdrxmk_zm0000gn/T//ccbHuJM1debugobj
LOAD /var/folders/x9/cy1bx1f960zd_7xhdrxmk_zm0000gn/T//cc8Nwo3z.ltrans0.ltrans.o
LOAD /var/folders/x9/cy1bx1f960zd_7xhdrxmk_zm0000gn/T//cc8Nwo3z.ltrans1.ltrans.o
LOAD .build/obj_converter_cumulus_ta15_vial/.build/obj_converter_cumulus_ta15/src/default_keyboard.o
LOAD .build/obj_converter_cumulus_ta15_vial/quantum/keymap_introspection.o
LOAD .build/obj_converter_cumulus_ta15_vial/quantum/quantum.o
LOAD .build/obj_converter_cumulus_ta15_vial/quantum/bitwise.o
LOAD .build/obj_converter_cumulus_ta15_vial/quantum/led.o
LOAD .build/obj_converter_cumulus_ta15_vial/quantum/action.o
LOAD .build/obj_converter_cumulus_ta15_vial/quantum/action_layer.o
LOAD .build/obj_converter_cumulus_ta15_vial/quantum/action_tapping.o
LOAD .build/obj_converter_cumulus_ta15_vial/quantum/action_util.o
LOAD .build/obj_converter_cumulus_ta15_vial/quantum/eeconfig.o
LOAD .build/obj_converter_cumulus_ta15_vial/quantum/keyboard.o
LOAD .build/obj_converter_cumulus_ta15_vial/quantum/keymap_common.o
LOAD .build/obj_converter_cumulus_ta15_vial/quantum/keycode_config.o
LOAD .build/obj_converter_cumulus_ta15_vial/quantum/sync_timer.o
LOAD .build/obj_converter_cumulus_ta15_vial/quantum/logging/debug.o
LOAD .build/obj_converter_cumulus_ta15_vial/quantum/logging/sendchar.o
LOAD .build/obj_converter_cumulus_ta15_vial/quantum/logging/print.o
LOAD .build/obj_converter_cumulus_ta15_vial/quantum/bootmagic/bootmagic_lite.o
LOAD .build/obj_converter_cumulus_ta15_vial/quantum/bootmagic/magic.o
LOAD .build/obj_converter_cumulus_ta15_vial/quantum/matrix_common.o
LOAD .build/obj_converter_cumulus_ta15_vial/quantum/matrix.o
LOAD .build/obj_converter_cumulus_ta15_vial/quantum/debounce/sym_defer_g.o
LOAD .build/obj_converter_cumulus_ta15_vial/quantum/main.o
LOAD .build/obj_converter_cumulus_ta15_vial/printf.o
LOAD .build/obj_converter_cumulus_ta15_vial/quantum/mousekey.o
LOAD .build/obj_converter_cumulus_ta15_vial/eeprom_driver.o
LOAD .build/obj_converter_cumulus_ta15_vial/eeprom_wear_leveling.o
LOAD .build/obj_converter_cumulus_ta15_vial/wear_leveling.o
LOAD .build/obj_converter_cumulus_ta15_vial/wear_leveling_rp2040_flash.o
LOAD .build/obj_converter_cumulus_ta15_vial/quantum/via.o
LOAD .build/obj_converter_cumulus_ta15_vial/quantum/vial.o
LOAD .build/obj_converter_cumulus_ta15_vial/quantum/dynamic_keymap.o
LOAD .build/obj_converter_cumulus_ta15_vial/quantum/qmk_settings.o
LOAD .build/obj_converter_cumulus_ta15_vial/qmk_fnv_type_validation.o
LOAD .build/obj_converter_cumulus_ta15_vial/hash_32a.o
LOAD .build/obj_converter_cumulus_ta15_vial/hash_64a.o
LOAD .build/obj_converter_cumulus_ta15_vial/quantum/process_keycode/process_unicode.o
LOAD .build/obj_converter_cumulus_ta15_vial/quantum/process_keycode/process_unicode_common.o
LOAD .build/obj_converter_cumulus_ta15_vial/quantum/utf8.o
LOAD .build/obj_converter_cumulus_ta15_vial/quantum/process_keycode/process_magic.o
LOAD .build/obj_converter_cumulus_ta15_vial/quantum/send_string/send_string.o
LOAD .build/obj_converter_cumulus_ta15_vial/quantum/process_keycode/process_auto_shift.o
LOAD .build/obj_converter_cumulus_ta15_vial/quantum/process_keycode/process_combo.o
LOAD .build/obj_converter_cumulus_ta15_vial/quantum/process_keycode/process_dynamic_macro.o
LOAD .build/obj_converter_cumulus_ta15_vial/quantum/process_keycode/process_grave_esc.o
LOAD .build/obj_converter_cumulus_ta15_vial/quantum/process_keycode/process_key_override.o
LOAD .build/obj_converter_cumulus_ta15_vial/quantum/process_keycode/process_space_cadet.o
LOAD .build/obj_converter_cumulus_ta15_vial/quantum/process_keycode/process_tap_dance.o
LOAD .build/obj_converter_cumulus_ta15_vial/./lib/chibios/os/common/startup/ARMCMx/compilers/GCC/crt0_v6m.o
LOAD .build/obj_converter_cumulus_ta15_vial/./lib/chibios/os/common/startup/ARMCMx/compilers/GCC/vectors.o
LOAD .build/obj_converter_cumulus_ta15_vial/./lib/chibios/os/common/ports/ARMv6-M-RP2/compilers/GCC/chcoreasm.o
LOAD .build/obj_converter_cumulus_ta15_vial/protocol/host.o
LOAD .build/obj_converter_cumulus_ta15_vial/protocol/report.o
LOAD .build/obj_converter_cumulus_ta15_vial/protocol/usb_device_state.o
LOAD .build/obj_converter_cumulus_ta15_vial/protocol/usb_util.o
LOAD .build/obj_converter_cumulus_ta15_vial/platforms/suspend.o
LOAD .build/obj_converter_cumulus_ta15_vial/platforms/chibios/hardware_id.o
LOAD .build/obj_converter_cumulus_ta15_vial/platforms/chibios/platform.o
LOAD .build/obj_converter_cumulus_ta15_vial/platforms/chibios/suspend.o
LOAD .build/obj_converter_cumulus_ta15_vial/platforms/chibios/timer.o
LOAD .build/obj_converter_cumulus_ta15_vial/platforms/chibios/bootloaders/rp2040.o
LOAD .build/obj_converter_cumulus_ta15_vial/protocol/chibios/usb_main.o
LOAD .build/obj_converter_cumulus_ta15_vial/protocol/chibios/chibios.o
LOAD .build/obj_converter_cumulus_ta15_vial/usb_descriptor.o
LOAD .build/obj_converter_cumulus_ta15_vial/protocol/chibios/usb_driver.o
LOAD .build/obj_converter_cumulus_ta15_vial/protocol/chibios/usb_util.o
LOAD .build/obj_converter_cumulus_ta15_vial/./lib/chibios/os/oslib/src/chmboxes.o
LOAD .build/obj_converter_cumulus_ta15_vial/./lib/chibios/os/oslib/src/chmemcore.o
LOAD .build/obj_converter_cumulus_ta15_vial/./lib/chibios/os/oslib/src/chmemheaps.o
LOAD .build/obj_converter_cumulus_ta15_vial/./lib/chibios/os/oslib/src/chmempools.o
LOAD .build/obj_converter_cumulus_ta15_vial/./lib/chibios/os/oslib/src/chpipes.o
LOAD .build/obj_converter_cumulus_ta15_vial/./lib/chibios/os/oslib/src/chobjcaches.o
LOAD .build/obj_converter_cumulus_ta15_vial/./lib/chibios/os/oslib/src/chdelegates.o
LOAD .build/obj_converter_cumulus_ta15_vial/./lib/chibios/os/oslib/src/chfactory.o
LOAD .build/obj_converter_cumulus_ta15/lib/chibios/os/common/startup/ARMCMx/compilers/GCC/crt1.o
LOAD .build/obj_converter_cumulus_ta15/lib/chibios/os/rt/src/chsys.o
LOAD .build/obj_converter_cumulus_ta15/lib/chibios/os/rt/src/chrfcu.o
LOAD .build/obj_converter_cumulus_ta15/lib/chibios/os/rt/src/chdebug.o
LOAD .build/obj_converter_cumulus_ta15/lib/chibios/os/rt/src/chtrace.o
LOAD .build/obj_converter_cumulus_ta15/lib/chibios/os/rt/src/chvt.o
LOAD .build/obj_converter_cumulus_ta15/lib/chibios/os/rt/src/chschd.o
LOAD .build/obj_converter_cumulus_ta15/lib/chibios/os/rt/src/chinstances.o
LOAD .build/obj_converter_cumulus_ta15/lib/chibios/os/rt/src/chthreads.o
LOAD .build/obj_converter_cumulus_ta15/lib/chibios/os/rt/src/chtm.o
LOAD .build/obj_converter_cumulus_ta15/lib/chibios/os/rt/src/chstats.o
LOAD .build/obj_converter_cumulus_ta15/lib/chibios/os/rt/src/chregistry.o
LOAD .build/obj_converter_cumulus_ta15/lib/chibios/os/rt/src/chsem.o
LOAD .build/obj_converter_cumulus_ta15/lib/chibios/os/rt/src/chmtx.o
LOAD .build/obj_converter_cumulus_ta15/lib/chibios/os/rt/src/chcond.o
LOAD .build/obj_converter_cumulus_ta15/lib/chibios/os/rt/src/chevents.o
LOAD .build/obj_converter_cumulus_ta15/lib/chibios/os/rt/src/chmsg.o
LOAD .build/obj_converter_cumulus_ta15/lib/chibios/os/rt/src/chdynamic.o
LOAD .build/obj_converter_cumulus_ta15/lib/chibios/os/common/ports/ARMv6-M-RP2/chcore.o
LOAD .build/obj_converter_cumulus_ta15/lib/chibios/os/hal/osal/rt-nil/osal.o
LOAD .build/obj_converter_cumulus_ta15/lib/chibios/os/hal/src/hal.o
LOAD .build/obj_converter_cumulus_ta15/lib/chibios/os/hal/src/hal_st.o
LOAD .build/obj_converter_cumulus_ta15/lib/chibios/os/hal/src/hal_buffers.o
LOAD .build/obj_converter_cumulus_ta15/lib/chibios/os/hal/src/hal_queues.o
LOAD .build/obj_converter_cumulus_ta15/lib/chibios/os/hal/src/hal_flash.o
LOAD .build/obj_converter_cumulus_ta15/lib/chibios/os/hal/src/hal_mmcsd.o
LOAD .build/obj_converter_cumulus_ta15/lib/chibios/os/hal/src/hal_adc.o
LOAD .build/obj_converter_cumulus_ta15/lib/chibios/os/hal/src/hal_can.o
LOAD .build/obj_converter_cumulus_ta15/lib/chibios/os/hal/src/hal_crypto.o
LOAD .build/obj_converter_cumulus_ta15/lib/chibios/os/hal/src/hal_dac.o
LOAD .build/obj_converter_cumulus_ta15/lib/chibios/os/hal/src/hal_efl.o
LOAD .build/obj_converter_cumulus_ta15/lib/chibios/os/hal/src/hal_gpt.o
LOAD .build/obj_converter_cumulus_ta15/lib/chibios/os/hal/src/hal_i2c.o
LOAD .build/obj_converter_cumulus_ta15/lib/chibios/os/hal/src/hal_i2s.o
LOAD .build/obj_converter_cumulus_ta15/lib/chibios/os/hal/src/hal_icu.o
LOAD .build/obj_converter_cumulus_ta15/lib/chibios/os/hal/src/hal_mac.o
LOAD .build/obj_converter_cumulus_ta15/lib/chibios/os/hal/src/hal_mmc_spi.o
LOAD .build/obj_converter_cumulus_ta15/lib/chibios/os/hal/src/hal_pal.o
LOAD .build/obj_converter_cumulus_ta15/lib/chibios/os/hal/src/hal_pwm.o
LOAD .build/obj_converter_cumulus_ta15/lib/chibios/os/hal/src/hal_rtc.o
LOAD .build/obj_converter_cumulus_ta15/lib/chibios/os/hal/src/hal_sdc.o
LOAD .build/obj_converter_cumulus_ta15/lib/chibios/os/hal/src/hal_serial.o
LOAD .build/obj_converter_cumulus_ta15/lib/chibios/os/hal/src/hal_serial_usb.o
LOAD .build/obj_converter_cumulus_ta15/lib/chibios/os/hal/src/hal_sio.o
LOAD .build/obj_converter_cumulus_ta15/lib/chibios/os/hal/src/hal_spi.o
LOAD .build/obj_converter_cumulus_ta15/lib/chibios/os/hal/src/hal_trng.o
LOAD .build/obj_converter_cumulus_ta15/lib/chibios/os/hal/src/hal_uart.o
LOAD .build/obj_converter_cumulus_ta15/lib/chibios/os/hal/src/hal_usb.o
LOAD .build/obj_converter_cumulus_ta15/lib/chibios/os/hal/src/hal_wdg.o
LOAD .build/obj_converter_cumulus_ta15/lib/chibios/os/hal/src/hal_wspi.o
LOAD .build/obj_converter_cumulus_ta15/lib/chibios/os/hal/ports/common/ARMCMx/nvic.o
LOAD .build/obj_converter_cumulus_ta15/lib/chibios/os/hal/ports/RP/RP2040/rp_isr.o
LOAD .build/obj_converter_cumulus_ta15/lib/chibios/os/hal/ports/RP/RP2040/hal_lld.o
LOAD .build/obj_converter_cumulus_ta15/lib/chibios/os/hal/ports/RP/LLD/DMAv1/rp_dma.o
LOAD .build/obj_converter_cumulus_ta15/lib/chibios/os/hal/ports/RP/LLD/GPIOv1/hal_pal_lld.o
LOAD .build/obj_converter_cumulus_ta15/lib/chibios/os/hal/ports/RP/LLD/SPIv1/hal_spi_lld.o
LOAD .build/obj_converter_cumulus_ta15/lib/chibios/os/hal/ports/RP/LLD/TIMERv1/hal_st_lld.o
LOAD .build/obj_converter_cumulus_ta15/lib/chibios/os/hal/ports/RP/LLD/UARTv1/hal_sio_lld.o
LOAD .build/obj_converter_cumulus_ta15/lib/chibios/os/hal/ports/RP/LLD/RTCv1/hal_rtc_lld.o
LOAD .build/obj_converter_cumulus_ta15/lib/chibios/os/hal/ports/RP/LLD/WDGv1/hal_wdg_lld.o
LOAD .build/obj_converter_cumulus_ta15/lib/chibios-contrib/os/hal/ports/RP/LLD/I2Cv1/hal_i2c_lld.o
LOAD .build/obj_converter_cumulus_ta15/lib/chibios-contrib/os/hal/ports/RP/LLD/PWMv1/hal_pwm_lld.o
LOAD .build/obj_converter_cumulus_ta15/lib/chibios-contrib/os/hal/ports/RP/LLD/ADCv1/hal_adc_lld.o
LOAD .build/obj_converter_cumulus_ta15/lib/chibios-contrib/os/hal/ports/RP/LLD/USBDv1/hal_usb_lld.o
LOAD .build/obj_converter_cumulus_ta15/lib/chibios/os/hal/boards/RP_PICO_RP2040/board.o
LOAD .build/obj_converter_cumulus_ta15/lib/chibios/os/hal/lib/streams/chprintf.o
LOAD .build/obj_converter_cumulus_ta15/lib/chibios/os/hal/lib/streams/chscanf.o
LOAD .build/obj_converter_cumulus_ta15/lib/chibios/os/hal/lib/streams/memstreams.o
LOAD .build/obj_converter_cumulus_ta15/lib/chibios/os/hal/lib/streams/nullstreams.o
LOAD .build/obj_converter_cumulus_ta15/lib/chibios/os/hal/lib/streams/bufstreams.o
LOAD .build/obj_converter_cumulus_ta15/lib/chibios/os/various/syscalls.o
LOAD .build/obj_converter_cumulus_ta15/platforms/chibios/syscall-fallbacks.o
LOAD .build/obj_converter_cumulus_ta15/platforms/chibios/wait.o
LOAD .build/obj_converter_cumulus_ta15/platforms/chibios/synchronization_util.o
LOAD .build/obj_converter_cumulus_ta15/./lib/pico-sdk/src/rp2_common/hardware_clocks/clocks.o
LOAD .build/obj_converter_cumulus_ta15/./lib/pico-sdk/src/rp2_common/hardware_pll/pll.o
LOAD .build/obj_converter_cumulus_ta15/./lib/pico-sdk/src/rp2_common/hardware_pio/pio.o
LOAD .build/obj_converter_cumulus_ta15/./lib/pico-sdk/src/rp2_common/hardware_flash/flash.o
LOAD .build/obj_converter_cumulus_ta15/./lib/pico-sdk/src/rp2_common/hardware_gpio/gpio.o
LOAD .build/obj_converter_cumulus_ta15/./lib/pico-sdk/src/rp2_common/hardware_claim/claim.o
LOAD .build/obj_converter_cumulus_ta15/./lib/pico-sdk/src/rp2_common/hardware_watchdog/watchdog.o
LOAD .build/obj_converter_cumulus_ta15/./lib/pico-sdk/src/rp2_common/hardware_xosc/xosc.o
LOAD .build/obj_converter_cumulus_ta15/./lib/pico-sdk/src/rp2_common/pico_bootrom/bootrom.o
LOAD .build/obj_converter_cumulus_ta15/platforms/chibios/vendors/RP/stage2_bootloaders.o
LOAD .build/obj_converter_cumulus_ta15/platforms/chibios/vendors/RP/pico_sdk_shims.o
                0x00000800                        __process_stack_size__ = 0x800
                0x00000400                        __main_stack_size__ = 0x400
LOAD /usr/local/Cellar/arm-none-eabi-gcc@8/8.5.0_2/lib/arm-none-eabi-gcc/8/gcc/arm-none-eabi/8.5.0/../../../../../../arm-none-eabi/lib/thumb/v6-m/nofp/libm.a
START GROUP
LOAD /usr/local/Cellar/arm-none-eabi-gcc@8/8.5.0_2/lib/arm-none-eabi-gcc/8/gcc/arm-none-eabi/8.5.0/thumb/v6-m/nofp/libgcc.a
LOAD /usr/local/Cellar/arm-none-eabi-gcc@8/8.5.0_2/lib/arm-none-eabi-gcc/8/gcc/arm-none-eabi/8.5.0/../../../../../../arm-none-eabi/lib/thumb/v6-m/nofp/libg_nano.a
LOAD /usr/local/Cellar/arm-none-eabi-gcc@8/8.5.0_2/lib/arm-none-eabi-gcc/8/gcc/arm-none-eabi/8.5.0/../../../../../../arm-none-eabi/lib/thumb/v6-m/nofp/libc_nano.a
END GROUP
START GROUP
LOAD /usr/local/Cellar/arm-none-eabi-gcc@8/8.5.0_2/lib/arm-none-eabi-gcc/8/gcc/arm-none-eabi/8.5.0/thumb/v6-m/nofp/libgcc.a
LOAD /usr/local/Cellar/arm-none-eabi-gcc@8/8.5.0_2/lib/arm-none-eabi-gcc/8/gcc/arm-none-eabi/8.5.0/../../../../../../arm-none-eabi/lib/thumb/v6-m/nofp/libc_nano.a
END GROUP

.flash_begin    0x10000000        0x0
                0x10000000                        __flash_binary_start = .

.boot2          0x10000000      0x100
                0x10000000                        __boot2_start__ = .
 *(.boot2)
 .boot2         0x10000000      0x100 /var/folders/x9/cy1bx1f960zd_7xhdrxmk_zm0000gn/T//cc8Nwo3z.ltrans0.ltrans.o
                0x10000000                BOOT2_ROM
                0x10000100                        __boot2_end__ = .

.mstack         0x20040000      0x400
                0x20040000                        . = ALIGN (0x8)
                0x20040000                        __main_stack_base__ = .
                0x20040400                        . = (. + __main_stack_size__)
 *fill*         0x20040000      0x400 
                0x20040400                        . = ALIGN (0x8)
                0x20040400                        __main_stack_end__ = .

.pstack         0x20040400      0x800
                0x20040400                        . = ALIGN (0x8)
                0x20040400                        __process_stack_base__ = .
                0x20040400                        __main_thread_stack_base__ = .
                0x20040c00                        . = (. + __process_stack_size__)
 *fill*         0x20040400      0x800 
                0x20040c00                        . = ALIGN (0x8)
                0x20040c00                        __process_stack_end__ = .
                0x20040c00                        __main_thread_stack_end__ = .
                0x00000400                        __c1_main_stack_size__ = __main_stack_size__
                0x00000800                        __c1_process_stack_size__ = __process_stack_size__

.c1_mstack      0x20041000      0x400
                0x20041000                        . = ALIGN (0x8)
                0x20041000                        __c1_main_stack_base__ = .
                0x20041400                        . = (. + __c1_main_stack_size__)
 *fill*         0x20041000      0x400 
                0x20041400                        . = ALIGN (0x8)
                0x20041400                        __c1_main_stack_end__ = .

.c1_pstack      0x20041400      0x800
                0x20041400                        . = ALIGN (0x8)
                0x20041400                        __c1_process_stack_base__ = .
                0x20041400                        __c1_main_thread_stack_base__ = .
                0x20041c00                        . = (. + __c1_process_stack_size__)
 *fill*         0x20041400      0x800 
                0x20041c00                        . = ALIGN (0x8)
                0x20041c00                        __c1_process_stack_end__ = .
                0x20041c00                        __c1_main_thread_stack_end__ = .

.vectors        0x10000100       0xc0
 *(.vectors)
 .vectors       0x10000100       0xc0 .build/obj_converter_cumulus_ta15_vial/./lib/chibios/os/common/startup/ARMCMx/compilers/GCC/vectors.o
                0x10000100                _vectors

.xtors          0x100001c0        0x0
                0x100001c0                        __init_array_base__ = .
 *(SORT_BY_NAME(.init_array.*))
 *(.init_array)
                0x100001c0                        __init_array_end__ = .
                0x100001c0                        __fini_array_base__ = .
 *(.fini_array)
 *(SORT_BY_NAME(.fini_array.*))
                0x100001c0                        __fini_array_end__ = .

.text           0x100001c0     0x8d18
                0x100001c0                        __text_base__ = .
 *(.text)
 .text          0x100001c0       0xdc .build/obj_converter_cumulus_ta15_vial/./lib/chibios/os/common/startup/ARMCMx/compilers/GCC/crt0_v6m.o
                0x100001c0                _crt0_entry
 .text          0x1000029c        0x8 .build/obj_converter_cumulus_ta15_vial/./lib/chibios/os/common/startup/ARMCMx/compilers/GCC/vectors.o
                0x1000029c                Reset_Handler
                0x1000029e                Vector9C
                0x1000029e                VectorAC
                0x1000029e                DebugMon_Handler
                0x1000029e                Vector5C
                0x1000029e                HardFault_Handler
                0x1000029e                Vector8C
                0x1000029e                PendSV_Handler
                0x1000029e                Vector94
                0x1000029e                VectorA8
                0x1000029e                VectorB4
                0x1000029e                Vector74
                0x1000029e                UsageFault_Handler
                0x1000029e                Vector40
                0x1000029e                VectorBC
                0x1000029e                Vector64
                0x1000029e                Vector98
                0x1000029e                Vector24
                0x1000029e                Vector84
                0x1000029e                SecureFault_Handler
                0x1000029e                MemManage_Handler
                0x1000029e                Vector6C
                0x1000029e                VectorA0
                0x1000029e                SVC_Handler
                0x1000029e                VectorB0
                0x1000029e                Vector90
                0x1000029e                Vector60
                0x1000029e                Vector48
                0x1000029e                Vector70
                0x1000029e                Vector4C
                0x1000029e                Vector68
                0x1000029e                Vector78
                0x1000029e                Vector20
                0x1000029e                Vector58
                0x1000029e                Vector88
                0x1000029e                BusFault_Handler
                0x1000029e                Vector50
                0x1000029e                Vector44
                0x1000029e                Vector28
                0x1000029e                VectorB8
                0x1000029e                Vector34
                0x1000029e                VectorA4
                0x100002a2                _unhandled_exception
 .text          0x100002a4       0x48 .build/obj_converter_cumulus_ta15_vial/./lib/chibios/os/common/ports/ARMv6-M-RP2/compilers/GCC/chcoreasm.o
                0x100002a4                __port_switch
                0x100002c4                __port_thread_start
                0x100002d6                __port_switch_from_isr
                0x100002da                __port_exit_from_isr
 .text          0x100002ec       0xa8 /usr/local/Cellar/arm-none-eabi-gcc@8/8.5.0_2/lib/arm-none-eabi-gcc/8/gcc/arm-none-eabi/8.5.0/../../../../../../arm-none-eabi/lib/thumb/v6-m/nofp/libg_nano.a(lib_a-memcpy-stub.o)
                0x100002ec                memcpy
 .text          0x10000394       0xa8 /usr/local/Cellar/arm-none-eabi-gcc@8/8.5.0_2/lib/arm-none-eabi-gcc/8/gcc/arm-none-eabi/8.5.0/../../../../../../arm-none-eabi/lib/thumb/v6-m/nofp/libg_nano.a(lib_a-memset.o)
                0x10000394                memset
 .text          0x1000043c       0x50 /usr/local/Cellar/arm-none-eabi-gcc@8/8.5.0_2/lib/arm-none-eabi-gcc/8/gcc/arm-none-eabi/8.5.0/../../../../../../arm-none-eabi/lib/thumb/v6-m/nofp/libg_nano.a(lib_a-memcmp.o)
                0x1000043c                memcmp
 .text          0x1000048c      0x114 /usr/local/Cellar/arm-none-eabi-gcc@8/8.5.0_2/lib/arm-none-eabi-gcc/8/gcc/arm-none-eabi/8.5.0/thumb/v6-m/nofp/libgcc.a(_udivsi3.o)
                0x1000048c                __udivsi3
                0x1000048c                __aeabi_uidiv
                0x10000598                __aeabi_uidivmod
 .text          0x100005a0      0x1d4 /usr/local/Cellar/arm-none-eabi-gcc@8/8.5.0_2/lib/arm-none-eabi-gcc/8/gcc/arm-none-eabi/8.5.0/thumb/v6-m/nofp/libgcc.a(_divsi3.o)
                0x100005a0                __aeabi_idiv
                0x100005a0                __divsi3
                0x1000076c                __aeabi_idivmod
 .text          0x10000774        0x4 /usr/local/Cellar/arm-none-eabi-gcc@8/8.5.0_2/lib/arm-none-eabi-gcc/8/gcc/arm-none-eabi/8.5.0/thumb/v6-m/nofp/libgcc.a(_dvmd_tls.o)
                0x10000774                __aeabi_ldiv0
                0x10000774                __aeabi_idiv0
 .text          0x10000778       0x54 /usr/local/Cellar/arm-none-eabi-gcc@8/8.5.0_2/lib/arm-none-eabi-gcc/8/gcc/arm-none-eabi/8.5.0/thumb/v6-m/nofp/libgcc.a(_muldi3.o)
                0x10000778                __aeabi_lmul
                0x10000778                __muldi3
 .text          0x100007cc       0x14 /usr/local/Cellar/arm-none-eabi-gcc@8/8.5.0_2/lib/arm-none-eabi-gcc/8/gcc/arm-none-eabi/8.5.0/thumb/v6-m/nofp/libgcc.a(_thumb1_case_sqi.o)
                0x100007cc                __gnu_thumb1_case_sqi
 .text          0x100007e0       0x14 /usr/local/Cellar/arm-none-eabi-gcc@8/8.5.0_2/lib/arm-none-eabi-gcc/8/gcc/arm-none-eabi/8.5.0/thumb/v6-m/nofp/libgcc.a(_thumb1_case_uqi.o)
                0x100007e0                __gnu_thumb1_case_uqi
 .text          0x100007f4       0x14 /usr/local/Cellar/arm-none-eabi-gcc@8/8.5.0_2/lib/arm-none-eabi-gcc/8/gcc/arm-none-eabi/8.5.0/thumb/v6-m/nofp/libgcc.a(_thumb1_case_shi.o)
                0x100007f4                __gnu_thumb1_case_shi
 .text          0x10000808       0x14 /usr/local/Cellar/arm-none-eabi-gcc@8/8.5.0_2/lib/arm-none-eabi-gcc/8/gcc/arm-none-eabi/8.5.0/thumb/v6-m/nofp/libgcc.a(_thumb1_case_uhi.o)
                0x10000808                __gnu_thumb1_case_uhi
 .text          0x1000081c       0x40 /usr/local/Cellar/arm-none-eabi-gcc@8/8.5.0_2/lib/arm-none-eabi-gcc/8/gcc/arm-none-eabi/8.5.0/thumb/v6-m/nofp/libgcc.a(_aeabi_uldivmod.o)
                0x1000081c                __aeabi_uldivmod
 .text          0x1000085c      0x1a4 /usr/local/Cellar/arm-none-eabi-gcc@8/8.5.0_2/lib/arm-none-eabi-gcc/8/gcc/arm-none-eabi/8.5.0/thumb/v6-m/nofp/libgcc.a(_udivmoddi4.o)
                0x1000085c                __udivmoddi4
 .text          0x10000a00       0x18 /usr/local/Cellar/arm-none-eabi-gcc@8/8.5.0_2/lib/arm-none-eabi-gcc/8/gcc/arm-none-eabi/8.5.0/thumb/v6-m/nofp/libgcc.a(_clzdi2.o)
                0x10000a00                __clzdi2
 .text          0x10000a18       0x3c /usr/local/Cellar/arm-none-eabi-gcc@8/8.5.0_2/lib/arm-none-eabi-gcc/8/gcc/arm-none-eabi/8.5.0/thumb/v6-m/nofp/libgcc.a(_clzsi2.o)
                0x10000a18                __clzsi2
 *(.text.*)
 .text.clock_configure.part.0.constprop.17
                0x10000a54       0xc4 /var/folders/x9/cy1bx1f960zd_7xhdrxmk_zm0000gn/T//cc8Nwo3z.ltrans0.ltrans.o
 .text.pll_init.constprop.15
                0x10000b18       0x94 /var/folders/x9/cy1bx1f960zd_7xhdrxmk_zm0000gn/T//cc8Nwo3z.ltrans0.ltrans.o
 .text.clocks_init
                0x10000bac       0xdc /var/folders/x9/cy1bx1f960zd_7xhdrxmk_zm0000gn/T//cc8Nwo3z.ltrans0.ltrans.o
 .text.usb_lld_stall_in
                0x10000c88       0x40 /var/folders/x9/cy1bx1f960zd_7xhdrxmk_zm0000gn/T//cc8Nwo3z.ltrans0.ltrans.o
 .text.usb_lld_stall_out
                0x10000cc8       0x40 /var/folders/x9/cy1bx1f960zd_7xhdrxmk_zm0000gn/T//cc8Nwo3z.ltrans0.ltrans.o
 .text.usb_prepare_out_ep
                0x10000d08       0x90 /var/folders/x9/cy1bx1f960zd_7xhdrxmk_zm0000gn/T//cc8Nwo3z.ltrans0.ltrans.o
 .text.usb_isochronous_buffer_size
                0x10000d98       0x44 /var/folders/x9/cy1bx1f960zd_7xhdrxmk_zm0000gn/T//cc8Nwo3z.ltrans0.ltrans.o
 .text.usb_lld_init_endpoint
                0x10000ddc      0x13c /var/folders/x9/cy1bx1f960zd_7xhdrxmk_zm0000gn/T//cc8Nwo3z.ltrans0.ltrans.o
 .text.usb_lld_reset.constprop.44
                0x10000f18       0x54 /var/folders/x9/cy1bx1f960zd_7xhdrxmk_zm0000gn/T//cc8Nwo3z.ltrans0.ltrans.o
 .text.hal_lld_peripheral_unreset.lto_priv.98
                0x10000f6c       0x14 /var/folders/x9/cy1bx1f960zd_7xhdrxmk_zm0000gn/T//cc8Nwo3z.ltrans0.ltrans.o
 .text.port_unlock.lto_priv.101
                0x10000f80       0x12 /var/folders/x9/cy1bx1f960zd_7xhdrxmk_zm0000gn/T//cc8Nwo3z.ltrans0.ltrans.o
 .text.port_lock.lto_priv.115
                0x10000f92       0x16 /var/folders/x9/cy1bx1f960zd_7xhdrxmk_zm0000gn/T//cc8Nwo3z.ltrans0.ltrans.o
 .text.usbStartReceiveI
                0x10000fa8       0x42 /var/folders/x9/cy1bx1f960zd_7xhdrxmk_zm0000gn/T//cc8Nwo3z.ltrans0.ltrans.o
 *fill*         0x10000fea        0x2 
 .text.set_address
                0x10000fec       0x30 /var/folders/x9/cy1bx1f960zd_7xhdrxmk_zm0000gn/T//cc8Nwo3z.ltrans0.ltrans.o
 .text.obqPostFullBufferS
                0x1000101c       0x2a /var/folders/x9/cy1bx1f960zd_7xhdrxmk_zm0000gn/T//cc8Nwo3z.ltrans0.ltrans.o
 .text.obqGetFullBufferI
                0x10001046       0x18 /var/folders/x9/cy1bx1f960zd_7xhdrxmk_zm0000gn/T//cc8Nwo3z.ltrans0.ltrans.o
 .text.ibqReleaseEmptyBufferS
                0x1000105e       0x28 /var/folders/x9/cy1bx1f960zd_7xhdrxmk_zm0000gn/T//cc8Nwo3z.ltrans0.ltrans.o
 *fill*         0x10001086        0x2 
 .text.__port_irq_epilogue.part.2
                0x10001088       0x44 /var/folders/x9/cy1bx1f960zd_7xhdrxmk_zm0000gn/T//cc8Nwo3z.ltrans0.ltrans.o
 .text.__idle_thread
                0x100010cc        0x2 /var/folders/x9/cy1bx1f960zd_7xhdrxmk_zm0000gn/T//cc8Nwo3z.ltrans0.ltrans.o
 .text.__sch_ready_behind
                0x100010ce       0x1c /var/folders/x9/cy1bx1f960zd_7xhdrxmk_zm0000gn/T//cc8Nwo3z.ltrans0.ltrans.o
 .text.__sch_wakeup
                0x100010ea       0x42 /var/folders/x9/cy1bx1f960zd_7xhdrxmk_zm0000gn/T//cc8Nwo3z.ltrans0.ltrans.o
 .text.chSchReadyI
                0x1000112c       0x2c /var/folders/x9/cy1bx1f960zd_7xhdrxmk_zm0000gn/T//cc8Nwo3z.ltrans0.ltrans.o
 .text.chThdDequeueAllI.constprop.8
                0x10001158       0x1e /var/folders/x9/cy1bx1f960zd_7xhdrxmk_zm0000gn/T//cc8Nwo3z.ltrans0.ltrans.o
 .text.chEvtBroadcastFlagsI
                0x10001176       0x4a /var/folders/x9/cy1bx1f960zd_7xhdrxmk_zm0000gn/T//cc8Nwo3z.ltrans0.ltrans.o
 .text.chThdResumeI
                0x100011c0       0x16 /var/folders/x9/cy1bx1f960zd_7xhdrxmk_zm0000gn/T//cc8Nwo3z.ltrans0.ltrans.o
 *fill*         0x100011d6        0x2 
 .text.chVTDoResetI
                0x100011d8       0x30 /var/folders/x9/cy1bx1f960zd_7xhdrxmk_zm0000gn/T//cc8Nwo3z.ltrans0.ltrans.o
 .text.ch_dlist_insert
                0x10001208       0x2a /var/folders/x9/cy1bx1f960zd_7xhdrxmk_zm0000gn/T//cc8Nwo3z.ltrans0.ltrans.o
 *fill*         0x10001232        0x2 
 .text.chVTSetI.constprop.11
                0x10001234       0x44 /var/folders/x9/cy1bx1f960zd_7xhdrxmk_zm0000gn/T//cc8Nwo3z.ltrans0.ltrans.o
 .text.kbd_in_cb
                0x10001278        0x2 /var/folders/x9/cy1bx1f960zd_7xhdrxmk_zm0000gn/T//cc8Nwo3z.ltrans0.ltrans.o
 .text.qmkusbInterruptTransmitted
                0x1000127a        0x2 /var/folders/x9/cy1bx1f960zd_7xhdrxmk_zm0000gn/T//cc8Nwo3z.ltrans0.ltrans.o
 .text.qmkusb_start_receive
                0x1000127c       0x46 /var/folders/x9/cy1bx1f960zd_7xhdrxmk_zm0000gn/T//cc8Nwo3z.ltrans0.ltrans.o
 .text.qmkusbDataReceived
                0x100012c2       0x68 /var/folders/x9/cy1bx1f960zd_7xhdrxmk_zm0000gn/T//cc8Nwo3z.ltrans0.ltrans.o
 .text.ibnotify
                0x1000132a        0xa /var/folders/x9/cy1bx1f960zd_7xhdrxmk_zm0000gn/T//cc8Nwo3z.ltrans0.ltrans.o
 .text.sendchar
                0x10001334       0x30 /var/folders/x9/cy1bx1f960zd_7xhdrxmk_zm0000gn/T//cc8Nwo3z.ltrans0.ltrans.o
 .text.send_programmable_button
                0x10001364        0x2 /var/folders/x9/cy1bx1f960zd_7xhdrxmk_zm0000gn/T//cc8Nwo3z.ltrans0.ltrans.o
 .text.shared_in_cb
                0x10001366        0x2 /var/folders/x9/cy1bx1f960zd_7xhdrxmk_zm0000gn/T//cc8Nwo3z.ltrans0.ltrans.o
 .text.keyboard_leds
                0x10001368        0xc /var/folders/x9/cy1bx1f960zd_7xhdrxmk_zm0000gn/T//cc8Nwo3z.ltrans0.ltrans.o
 .text.usb_request_hook_cb
                0x10001374      0x1ec /var/folders/x9/cy1bx1f960zd_7xhdrxmk_zm0000gn/T//cc8Nwo3z.ltrans0.ltrans.o
 .text.set_led_transfer_cb
                0x10001560       0x2c /var/folders/x9/cy1bx1f960zd_7xhdrxmk_zm0000gn/T//cc8Nwo3z.ltrans0.ltrans.o
 .text.usb_event_queue_enqueue
                0x1000158c       0x30 /var/folders/x9/cy1bx1f960zd_7xhdrxmk_zm0000gn/T//cc8Nwo3z.ltrans0.ltrans.o
 .text.usb_get_descriptor_cb
                0x100015bc       0x8c /var/folders/x9/cy1bx1f960zd_7xhdrxmk_zm0000gn/T//cc8Nwo3z.ltrans0.ltrans.o
 .text.bootloader_jump
                0x10001648       0x1c /var/folders/x9/cy1bx1f960zd_7xhdrxmk_zm0000gn/T//cc8Nwo3z.ltrans0.ltrans.o
 .text.host_consumer_send
                0x10001664       0x24 /var/folders/x9/cy1bx1f960zd_7xhdrxmk_zm0000gn/T//cc8Nwo3z.ltrans0.ltrans.o
 .text.host_system_send
                0x10001688       0x24 /var/folders/x9/cy1bx1f960zd_7xhdrxmk_zm0000gn/T//cc8Nwo3z.ltrans0.ltrans.o
 .text.host_keyboard_leds
                0x100016ac       0x14 /var/folders/x9/cy1bx1f960zd_7xhdrxmk_zm0000gn/T//cc8Nwo3z.ltrans0.ltrans.o
 .text.key_override_matches_active_modifiers.part.0
                0x100016c0       0x36 /var/folders/x9/cy1bx1f960zd_7xhdrxmk_zm0000gn/T//cc8Nwo3z.ltrans0.ltrans.o
 *fill*         0x100016f6        0x2 
 .text.mousekey_apply
                0x100016f8       0x68 /var/folders/x9/cy1bx1f960zd_7xhdrxmk_zm0000gn/T//cc8Nwo3z.ltrans0.ltrans.o
 .text.auto_shift_timeout_apply
                0x10001760       0x14 /var/folders/x9/cy1bx1f960zd_7xhdrxmk_zm0000gn/T//cc8Nwo3z.ltrans0.ltrans.o
 .text.reload_tap_dance
                0x10001774       0x30 /var/folders/x9/cy1bx1f960zd_7xhdrxmk_zm0000gn/T//cc8Nwo3z.ltrans0.ltrans.o
 .text.vial_keycode_firewall
                0x100017a4       0x1c /var/folders/x9/cy1bx1f960zd_7xhdrxmk_zm0000gn/T//cc8Nwo3z.ltrans0.ltrans.o
 .text.backing_store_read_bulk
                0x100017c0       0x20 /var/folders/x9/cy1bx1f960zd_7xhdrxmk_zm0000gn/T//cc8Nwo3z.ltrans0.ltrans.o
 .text.backing_store_erase
                0x100017e0       0x20 /var/folders/x9/cy1bx1f960zd_7xhdrxmk_zm0000gn/T//cc8Nwo3z.ltrans0.ltrans.o
 .text.wear_leveling_lock
                0x10001800       0x1c /var/folders/x9/cy1bx1f960zd_7xhdrxmk_zm0000gn/T//cc8Nwo3z.ltrans0.ltrans.o
 .text.wear_leveling_unlock
                0x1000181c       0x1c /var/folders/x9/cy1bx1f960zd_7xhdrxmk_zm0000gn/T//cc8Nwo3z.ltrans0.ltrans.o
 .text.wear_leveling_write_consolidated
                0x10001838       0xf4 /var/folders/x9/cy1bx1f960zd_7xhdrxmk_zm0000gn/T//cc8Nwo3z.ltrans0.ltrans.o
 .text.wear_leveling_consolidate_if_needed
                0x1000192c       0x34 /var/folders/x9/cy1bx1f960zd_7xhdrxmk_zm0000gn/T//cc8Nwo3z.ltrans0.ltrans.o
 .text.wear_leveling_append_raw
                0x10001960       0x40 /var/folders/x9/cy1bx1f960zd_7xhdrxmk_zm0000gn/T//cc8Nwo3z.ltrans0.ltrans.o
 .text.mousekey_off
                0x100019a0      0x104 /var/folders/x9/cy1bx1f960zd_7xhdrxmk_zm0000gn/T//cc8Nwo3z.ltrans0.ltrans.o
 .text.wheel_unit
                0x10001aa4       0x68 /var/folders/x9/cy1bx1f960zd_7xhdrxmk_zm0000gn/T//cc8Nwo3z.ltrans0.ltrans.o
 .text.move_unit
                0x10001b0c       0x78 /var/folders/x9/cy1bx1f960zd_7xhdrxmk_zm0000gn/T//cc8Nwo3z.ltrans0.ltrans.o
 .text.mousekey_on
                0x10001b84       0xdc /var/folders/x9/cy1bx1f960zd_7xhdrxmk_zm0000gn/T//cc8Nwo3z.ltrans0.ltrans.o
 .text.putchar_wrapper
                0x10001c60       0x10 /var/folders/x9/cy1bx1f960zd_7xhdrxmk_zm0000gn/T//cc8Nwo3z.ltrans0.ltrans.o
 .text.putchar_via_gadget
                0x10001c70       0x24 /var/folders/x9/cy1bx1f960zd_7xhdrxmk_zm0000gn/T//cc8Nwo3z.ltrans0.ltrans.o
 .text.out_rev_
                0x10001c94       0x56 /var/folders/x9/cy1bx1f960zd_7xhdrxmk_zm0000gn/T//cc8Nwo3z.ltrans0.ltrans.o
 *fill*         0x10001cea        0x2 
 .text.print_integer
                0x10001cec      0x174 /var/folders/x9/cy1bx1f960zd_7xhdrxmk_zm0000gn/T//cc8Nwo3z.ltrans0.ltrans.o
 .text.vsnprintf_impl.constprop.95
                0x10001e60      0x38c /var/folders/x9/cy1bx1f960zd_7xhdrxmk_zm0000gn/T//cc8Nwo3z.ltrans0.ltrans.o
 .text.null_sendchar_func
                0x100021ec        0x4 /var/folders/x9/cy1bx1f960zd_7xhdrxmk_zm0000gn/T//cc8Nwo3z.ltrans0.ltrans.o
 .text.mod_config
                0x100021f0       0xa8 /var/folders/x9/cy1bx1f960zd_7xhdrxmk_zm0000gn/T//cc8Nwo3z.ltrans0.ltrans.o
 .text.action_for_keycode
                0x10002298      0x2b4 /var/folders/x9/cy1bx1f960zd_7xhdrxmk_zm0000gn/T//cc8Nwo3z.ltrans0.ltrans.o
 .text.del_mods
                0x1000254c       0x10 /var/folders/x9/cy1bx1f960zd_7xhdrxmk_zm0000gn/T//cc8Nwo3z.ltrans0.ltrans.o
 .text.add_mods
                0x1000255c       0x10 /var/folders/x9/cy1bx1f960zd_7xhdrxmk_zm0000gn/T//cc8Nwo3z.ltrans0.ltrans.o
 .text.del_key  0x1000256c       0x54 /var/folders/x9/cy1bx1f960zd_7xhdrxmk_zm0000gn/T//cc8Nwo3z.ltrans0.ltrans.o
 .text.add_key  0x100025c0       0x64 /var/folders/x9/cy1bx1f960zd_7xhdrxmk_zm0000gn/T//cc8Nwo3z.ltrans0.ltrans.o
 .text.waiting_buffer_typed.isra.2
                0x10002624       0x48 /var/folders/x9/cy1bx1f960zd_7xhdrxmk_zm0000gn/T//cc8Nwo3z.ltrans0.ltrans.o
 .text.debug_waiting_buffer
                0x1000266c       0x20 /var/folders/x9/cy1bx1f960zd_7xhdrxmk_zm0000gn/T//cc8Nwo3z.ltrans0.ltrans.o
 .text.is_tap_action
                0x1000268c       0x4c /var/folders/x9/cy1bx1f960zd_7xhdrxmk_zm0000gn/T//cc8Nwo3z.ltrans0.ltrans.o
 .text.autoshift_press_user.constprop.68
                0x100026d8       0x44 /var/folders/x9/cy1bx1f960zd_7xhdrxmk_zm0000gn/T//cc8Nwo3z.ltrans0.ltrans.o
 .text.usb_lld_start.part.3
                0x1000271c       0x98 /var/folders/x9/cy1bx1f960zd_7xhdrxmk_zm0000gn/T//cc8Nwo3z.ltrans0.ltrans.o
 .text.usbInitEndpointI
                0x100027b4       0x36 /var/folders/x9/cy1bx1f960zd_7xhdrxmk_zm0000gn/T//cc8Nwo3z.ltrans0.ltrans.o
 *fill*         0x100027ea        0x2 
 .text.usb_event_cb
                0x100027ec      0x238 /var/folders/x9/cy1bx1f960zd_7xhdrxmk_zm0000gn/T//cc8Nwo3z.ltrans0.ltrans.o
 .text.clear_keys_from_report
                0x10002a24       0x28 /var/folders/x9/cy1bx1f960zd_7xhdrxmk_zm0000gn/T//cc8Nwo3z.ltrans0.ltrans.o
 .text.wear_leveling_clear_cache
                0x10002a4c       0x20 /var/folders/x9/cy1bx1f960zd_7xhdrxmk_zm0000gn/T//cc8Nwo3z.ltrans0.ltrans.o
 .text.wear_leveling_erase
                0x10002a6c       0x2e /var/folders/x9/cy1bx1f960zd_7xhdrxmk_zm0000gn/T//cc8Nwo3z.ltrans0.ltrans.o
 .text.usb_prepare_in_ep_buffer
                0x10002a9a       0x74 /var/folders/x9/cy1bx1f960zd_7xhdrxmk_zm0000gn/T//cc8Nwo3z.ltrans0.ltrans.o
 *fill*         0x10002b0e        0x2 
 .text.usb_prepare_in_ep
                0x10002b10       0x8c /var/folders/x9/cy1bx1f960zd_7xhdrxmk_zm0000gn/T//cc8Nwo3z.ltrans0.ltrans.o
 .text.usbStartTransmitI
                0x10002b9c       0x28 /var/folders/x9/cy1bx1f960zd_7xhdrxmk_zm0000gn/T//cc8Nwo3z.ltrans0.ltrans.o
 .text._usb_ep0out
                0x10002bc4       0x80 /var/folders/x9/cy1bx1f960zd_7xhdrxmk_zm0000gn/T//cc8Nwo3z.ltrans0.ltrans.o
 .text._usb_ep0in
                0x10002c44       0xb0 /var/folders/x9/cy1bx1f960zd_7xhdrxmk_zm0000gn/T//cc8Nwo3z.ltrans0.ltrans.o
 .text.qmkusbDataTransmitted
                0x10002cf4       0xa2 /var/folders/x9/cy1bx1f960zd_7xhdrxmk_zm0000gn/T//cc8Nwo3z.ltrans0.ltrans.o
 .text.obnotify
                0x10002d96       0x3c /var/folders/x9/cy1bx1f960zd_7xhdrxmk_zm0000gn/T//cc8Nwo3z.ltrans0.ltrans.o
 *fill*         0x10002dd2        0x2 
 .text.keyboard_idle_timer_cb
                0x10002dd4       0x80 /var/folders/x9/cy1bx1f960zd_7xhdrxmk_zm0000gn/T//cc8Nwo3z.ltrans0.ltrans.o
 .text.usb_sof_cb
                0x10002e54       0xb8 /var/folders/x9/cy1bx1f960zd_7xhdrxmk_zm0000gn/T//cc8Nwo3z.ltrans0.ltrans.o
 .text._usb_ep0setup
                0x10002f0c      0x3b8 /var/folders/x9/cy1bx1f960zd_7xhdrxmk_zm0000gn/T//cc8Nwo3z.ltrans0.ltrans.o
 .text.magic_settings_get
                0x100032c4       0x60 /var/folders/x9/cy1bx1f960zd_7xhdrxmk_zm0000gn/T//cc8Nwo3z.ltrans0.ltrans.o
 .text.eeprom_settings_get
                0x10003324       0x1e /var/folders/x9/cy1bx1f960zd_7xhdrxmk_zm0000gn/T//cc8Nwo3z.ltrans0.ltrans.o
 *fill*         0x10003342        0x2 
 .text.wear_leveling_read
                0x10003344       0x24 /var/folders/x9/cy1bx1f960zd_7xhdrxmk_zm0000gn/T//cc8Nwo3z.ltrans0.ltrans.o
 .text.reload_key_override
                0x10003368       0xb8 /var/folders/x9/cy1bx1f960zd_7xhdrxmk_zm0000gn/T//cc8Nwo3z.ltrans0.ltrans.o
 .text.dynamic_keymap_get_tap_dance
                0x10003420       0x20 /var/folders/x9/cy1bx1f960zd_7xhdrxmk_zm0000gn/T//cc8Nwo3z.ltrans0.ltrans.o
 .text.get_tapping_term
                0x10003440       0x2c /var/folders/x9/cy1bx1f960zd_7xhdrxmk_zm0000gn/T//cc8Nwo3z.ltrans0.ltrans.o
 .text.reload_combo
                0x1000346c       0x5c /var/folders/x9/cy1bx1f960zd_7xhdrxmk_zm0000gn/T//cc8Nwo3z.ltrans0.ltrans.o
 .text.eeprom_read_byte
                0x100034c8       0x16 /var/folders/x9/cy1bx1f960zd_7xhdrxmk_zm0000gn/T//cc8Nwo3z.ltrans0.ltrans.o
 *fill*         0x100034de        0x2 
 .text.qmk_settings_init
                0x100034e0       0x38 /var/folders/x9/cy1bx1f960zd_7xhdrxmk_zm0000gn/T//cc8Nwo3z.ltrans0.ltrans.o
 .text.dynamic_keymap_get_keycode.part.0
                0x10003518       0x2c /var/folders/x9/cy1bx1f960zd_7xhdrxmk_zm0000gn/T//cc8Nwo3z.ltrans0.ltrans.o
 .text.via_get_layout_options
                0x10003544       0x18 /var/folders/x9/cy1bx1f960zd_7xhdrxmk_zm0000gn/T//cc8Nwo3z.ltrans0.ltrans.o
 .text.via_eeprom_is_valid
                0x1000355c       0x28 /var/folders/x9/cy1bx1f960zd_7xhdrxmk_zm0000gn/T//cc8Nwo3z.ltrans0.ltrans.o
 .text.eeconfig_read_keymap
                0x10003584       0x18 /var/folders/x9/cy1bx1f960zd_7xhdrxmk_zm0000gn/T//cc8Nwo3z.ltrans0.ltrans.o
 .text.chSchGoSleepS
                0x1000359c       0x2c /var/folders/x9/cy1bx1f960zd_7xhdrxmk_zm0000gn/T//cc8Nwo3z.ltrans0.ltrans.o
 .text.chSchGoSleepTimeoutS
                0x100035c8       0x60 /var/folders/x9/cy1bx1f960zd_7xhdrxmk_zm0000gn/T//cc8Nwo3z.ltrans0.ltrans.o
 .text.chThdEnqueueTimeoutS
                0x10003628       0x34 /var/folders/x9/cy1bx1f960zd_7xhdrxmk_zm0000gn/T//cc8Nwo3z.ltrans0.ltrans.o
 .text.obqGetEmptyBufferTimeoutS
                0x1000365c       0x36 /var/folders/x9/cy1bx1f960zd_7xhdrxmk_zm0000gn/T//cc8Nwo3z.ltrans0.ltrans.o
 .text.obqWriteTimeout
                0x10003692       0x86 /var/folders/x9/cy1bx1f960zd_7xhdrxmk_zm0000gn/T//cc8Nwo3z.ltrans0.ltrans.o
 .text._writet  0x10003718        0xa /var/folders/x9/cy1bx1f960zd_7xhdrxmk_zm0000gn/T//cc8Nwo3z.ltrans0.ltrans.o
 .text._write   0x10003722        0xe /var/folders/x9/cy1bx1f960zd_7xhdrxmk_zm0000gn/T//cc8Nwo3z.ltrans0.ltrans.o
 .text.obqPutTimeout
                0x10003730       0x48 /var/folders/x9/cy1bx1f960zd_7xhdrxmk_zm0000gn/T//cc8Nwo3z.ltrans0.ltrans.o
 .text._putt    0x10003778        0xa /var/folders/x9/cy1bx1f960zd_7xhdrxmk_zm0000gn/T//cc8Nwo3z.ltrans0.ltrans.o
 .text._put     0x10003782        0xe /var/folders/x9/cy1bx1f960zd_7xhdrxmk_zm0000gn/T//cc8Nwo3z.ltrans0.ltrans.o
 .text.ibqGetFullBufferTimeoutS
                0x10003790       0x36 /var/folders/x9/cy1bx1f960zd_7xhdrxmk_zm0000gn/T//cc8Nwo3z.ltrans0.ltrans.o
 .text.ibqReadTimeout
                0x100037c6       0x82 /var/folders/x9/cy1bx1f960zd_7xhdrxmk_zm0000gn/T//cc8Nwo3z.ltrans0.ltrans.o
 .text._readt   0x10003848        0xa /var/folders/x9/cy1bx1f960zd_7xhdrxmk_zm0000gn/T//cc8Nwo3z.ltrans0.ltrans.o
 .text._read    0x10003852        0xe /var/folders/x9/cy1bx1f960zd_7xhdrxmk_zm0000gn/T//cc8Nwo3z.ltrans0.ltrans.o
 .text.ibqGetTimeout
                0x10003860       0x3a /var/folders/x9/cy1bx1f960zd_7xhdrxmk_zm0000gn/T//cc8Nwo3z.ltrans0.ltrans.o
 .text._gett    0x1000389a        0xa /var/folders/x9/cy1bx1f960zd_7xhdrxmk_zm0000gn/T//cc8Nwo3z.ltrans0.ltrans.o
 .text._get     0x100038a4        0xe /var/folders/x9/cy1bx1f960zd_7xhdrxmk_zm0000gn/T//cc8Nwo3z.ltrans0.ltrans.o
 *fill*         0x100038b2        0x2 
 .text.send_extra
                0x100038b4       0x68 /var/folders/x9/cy1bx1f960zd_7xhdrxmk_zm0000gn/T//cc8Nwo3z.ltrans0.ltrans.o
 .text.send_consumer
                0x1000391c        0xc /var/folders/x9/cy1bx1f960zd_7xhdrxmk_zm0000gn/T//cc8Nwo3z.ltrans0.ltrans.o
 .text.send_system
                0x10003928        0xc /var/folders/x9/cy1bx1f960zd_7xhdrxmk_zm0000gn/T//cc8Nwo3z.ltrans0.ltrans.o
 .text.send_mouse
                0x10003934       0x58 /var/folders/x9/cy1bx1f960zd_7xhdrxmk_zm0000gn/T//cc8Nwo3z.ltrans0.ltrans.o
 .text.osalThreadSuspendS
                0x1000398c       0x28 /var/folders/x9/cy1bx1f960zd_7xhdrxmk_zm0000gn/T//cc8Nwo3z.ltrans0.ltrans.o
 .text.send_keyboard
                0x100039b4       0x84 /var/folders/x9/cy1bx1f960zd_7xhdrxmk_zm0000gn/T//cc8Nwo3z.ltrans0.ltrans.o
 .text.wear_leveling_write
                0x10003a38      0x1a0 /var/folders/x9/cy1bx1f960zd_7xhdrxmk_zm0000gn/T//cc8Nwo3z.ltrans0.ltrans.o
 .text.eeprom_update_dword.constprop.78
                0x10003bd8       0x24 /var/folders/x9/cy1bx1f960zd_7xhdrxmk_zm0000gn/T//cc8Nwo3z.ltrans0.ltrans.o
 .text.eeprom_update_word
                0x10003bfc       0x2a /var/folders/x9/cy1bx1f960zd_7xhdrxmk_zm0000gn/T//cc8Nwo3z.ltrans0.ltrans.o
 .text.eeprom_update_byte
                0x10003c26       0x1e /var/folders/x9/cy1bx1f960zd_7xhdrxmk_zm0000gn/T//cc8Nwo3z.ltrans0.ltrans.o
 .text.persist_unicode_input_mode
                0x10003c44       0x14 /var/folders/x9/cy1bx1f960zd_7xhdrxmk_zm0000gn/T//cc8Nwo3z.ltrans0.ltrans.o
 .text.eeprom_settings_save
                0x10003c58       0x2c /var/folders/x9/cy1bx1f960zd_7xhdrxmk_zm0000gn/T//cc8Nwo3z.ltrans0.ltrans.o
 .text.eeprom_settings_set
                0x10003c84       0x1e /var/folders/x9/cy1bx1f960zd_7xhdrxmk_zm0000gn/T//cc8Nwo3z.ltrans0.ltrans.o
 *fill*         0x10003ca2        0x2 
 .text.dynamic_keymap_macro_reset
                0x10003ca4       0x1c /var/folders/x9/cy1bx1f960zd_7xhdrxmk_zm0000gn/T//cc8Nwo3z.ltrans0.ltrans.o
 .text.dynamic_keymap_set_keycode
                0x10003cc0       0x36 /var/folders/x9/cy1bx1f960zd_7xhdrxmk_zm0000gn/T//cc8Nwo3z.ltrans0.ltrans.o
 .text.via_set_layout_options
                0x10003cf6       0x18 /var/folders/x9/cy1bx1f960zd_7xhdrxmk_zm0000gn/T//cc8Nwo3z.ltrans0.ltrans.o
 .text.via_eeprom_set_valid
                0x10003d0e       0x2e /var/folders/x9/cy1bx1f960zd_7xhdrxmk_zm0000gn/T//cc8Nwo3z.ltrans0.ltrans.o
 .text.eeconfig_update_keymap
                0x10003d3c       0x16 /var/folders/x9/cy1bx1f960zd_7xhdrxmk_zm0000gn/T//cc8Nwo3z.ltrans0.ltrans.o
 .text._fini    0x10003d52        0x2 /var/folders/x9/cy1bx1f960zd_7xhdrxmk_zm0000gn/T//cc8Nwo3z.ltrans0.ltrans.o
                0x10003d52                _fini
 .text.shutdown_user
                0x10003d54        0x2 /var/folders/x9/cy1bx1f960zd_7xhdrxmk_zm0000gn/T//cc8Nwo3z.ltrans0.ltrans.o
                0x10003d54                __cpu_init
                0x10003d54                shutdown_user
 *fill*         0x10003d56        0x2 
 .text.Vector54
                0x10003d58      0x2ac /var/folders/x9/cy1bx1f960zd_7xhdrxmk_zm0000gn/T//cc8Nwo3z.ltrans0.ltrans.o
                0x10003d58                Vector54
 .text.SysTick_Handler
                0x10004004       0x70 /var/folders/x9/cy1bx1f960zd_7xhdrxmk_zm0000gn/T//cc8Nwo3z.ltrans0.ltrans.o
                0x10004004                SysTick_Handler
 .text.__port_spinlock_release
                0x10004074       0x10 /var/folders/x9/cy1bx1f960zd_7xhdrxmk_zm0000gn/T//cc8Nwo3z.ltrans0.ltrans.o
                0x10004074                __port_spinlock_release
 .text.Vector80
                0x10004084       0x40 /var/folders/x9/cy1bx1f960zd_7xhdrxmk_zm0000gn/T//cc8Nwo3z.ltrans0.ltrans.o
                0x10004084                Vector80
 .text.Vector7C
                0x100040c4       0x24 /var/folders/x9/cy1bx1f960zd_7xhdrxmk_zm0000gn/T//cc8Nwo3z.ltrans0.ltrans.o
                0x100040c4                Vector7C
 .text.NMI_Handler
                0x100040e8       0x12 /var/folders/x9/cy1bx1f960zd_7xhdrxmk_zm0000gn/T//cc8Nwo3z.ltrans0.ltrans.o
                0x100040e8                NMI_Handler
 .text.chThdSleep
                0x100040fa       0x16 /var/folders/x9/cy1bx1f960zd_7xhdrxmk_zm0000gn/T//cc8Nwo3z.ltrans0.ltrans.o
                0x100040fa                chThdSleep
 .text.chThdExit
                0x10004110       0x28 /var/folders/x9/cy1bx1f960zd_7xhdrxmk_zm0000gn/T//cc8Nwo3z.ltrans0.ltrans.o
                0x10004110                chThdExit
 .text.__sch_reschedule_ahead
                0x10004138       0x44 /var/folders/x9/cy1bx1f960zd_7xhdrxmk_zm0000gn/T//cc8Nwo3z.ltrans0.ltrans.o
                0x10004138                chSchDoPreemption
 .text.__init_ram_areas
                0x1000417c       0x30 /var/folders/x9/cy1bx1f960zd_7xhdrxmk_zm0000gn/T//cc8Nwo3z.ltrans0.ltrans.o
                0x1000417c                __init_ram_areas
 .text.__default_exit
                0x100041ac        0x2 /var/folders/x9/cy1bx1f960zd_7xhdrxmk_zm0000gn/T//cc8Nwo3z.ltrans0.ltrans.o
                0x100041ac                __default_exit
 .text.__early_init
                0x100041ae        0x2 /var/folders/x9/cy1bx1f960zd_7xhdrxmk_zm0000gn/T//cc8Nwo3z.ltrans0.ltrans.o
                0x100041ae                __early_init
 .text.__late_init
                0x100041b0       0x54 /var/folders/x9/cy1bx1f960zd_7xhdrxmk_zm0000gn/T//cc8Nwo3z.ltrans0.ltrans.o
                0x100041b0                __late_init
 .text.timer_read32
                0x10004204       0x84 /var/folders/x9/cy1bx1f960zd_7xhdrxmk_zm0000gn/T//cc8Nwo3z.ltrans0.ltrans.o
                0x10004204                timer_read32
 .text.schedule_deferred_register
                0x10004288       0x40 /var/folders/x9/cy1bx1f960zd_7xhdrxmk_zm0000gn/T//cc8Nwo3z.ltrans0.ltrans.o
 .text.vial_keycode_up
                0x100042c8       0x40 /var/folders/x9/cy1bx1f960zd_7xhdrxmk_zm0000gn/T//cc8Nwo3z.ltrans0.ltrans.o
 .text.on_dance_reset
                0x10004308       0x9c /var/folders/x9/cy1bx1f960zd_7xhdrxmk_zm0000gn/T//cc8Nwo3z.ltrans0.ltrans.o
 .text.vial_keycode_down
                0x100043a4       0x3c /var/folders/x9/cy1bx1f960zd_7xhdrxmk_zm0000gn/T//cc8Nwo3z.ltrans0.ltrans.o
 .text.vial_keycode_tap
                0x100043e0       0x48 /var/folders/x9/cy1bx1f960zd_7xhdrxmk_zm0000gn/T//cc8Nwo3z.ltrans0.ltrans.o
 .text.on_dance_finished
                0x10004428       0x9c /var/folders/x9/cy1bx1f960zd_7xhdrxmk_zm0000gn/T//cc8Nwo3z.ltrans0.ltrans.o
 .text.on_dance
                0x100044c4       0x3c /var/folders/x9/cy1bx1f960zd_7xhdrxmk_zm0000gn/T//cc8Nwo3z.ltrans0.ltrans.o
 .text.matrix_scan
                0x10004500      0x2f0 /var/folders/x9/cy1bx1f960zd_7xhdrxmk_zm0000gn/T//cc8Nwo3z.ltrans0.ltrans.o
 .text.set_oneshot_mods
                0x100047f0       0x2c /var/folders/x9/cy1bx1f960zd_7xhdrxmk_zm0000gn/T//cc8Nwo3z.ltrans0.ltrans.o
 .text.drop_combo_from_buffer
                0x1000481c       0x4c /var/folders/x9/cy1bx1f960zd_7xhdrxmk_zm0000gn/T//cc8Nwo3z.ltrans0.ltrans.o
                0x1000481c                drop_combo_from_buffer
 .text.clear_combos
                0x10004868       0x28 /var/folders/x9/cy1bx1f960zd_7xhdrxmk_zm0000gn/T//cc8Nwo3z.ltrans0.ltrans.o
                0x10004868                clear_combos
 .text.keymap_key_to_keycode
                0x10004890       0x44 /var/folders/x9/cy1bx1f960zd_7xhdrxmk_zm0000gn/T//cc8Nwo3z.ltrans0.ltrans.o
                0x10004890                keymap_key_to_keycode
 .text.vprintf  0x100048d4       0x28 /var/folders/x9/cy1bx1f960zd_7xhdrxmk_zm0000gn/T//cc8Nwo3z.ltrans0.ltrans.o
                0x100048d4                vprintf
 .text.printf   0x100048fc       0x16 /var/folders/x9/cy1bx1f960zd_7xhdrxmk_zm0000gn/T//cc8Nwo3z.ltrans0.ltrans.o
 *fill*         0x10004912        0x2 
 .text.mousekey_send
                0x10004914       0xf8 /var/folders/x9/cy1bx1f960zd_7xhdrxmk_zm0000gn/T//cc8Nwo3z.ltrans0.ltrans.o
 .text.clear_oneshot_mods
                0x10004a0c       0x1c /var/folders/x9/cy1bx1f960zd_7xhdrxmk_zm0000gn/T//cc8Nwo3z.ltrans0.ltrans.o
                0x10004a0c                clear_oneshot_mods
 .text.del_weak_mods
                0x10004a28       0x10 /var/folders/x9/cy1bx1f960zd_7xhdrxmk_zm0000gn/T//cc8Nwo3z.ltrans0.ltrans.o
                0x10004a28                del_weak_mods
 .text.has_oneshot_mods_timed_out
                0x10004a38       0x2c /var/folders/x9/cy1bx1f960zd_7xhdrxmk_zm0000gn/T//cc8Nwo3z.ltrans0.ltrans.o
                0x10004a38                has_oneshot_mods_timed_out
 .text.send_keyboard_report
                0x10004a64       0xe8 /var/folders/x9/cy1bx1f960zd_7xhdrxmk_zm0000gn/T//cc8Nwo3z.ltrans0.ltrans.o
                0x10004a64                send_keyboard_report
 .text.process_tap_dance_action_on_reset
                0x10004b4c       0x2a /var/folders/x9/cy1bx1f960zd_7xhdrxmk_zm0000gn/T//cc8Nwo3z.ltrans0.ltrans.o
 *fill*         0x10004b76        0x2 
 .text.process_tap_dance_action_on_dance_finished
                0x10004b78       0x4c /var/folders/x9/cy1bx1f960zd_7xhdrxmk_zm0000gn/T//cc8Nwo3z.ltrans0.ltrans.o
 .text.autoshift_flush_shift
                0x10004bc4       0x40 /var/folders/x9/cy1bx1f960zd_7xhdrxmk_zm0000gn/T//cc8Nwo3z.ltrans0.ltrans.o
 .text.autoshift_end
                0x10004c04      0x174 /var/folders/x9/cy1bx1f960zd_7xhdrxmk_zm0000gn/T//cc8Nwo3z.ltrans0.ltrans.o
 .text.unregister_code.part.2
                0x10004d78       0x78 /var/folders/x9/cy1bx1f960zd_7xhdrxmk_zm0000gn/T//cc8Nwo3z.ltrans0.ltrans.o
 .text.unregister_code
                0x10004df0       0x48 /var/folders/x9/cy1bx1f960zd_7xhdrxmk_zm0000gn/T//cc8Nwo3z.ltrans0.ltrans.o
                0x10004df0                unregister_code
 .text.clear_active_override
                0x10004e38       0xb4 /var/folders/x9/cy1bx1f960zd_7xhdrxmk_zm0000gn/T//cc8Nwo3z.ltrans0.ltrans.o
 .text.register_code.part.1
                0x10004eec       0xe8 /var/folders/x9/cy1bx1f960zd_7xhdrxmk_zm0000gn/T//cc8Nwo3z.ltrans0.ltrans.o
 .text.register_code
                0x10004fd4       0x58 /var/folders/x9/cy1bx1f960zd_7xhdrxmk_zm0000gn/T//cc8Nwo3z.ltrans0.ltrans.o
                0x10004fd4                register_code
 .text.tap_code
                0x1000502c       0x34 /var/folders/x9/cy1bx1f960zd_7xhdrxmk_zm0000gn/T//cc8Nwo3z.ltrans0.ltrans.o
 .text.send_char
                0x10005060       0x70 /var/folders/x9/cy1bx1f960zd_7xhdrxmk_zm0000gn/T//cc8Nwo3z.ltrans0.ltrans.o
 .text.send_string_with_delay.constprop.64
                0x100050d0       0x78 /var/folders/x9/cy1bx1f960zd_7xhdrxmk_zm0000gn/T//cc8Nwo3z.ltrans0.ltrans.o
 .text.clear_keyboard_but_mods_and_keys
                0x10005148       0x48 /var/folders/x9/cy1bx1f960zd_7xhdrxmk_zm0000gn/T//cc8Nwo3z.ltrans0.ltrans.o
 .text.update_tri_layer.constprop.65
                0x10005190       0x24 /var/folders/x9/cy1bx1f960zd_7xhdrxmk_zm0000gn/T//cc8Nwo3z.ltrans0.ltrans.o
 .text.layer_off
                0x100051b4       0x18 /var/folders/x9/cy1bx1f960zd_7xhdrxmk_zm0000gn/T//cc8Nwo3z.ltrans0.ltrans.o
 .text.clear_oneshot_layer_state
                0x100051cc       0x40 /var/folders/x9/cy1bx1f960zd_7xhdrxmk_zm0000gn/T//cc8Nwo3z.ltrans0.ltrans.o
                0x100051cc                clear_oneshot_layer_state
 .text.oneshot_set
                0x1000520c       0x30 /var/folders/x9/cy1bx1f960zd_7xhdrxmk_zm0000gn/T//cc8Nwo3z.ltrans0.ltrans.o
 .text.layer_on
                0x1000523c       0x18 /var/folders/x9/cy1bx1f960zd_7xhdrxmk_zm0000gn/T//cc8Nwo3z.ltrans0.ltrans.o
 .text.set_oneshot_layer
                0x10005254       0x34 /var/folders/x9/cy1bx1f960zd_7xhdrxmk_zm0000gn/T//cc8Nwo3z.ltrans0.ltrans.o
 .text.layer_switch_get_layer
                0x10005288       0x50 /var/folders/x9/cy1bx1f960zd_7xhdrxmk_zm0000gn/T//cc8Nwo3z.ltrans0.ltrans.o
                0x10005288                layer_switch_get_layer
 .text.layer_switch_get_action
                0x100052d8       0x20 /var/folders/x9/cy1bx1f960zd_7xhdrxmk_zm0000gn/T//cc8Nwo3z.ltrans0.ltrans.o
 .text.is_tap_record
                0x100052f8       0x38 /var/folders/x9/cy1bx1f960zd_7xhdrxmk_zm0000gn/T//cc8Nwo3z.ltrans0.ltrans.o
 .text.read_source_layers_cache
                0x10005330       0x48 /var/folders/x9/cy1bx1f960zd_7xhdrxmk_zm0000gn/T//cc8Nwo3z.ltrans0.ltrans.o
                0x10005330                read_source_layers_cache
 .text.update_source_layers_cache
                0x10005378       0x54 /var/folders/x9/cy1bx1f960zd_7xhdrxmk_zm0000gn/T//cc8Nwo3z.ltrans0.ltrans.o
                0x10005378                update_source_layers_cache
 .text.clear_keyboard
                0x100053cc       0x1c /var/folders/x9/cy1bx1f960zd_7xhdrxmk_zm0000gn/T//cc8Nwo3z.ltrans0.ltrans.o
                0x100053cc                clear_keyboard
 .text.qmk_settings_reset
                0x100053e8       0x68 /var/folders/x9/cy1bx1f960zd_7xhdrxmk_zm0000gn/T//cc8Nwo3z.ltrans0.ltrans.o
 .text.dynamic_keymap_reset
                0x10005450      0x130 /var/folders/x9/cy1bx1f960zd_7xhdrxmk_zm0000gn/T//cc8Nwo3z.ltrans0.ltrans.o
 .text.eeconfig_init_via
                0x10005580       0x1e /var/folders/x9/cy1bx1f960zd_7xhdrxmk_zm0000gn/T//cc8Nwo3z.ltrans0.ltrans.o
 *fill*         0x1000559e        0x2 
 .text.eeconfig_init_quantum
                0x100055a0       0x9c /var/folders/x9/cy1bx1f960zd_7xhdrxmk_zm0000gn/T//cc8Nwo3z.ltrans0.ltrans.o
 .text.magic_settings_set
                0x1000563c       0xa8 /var/folders/x9/cy1bx1f960zd_7xhdrxmk_zm0000gn/T//cc8Nwo3z.ltrans0.ltrans.o
 .text.unregister_mods
                0x100056e4       0x10 /var/folders/x9/cy1bx1f960zd_7xhdrxmk_zm0000gn/T//cc8Nwo3z.ltrans0.ltrans.o
                0x100056e4                unregister_mods
 .text.register_mods
                0x100056f4       0x10 /var/folders/x9/cy1bx1f960zd_7xhdrxmk_zm0000gn/T//cc8Nwo3z.ltrans0.ltrans.o
                0x100056f4                register_mods
 .text.perform_space_cadet
                0x10005704       0xb8 /var/folders/x9/cy1bx1f960zd_7xhdrxmk_zm0000gn/T//cc8Nwo3z.ltrans0.ltrans.o
 .text.process_record
                0x100057bc     0x16bc /var/folders/x9/cy1bx1f960zd_7xhdrxmk_zm0000gn/T//cc8Nwo3z.ltrans0.ltrans.o
 .text.waiting_buffer_scan_tap
                0x10006e78       0xa4 /var/folders/x9/cy1bx1f960zd_7xhdrxmk_zm0000gn/T//cc8Nwo3z.ltrans0.ltrans.o
 .text.process_tapping
                0x10006f1c      0x33c /var/folders/x9/cy1bx1f960zd_7xhdrxmk_zm0000gn/T//cc8Nwo3z.ltrans0.ltrans.o
 .text.action_tapping_process
                0x10007258       0xb0 /var/folders/x9/cy1bx1f960zd_7xhdrxmk_zm0000gn/T//cc8Nwo3z.ltrans0.ltrans.o
                0x10007258                action_tapping_process
 .text.dump_key_buffer.lto_priv.143
                0x10007308       0x8c /var/folders/x9/cy1bx1f960zd_7xhdrxmk_zm0000gn/T//cc8Nwo3z.ltrans0.ltrans.o
                0x10007308                dump_key_buffer.lto_priv.143
 .text.combo_disable
                0x10007394       0x30 /var/folders/x9/cy1bx1f960zd_7xhdrxmk_zm0000gn/T//cc8Nwo3z.ltrans0.ltrans.o
                0x10007394                combo_disable
 .text.apply_combos.lto_priv.144
                0x100073c4       0xec /var/folders/x9/cy1bx1f960zd_7xhdrxmk_zm0000gn/T//cc8Nwo3z.ltrans0.ltrans.o
                0x100073c4                apply_combos.lto_priv.144
 .text.startup.main
                0x100074b0     0x14bc /var/folders/x9/cy1bx1f960zd_7xhdrxmk_zm0000gn/T//cc8Nwo3z.ltrans0.ltrans.o
                0x100074b0                main
 .text.bitrev   0x1000896c       0x26 /var/folders/x9/cy1bx1f960zd_7xhdrxmk_zm0000gn/T//cc8Nwo3z.ltrans1.ltrans.o
                0x1000896c                bitrev
 .text.get_event_keycode
                0x10008992       0x32 /var/folders/x9/cy1bx1f960zd_7xhdrxmk_zm0000gn/T//cc8Nwo3z.ltrans1.ltrans.o
                0x10008992                get_event_keycode
 .text.get_record_keycode
                0x100089c4       0x1c /var/folders/x9/cy1bx1f960zd_7xhdrxmk_zm0000gn/T//cc8Nwo3z.ltrans1.ltrans.o
                0x100089c4                get_record_keycode
 .text.action_exec
                0x100089e0      0x3ac /var/folders/x9/cy1bx1f960zd_7xhdrxmk_zm0000gn/T//cc8Nwo3z.ltrans1.ltrans.o
                0x100089e0                action_exec
 .text.soft_reset_keyboard
                0x10008d8c       0x2c /var/folders/x9/cy1bx1f960zd_7xhdrxmk_zm0000gn/T//cc8Nwo3z.ltrans1.ltrans.o
                0x10008d8c                soft_reset_keyboard
 .text.extract_mod_bits
                0x10008db8       0x64 /var/folders/x9/cy1bx1f960zd_7xhdrxmk_zm0000gn/T//cc8Nwo3z.ltrans1.ltrans.o
                0x10008db8                extract_mod_bits
 .text.unregister_code16
                0x10008e1c       0x30 /var/folders/x9/cy1bx1f960zd_7xhdrxmk_zm0000gn/T//cc8Nwo3z.ltrans1.ltrans.o
                0x10008e1c                unregister_code16
 .text.register_code16
                0x10008e4c       0x38 /var/folders/x9/cy1bx1f960zd_7xhdrxmk_zm0000gn/T//cc8Nwo3z.ltrans1.ltrans.o
                0x10008e4c                register_code16
 .text.tap_code16
                0x10008e84       0x34 /var/folders/x9/cy1bx1f960zd_7xhdrxmk_zm0000gn/T//cc8Nwo3z.ltrans1.ltrans.o
                0x10008e84                tap_code16
 .text.tap_code16.__stub
                0x10008eb8       0x20 linker stubs
 *(.glue_7t)
 .glue_7t       0x10008ed8        0x0 linker stubs
 *(.glue_7)
 .glue_7        0x10008ed8        0x0 linker stubs
 *(.gcc*)
                0x10008ed8                        __text_end__ = .

.vfp11_veneer   0x10008ed8        0x0
 .vfp11_veneer  0x10008ed8        0x0 linker stubs

.v4_bx          0x10008ed8        0x0
 .v4_bx         0x10008ed8        0x0 linker stubs

.iplt           0x10008ed8        0x0
 .iplt          0x10008ed8        0x0 .build/obj_converter_cumulus_ta15_vial/./lib/chibios/os/common/startup/ARMCMx/compilers/GCC/crt0_v6m.o

.rodata         0x10008ed8      0xcc4
                0x10008ed8                        __rodata_base__ = .
 *(.rodata)
 .rodata        0x10008ed8        0x2 /var/folders/x9/cy1bx1f960zd_7xhdrxmk_zm0000gn/T//cc8Nwo3z.ltrans0.ltrans.o
 *fill*         0x10008eda        0x2 
 .rodata        0x10008edc      0x101 /usr/local/Cellar/arm-none-eabi-gcc@8/8.5.0_2/lib/arm-none-eabi-gcc/8/gcc/arm-none-eabi/8.5.0/../../../../../../arm-none-eabi/lib/thumb/v6-m/nofp/libg_nano.a(lib_a-ctype_.o)
                0x10008edc                _ctype_
 *(.rodata.*)
 *fill*         0x10008fdd        0x3 
 .rodata.CSWTCH.0
                0x10008fe0       0x10 /var/folders/x9/cy1bx1f960zd_7xhdrxmk_zm0000gn/T//cc8Nwo3z.ltrans0.ltrans.o
 .rodata.CSWTCH.1
                0x10008ff0        0x4 /var/folders/x9/cy1bx1f960zd_7xhdrxmk_zm0000gn/T//cc8Nwo3z.ltrans0.ltrans.o
 .rodata.CSWTCH.15
                0x10008ff4        0x3 /var/folders/x9/cy1bx1f960zd_7xhdrxmk_zm0000gn/T//cc8Nwo3z.ltrans0.ltrans.o
 *fill*         0x10008ff7        0x1 
 .rodata.CSWTCH.16
                0x10008ff8       0x2e /var/folders/x9/cy1bx1f960zd_7xhdrxmk_zm0000gn/T//cc8Nwo3z.ltrans0.ltrans.o
 *fill*         0x10009026        0x2 
 .rodata.CSWTCH.2
                0x10009028       0x10 /var/folders/x9/cy1bx1f960zd_7xhdrxmk_zm0000gn/T//cc8Nwo3z.ltrans0.ltrans.o
 .rodata.CSWTCH.3
                0x10009038       0x10 /var/folders/x9/cy1bx1f960zd_7xhdrxmk_zm0000gn/T//cc8Nwo3z.ltrans0.ltrans.o
 .rodata.CSWTCH.4
                0x10009048        0x4 /var/folders/x9/cy1bx1f960zd_7xhdrxmk_zm0000gn/T//cc8Nwo3z.ltrans0.ltrans.o
 .rodata.ConfigurationDescriptor
                0x1000904c       0x7b /var/folders/x9/cy1bx1f960zd_7xhdrxmk_zm0000gn/T//cc8Nwo3z.ltrans0.ltrans.o
 .rodata.ConsoleReport
                0x100090c7       0x22 /var/folders/x9/cy1bx1f960zd_7xhdrxmk_zm0000gn/T//cc8Nwo3z.ltrans0.ltrans.o
 .rodata.DeviceDescriptor
                0x100090e9       0x12 /var/folders/x9/cy1bx1f960zd_7xhdrxmk_zm0000gn/T//cc8Nwo3z.ltrans0.ltrans.o
 .rodata.KeyboardReport
                0x100090fb       0x40 /var/folders/x9/cy1bx1f960zd_7xhdrxmk_zm0000gn/T//cc8Nwo3z.ltrans0.ltrans.o
 .rodata.LanguageString
                0x1000913b        0x4 /var/folders/x9/cy1bx1f960zd_7xhdrxmk_zm0000gn/T//cc8Nwo3z.ltrans0.ltrans.o
 .rodata.ManufacturerString
                0x1000913f       0x1a /var/folders/x9/cy1bx1f960zd_7xhdrxmk_zm0000gn/T//cc8Nwo3z.ltrans0.ltrans.o
 .rodata.ProductString
                0x10009159       0x1e /var/folders/x9/cy1bx1f960zd_7xhdrxmk_zm0000gn/T//cc8Nwo3z.ltrans0.ltrans.o
 .rodata.RawReport
                0x10009177       0x22 /var/folders/x9/cy1bx1f960zd_7xhdrxmk_zm0000gn/T//cc8Nwo3z.ltrans0.ltrans.o
 .rodata.SerialNumberString
                0x10009199       0x1e /var/folders/x9/cy1bx1f960zd_7xhdrxmk_zm0000gn/T//cc8Nwo3z.ltrans0.ltrans.o
 .rodata.SharedReport
                0x100091b7       0xbc /var/folders/x9/cy1bx1f960zd_7xhdrxmk_zm0000gn/T//cc8Nwo3z.ltrans0.ltrans.o
 .rodata.Vector80.str1.1
                0x10009273       0xf0 /var/folders/x9/cy1bx1f960zd_7xhdrxmk_zm0000gn/T//cc8Nwo3z.ltrans0.ltrans.o
                                  0xd (size before relaxing)
 .rodata.active_status
                0x10009363        0x2 /var/folders/x9/cy1bx1f960zd_7xhdrxmk_zm0000gn/T//cc8Nwo3z.ltrans0.ltrans.o
 .rodata.ascii_to_altgr_lut
                0x10009365       0x10 /var/folders/x9/cy1bx1f960zd_7xhdrxmk_zm0000gn/T//cc8Nwo3z.ltrans0.ltrans.o
 .rodata.ascii_to_keycode_lut
                0x10009375       0x80 /var/folders/x9/cy1bx1f960zd_7xhdrxmk_zm0000gn/T//cc8Nwo3z.ltrans0.ltrans.o
 .rodata.ascii_to_shift_lut
                0x100093f5       0x10 /var/folders/x9/cy1bx1f960zd_7xhdrxmk_zm0000gn/T//cc8Nwo3z.ltrans0.ltrans.o
 *fill*         0x10009405        0x3 
 .rodata.ch_core0_cfg
                0x10009408        0xc /var/folders/x9/cy1bx1f960zd_7xhdrxmk_zm0000gn/T//cc8Nwo3z.ltrans0.ltrans.o
 .rodata.col_pins
                0x10009414       0x44 /var/folders/x9/cy1bx1f960zd_7xhdrxmk_zm0000gn/T//cc8Nwo3z.ltrans0.ltrans.o
 .rodata.ep0config
                0x10009458       0x1c /var/folders/x9/cy1bx1f960zd_7xhdrxmk_zm0000gn/T//cc8Nwo3z.ltrans0.ltrans.o
 .rodata.halted_status
                0x10009474        0x2 /var/folders/x9/cy1bx1f960zd_7xhdrxmk_zm0000gn/T//cc8Nwo3z.ltrans0.ltrans.o
 *fill*         0x10009476        0x2 
 .rodata.kbd_ep_config
                0x10009478       0x1c /var/folders/x9/cy1bx1f960zd_7xhdrxmk_zm0000gn/T//cc8Nwo3z.ltrans0.ltrans.o
 .rodata.keyboard_definition
                0x10009494      0x204 /var/folders/x9/cy1bx1f960zd_7xhdrxmk_zm0000gn/T//cc8Nwo3z.ltrans0.ltrans.o
 .rodata.keymaps
                0x10009698      0x264 /var/folders/x9/cy1bx1f960zd_7xhdrxmk_zm0000gn/T//cc8Nwo3z.ltrans0.ltrans.o
 .rodata.main.str1.1
                0x100098fc       0x48 /var/folders/x9/cy1bx1f960zd_7xhdrxmk_zm0000gn/T//cc8Nwo3z.ltrans0.ltrans.o
 .rodata.mousekey_send.str1.1
                0x100098fc       0x3a /var/folders/x9/cy1bx1f960zd_7xhdrxmk_zm0000gn/T//cc8Nwo3z.ltrans0.ltrans.o
 .rodata.process_record.str1.1
                0x100098fc       0x55 /var/folders/x9/cy1bx1f960zd_7xhdrxmk_zm0000gn/T//cc8Nwo3z.ltrans0.ltrans.o
 .rodata.protos
                0x100098fc      0x1a4 /var/folders/x9/cy1bx1f960zd_7xhdrxmk_zm0000gn/T//cc8Nwo3z.ltrans0.ltrans.o
 .rodata.ram_areas
                0x10009aa0       0x80 /var/folders/x9/cy1bx1f960zd_7xhdrxmk_zm0000gn/T//cc8Nwo3z.ltrans0.ltrans.o
 .rodata.row_pins
                0x10009b20       0x24 /var/folders/x9/cy1bx1f960zd_7xhdrxmk_zm0000gn/T//cc8Nwo3z.ltrans0.ltrans.o
 .rodata.shared_ep_config
                0x10009b44       0x1c /var/folders/x9/cy1bx1f960zd_7xhdrxmk_zm0000gn/T//cc8Nwo3z.ltrans0.ltrans.o
 .rodata.str1.1
                0x10009b60        0x3 /var/folders/x9/cy1bx1f960zd_7xhdrxmk_zm0000gn/T//cc8Nwo3z.ltrans0.ltrans.o
 .rodata.usbcfg
                0x10009b60       0x10 /var/folders/x9/cy1bx1f960zd_7xhdrxmk_zm0000gn/T//cc8Nwo3z.ltrans0.ltrans.o
 .rodata.vmt    0x10009b70       0x28 /var/folders/x9/cy1bx1f960zd_7xhdrxmk_zm0000gn/T//cc8Nwo3z.ltrans0.ltrans.o
 .rodata.vsnprintf_impl.constprop.95.str1.1
                0x10009b98        0xd /var/folders/x9/cy1bx1f960zd_7xhdrxmk_zm0000gn/T//cc8Nwo3z.ltrans0.ltrans.o
 .rodata.zero_status
                0x10009b98        0x2 /var/folders/x9/cy1bx1f960zd_7xhdrxmk_zm0000gn/T//cc8Nwo3z.ltrans0.ltrans.o
                0x10009ba8                        . = ALIGN (0x4)
 *fill*         0x10009b9a        0x2 
                0x10009b9c                        __rodata_end__ = .

.ARM.extab
 *(.ARM.extab* .gnu.linkonce.armextab.*)

.ARM.exidx      0x10009b9c        0x8
                0x10009b9c                        __exidx_base__ = .
                0x10009b9c                        __exidx_start = .
 *(.ARM.exidx* .gnu.linkonce.armexidx.*)
 .ARM.exidx     0x10009b9c        0x8 /usr/local/Cellar/arm-none-eabi-gcc@8/8.5.0_2/lib/arm-none-eabi-gcc/8/gcc/arm-none-eabi/8.5.0/thumb/v6-m/nofp/libgcc.a(_udivmoddi4.o)
                0x10009ba4                        __exidx_end__ = .
                0x10009ba4                        __exidx_end = .

.rel.dyn        0x10009ba4        0x0
 .rel.iplt      0x10009ba4        0x0 .build/obj_converter_cumulus_ta15_vial/./lib/chibios/os/common/startup/ARMCMx/compilers/GCC/crt0_v6m.o

.eh_frame_hdr
 *(.eh_frame_hdr)

.eh_frame
 *(.eh_frame)

.data           0x20000000      0x55c load address 0x10009ba4
                [!provide]                        PROVIDE (_textdata = LOADADDR (.data))
                [!provide]                        PROVIDE (_data = .)
                0x10009ba4                        __textdata_base__ = LOADADDR (.data)
                0x20000000                        __data_base__ = .
 *(vtable)
 *(.time_critical*)
 .time_critical.flash_enable_xip_via_boot2
                0x20000000       0x20 /var/folders/x9/cy1bx1f960zd_7xhdrxmk_zm0000gn/T//cc8Nwo3z.ltrans0.ltrans.o
 .time_critical.flash_init_boot2_copyout
                0x20000020       0x30 /var/folders/x9/cy1bx1f960zd_7xhdrxmk_zm0000gn/T//cc8Nwo3z.ltrans0.ltrans.o
 .time_critical.flash_range_erase
                0x20000050       0x60 /var/folders/x9/cy1bx1f960zd_7xhdrxmk_zm0000gn/T//cc8Nwo3z.ltrans0.ltrans.o
 .time_critical.flash_was_aborted
                0x200000b0       0x10 /var/folders/x9/cy1bx1f960zd_7xhdrxmk_zm0000gn/T//cc8Nwo3z.ltrans0.ltrans.o
 .time_critical.flash_cs_force
                0x200000c0       0x24 /var/folders/x9/cy1bx1f960zd_7xhdrxmk_zm0000gn/T//cc8Nwo3z.ltrans0.ltrans.o
 .time_critical.flash_put_cmd_addr
                0x200000e4       0x24 /var/folders/x9/cy1bx1f960zd_7xhdrxmk_zm0000gn/T//cc8Nwo3z.ltrans0.ltrans.o
 .time_critical.flash_put_get
                0x20000108       0x6a /var/folders/x9/cy1bx1f960zd_7xhdrxmk_zm0000gn/T//cc8Nwo3z.ltrans0.ltrans.o
 .time_critical._flash_do_cmd
                0x20000172       0x22 /var/folders/x9/cy1bx1f960zd_7xhdrxmk_zm0000gn/T//cc8Nwo3z.ltrans0.ltrans.o
 .time_critical.flash_enable_write
                0x20000194        0xe /var/folders/x9/cy1bx1f960zd_7xhdrxmk_zm0000gn/T//cc8Nwo3z.ltrans0.ltrans.o
 .time_critical.flash_wait_ready
                0x200001a2       0x22 /var/folders/x9/cy1bx1f960zd_7xhdrxmk_zm0000gn/T//cc8Nwo3z.ltrans0.ltrans.o
 .time_critical.pico_program_bulk
                0x200001c4       0x94 /var/folders/x9/cy1bx1f960zd_7xhdrxmk_zm0000gn/T//cc8Nwo3z.ltrans0.ltrans.o
                0x20000258                        . = ALIGN (0x4)
 *(.data)
 *(.data.*)
 .data.autoshift_flags
                0x20000258        0x1 /var/folders/x9/cy1bx1f960zd_7xhdrxmk_zm0000gn/T//cc8Nwo3z.ltrans0.ltrans.o
 *fill*         0x20000259        0x1 
 .data.autoshift_timeout
                0x2000025a        0x2 /var/folders/x9/cy1bx1f960zd_7xhdrxmk_zm0000gn/T//cc8Nwo3z.ltrans0.ltrans.o
 .data.b_combo_enable.lto_priv.132
                0x2000025c        0x1 /var/folders/x9/cy1bx1f960zd_7xhdrxmk_zm0000gn/T//cc8Nwo3z.ltrans0.ltrans.o
                0x2000025c                b_combo_enable.lto_priv.132
 *fill*         0x2000025d        0x3 
 .data.chibios_driver
                0x20000260       0x18 /var/folders/x9/cy1bx1f960zd_7xhdrxmk_zm0000gn/T//cc8Nwo3z.ltrans0.ltrans.o
 .data.drivers  0x20000278      0x2c0 /var/folders/x9/cy1bx1f960zd_7xhdrxmk_zm0000gn/T//cc8Nwo3z.ltrans0.ltrans.o
 .data.enabled  0x20000538        0x1 /var/folders/x9/cy1bx1f960zd_7xhdrxmk_zm0000gn/T//cc8Nwo3z.ltrans0.ltrans.o
 *fill*         0x20000539        0x3 
 .data.func     0x2000053c        0x4 /var/folders/x9/cy1bx1f960zd_7xhdrxmk_zm0000gn/T//cc8Nwo3z.ltrans0.ltrans.o
 .data.keyboard_protocol
                0x20000540        0x1 /var/folders/x9/cy1bx1f960zd_7xhdrxmk_zm0000gn/T//cc8Nwo3z.ltrans0.ltrans.o
 .data.linecoding
                0x20000541        0x7 /var/folders/x9/cy1bx1f960zd_7xhdrxmk_zm0000gn/T//cc8Nwo3z.ltrans0.ltrans.o
 .data.macro_end.11675
                0x20000548        0x4 /var/folders/x9/cy1bx1f960zd_7xhdrxmk_zm0000gn/T//cc8Nwo3z.ltrans0.ltrans.o
 .data.mk_delay
                0x2000054c        0x1 /var/folders/x9/cy1bx1f960zd_7xhdrxmk_zm0000gn/T//cc8Nwo3z.ltrans0.ltrans.o
 .data.mk_interval
                0x2000054d        0x1 /var/folders/x9/cy1bx1f960zd_7xhdrxmk_zm0000gn/T//cc8Nwo3z.ltrans0.ltrans.o
 .data.mk_max_speed
                0x2000054e        0x1 /var/folders/x9/cy1bx1f960zd_7xhdrxmk_zm0000gn/T//cc8Nwo3z.ltrans0.ltrans.o
 .data.mk_time_to_max
                0x2000054f        0x1 /var/folders/x9/cy1bx1f960zd_7xhdrxmk_zm0000gn/T//cc8Nwo3z.ltrans0.ltrans.o
 .data.mk_wheel_delay
                0x20000550        0x1 /var/folders/x9/cy1bx1f960zd_7xhdrxmk_zm0000gn/T//cc8Nwo3z.ltrans0.ltrans.o
 .data.mk_wheel_interval
                0x20000551        0x1 /var/folders/x9/cy1bx1f960zd_7xhdrxmk_zm0000gn/T//cc8Nwo3z.ltrans0.ltrans.o
 .data.mk_wheel_max_speed
                0x20000552        0x1 /var/folders/x9/cy1bx1f960zd_7xhdrxmk_zm0000gn/T//cc8Nwo3z.ltrans0.ltrans.o
 .data.mk_wheel_time_to_max
                0x20000553        0x1 /var/folders/x9/cy1bx1f960zd_7xhdrxmk_zm0000gn/T//cc8Nwo3z.ltrans0.ltrans.o
 .data.r_macro_end.11677
                0x20000554        0x4 /var/folders/x9/cy1bx1f960zd_7xhdrxmk_zm0000gn/T//cc8Nwo3z.ltrans0.ltrans.o
 .data.vial_unlocked
                0x20000558        0x4 /var/folders/x9/cy1bx1f960zd_7xhdrxmk_zm0000gn/T//cc8Nwo3z.ltrans0.ltrans.o
 *(.ramtext)
                0x2000055c                        . = ALIGN (0x4)
                [!provide]                        PROVIDE (_edata = .)
                0x2000055c                        __data_end__ = .

.igot.plt       0x2000055c        0x0 load address 0x1000a100
 .igot.plt      0x2000055c        0x0 .build/obj_converter_cumulus_ta15_vial/./lib/chibios/os/common/startup/ARMCMx/compilers/GCC/crt0_v6m.o

.bss            0x2000055c     0x1fb8 load address 0x1000a100
                0x2000055c                        __bss_base__ = .
 *(.bss)
 *(.bss.*)
 .bss.BOOT2_ROM_RAM
                0x2000055c      0x100 /var/folders/x9/cy1bx1f960zd_7xhdrxmk_zm0000gn/T//cc8Nwo3z.ltrans0.ltrans.o
 .bss.QS        0x2000065c       0x24 /var/folders/x9/cy1bx1f960zd_7xhdrxmk_zm0000gn/T//cc8Nwo3z.ltrans0.ltrans.o
                0x2000065c                QS
 .bss.USBD1     0x20000680       0xe4 /var/folders/x9/cy1bx1f960zd_7xhdrxmk_zm0000gn/T//cc8Nwo3z.ltrans0.ltrans.o
 .bss.__compound_literal.0.lto_priv.130
                0x20000764       0x20 /var/folders/x9/cy1bx1f960zd_7xhdrxmk_zm0000gn/T//cc8Nwo3z.ltrans0.ltrans.o
 .bss.__compound_literal.0.lto_priv.131
                0x20000784       0x90 /var/folders/x9/cy1bx1f960zd_7xhdrxmk_zm0000gn/T//cc8Nwo3z.ltrans0.ltrans.o
 .bss.__compound_literal.1
                0x20000814       0x90 /var/folders/x9/cy1bx1f960zd_7xhdrxmk_zm0000gn/T//cc8Nwo3z.ltrans0.ltrans.o
 .bss.__compound_literal.2
                0x200008a4       0x90 /var/folders/x9/cy1bx1f960zd_7xhdrxmk_zm0000gn/T//cc8Nwo3z.ltrans0.ltrans.o
 .bss.__compound_literal.3
                0x20000934       0x90 /var/folders/x9/cy1bx1f960zd_7xhdrxmk_zm0000gn/T//cc8Nwo3z.ltrans0.ltrans.o
 .bss.active_override
                0x200009c4        0x4 /var/folders/x9/cy1bx1f960zd_7xhdrxmk_zm0000gn/T//cc8Nwo3z.ltrans0.ltrans.o
 .bss.active_override_trigger_is_down
                0x200009c8        0x1 /var/folders/x9/cy1bx1f960zd_7xhdrxmk_zm0000gn/T//cc8Nwo3z.ltrans0.ltrans.o
 *fill*         0x200009c9        0x1 
 .bss.active_td
                0x200009ca        0x2 /var/folders/x9/cy1bx1f960zd_7xhdrxmk_zm0000gn/T//cc8Nwo3z.ltrans0.ltrans.o
 .bss.autoshift_lastkey
                0x200009cc        0x2 /var/folders/x9/cy1bx1f960zd_7xhdrxmk_zm0000gn/T//cc8Nwo3z.ltrans0.ltrans.o
 .bss.autoshift_lastrecord
                0x200009ce        0xa /var/folders/x9/cy1bx1f960zd_7xhdrxmk_zm0000gn/T//cc8Nwo3z.ltrans0.ltrans.o
 .bss.autoshift_shift_states
                0x200009d8       0x20 /var/folders/x9/cy1bx1f960zd_7xhdrxmk_zm0000gn/T//cc8Nwo3z.ltrans0.ltrans.o
 .bss.autoshift_time
                0x200009f8        0x2 /var/folders/x9/cy1bx1f960zd_7xhdrxmk_zm0000gn/T//cc8Nwo3z.ltrans0.ltrans.o
 *fill*         0x200009fa        0x2 
 .bss.boot2_copyout
                0x200009fc      0x100 /var/folders/x9/cy1bx1f960zd_7xhdrxmk_zm0000gn/T//cc8Nwo3z.ltrans0.ltrans.o
 .bss.boot2_copyout_valid
                0x20000afc        0x1 /var/folders/x9/cy1bx1f960zd_7xhdrxmk_zm0000gn/T//cc8Nwo3z.ltrans0.ltrans.o
 *fill*         0x20000afd        0x1 
 .bss.bulk_write_buffer.5499
                0x20000afe       0x80 /var/folders/x9/cy1bx1f960zd_7xhdrxmk_zm0000gn/T//cc8Nwo3z.ltrans0.ltrans.o
 *fill*         0x20000b7e        0x2 
 .bss.ch_memcore
                0x20000b80        0x8 /var/folders/x9/cy1bx1f960zd_7xhdrxmk_zm0000gn/T//cc8Nwo3z.ltrans0.ltrans.o
 .bss.ch_system
                0x20000b88       0x10 /var/folders/x9/cy1bx1f960zd_7xhdrxmk_zm0000gn/T//cc8Nwo3z.ltrans0.ltrans.o
 .bss.combo_buffer.lto_priv.139
                0x20000b98        0x8 /var/folders/x9/cy1bx1f960zd_7xhdrxmk_zm0000gn/T//cc8Nwo3z.ltrans0.ltrans.o
                0x20000b98                combo_buffer.lto_priv.139
 .bss.combo_buffer_read.lto_priv.136
                0x20000ba0        0x1 /var/folders/x9/cy1bx1f960zd_7xhdrxmk_zm0000gn/T//cc8Nwo3z.ltrans0.ltrans.o
                0x20000ba0                combo_buffer_read.lto_priv.136
 .bss.combo_buffer_write.lto_priv.137
                0x20000ba1        0x1 /var/folders/x9/cy1bx1f960zd_7xhdrxmk_zm0000gn/T//cc8Nwo3z.ltrans0.ltrans.o
                0x20000ba1                combo_buffer_write.lto_priv.137
 *fill*         0x20000ba2        0x2 
 .bss.configured_freq
                0x20000ba4       0x28 /var/folders/x9/cy1bx1f960zd_7xhdrxmk_zm0000gn/T//cc8Nwo3z.ltrans0.ltrans.o
 .bss.dance_state
                0x20000bcc        0x4 /var/folders/x9/cy1bx1f960zd_7xhdrxmk_zm0000gn/T//cc8Nwo3z.ltrans0.ltrans.o
 .bss.debouncing
                0x20000bd0        0x1 /var/folders/x9/cy1bx1f960zd_7xhdrxmk_zm0000gn/T//cc8Nwo3z.ltrans0.ltrans.o
 *fill*         0x20000bd1        0x3 
 .bss.debouncing_time
                0x20000bd4        0x4 /var/folders/x9/cy1bx1f960zd_7xhdrxmk_zm0000gn/T//cc8Nwo3z.ltrans0.ltrans.o
 .bss.debug_config
                0x20000bd8        0x1 /var/folders/x9/cy1bx1f960zd_7xhdrxmk_zm0000gn/T//cc8Nwo3z.ltrans0.ltrans.o
 .bss.default_layer_state
                0x20000bd9        0x1 /var/folders/x9/cy1bx1f960zd_7xhdrxmk_zm0000gn/T//cc8Nwo3z.ltrans0.ltrans.o
 *fill*         0x20000bda        0x2 
 .bss.defer_delay
                0x20000bdc        0x4 /var/folders/x9/cy1bx1f960zd_7xhdrxmk_zm0000gn/T//cc8Nwo3z.ltrans0.ltrans.o
 .bss.defer_reference_time
                0x20000be0        0x4 /var/folders/x9/cy1bx1f960zd_7xhdrxmk_zm0000gn/T//cc8Nwo3z.ltrans0.ltrans.o
 .bss.deferred_register
                0x20000be4        0x2 /var/folders/x9/cy1bx1f960zd_7xhdrxmk_zm0000gn/T//cc8Nwo3z.ltrans0.ltrans.o
 *fill*         0x20000be6        0x2 
 .bss.desc.9828
                0x20000be8        0x8 /var/folders/x9/cy1bx1f960zd_7xhdrxmk_zm0000gn/T//cc8Nwo3z.ltrans0.ltrans.o
 .bss.driver.lto_priv.128
                0x20000bf0        0x4 /var/folders/x9/cy1bx1f960zd_7xhdrxmk_zm0000gn/T//cc8Nwo3z.ltrans0.ltrans.o
 .bss.driver.lto_priv.129
                0x20000bf4        0x4 /var/folders/x9/cy1bx1f960zd_7xhdrxmk_zm0000gn/T//cc8Nwo3z.ltrans0.ltrans.o
 .bss.ep0_state
                0x20000bf8       0x40 /var/folders/x9/cy1bx1f960zd_7xhdrxmk_zm0000gn/T//cc8Nwo3z.ltrans0.ltrans.o
 .bss.event_queue
                0x20000c38       0x10 /var/folders/x9/cy1bx1f960zd_7xhdrxmk_zm0000gn/T//cc8Nwo3z.ltrans0.ltrans.o
 .bss.event_queue_head
                0x20000c48        0x1 /var/folders/x9/cy1bx1f960zd_7xhdrxmk_zm0000gn/T//cc8Nwo3z.ltrans0.ltrans.o
 .bss.event_queue_tail
                0x20000c49        0x1 /var/folders/x9/cy1bx1f960zd_7xhdrxmk_zm0000gn/T//cc8Nwo3z.ltrans0.ltrans.o
 .bss.g_vial_magic_keycode_override
                0x20000c4a        0x2 /var/folders/x9/cy1bx1f960zd_7xhdrxmk_zm0000gn/T//cc8Nwo3z.ltrans0.ltrans.o
 .bss.grave_esc_was_shifted
                0x20000c4c        0x1 /var/folders/x9/cy1bx1f960zd_7xhdrxmk_zm0000gn/T//cc8Nwo3z.ltrans0.ltrans.o
 *fill*         0x20000c4d        0x3 
 .bss.interrupts
                0x20000c50        0x4 /var/folders/x9/cy1bx1f960zd_7xhdrxmk_zm0000gn/T//cc8Nwo3z.ltrans0.ltrans.o
 .bss.kbd_ep_state
                0x20000c54       0x20 /var/folders/x9/cy1bx1f960zd_7xhdrxmk_zm0000gn/T//cc8Nwo3z.ltrans0.ltrans.o
 .bss.key_buffer.lto_priv.135
                0x20000c74       0x70 /var/folders/x9/cy1bx1f960zd_7xhdrxmk_zm0000gn/T//cc8Nwo3z.ltrans0.ltrans.o
                0x20000c74                key_buffer.lto_priv.135
 .bss.key_buffer_next.11681
                0x20000ce4        0x1 /var/folders/x9/cy1bx1f960zd_7xhdrxmk_zm0000gn/T//cc8Nwo3z.ltrans0.ltrans.o
 .bss.key_buffer_size.lto_priv.134
                0x20000ce5        0x1 /var/folders/x9/cy1bx1f960zd_7xhdrxmk_zm0000gn/T//cc8Nwo3z.ltrans0.ltrans.o
                0x20000ce5                key_buffer_size.lto_priv.134
 *fill*         0x20000ce6        0x2 
 .bss.key_combos
                0x20000ce8       0x30 /var/folders/x9/cy1bx1f960zd_7xhdrxmk_zm0000gn/T//cc8Nwo3z.ltrans0.ltrans.o
                0x20000ce8                key_combos
 .bss.key_combos_keys
                0x20000d18       0x28 /var/folders/x9/cy1bx1f960zd_7xhdrxmk_zm0000gn/T//cc8Nwo3z.ltrans0.ltrans.o
 .bss.keyboard_idle
                0x20000d40        0x1 /var/folders/x9/cy1bx1f960zd_7xhdrxmk_zm0000gn/T//cc8Nwo3z.ltrans0.ltrans.o
 *fill*         0x20000d41        0x3 
 .bss.keyboard_idle_timer
                0x20000d44       0x18 /var/folders/x9/cy1bx1f960zd_7xhdrxmk_zm0000gn/T//cc8Nwo3z.ltrans0.ltrans.o
 .bss.keyboard_led_state
                0x20000d5c        0x1 /var/folders/x9/cy1bx1f960zd_7xhdrxmk_zm0000gn/T//cc8Nwo3z.ltrans0.ltrans.o
 .bss.keyboard_report_sent
                0x20000d5d       0x20 /var/folders/x9/cy1bx1f960zd_7xhdrxmk_zm0000gn/T//cc8Nwo3z.ltrans0.ltrans.o
 *fill*         0x20000d7d        0x1 
 .bss.keymap_config
                0x20000d7e        0x2 /var/folders/x9/cy1bx1f960zd_7xhdrxmk_zm0000gn/T//cc8Nwo3z.ltrans0.ltrans.o
                0x20000d7e                keymap_config
 .bss.last_consumer_report
                0x20000d80        0x2 /var/folders/x9/cy1bx1f960zd_7xhdrxmk_zm0000gn/T//cc8Nwo3z.ltrans0.ltrans.o
 .bss.last_key_down
                0x20000d82        0x2 /var/folders/x9/cy1bx1f960zd_7xhdrxmk_zm0000gn/T//cc8Nwo3z.ltrans0.ltrans.o
 .bss.last_key_down_time
                0x20000d84        0x4 /var/folders/x9/cy1bx1f960zd_7xhdrxmk_zm0000gn/T//cc8Nwo3z.ltrans0.ltrans.o
 .bss.last_led_status.9508
                0x20000d88        0x1 /var/folders/x9/cy1bx1f960zd_7xhdrxmk_zm0000gn/T//cc8Nwo3z.ltrans0.ltrans.o
 .bss.last_report.10055
                0x20000d89       0x20 /var/folders/x9/cy1bx1f960zd_7xhdrxmk_zm0000gn/T//cc8Nwo3z.ltrans0.ltrans.o
 .bss.last_suspend_state
                0x20000da9        0x1 /var/folders/x9/cy1bx1f960zd_7xhdrxmk_zm0000gn/T//cc8Nwo3z.ltrans0.ltrans.o
 .bss.last_system_report
                0x20000daa        0x2 /var/folders/x9/cy1bx1f960zd_7xhdrxmk_zm0000gn/T//cc8Nwo3z.ltrans0.ltrans.o
 .bss.last_tap_time
                0x20000dac        0x2 /var/folders/x9/cy1bx1f960zd_7xhdrxmk_zm0000gn/T//cc8Nwo3z.ltrans0.ltrans.o
 .bss.last_tick.11804
                0x20000dae        0x2 /var/folders/x9/cy1bx1f960zd_7xhdrxmk_zm0000gn/T//cc8Nwo3z.ltrans0.ltrans.o
 .bss.last_ticks
                0x20000db0        0x4 /var/folders/x9/cy1bx1f960zd_7xhdrxmk_zm0000gn/T//cc8Nwo3z.ltrans0.ltrans.o
 .bss.last_timer_c
                0x20000db4        0x2 /var/folders/x9/cy1bx1f960zd_7xhdrxmk_zm0000gn/T//cc8Nwo3z.ltrans0.ltrans.o
 .bss.last_timer_w
                0x20000db6        0x2 /var/folders/x9/cy1bx1f960zd_7xhdrxmk_zm0000gn/T//cc8Nwo3z.ltrans0.ltrans.o
 .bss.layer_state
                0x20000db8        0x1 /var/folders/x9/cy1bx1f960zd_7xhdrxmk_zm0000gn/T//cc8Nwo3z.ltrans0.ltrans.o
 *fill*         0x20000db9        0x1 
 .bss.longest_term.lto_priv.138
                0x20000dba        0x2 /var/folders/x9/cy1bx1f960zd_7xhdrxmk_zm0000gn/T//cc8Nwo3z.ltrans0.ltrans.o
                0x20000dba                longest_term.lto_priv.138
 .bss.macro_buffer.11674
                0x20000dbc      0x500 /var/folders/x9/cy1bx1f960zd_7xhdrxmk_zm0000gn/T//cc8Nwo3z.ltrans0.ltrans.o
 .bss.macro_id.11679
                0x200012bc        0x1 /var/folders/x9/cy1bx1f960zd_7xhdrxmk_zm0000gn/T//cc8Nwo3z.ltrans0.ltrans.o
 *fill*         0x200012bd        0x3 
 .bss.macro_pointer.11678
                0x200012c0        0x4 /var/folders/x9/cy1bx1f960zd_7xhdrxmk_zm0000gn/T//cc8Nwo3z.ltrans0.ltrans.o
 .bss.matrix    0x200012c4       0x24 /var/folders/x9/cy1bx1f960zd_7xhdrxmk_zm0000gn/T//cc8Nwo3z.ltrans0.ltrans.o
 .bss.matrix_previous.11811
                0x200012e8       0x24 /var/folders/x9/cy1bx1f960zd_7xhdrxmk_zm0000gn/T//cc8Nwo3z.ltrans0.ltrans.o
 .bss.mouse_report
                0x2000130c        0x6 /var/folders/x9/cy1bx1f960zd_7xhdrxmk_zm0000gn/T//cc8Nwo3z.ltrans0.ltrans.o
 .bss.mousekey_accel
                0x20001312        0x1 /var/folders/x9/cy1bx1f960zd_7xhdrxmk_zm0000gn/T//cc8Nwo3z.ltrans0.ltrans.o
 .bss.mousekey_repeat
                0x20001313        0x1 /var/folders/x9/cy1bx1f960zd_7xhdrxmk_zm0000gn/T//cc8Nwo3z.ltrans0.ltrans.o
 .bss.mousekey_wheel_repeat
                0x20001314        0x1 /var/folders/x9/cy1bx1f960zd_7xhdrxmk_zm0000gn/T//cc8Nwo3z.ltrans0.ltrans.o
 *fill*         0x20001315        0x3 
 .bss.ms_offset
                0x20001318        0x4 /var/folders/x9/cy1bx1f960zd_7xhdrxmk_zm0000gn/T//cc8Nwo3z.ltrans0.ltrans.o
 .bss.oneshot_layer_data.lto_priv.141
                0x2000131c        0x1 /var/folders/x9/cy1bx1f960zd_7xhdrxmk_zm0000gn/T//cc8Nwo3z.ltrans0.ltrans.o
                0x2000131c                oneshot_layer_data.lto_priv.141
 *fill*         0x2000131d        0x1 
 .bss.oneshot_layer_time.lto_priv.140
                0x2000131e        0x2 /var/folders/x9/cy1bx1f960zd_7xhdrxmk_zm0000gn/T//cc8Nwo3z.ltrans0.ltrans.o
                0x2000131e                oneshot_layer_time.lto_priv.140
 .bss.oneshot_locked_mods
                0x20001320        0x1 /var/folders/x9/cy1bx1f960zd_7xhdrxmk_zm0000gn/T//cc8Nwo3z.ltrans0.ltrans.o
 .bss.oneshot_mods
                0x20001321        0x1 /var/folders/x9/cy1bx1f960zd_7xhdrxmk_zm0000gn/T//cc8Nwo3z.ltrans0.ltrans.o
 .bss.oneshot_time
                0x20001322        0x2 /var/folders/x9/cy1bx1f960zd_7xhdrxmk_zm0000gn/T//cc8Nwo3z.ltrans0.ltrans.o
 .bss.override_ptrs
                0x20001324       0x14 /var/folders/x9/cy1bx1f960zd_7xhdrxmk_zm0000gn/T//cc8Nwo3z.ltrans0.ltrans.o
 .bss.overrides
                0x20001338       0x60 /var/folders/x9/cy1bx1f960zd_7xhdrxmk_zm0000gn/T//cc8Nwo3z.ltrans0.ltrans.o
 .bss.raw_matrix
                0x20001398       0x24 /var/folders/x9/cy1bx1f960zd_7xhdrxmk_zm0000gn/T//cc8Nwo3z.ltrans0.ltrans.o
 .bss.real_mods
                0x200013bc        0x1 /var/folders/x9/cy1bx1f960zd_7xhdrxmk_zm0000gn/T//cc8Nwo3z.ltrans0.ltrans.o
 .bss.report.10000
                0x200013bd        0x3 /var/folders/x9/cy1bx1f960zd_7xhdrxmk_zm0000gn/T//cc8Nwo3z.ltrans0.ltrans.o
 .bss.retro_tapping_counter
                0x200013c0        0x4 /var/folders/x9/cy1bx1f960zd_7xhdrxmk_zm0000gn/T//cc8Nwo3z.ltrans0.ltrans.o
                0x200013c0                retro_tapping_counter
 .bss.sc_last   0x200013c4        0x1 /var/folders/x9/cy1bx1f960zd_7xhdrxmk_zm0000gn/T//cc8Nwo3z.ltrans0.ltrans.o
 *fill*         0x200013c5        0x1 
 .bss.sc_timer  0x200013c6        0x2 /var/folders/x9/cy1bx1f960zd_7xhdrxmk_zm0000gn/T//cc8Nwo3z.ltrans0.ltrans.o
 .bss.set_report_buf
                0x200013c8        0x2 /var/folders/x9/cy1bx1f960zd_7xhdrxmk_zm0000gn/T//cc8Nwo3z.ltrans0.ltrans.o
 *fill*         0x200013ca        0x2 
 .bss.shared_ep_state
                0x200013cc       0x20 /var/folders/x9/cy1bx1f960zd_7xhdrxmk_zm0000gn/T//cc8Nwo3z.ltrans0.ltrans.o
 .bss.source_layers_cache
                0x200013ec       0x3c /var/folders/x9/cy1bx1f960zd_7xhdrxmk_zm0000gn/T//cc8Nwo3z.ltrans0.ltrans.o
 .bss.suppressed_mods
                0x20001428        0x1 /var/folders/x9/cy1bx1f960zd_7xhdrxmk_zm0000gn/T//cc8Nwo3z.ltrans0.ltrans.o
 *fill*         0x20001429        0x3 
 .bss.tap_dance_actions
                0x2000142c       0x60 /var/folders/x9/cy1bx1f960zd_7xhdrxmk_zm0000gn/T//cc8Nwo3z.ltrans0.ltrans.o
 .bss.tapping_key
                0x2000148c        0xa /var/folders/x9/cy1bx1f960zd_7xhdrxmk_zm0000gn/T//cc8Nwo3z.ltrans0.ltrans.o
 .bss.td_entry  0x20001496        0xa /var/folders/x9/cy1bx1f960zd_7xhdrxmk_zm0000gn/T//cc8Nwo3z.ltrans0.ltrans.o
 .bss.ticks_offset
                0x200014a0        0x4 /var/folders/x9/cy1bx1f960zd_7xhdrxmk_zm0000gn/T//cc8Nwo3z.ltrans0.ltrans.o
 .bss.timed_out.10017
                0x200014a4        0x1 /var/folders/x9/cy1bx1f960zd_7xhdrxmk_zm0000gn/T//cc8Nwo3z.ltrans0.ltrans.o
 *fill*         0x200014a5        0x1 
 .bss.timer.lto_priv.133
                0x200014a6        0x2 /var/folders/x9/cy1bx1f960zd_7xhdrxmk_zm0000gn/T//cc8Nwo3z.ltrans0.ltrans.o
                0x200014a6                timer.lto_priv.133
 .bss.unicode_config
                0x200014a8        0x4 /var/folders/x9/cy1bx1f960zd_7xhdrxmk_zm0000gn/T//cc8Nwo3z.ltrans0.ltrans.o
 .bss.unicode_saved_caps_lock
                0x200014ac        0x1 /var/folders/x9/cy1bx1f960zd_7xhdrxmk_zm0000gn/T//cc8Nwo3z.ltrans0.ltrans.o
 .bss.unicode_saved_mods
                0x200014ad        0x1 /var/folders/x9/cy1bx1f960zd_7xhdrxmk_zm0000gn/T//cc8Nwo3z.ltrans0.ltrans.o
 .bss.unicode_saved_num_lock
                0x200014ae        0x1 /var/folders/x9/cy1bx1f960zd_7xhdrxmk_zm0000gn/T//cc8Nwo3z.ltrans0.ltrans.o
 .bss.vial_key_override_disabled
                0x200014af        0x1 /var/folders/x9/cy1bx1f960zd_7xhdrxmk_zm0000gn/T//cc8Nwo3z.ltrans0.ltrans.o
 .bss.vial_unlock_counter
                0x200014b0        0x4 /var/folders/x9/cy1bx1f960zd_7xhdrxmk_zm0000gn/T//cc8Nwo3z.ltrans0.ltrans.o
 .bss.vial_unlock_in_progress
                0x200014b4        0x4 /var/folders/x9/cy1bx1f960zd_7xhdrxmk_zm0000gn/T//cc8Nwo3z.ltrans0.ltrans.o
 .bss.waiting_buffer
                0x200014b8       0x50 /var/folders/x9/cy1bx1f960zd_7xhdrxmk_zm0000gn/T//cc8Nwo3z.ltrans0.ltrans.o
 .bss.waiting_buffer_head
                0x20001508        0x1 /var/folders/x9/cy1bx1f960zd_7xhdrxmk_zm0000gn/T//cc8Nwo3z.ltrans0.ltrans.o
 .bss.waiting_buffer_tail
                0x20001509        0x1 /var/folders/x9/cy1bx1f960zd_7xhdrxmk_zm0000gn/T//cc8Nwo3z.ltrans0.ltrans.o
 .bss.weak_mods.lto_priv.142
                0x2000150a        0x1 /var/folders/x9/cy1bx1f960zd_7xhdrxmk_zm0000gn/T//cc8Nwo3z.ltrans0.ltrans.o
                0x2000150a                weak_mods.lto_priv.142
 .bss.weak_override_mods
                0x2000150b        0x1 /var/folders/x9/cy1bx1f960zd_7xhdrxmk_zm0000gn/T//cc8Nwo3z.ltrans0.ltrans.o
 .bss.wear_leveling
                0x2000150c     0x1008 /var/folders/x9/cy1bx1f960zd_7xhdrxmk_zm0000gn/T//cc8Nwo3z.ltrans0.ltrans.o
 *(COMMON)
                0x20002514                        . = ALIGN (0x4)
                0x20002514                        __bss_end__ = .
                [!provide]                        PROVIDE (end = .)
                0x20000000                        __ram0_base__ = ORIGIN (ram0)
                0x00040000                        __ram0_size__ = LENGTH (ram0)
                0x20040000                        __ram0_end__ = (__ram0_base__ + __ram0_size__)
                0x00000000                        __ram1_base__ = ORIGIN (ram1)
                0x00040000                        __ram1_size__ = LENGTH (ram1)
                0x00040000                        __ram1_end__ = (__ram1_base__ + __ram1_size__)
                0x00000000                        __ram2_base__ = ORIGIN (ram2)
                0x00000000                        __ram2_size__ = LENGTH (ram2)
                0x00000000                        __ram2_end__ = (__ram2_base__ + __ram2_size__)
                0x00000000                        __ram3_base__ = ORIGIN (ram3)
                0x00000000                        __ram3_size__ = LENGTH (ram3)
                0x00000000                        __ram3_end__ = (__ram3_base__ + __ram3_size__)
                0x20040000                        __ram4_base__ = ORIGIN (ram4)
                0x00001000                        __ram4_size__ = LENGTH (ram4)
                0x20041000                        __ram4_end__ = (__ram4_base__ + __ram4_size__)
                0x20041000                        __ram5_base__ = ORIGIN (ram5)
                0x00001000                        __ram5_size__ = LENGTH (ram5)
                0x20042000                        __ram5_end__ = (__ram5_base__ + __ram5_size__)
                0x00000000                        __ram6_base__ = ORIGIN (ram6)
                0x00000000                        __ram6_size__ = LENGTH (ram6)
                0x00000000                        __ram6_end__ = (__ram6_base__ + __ram6_size__)
                0x20041f00                        __ram7_base__ = ORIGIN (ram7)
                0x00000100                        __ram7_size__ = LENGTH (ram7)
                0x20042000                        __ram7_end__ = (__ram7_base__ + __ram7_size__)
                0x00000000                        __flash0_base__ = ORIGIN (flash0)
                0x00004000                        __flash0_size__ = LENGTH (flash0)
                0x00004000                        __flash0_end__ = (__flash0_base__ + __flash0_size__)
                0x10000000                        __flash1_base__ = ORIGIN (flash1)
                0x00200000                        __flash1_size__ = LENGTH (flash1)
                0x10200000                        __flash1_end__ = (__flash1_base__ + __flash1_size__)
                0x00000000                        __flash2_base__ = ORIGIN (flash2)
                0x00000000                        __flash2_size__ = LENGTH (flash2)
                0x00000000                        __flash2_end__ = (__flash2_base__ + __flash2_size__)
                0x00000000                        __flash3_base__ = ORIGIN (flash3)
                0x00000000                        __flash3_size__ = LENGTH (flash3)
                0x00000000                        __flash3_end__ = (__flash3_base__ + __flash3_size__)
                0x00000000                        __flash4_base__ = ORIGIN (flash4)
                0x00000000                        __flash4_size__ = LENGTH (flash4)
                0x00000000                        __flash4_end__ = (__flash4_base__ + __flash4_size__)
                0x00000000                        __flash5_base__ = ORIGIN (flash5)
                0x00000000                        __flash5_size__ = LENGTH (flash5)
                0x00000000                        __flash5_end__ = (__flash5_base__ + __flash5_size__)
                0x00000000                        __flash6_base__ = ORIGIN (flash6)
                0x00000000                        __flash6_size__ = LENGTH (flash6)
                0x00000000                        __flash6_end__ = (__flash6_base__ + __flash6_size__)
                0x00000000                        __flash7_base__ = ORIGIN (flash7)
                0x00000000                        __flash7_size__ = LENGTH (flash7)