Archive member included to satisfy reference by file (symbol)

/usr/local/Cellar/avr-gcc@8/8.5.0/lib/avr-gcc/8/gcc/avr/8.5.0/avr5/libgcc.a(_exit.o)
                              /usr/local/Cellar/avr-gcc@8/8.5.0/lib/avr-gcc/8/gcc/avr/8.5.0/../../../../../../avr/lib/avr5/crtatmega32u4.o (exit)
/usr/local/Cellar/avr-gcc@8/8.5.0/lib/avr-gcc/8/gcc/avr/8.5.0/../../../../../../avr/lib/avr5/libc.a(memcpy_P.o)
                              .build/obj_converter_set2_32u4_debug_vial/quantum/vial.o (symbol from plugin) (memcpy_P)
/usr/local/Cellar/avr-gcc@8/8.5.0/lib/avr-gcc/8/gcc/avr/8.5.0/../../../../../../avr/lib/avr5/libatmega32u4.a(eerd_block.o)
                              .build/obj_converter_set2_32u4_debug_vial/quantum/dynamic_keymap.o (symbol from plugin) (eeprom_read_block)
/usr/local/Cellar/avr-gcc@8/8.5.0/lib/avr-gcc/8/gcc/avr/8.5.0/../../../../../../avr/lib/avr5/libatmega32u4.a(eerd_byte.o)
                              .build/obj_converter_set2_32u4_debug_vial/quantum/eeconfig.o (symbol from plugin) (eeprom_read_byte)
/usr/local/Cellar/avr-gcc@8/8.5.0/lib/avr-gcc/8/gcc/avr/8.5.0/../../../../../../avr/lib/avr5/libatmega32u4.a(eerd_dword.o)
                              .build/obj_converter_set2_32u4_debug_vial/quantum/eeconfig.o (symbol from plugin) (eeprom_read_dword)
/usr/local/Cellar/avr-gcc@8/8.5.0/lib/avr-gcc/8/gcc/avr/8.5.0/../../../../../../avr/lib/avr5/libatmega32u4.a(eerd_word.o)
                              .build/obj_converter_set2_32u4_debug_vial/quantum/eeconfig.o (symbol from plugin) (eeprom_read_word)
/usr/local/Cellar/avr-gcc@8/8.5.0/lib/avr-gcc/8/gcc/avr/8.5.0/../../../../../../avr/lib/avr5/libatmega32u4.a(eeupd_byte.o)
                              .build/obj_converter_set2_32u4_debug_vial/quantum/eeconfig.o (symbol from plugin) (eeprom_update_byte)
/usr/local/Cellar/avr-gcc@8/8.5.0/lib/avr-gcc/8/gcc/avr/8.5.0/../../../../../../avr/lib/avr5/libatmega32u4.a(eeupd_dword.o)
                              .build/obj_converter_set2_32u4_debug_vial/quantum/eeconfig.o (symbol from plugin) (eeprom_update_dword)
/usr/local/Cellar/avr-gcc@8/8.5.0/lib/avr-gcc/8/gcc/avr/8.5.0/../../../../../../avr/lib/avr5/libatmega32u4.a(eeupd_word.o)
                              .build/obj_converter_set2_32u4_debug_vial/quantum/eeconfig.o (symbol from plugin) (eeprom_update_word)
/usr/local/Cellar/avr-gcc@8/8.5.0/lib/avr-gcc/8/gcc/avr/8.5.0/../../../../../../avr/lib/avr5/libatmega32u4.a(eewr_block.o)
                              .build/obj_converter_set2_32u4_debug_vial/quantum/dynamic_keymap.o (symbol from plugin) (eeprom_write_block)
/usr/local/Cellar/avr-gcc@8/8.5.0/lib/avr-gcc/8/gcc/avr/8.5.0/../../../../../../avr/lib/avr5/libatmega32u4.a(eewr_byte.o)
                              /usr/local/Cellar/avr-gcc@8/8.5.0/lib/avr-gcc/8/gcc/avr/8.5.0/../../../../../../avr/lib/avr5/libatmega32u4.a(eewr_block.o) (eeprom_write_r18)
/usr/local/Cellar/avr-gcc@8/8.5.0/lib/avr-gcc/8/gcc/avr/8.5.0/avr5/libgcc.a(_udivmodqi4.o)
                              /var/folders/qh/rc5ty9qd7sb027gybgx226xr0000gn/T//ccdYEH9G.ltrans0.ltrans.o (__udivmodqi4)
/usr/local/Cellar/avr-gcc@8/8.5.0/lib/avr-gcc/8/gcc/avr/8.5.0/avr5/libgcc.a(_divmodhi4.o)
                              /var/folders/qh/rc5ty9qd7sb027gybgx226xr0000gn/T//ccdYEH9G.ltrans0.ltrans.o (__divmodhi4)
/usr/local/Cellar/avr-gcc@8/8.5.0/lib/avr-gcc/8/gcc/avr/8.5.0/avr5/libgcc.a(_tablejump2.o)
                              /var/folders/qh/rc5ty9qd7sb027gybgx226xr0000gn/T//ccdYEH9G.ltrans0.ltrans.o (__tablejump2__)
/usr/local/Cellar/avr-gcc@8/8.5.0/lib/avr-gcc/8/gcc/avr/8.5.0/avr5/libgcc.a(_copy_data.o)
                              /var/folders/qh/rc5ty9qd7sb027gybgx226xr0000gn/T//ccdYEH9G.ltrans0.ltrans.o (__do_copy_data)
/usr/local/Cellar/avr-gcc@8/8.5.0/lib/avr-gcc/8/gcc/avr/8.5.0/avr5/libgcc.a(_clear_bss.o)
                              /var/folders/qh/rc5ty9qd7sb027gybgx226xr0000gn/T//ccdYEH9G.ltrans0.ltrans.o (__do_clear_bss)
/usr/local/Cellar/avr-gcc@8/8.5.0/lib/avr-gcc/8/gcc/avr/8.5.0/avr5/libgcc.a(_bswapsi2.o)
                              /var/folders/qh/rc5ty9qd7sb027gybgx226xr0000gn/T//ccdYEH9G.ltrans0.ltrans.o (__bswapsi2)
/usr/local/Cellar/avr-gcc@8/8.5.0/lib/avr-gcc/8/gcc/avr/8.5.0/avr5/libgcc.a(_prologue.o)
                              /var/folders/qh/rc5ty9qd7sb027gybgx226xr0000gn/T//ccdYEH9G.ltrans0.ltrans.o (__prologue_saves__)
/usr/local/Cellar/avr-gcc@8/8.5.0/lib/avr-gcc/8/gcc/avr/8.5.0/avr5/libgcc.a(_epilogue.o)
                              /var/folders/qh/rc5ty9qd7sb027gybgx226xr0000gn/T//ccdYEH9G.ltrans0.ltrans.o (__epilogue_restores__)
/usr/local/Cellar/avr-gcc@8/8.5.0/lib/avr-gcc/8/gcc/avr/8.5.0/avr5/libgcc.a(_udivmodhi4.o)
                              /usr/local/Cellar/avr-gcc@8/8.5.0/lib/avr-gcc/8/gcc/avr/8.5.0/avr5/libgcc.a(_divmodhi4.o) (__udivmodhi4)
/usr/local/Cellar/avr-gcc@8/8.5.0/lib/avr-gcc/8/gcc/avr/8.5.0/../../../../../../avr/lib/avr5/libc.a(memcmp.o)
[...]
Memory Configuration

Name             Origin             Length             Attributes
text             0x00000000         0x00020000         xr
data             0x00800060         0x0000ffa0         rw!x
eeprom           0x00810000         0x00010000         rw!x
fuse             0x00820000         0x00000003         rw!x
lock             0x00830000         0x00000400         rw!x
signature        0x00840000         0x00000400         rw!x
user_signatures  0x00850000         0x00000400         rw!x
*default*        0x00000000         0xffffffff

Linker script and memory map

Address of section .data set to 0x800100
LOAD /usr/local/Cellar/avr-gcc@8/8.5.0/lib/avr-gcc/8/gcc/avr/8.5.0/../../../../../../avr/lib/avr5/crtatmega32u4.o
LOAD .build/obj_converter_set2_32u4_debug_vial/matrix.o
LOAD /var/folders/qh/rc5ty9qd7sb027gybgx226xr0000gn/T//ccDI2lx1debugobj
LOAD /var/folders/qh/rc5ty9qd7sb027gybgx226xr0000gn/T//ccdYEH9G.ltrans0.ltrans.o
LOAD .build/obj_converter_set2_32u4_debug_vial/led.o
LOAD .build/obj_converter_set2_32u4_debug_vial/protocol/serial_uart.o
LOAD .build/obj_converter_set2_32u4_debug_vial/keyboards/converter/set2/set2.o
LOAD .build/obj_converter_set2_32u4_debug_vial/.build/obj_converter_set2_32u4/src/default_keyboard.o
LOAD .build/obj_converter_set2_32u4_debug_vial/quantum/keymap_introspection.o
LOAD .build/obj_converter_set2_32u4_debug_vial/quantum/quantum.o
LOAD .build/obj_converter_set2_32u4_debug_vial/quantum/bitwise.o
LOAD .build/obj_converter_set2_32u4_debug_vial/quantum/led.o
LOAD .build/obj_converter_set2_32u4_debug_vial/quantum/action.o
LOAD .build/obj_converter_set2_32u4_debug_vial/quantum/action_layer.o
LOAD .build/obj_converter_set2_32u4_debug_vial/quantum/action_tapping.o
LOAD .build/obj_converter_set2_32u4_debug_vial/quantum/action_util.o
LOAD .build/obj_converter_set2_32u4_debug_vial/quantum/eeconfig.o
LOAD .build/obj_converter_set2_32u4_debug_vial/quantum/keyboard.o
LOAD .build/obj_converter_set2_32u4_debug_vial/quantum/keymap_common.o
LOAD .build/obj_converter_set2_32u4_debug_vial/quantum/keycode_config.o
LOAD .build/obj_converter_set2_32u4_debug_vial/quantum/sync_timer.o
LOAD .build/obj_converter_set2_32u4_debug_vial/quantum/logging/debug.o
LOAD .build/obj_converter_set2_32u4_debug_vial/quantum/logging/sendchar.o
LOAD .build/obj_converter_set2_32u4_debug_vial/quantum/bootmagic/bootmagic_lite.o
LOAD .build/obj_converter_set2_32u4_debug_vial/quantum/bootmagic/magic.o
LOAD .build/obj_converter_set2_32u4_debug_vial/quantum/debounce/sym_defer_g.o
LOAD .build/obj_converter_set2_32u4_debug_vial/quantum/main.o
LOAD .build/obj_converter_set2_32u4_debug_vial/quantum/via.o
LOAD .build/obj_converter_set2_32u4_debug_vial/quantum/vial.o
LOAD .build/obj_converter_set2_32u4_debug_vial/quantum/dynamic_keymap.o
LOAD .build/obj_converter_set2_32u4_debug_vial/quantum/process_keycode/process_unicode.o
LOAD .build/obj_converter_set2_32u4_debug_vial/quantum/process_keycode/process_unicode_common.o
LOAD .build/obj_converter_set2_32u4_debug_vial/quantum/utf8.o
LOAD .build/obj_converter_set2_32u4_debug_vial/quantum/process_keycode/process_magic.o
LOAD .build/obj_converter_set2_32u4_debug_vial/quantum/send_string/send_string.o
LOAD .build/obj_converter_set2_32u4_debug_vial/ps2_mouse.o
LOAD .build/obj_converter_set2_32u4_debug_vial/ps2_interrupt.o
LOAD .build/obj_converter_set2_32u4_debug_vial/ps2_io.o
LOAD .build/obj_converter_set2_32u4_debug_vial/quantum/process_keycode/process_combo.o
LOAD .build/obj_converter_set2_32u4_debug_vial/quantum/process_keycode/process_dynamic_macro.o
LOAD .build/obj_converter_set2_32u4_debug_vial/quantum/process_keycode/process_grave_esc.o
LOAD .build/obj_converter_set2_32u4_debug_vial/quantum/process_keycode/process_space_cadet.o
LOAD .build/obj_converter_set2_32u4_debug_vial/platforms/avr/xprintf.o
LOAD .build/obj_converter_set2_32u4_debug_vial/platforms/avr/printf.o
LOAD .build/obj_converter_set2_32u4_debug_vial/protocol/host.o
LOAD .build/obj_converter_set2_32u4_debug_vial/protocol/report.o
LOAD .build/obj_converter_set2_32u4_debug_vial/protocol/usb_device_state.o
LOAD .build/obj_converter_set2_32u4_debug_vial/protocol/usb_util.o
LOAD .build/obj_converter_set2_32u4_debug_vial/platforms/suspend.o
LOAD .build/obj_converter_set2_32u4_debug_vial/platforms/avr/hardware_id.o
LOAD .build/obj_converter_set2_32u4_debug_vial/platforms/avr/platform.o
LOAD .build/obj_converter_set2_32u4_debug_vial/platforms/avr/suspend.o
LOAD .build/obj_converter_set2_32u4_debug_vial/platforms/avr/timer.o
LOAD .build/obj_converter_set2_32u4_debug_vial/platforms/avr/bootloaders/caterina.o
LOAD .build/obj_converter_set2_32u4_debug_vial/lufa.o
LOAD .build/obj_converter_set2_32u4_debug_vial/usb_descriptor.o
LOAD .build/obj_converter_set2_32u4_debug_vial/lib/lufa/LUFA/Drivers/USB/Class/Common/HIDParser.o
LOAD .build/obj_converter_set2_32u4_debug_vial/lib/lufa/LUFA/Drivers/USB/Core/AVR8/Device_AVR8.o
LOAD .build/obj_converter_set2_32u4_debug_vial/lib/lufa/LUFA/Drivers/USB/Core/AVR8/EndpointStream_AVR8.o
LOAD .build/obj_converter_set2_32u4_debug_vial/lib/lufa/LUFA/Drivers/USB/Core/AVR8/Endpoint_AVR8.o
LOAD .build/obj_converter_set2_32u4_debug_vial/lib/lufa/LUFA/Drivers/USB/Core/AVR8/Host_AVR8.o
LOAD .build/obj_converter_set2_32u4_debug_vial/lib/lufa/LUFA/Drivers/USB/Core/AVR8/PipeStream_AVR8.o
LOAD .build/obj_converter_set2_32u4_debug_vial/lib/lufa/LUFA/Drivers/USB/Core/AVR8/Pipe_AVR8.o
LOAD .build/obj_converter_set2_32u4_debug_vial/lib/lufa/LUFA/Drivers/USB/Core/AVR8/USBController_AVR8.o
LOAD .build/obj_converter_set2_32u4_debug_vial/lib/lufa/LUFA/Drivers/USB/Core/AVR8/USBInterrupt_AVR8.o
LOAD .build/obj_converter_set2_32u4_debug_vial/lib/lufa/LUFA/Drivers/USB/Core/ConfigDescriptors.o
LOAD .build/obj_converter_set2_32u4_debug_vial/lib/lufa/LUFA/Drivers/USB/Core/DeviceStandardReq.o
LOAD .build/obj_converter_set2_32u4_debug_vial/lib/lufa/LUFA/Drivers/USB/Core/Events.o
LOAD .build/obj_converter_set2_32u4_debug_vial/lib/lufa/LUFA/Drivers/USB/Core/HostStandardReq.o
LOAD .build/obj_converter_set2_32u4_debug_vial/lib/lufa/LUFA/Drivers/USB/Core/USBTask.o
LOAD .build/obj_converter_set2_32u4_debug_vial/protocol/lufa/usb_util.o
LOAD /usr/local/Cellar/avr-gcc@8/8.5.0/lib/avr-gcc/8/gcc/avr/8.5.0/../../../../../../avr/lib/avr5/libm.a
START GROUP
LOAD /usr/local/Cellar/avr-gcc@8/8.5.0/lib/avr-gcc/8/gcc/avr/8.5.0/avr5/libgcc.a
LOAD /usr/local/Cellar/avr-gcc@8/8.5.0/lib/avr-gcc/8/gcc/avr/8.5.0/../../../../../../avr/lib/avr5/libm.a
LOAD /usr/local/Cellar/avr-gcc@8/8.5.0/lib/avr-gcc/8/gcc/avr/8.5.0/../../../../../../avr/lib/avr5/libc.a
LOAD /usr/local/Cellar/avr-gcc@8/8.5.0/lib/avr-gcc/8/gcc/avr/8.5.0/../../../../../../avr/lib/avr5/libatmega32u4.a
END GROUP
                0x00020000                        __TEXT_REGION_LENGTH__ = DEFINED (__TEXT_REGION_LENGTH__)?__TEXT_REGION_LENGTH__:0x20000
                0x00800060                        __DATA_REGION_ORIGIN__ = DEFINED (__DATA_REGION_ORIGIN__)?__DATA_REGION_ORIGIN__:0x800060
                0x0000ffa0                        __DATA_REGION_LENGTH__ = DEFINED (__DATA_REGION_LENGTH__)?__DATA_REGION_LENGTH__:0xffa0
                0x00010000                        __EEPROM_REGION_LENGTH__ = DEFINED (__EEPROM_REGION_LENGTH__)?__EEPROM_REGION_LENGTH__:0x10000
                [0x00000003]                      __FUSE_REGION_LENGTH__ = DEFINED (__FUSE_REGION_LENGTH__)?__FUSE_REGION_LENGTH__:0x400
                0x00000400                        __LOCK_REGION_LENGTH__ = DEFINED (__LOCK_REGION_LENGTH__)?__LOCK_REGION_LENGTH__:0x400
                0x00000400                        __SIGNATURE_REGION_LENGTH__ = DEFINED (__SIGNATURE_REGION_LENGTH__)?__SIGNATURE_REGION_LENGTH__:0x400
                0x00000400                        __USER_SIGNATURE_REGION_LENGTH__ = DEFINED (__USER_SIGNATURE_REGION_LENGTH__)?__USER_SIGNATURE_REGION_LENGTH__:0x400

.hash
 *(.hash)

.dynsym
 *(.dynsym)

.dynstr
 *(.dynstr)

.gnu.version
 *(.gnu.version)

.gnu.version_d
 *(.gnu.version_d)

.gnu.version_r
 *(.gnu.version_r)

.rel.init
 *(.rel.init)

.rela.init
 *(.rela.init)

.rel.text
 *(.rel.text)
 *(.rel.text.*)
 *(.rel.gnu.linkonce.t*)

.rela.text
 *(.rela.text)
 *(.rela.text.*)
 *(.rela.gnu.linkonce.t*)

.rel.fini
 *(.rel.fini)

.rela.fini
 *(.rela.fini)

.rel.rodata
 *(.rel.rodata)
 *(.rel.rodata.*)
 *(.rel.gnu.linkonce.r*)

.rela.rodata
 *(.rela.rodata)
 *(.rela.rodata.*)
 *(.rela.gnu.linkonce.r*)

.rel.data
 *(.rel.data)
 *(.rel.data.*)
 *(.rel.gnu.linkonce.d*)

.rela.data
 *(.rela.data)
 *(.rela.data.*)
 *(.rela.gnu.linkonce.d*)

.rel.ctors
 *(.rel.ctors)

.rela.ctors
 *(.rela.ctors)

.rel.dtors
 *(.rel.dtors)

.rela.dtors
 *(.rela.dtors)

.rel.got
 *(.rel.got)

.rela.got
 *(.rela.got)

.rel.bss
 *(.rel.bss)

.rela.bss
 *(.rela.bss)

.rel.plt
 *(.rel.plt)

.rela.plt
 *(.rela.plt)

.text           0x00000000     0x5d2c
 *(.vectors)
 .vectors       0x00000000       0xac /usr/local/Cellar/avr-gcc@8/8.5.0/lib/avr-gcc/8/gcc/avr/8.5.0/../../../../../../avr/lib/avr5/crtatmega32u4.o
                0x00000000                __vectors
                0x00000000                __vector_default
 *(.vectors)
 *(.progmem.gcc*)
                0x000000ac                        . = ALIGN (0x2)
                0x000000ac                        __trampolines_start = .
 *(.trampolines)
 .trampolines   0x000000ac        0x0 linker stubs
 *(.trampolines*)
                0x000000ac                        __trampolines_end = .
 *libprintf_flt.a:*(.progmem.data)
 *libc.a:*(.progmem.data)
 *(.progmem.*)
 .progmem.data.ConsoleReport
                0x000000ac       0x22 /var/folders/qh/rc5ty9qd7sb027gybgx226xr0000gn/T//ccdYEH9G.ltrans0.ltrans.o
 .progmem.data.SharedReport
                0x000000ce       0x6d /var/folders/qh/rc5ty9qd7sb027gybgx226xr0000gn/T//ccdYEH9G.ltrans0.ltrans.o
 .progmem.data.MouseReport
                0x0000013b       0x4d /var/folders/qh/rc5ty9qd7sb027gybgx226xr0000gn/T//ccdYEH9G.ltrans0.ltrans.o
 .progmem.data.RawReport
                0x00000188       0x22 /var/folders/qh/rc5ty9qd7sb027gybgx226xr0000gn/T//ccdYEH9G.ltrans0.ltrans.o
 .progmem.data.KeyboardReport
                0x000001aa       0x40 /var/folders/qh/rc5ty9qd7sb027gybgx226xr0000gn/T//ccdYEH9G.ltrans0.ltrans.o
 .progmem.data.__c.6666
                0x000001ea       0x53 /var/folders/qh/rc5ty9qd7sb027gybgx226xr0000gn/T//ccdYEH9G.ltrans0.ltrans.o
 .progmem.data.__c.5184
                0x0000023d       0x26 /var/folders/qh/rc5ty9qd7sb027gybgx226xr0000gn/T//ccdYEH9G.ltrans0.ltrans.o
 .progmem.data.__c.5182
                0x00000263       0x21 /var/folders/qh/rc5ty9qd7sb027gybgx226xr0000gn/T//ccdYEH9G.ltrans0.ltrans.o
 .progmem.data.__c.5208
                0x00000284       0x26 /var/folders/qh/rc5ty9qd7sb027gybgx226xr0000gn/T//ccdYEH9G.ltrans0.ltrans.o
 .progmem.data.__c.5206
                0x000002aa       0x1a /var/folders/qh/rc5ty9qd7sb027gybgx226xr0000gn/T//ccdYEH9G.ltrans0.ltrans.o
 .progmem.data.__c.5162
                0x000002c4       0x19 /var/folders/qh/rc5ty9qd7sb027gybgx226xr0000gn/T//ccdYEH9G.ltrans0.ltrans.o
 .progmem.data.__c.5160
                0x000002dd       0x1b /var/folders/qh/rc5ty9qd7sb027gybgx226xr0000gn/T//ccdYEH9G.ltrans0.ltrans.o
 .progmem.data.__c.5157
                0x000002f8       0x19 /var/folders/qh/rc5ty9qd7sb027gybgx226xr0000gn/T//ccdYEH9G.ltrans0.ltrans.o
 .progmem.data.__c.5155
                0x00000311       0x19 /var/folders/qh/rc5ty9qd7sb027gybgx226xr0000gn/T//ccdYEH9G.ltrans0.ltrans.o
 .progmem.data.__c.5152
                0x0000032a       0x26 /var/folders/qh/rc5ty9qd7sb027gybgx226xr0000gn/T//ccdYEH9G.ltrans0.ltrans.o
 .progmem.data.__c.5150
                0x00000350       0x1e /var/folders/qh/rc5ty9qd7sb027gybgx226xr0000gn/T//ccdYEH9G.ltrans0.ltrans.o
 .progmem.data.__c.6905
                0x0000036e        0x4 /var/folders/qh/rc5ty9qd7sb027gybgx226xr0000gn/T//ccdYEH9G.ltrans0.ltrans.o
 .progmem.data.__c.2221
                0x00000372        0x2 /var/folders/qh/rc5ty9qd7sb027gybgx226xr0000gn/T//ccdYEH9G.ltrans0.ltrans.o
 .progmem.data.__c.2219
                0x00000374        0x7 /var/folders/qh/rc5ty9qd7sb027gybgx226xr0000gn/T//ccdYEH9G.ltrans0.ltrans.o
 .progmem.data.__c.2217
                0x0000037b        0x3 /var/folders/qh/rc5ty9qd7sb027gybgx226xr0000gn/T//ccdYEH9G.ltrans0.ltrans.o
 .progmem.data.__c.2215
                0x0000037e        0x5 /var/folders/qh/rc5ty9qd7sb027gybgx226xr0000gn/T//ccdYEH9G.ltrans0.ltrans.o
 .progmem.data.__c.2212
                0x00000383       0x27 /var/folders/qh/rc5ty9qd7sb027gybgx226xr0000gn/T//ccdYEH9G.ltrans0.ltrans.o
 .progmem.data.__c.5175
                0x000003aa       0x25 /var/folders/qh/rc5ty9qd7sb027gybgx226xr0000gn/T//ccdYEH9G.ltrans0.ltrans.o
 .progmem.data.keyboard_definition
                0x000003cf      0x488 /var/folders/qh/rc5ty9qd7sb027gybgx226xr0000gn/T//ccdYEH9G.ltrans0.ltrans.o
 .progmem.data.keymaps
                0x00000857      0x100 /var/folders/qh/rc5ty9qd7sb027gybgx226xr0000gn/T//ccdYEH9G.ltrans0.ltrans.o
 .progmem.data.ascii_to_dead_lut
                0x00000957       0x10 /var/folders/qh/rc5ty9qd7sb027gybgx226xr0000gn/T//ccdYEH9G.ltrans0.ltrans.o
 .progmem.data.ascii_to_altgr_lut
                0x00000967       0x10 /var/folders/qh/rc5ty9qd7sb027gybgx226xr0000gn/T//ccdYEH9G.ltrans0.ltrans.o
 .progmem.data.ascii_to_shift_lut
                0x00000977       0x10 /var/folders/qh/rc5ty9qd7sb027gybgx226xr0000gn/T//ccdYEH9G.ltrans0.ltrans.o
 .progmem.data.ascii_to_keycode_lut
                0x00000987       0x80 /var/folders/qh/rc5ty9qd7sb027gybgx226xr0000gn/T//ccdYEH9G.ltrans0.ltrans.o
 .progmem.data.__c.5192
                0x00000a07       0x26 /var/folders/qh/rc5ty9qd7sb027gybgx226xr0000gn/T//ccdYEH9G.ltrans0.ltrans.o
 .progmem.data.__c.5190
                0x00000a2d       0x20 /var/folders/qh/rc5ty9qd7sb027gybgx226xr0000gn/T//ccdYEH9G.ltrans0.ltrans.o
 .progmem.data.__c.2129
                0x00000a4d        0xc /var/folders/qh/rc5ty9qd7sb027gybgx226xr0000gn/T//ccdYEH9G.ltrans0.ltrans.o
 .progmem.data.__c.6763
                0x00000a59        0x4 /var/folders/qh/rc5ty9qd7sb027gybgx226xr0000gn/T//ccdYEH9G.ltrans0.ltrans.o
 .progmem.data.__c.6768
                0x00000a5d        0x4 /var/folders/qh/rc5ty9qd7sb027gybgx226xr0000gn/T//ccdYEH9G.ltrans0.ltrans.o
 .progmem.data.__c.6777
                0x00000a61        0x4 /var/folders/qh/rc5ty9qd7sb027gybgx226xr0000gn/T//ccdYEH9G.ltrans0.ltrans.o
 .progmem.data.__c.6781
                0x00000a65        0x4 /var/folders/qh/rc5ty9qd7sb027gybgx226xr0000gn/T//ccdYEH9G.ltrans0.ltrans.o
 .progmem.data.__c.6773
                0x00000a69        0x4 /var/folders/qh/rc5ty9qd7sb027gybgx226xr0000gn/T//ccdYEH9G.ltrans0.ltrans.o
 .progmem.data.ConfigurationDescriptor
                0x00000a6d       0x94 /var/folders/qh/rc5ty9qd7sb027gybgx226xr0000gn/T//ccdYEH9G.ltrans0.ltrans.o
 .progmem.data.DeviceDescriptor
                0x00000b01       0x12 /var/folders/qh/rc5ty9qd7sb027gybgx226xr0000gn/T//ccdYEH9G.ltrans0.ltrans.o
 .progmem.data.SerialNumberString
                0x00000b13       0x1e /var/folders/qh/rc5ty9qd7sb027gybgx226xr0000gn/T//ccdYEH9G.ltrans0.ltrans.o
 .progmem.data.ProductString
                0x00000b31       0x1e /var/folders/qh/rc5ty9qd7sb027gybgx226xr0000gn/T//ccdYEH9G.ltrans0.ltrans.o
 .progmem.data.ManufacturerString
                0x00000b4f        0xa /var/folders/qh/rc5ty9qd7sb027gybgx226xr0000gn/T//ccdYEH9G.ltrans0.ltrans.o
 .progmem.data.LanguageString
                0x00000b59        0x4 /var/folders/qh/rc5ty9qd7sb027gybgx226xr0000gn/T//ccdYEH9G.ltrans0.ltrans.o
                0x00000b5e                        . = ALIGN (0x2)
 *fill*         0x00000b5d        0x1 
 *(.lowtext)
 *(.lowtext*)
                0x00000b5e                        __ctors_start = .
 *(.ctors)
                0x00000b5e                        __ctors_end = .
                0x00000b5e                        __dtors_start = .
 *(.dtors)
                0x00000b5e                        __dtors_end = .
 SORT_BY_NAME(*)(.ctors)
 SORT_BY_NAME(*)(.dtors)
 *(.init0)
 .init0         0x00000b5e        0x0 /usr/local/Cellar/avr-gcc@8/8.5.0/lib/avr-gcc/8/gcc/avr/8.5.0/../../../../../../avr/lib/avr5/crtatmega32u4.o
                0x00000b5e                __init
 *(.init0)
 *(.init1)
 *(.init1)
 *(.init2)
 .init2         0x00000b5e        0xc /usr/local/Cellar/avr-gcc@8/8.5.0/lib/avr-gcc/8/gcc/avr/8.5.0/../../../../../../avr/lib/avr5/crtatmega32u4.o
 *(.init2)
 *(.init3)
 *(.init3)
 *(.init4)
 .init4         0x00000b6a       0x16 /usr/local/Cellar/avr-gcc@8/8.5.0/lib/avr-gcc/8/gcc/avr/8.5.0/avr5/libgcc.a(_copy_data.o)
                0x00000b6a                __do_copy_data
 .init4         0x00000b80       0x10 /usr/local/Cellar/avr-gcc@8/8.5.0/lib/avr-gcc/8/gcc/avr/8.5.0/avr5/libgcc.a(_clear_bss.o)
                0x00000b80                __do_clear_bss
 *(.init4)
 *(.init5)
 *(.init5)
 *(.init6)
 *(.init6)
 *(.init7)
 *(.init7)
 *(.init8)
 *(.init8)
 *(.init9)
 .init9         0x00000b90        0x8 /usr/local/Cellar/avr-gcc@8/8.5.0/lib/avr-gcc/8/gcc/avr/8.5.0/../../../../../../avr/lib/avr5/crtatmega32u4.o
 *(.init9)
 *(.text)
 .text          0x00000b98        0x4 /usr/local/Cellar/avr-gcc@8/8.5.0/lib/avr-gcc/8/gcc/avr/8.5.0/../../../../../../avr/lib/avr5/crtatmega32u4.o
                0x00000b98                __vector_42
                0x00000b98                __vector_22
                0x00000b98                __vector_28
                0x00000b98                __vector_1
                0x00000b98                __vector_32
                0x00000b98                __vector_34
                0x00000b98                __vector_24
                0x00000b98                __bad_interrupt
                0x00000b98                __vector_6
                0x00000b98                __vector_31
                0x00000b98                __vector_35
                0x00000b98                __vector_39
                0x00000b98                __vector_3
                0x00000b98                __vector_23
                0x00000b98                __vector_30
                0x00000b98                __vector_13
                0x00000b98                __vector_17
                0x00000b98                __vector_19
                0x00000b98                __vector_7
                0x00000b98                __vector_41
                0x00000b98                __vector_27
                0x00000b98                __vector_5
                0x00000b98                __vector_33
                0x00000b98                __vector_37
                0x00000b98                __vector_4
                0x00000b98                __vector_9
                0x00000b98                __vector_15
                0x00000b98                __vector_36
                0x00000b98                __vector_29
                0x00000b98                __vector_40
                0x00000b98                __vector_8
                0x00000b98                __vector_26
                0x00000b98                __vector_14
                0x00000b98                __vector_16
                0x00000b98                __vector_18
                0x00000b98                __vector_20
                0x00000b98                __vector_38
 .text          0x00000b9c      0x15c .build/obj_converter_set2_32u4_debug_vial/platforms/avr/xprintf.o
                0x00000b9c                xputc
                0x00000bb4                xputs
                0x00000bc2                xitoa
                0x00000ce6                __xprintf
                0x00000cf8                        . = ALIGN (0x2)
 *(.text.*)
 .text.host_mouse_send.constprop.14
                0x00000cf8       0x1a /var/folders/qh/rc5ty9qd7sb027gybgx226xr0000gn/T//ccdYEH9G.ltrans0.ltrans.o
 .text.USB_Disable
                0x00000d12       0x3e /var/folders/qh/rc5ty9qd7sb027gybgx226xr0000gn/T//ccdYEH9G.ltrans0.ltrans.o
 .text.Endpoint_WaitUntilReady
                0x00000d50       0x62 /var/folders/qh/rc5ty9qd7sb027gybgx226xr0000gn/T//ccdYEH9G.ltrans0.ltrans.o
 .text.Endpoint_Write_Stream_LE.constprop.8
                0x00000db2       0x54 /var/folders/qh/rc5ty9qd7sb027gybgx226xr0000gn/T//ccdYEH9G.ltrans0.ltrans.o
 .text.Endpoint_ClearStatusStage
                0x00000e06       0x3e /var/folders/qh/rc5ty9qd7sb027gybgx226xr0000gn/T//ccdYEH9G.ltrans0.ltrans.o
 .text.Endpoint_ConfigureEndpoint_Prv
                0x00000e44       0x64 /var/folders/qh/rc5ty9qd7sb027gybgx226xr0000gn/T//ccdYEH9G.ltrans0.ltrans.o
 .text.USB_Init
                0x00000ea8       0xb6 /var/folders/qh/rc5ty9qd7sb027gybgx226xr0000gn/T//ccdYEH9G.ltrans0.ltrans.o
 .text.Endpoint_Write_Control_Stream_LE
                0x00000f5e       0xbc /var/folders/qh/rc5ty9qd7sb027gybgx226xr0000gn/T//ccdYEH9G.ltrans0.ltrans.o
 .text.send_programmable_button
                0x0000101a        0x2 /var/folders/qh/rc5ty9qd7sb027gybgx226xr0000gn/T//ccdYEH9G.ltrans0.ltrans.o
 .text.keyboard_leds
                0x0000101c        0x6 /var/folders/qh/rc5ty9qd7sb027gybgx226xr0000gn/T//ccdYEH9G.ltrans0.ltrans.o
 .text.bootloader_jump
                0x00001022       0x22 /var/folders/qh/rc5ty9qd7sb027gybgx226xr0000gn/T//ccdYEH9G.ltrans0.ltrans.o
 .text.timer_elapsed
                0x00001044       0x1e /var/folders/qh/rc5ty9qd7sb027gybgx226xr0000gn/T//ccdYEH9G.ltrans0.ltrans.o
 .text.timer_read
                0x00001062       0x18 /var/folders/qh/rc5ty9qd7sb027gybgx226xr0000gn/T//ccdYEH9G.ltrans0.ltrans.o
 .text.del_key_from_report
                0x0000107a       0x54 /var/folders/qh/rc5ty9qd7sb027gybgx226xr0000gn/T//ccdYEH9G.ltrans0.ltrans.o
 .text.add_key_to_report
                0x000010ce       0x6a /var/folders/qh/rc5ty9qd7sb027gybgx226xr0000gn/T//ccdYEH9G.ltrans0.ltrans.o
 .text.host_consumer_send
                0x00001138       0x2c /var/folders/qh/rc5ty9qd7sb027gybgx226xr0000gn/T//ccdYEH9G.ltrans0.ltrans.o
 .text.host_system_send
                0x00001164       0x2c /var/folders/qh/rc5ty9qd7sb027gybgx226xr0000gn/T//ccdYEH9G.ltrans0.ltrans.o
 .text.host_keyboard_leds
                0x00001190       0x1a /var/folders/qh/rc5ty9qd7sb027gybgx226xr0000gn/T//ccdYEH9G.ltrans0.ltrans.o
 .text.drop_combo_from_buffer
                0x000011aa       0x5c /var/folders/qh/rc5ty9qd7sb027gybgx226xr0000gn/T//ccdYEH9G.ltrans0.ltrans.o
 .text.clear_combos
                0x00001206       0x1a /var/folders/qh/rc5ty9qd7sb027gybgx226xr0000gn/T//ccdYEH9G.ltrans0.ltrans.o
 .text.data_hi  0x00001220        0x6 /var/folders/qh/rc5ty9qd7sb027gybgx226xr0000gn/T//ccdYEH9G.ltrans0.ltrans.o
 .text.data_lo  0x00001226        0x6 /var/folders/qh/rc5ty9qd7sb027gybgx226xr0000gn/T//ccdYEH9G.ltrans0.ltrans.o
 .text.clock_hi
                0x0000122c        0x6 /var/folders/qh/rc5ty9qd7sb027gybgx226xr0000gn/T//ccdYEH9G.ltrans0.ltrans.o
 .text.pbuf_has_data
                0x00001232       0x18 /var/folders/qh/rc5ty9qd7sb027gybgx226xr0000gn/T//ccdYEH9G.ltrans0.ltrans.o
 .text.pbuf_dequeue
                0x0000124a       0x2e /var/folders/qh/rc5ty9qd7sb027gybgx226xr0000gn/T//ccdYEH9G.ltrans0.ltrans.o
 .text.ps2_host_init
                0x00001278       0x16 /var/folders/qh/rc5ty9qd7sb027gybgx226xr0000gn/T//ccdYEH9G.ltrans0.ltrans.o
 .text.mod_config
                0x0000128e       0x86 /var/folders/qh/rc5ty9qd7sb027gybgx226xr0000gn/T//ccdYEH9G.ltrans0.ltrans.o
 .text.action_for_keycode
                0x00001314      0x302 /var/folders/qh/rc5ty9qd7sb027gybgx226xr0000gn/T//ccdYEH9G.ltrans0.ltrans.o
 .text.clear_oneshot_mods
                0x00001616       0x16 /var/folders/qh/rc5ty9qd7sb027gybgx226xr0000gn/T//ccdYEH9G.ltrans0.ltrans.o
 .text.del_mods
                0x0000162c        0xe /var/folders/qh/rc5ty9qd7sb027gybgx226xr0000gn/T//ccdYEH9G.ltrans0.ltrans.o
 .text.reset_oneshot_layer
                0x0000163a        0xe /var/folders/qh/rc5ty9qd7sb027gybgx226xr0000gn/T//ccdYEH9G.ltrans0.ltrans.o
 .text.debug_waiting_buffer
                0x00001648       0x14 /var/folders/qh/rc5ty9qd7sb027gybgx226xr0000gn/T//ccdYEH9G.ltrans0.ltrans.o
 .text.read_source_layers_cache
                0x0000165c       0x68 /var/folders/qh/rc5ty9qd7sb027gybgx226xr0000gn/T//ccdYEH9G.ltrans0.ltrans.o
 .text.update_source_layers_cache
                0x000016c4       0x6c /var/folders/qh/rc5ty9qd7sb027gybgx226xr0000gn/T//ccdYEH9G.ltrans0.ltrans.o
 .text.bitrev   0x00001730       0x30 /var/folders/qh/rc5ty9qd7sb027gybgx226xr0000gn/T//ccdYEH9G.ltrans0.ltrans.o
 .text.extract_mod_bits
                0x00001760       0x62 /var/folders/qh/rc5ty9qd7sb027gybgx226xr0000gn/T//ccdYEH9G.ltrans0.ltrans.o
 .text.matrix_break
                0x000017c2       0x28 /var/folders/qh/rc5ty9qd7sb027gybgx226xr0000gn/T//ccdYEH9G.ltrans0.ltrans.o
 .text.matrix_make
                0x000017ea       0x24 /var/folders/qh/rc5ty9qd7sb027gybgx226xr0000gn/T//ccdYEH9G.ltrans0.ltrans.o
 .text.matrix_scan
                0x0000180e      0x1d2 /var/folders/qh/rc5ty9qd7sb027gybgx226xr0000gn/T//ccdYEH9G.ltrans0.ltrans.o
 .text.sendchar
                0x000019e0       0xc4 /var/folders/qh/rc5ty9qd7sb027gybgx226xr0000gn/T//ccdYEH9G.ltrans0.ltrans.o
 .text.send_extra
                0x00001aa4       0x56 /var/folders/qh/rc5ty9qd7sb027gybgx226xr0000gn/T//ccdYEH9G.ltrans0.ltrans.o
 .text.send_consumer
                0x00001afa        0xa /var/folders/qh/rc5ty9qd7sb027gybgx226xr0000gn/T//ccdYEH9G.ltrans0.ltrans.o
 .text.send_system
                0x00001b04        0xa /var/folders/qh/rc5ty9qd7sb027gybgx226xr0000gn/T//ccdYEH9G.ltrans0.ltrans.o
 .text.send_mouse
                0x00001b0e       0x42 /var/folders/qh/rc5ty9qd7sb027gybgx226xr0000gn/T//ccdYEH9G.ltrans0.ltrans.o
 .text.send_keyboard
                0x00001b50       0x80 /var/folders/qh/rc5ty9qd7sb027gybgx226xr0000gn/T//ccdYEH9G.ltrans0.ltrans.o
 .text.data_in  0x00001bd0       0x12 /var/folders/qh/rc5ty9qd7sb027gybgx226xr0000gn/T//ccdYEH9G.ltrans0.ltrans.o
 .text.clock_in
                0x00001be2       0x14 /var/folders/qh/rc5ty9qd7sb027gybgx226xr0000gn/T//ccdYEH9G.ltrans0.ltrans.o
 .text.wait_clock_hi.constprop.40
                0x00001bf6       0x28 /var/folders/qh/rc5ty9qd7sb027gybgx226xr0000gn/T//ccdYEH9G.ltrans0.ltrans.o
 .text.ps2_host_recv_response
                0x00001c1e       0x26 /var/folders/qh/rc5ty9qd7sb027gybgx226xr0000gn/T//ccdYEH9G.ltrans0.ltrans.o
 .text.wait_clock_lo
                0x00001c44       0x26 /var/folders/qh/rc5ty9qd7sb027gybgx226xr0000gn/T//ccdYEH9G.ltrans0.ltrans.o
 .text.ps2_host_send
                0x00001c6a      0x152 /var/folders/qh/rc5ty9qd7sb027gybgx226xr0000gn/T//ccdYEH9G.ltrans0.ltrans.o
 .text.led_set  0x00001dbc       0x20 /var/folders/qh/rc5ty9qd7sb027gybgx226xr0000gn/T//ccdYEH9G.ltrans0.ltrans.o
 .text.ps2_mouse_enable_data_reporting
                0x00001ddc       0x4c /var/folders/qh/rc5ty9qd7sb027gybgx226xr0000gn/T//ccdYEH9G.ltrans0.ltrans.o
 .text.persist_unicode_input_mode
                0x00001e28        0xe /var/folders/qh/rc5ty9qd7sb027gybgx226xr0000gn/T//ccdYEH9G.ltrans0.ltrans.o
 .text.dynamic_keymap_macro_reset
                0x00001e36       0x20 /var/folders/qh/rc5ty9qd7sb027gybgx226xr0000gn/T//ccdYEH9G.ltrans0.ltrans.o
 .text.dynamic_keymap_set_keycode
                0x00001e56       0x4c /var/folders/qh/rc5ty9qd7sb027gybgx226xr0000gn/T//ccdYEH9G.ltrans0.ltrans.o
 .text.via_eeprom_set_valid
                0x00001ea2       0x32 /var/folders/qh/rc5ty9qd7sb027gybgx226xr0000gn/T//ccdYEH9G.ltrans0.ltrans.o
 .text.dynamic_keymap_reset
                0x00001ed4       0xb0 /var/folders/qh/rc5ty9qd7sb027gybgx226xr0000gn/T//ccdYEH9G.ltrans0.ltrans.o
 .text.eeconfig_init_via
                0x00001f84       0x3e /var/folders/qh/rc5ty9qd7sb027gybgx226xr0000gn/T//ccdYEH9G.ltrans0.ltrans.o
 .text.dynamic_keymap_get_keycode
                0x00001fc2       0x5e /var/folders/qh/rc5ty9qd7sb027gybgx226xr0000gn/T//ccdYEH9G.ltrans0.ltrans.o
 .text.keymap_key_to_keycode
                0x00002020       0x3a /var/folders/qh/rc5ty9qd7sb027gybgx226xr0000gn/T//ccdYEH9G.ltrans0.ltrans.o
 .text.layer_switch_get_layer
                0x0000205a       0x5e /var/folders/qh/rc5ty9qd7sb027gybgx226xr0000gn/T//ccdYEH9G.ltrans0.ltrans.o
 .text.layer_switch_get_action
                0x000020b8       0x1a /var/folders/qh/rc5ty9qd7sb027gybgx226xr0000gn/T//ccdYEH9G.ltrans0.ltrans.o
 .text.is_tap_record
                0x000020d2       0x62 /var/folders/qh/rc5ty9qd7sb027gybgx226xr0000gn/T//ccdYEH9G.ltrans0.ltrans.o
 .text.get_record_keycode
                0x00002134       0x60 /var/folders/qh/rc5ty9qd7sb027gybgx226xr0000gn/T//ccdYEH9G.ltrans0.ltrans.o
 .text.via_eeprom_is_valid
                0x00002194       0x32 /var/folders/qh/rc5ty9qd7sb027gybgx226xr0000gn/T//ccdYEH9G.ltrans0.ltrans.o
 .text.eeconfig_read_keymap
                0x000021c6       0x1c /var/folders/qh/rc5ty9qd7sb027gybgx226xr0000gn/T//ccdYEH9G.ltrans0.ltrans.o
 .text.reload_combo
                0x000021e2       0x66 /var/folders/qh/rc5ty9qd7sb027gybgx226xr0000gn/T//ccdYEH9G.ltrans0.ltrans.o
 .text.eeconfig_init_quantum
                0x00002248       0xd6 /var/folders/qh/rc5ty9qd7sb027gybgx226xr0000gn/T//ccdYEH9G.ltrans0.ltrans.o
 .text.send_keyboard_report
                0x0000231e       0xcc /var/folders/qh/rc5ty9qd7sb027gybgx226xr0000gn/T//ccdYEH9G.ltrans0.ltrans.o
 .text.clear_keyboard_but_mods_and_keys
                0x000023ea       0x1a /var/folders/qh/rc5ty9qd7sb027gybgx226xr0000gn/T//ccdYEH9G.ltrans0.ltrans.o
 .text.layer_state_set
                0x00002404        0xa /var/folders/qh/rc5ty9qd7sb027gybgx226xr0000gn/T//ccdYEH9G.ltrans0.ltrans.o
 .text.update_tri_layer.constprop.25
                0x0000240e       0x18 /var/folders/qh/rc5ty9qd7sb027gybgx226xr0000gn/T//ccdYEH9G.ltrans0.ltrans.o
 .text.layer_off
                0x00002426       0x1a /var/folders/qh/rc5ty9qd7sb027gybgx226xr0000gn/T//ccdYEH9G.ltrans0.ltrans.o
 .text.clear_oneshot_layer_state
                0x00002440       0x38 /var/folders/qh/rc5ty9qd7sb027gybgx226xr0000gn/T//ccdYEH9G.ltrans0.ltrans.o
 .text.oneshot_set
                0x00002478       0x38 /var/folders/qh/rc5ty9qd7sb027gybgx226xr0000gn/T//ccdYEH9G.ltrans0.ltrans.o
 .text.layer_on
                0x000024b0       0x18 /var/folders/qh/rc5ty9qd7sb027gybgx226xr0000gn/T//ccdYEH9G.ltrans0.ltrans.o
 .text.set_oneshot_layer
                0x000024c8       0x2e /var/folders/qh/rc5ty9qd7sb027gybgx226xr0000gn/T//ccdYEH9G.ltrans0.ltrans.o
 .text.default_layer_state_set
                0x000024f6        0xa /var/folders/qh/rc5ty9qd7sb027gybgx226xr0000gn/T//ccdYEH9G.ltrans0.ltrans.o
 .text.clear_keyboard
                0x00002500       0x2c /var/folders/qh/rc5ty9qd7sb027gybgx226xr0000gn/T//ccdYEH9G.ltrans0.ltrans.o
 .text.USB_Device_ProcessControlRequest
                0x0000252c      0x5a8 /var/folders/qh/rc5ty9qd7sb027gybgx226xr0000gn/T//ccdYEH9G.ltrans0.ltrans.o
 .text.soft_reset_keyboard
                0x00002ad4       0x2c /var/folders/qh/rc5ty9qd7sb027gybgx226xr0000gn/T//ccdYEH9G.ltrans0.ltrans.o
 .text.unregister_weak_mods
                0x00002b00       0x16 /var/folders/qh/rc5ty9qd7sb027gybgx226xr0000gn/T//ccdYEH9G.ltrans0.ltrans.o
 .text.register_weak_mods
                0x00002b16       0x14 /var/folders/qh/rc5ty9qd7sb027gybgx226xr0000gn/T//ccdYEH9G.ltrans0.ltrans.o
 .text.unregister_mods
                0x00002b2a        0xe /var/folders/qh/rc5ty9qd7sb027gybgx226xr0000gn/T//ccdYEH9G.ltrans0.ltrans.o
 .text.register_mods
                0x00002b38       0x14 /var/folders/qh/rc5ty9qd7sb027gybgx226xr0000gn/T//ccdYEH9G.ltrans0.ltrans.o
 .text.unregister_code
                0x00002b4c       0x5a /var/folders/qh/rc5ty9qd7sb027gybgx226xr0000gn/T//ccdYEH9G.ltrans0.ltrans.o
 .text.unregister_code16
                0x00002ba6       0x30 /var/folders/qh/rc5ty9qd7sb027gybgx226xr0000gn/T//ccdYEH9G.ltrans0.ltrans.o
 .text.register_code
                0x00002bd6       0xd8 /var/folders/qh/rc5ty9qd7sb027gybgx226xr0000gn/T//ccdYEH9G.ltrans0.ltrans.o
 .text.tap_code
                0x00002cae       0x3c /var/folders/qh/rc5ty9qd7sb027gybgx226xr0000gn/T//ccdYEH9G.ltrans0.ltrans.o
 .text.perform_space_cadet.constprop.28
                0x00002cea       0xba /var/folders/qh/rc5ty9qd7sb027gybgx226xr0000gn/T//ccdYEH9G.ltrans0.ltrans.o
 .text.send_char
                0x00002da4       0xba /var/folders/qh/rc5ty9qd7sb027gybgx226xr0000gn/T//ccdYEH9G.ltrans0.ltrans.o
 .text.send_string_with_delay.constprop.24
                0x00002e5e       0x96 /var/folders/qh/rc5ty9qd7sb027gybgx226xr0000gn/T//ccdYEH9G.ltrans0.ltrans.o
 .text.register_code16
                0x00002ef4       0x30 /var/folders/qh/rc5ty9qd7sb027gybgx226xr0000gn/T//ccdYEH9G.ltrans0.ltrans.o
 .text.tap_code16_delay
                0x00002f24       0x34 /var/folders/qh/rc5ty9qd7sb027gybgx226xr0000gn/T//ccdYEH9G.ltrans0.ltrans.o
 .text.process_record
                0x00002f58      0xf46 /var/folders/qh/rc5ty9qd7sb027gybgx226xr0000gn/T//ccdYEH9G.ltrans0.ltrans.o
 .text.waiting_buffer_scan_tap
                0x00003e9e       0xa6 /var/folders/qh/rc5ty9qd7sb027gybgx226xr0000gn/T//ccdYEH9G.ltrans0.ltrans.o
 .text.process_tapping
                0x00003f44      0x32e /var/folders/qh/rc5ty9qd7sb027gybgx226xr0000gn/T//ccdYEH9G.ltrans0.ltrans.o
 .text.action_tapping_process
                0x00004272       0xe0 /var/folders/qh/rc5ty9qd7sb027gybgx226xr0000gn/T//ccdYEH9G.ltrans0.ltrans.o
 .text.dump_key_buffer
                0x00004352       0xac /var/folders/qh/rc5ty9qd7sb027gybgx226xr0000gn/T//ccdYEH9G.ltrans0.ltrans.o
 .text.combo_disable
                0x000043fe       0x1e /var/folders/qh/rc5ty9qd7sb027gybgx226xr0000gn/T//ccdYEH9G.ltrans0.ltrans.o
 .text.apply_combos
                0x0000441c      0x128 /var/folders/qh/rc5ty9qd7sb027gybgx226xr0000gn/T//ccdYEH9G.ltrans0.ltrans.o
 .text.action_exec
                0x00004544      0x412 /var/folders/qh/rc5ty9qd7sb027gybgx226xr0000gn/T//ccdYEH9G.ltrans0.ltrans.o
 .text.vial_keycode_up
                0x00004956       0x4a /var/folders/qh/rc5ty9qd7sb027gybgx226xr0000gn/T//ccdYEH9G.ltrans0.ltrans.o
 .text.vial_keycode_down
                0x000049a0       0x4c /var/folders/qh/rc5ty9qd7sb027gybgx226xr0000gn/T//ccdYEH9G.ltrans0.ltrans.o
 .text.__vector_11
                0x000049ec       0x88 /var/folders/qh/rc5ty9qd7sb027gybgx226xr0000gn/T//ccdYEH9G.ltrans0.ltrans.o
                0x000049ec                __vector_11
 .text.__vector_10
                0x00004a74      0x25e /var/folders/qh/rc5ty9qd7sb027gybgx226xr0000gn/T//ccdYEH9G.ltrans0.ltrans.o
                0x00004a74                __vector_10
 .text.__vector_21
                0x00004cd2       0x48 /var/folders/qh/rc5ty9qd7sb027gybgx226xr0000gn/T//ccdYEH9G.ltrans0.ltrans.o
                0x00004cd2                __vector_21
 .text.__vector_12
                0x00004d1a       0x4e /var/folders/qh/rc5ty9qd7sb027gybgx226xr0000gn/T//ccdYEH9G.ltrans0.ltrans.o
                0x00004d1a                __vector_12
 .text.__vector_2
                0x00004d68      0x112 /var/folders/qh/rc5ty9qd7sb027gybgx226xr0000gn/T//ccdYEH9G.ltrans0.ltrans.o
                0x00004d68                __vector_2
 .text.startup.main
                0x00004e7a      0xc66 /var/folders/qh/rc5ty9qd7sb027gybgx226xr0000gn/T//ccdYEH9G.ltrans0.ltrans.o
                0x00004e7a                main
 .text.__vector_25
                0x00005ae0       0x22 /var/folders/qh/rc5ty9qd7sb027gybgx226xr0000gn/T//ccdYEH9G.ltrans0.ltrans.o
                0x00005ae0                __vector_25
 .text.libgcc.div
                0x00005b02       0x18 /usr/local/Cellar/avr-gcc@8/8.5.0/lib/avr-gcc/8/gcc/avr/8.5.0/avr5/libgcc.a(_udivmodqi4.o)
                0x00005b02                __udivmodqi4
 .text.libgcc.div
                0x00005b1a       0x28 /usr/local/Cellar/avr-gcc@8/8.5.0/lib/avr-gcc/8/gcc/avr/8.5.0/avr5/libgcc.a(_divmodhi4.o)
                0x00005b1a                __divmodhi4
                0x00005b1a                _div
 .text.libgcc   0x00005b42        0xc /usr/local/Cellar/avr-gcc@8/8.5.0/lib/avr-gcc/8/gcc/avr/8.5.0/avr5/libgcc.a(_tablejump2.o)
                0x00005b42                __tablejump2__
 .text.libgcc.builtins
                0x00005b4e        0xe /usr/local/Cellar/avr-gcc@8/8.5.0/lib/avr-gcc/8/gcc/avr/8.5.0/avr5/libgcc.a(_bswapsi2.o)
                0x00005b4e                __bswapsi2
 .text.libgcc.prologue
                0x00005b5c       0x38 /usr/local/Cellar/avr-gcc@8/8.5.0/lib/avr-gcc/8/gcc/avr/8.5.0/avr5/libgcc.a(_prologue.o)
                0x00005b5c                __prologue_saves__
 .text.libgcc.prologue
                0x00005b94       0x36 /usr/local/Cellar/avr-gcc@8/8.5.0/lib/avr-gcc/8/gcc/avr/8.5.0/avr5/libgcc.a(_epilogue.o)
                0x00005b94                __epilogue_restores__
 .text.libgcc.div
                0x00005bca       0x28 /usr/local/Cellar/avr-gcc@8/8.5.0/lib/avr-gcc/8/gcc/avr/8.5.0/avr5/libgcc.a(_udivmodhi4.o)
                0x00005bca                __udivmodhi4
 .text.avr-libc
                0x00005bf2       0x12 /usr/local/Cellar/avr-gcc@8/8.5.0/lib/avr-gcc/8/gcc/avr/8.5.0/../../../../../../avr/lib/avr5/libc.a(memcpy_P.o)
                0x00005bf2                memcpy_P
 .text.avr-libc
                0x00005c04       0x1a /usr/local/Cellar/avr-gcc@8/8.5.0/lib/avr-gcc/8/gcc/avr/8.5.0/../../../../../../avr/lib/avr5/libc.a(memcmp.o)
                0x00005c04                memcmp
 .text.avr-libc
                0x00005c1e        0xe /usr/local/Cellar/avr-gcc@8/8.5.0/lib/avr-gcc/8/gcc/avr/8.5.0/../../../../../../avr/lib/avr5/libc.a(memset.o)
                0x00005c1e                memset
 .text.avr-libc
                0x00005c2c       0x20 /usr/local/Cellar/avr-gcc@8/8.5.0/lib/avr-gcc/8/gcc/avr/8.5.0/../../../../../../avr/lib/avr5/libatmega32u4.a(eerd_block.o)
                0x00005c2c                eeprom_read_block
                0x00005c30                eeprom_read_blraw
 .text.avr-libc
                0x00005c4c       0x10 /usr/local/Cellar/avr-gcc@8/8.5.0/lib/avr-gcc/8/gcc/avr/8.5.0/../../../../../../avr/lib/avr5/libatmega32u4.a(eerd_byte.o)
                0x00005c4c                eeprom_read_byte
 .text.avr-libc
                0x00005c5c        0xc /usr/local/Cellar/avr-gcc@8/8.5.0/lib/avr-gcc/8/gcc/avr/8.5.0/../../../../../../avr/lib/avr5/libatmega32u4.a(eerd_word.o)
                0x00005c5c                eeprom_read_word
 .text.avr-libc
                0x00005c68       0x24 /usr/local/Cellar/avr-gcc@8/8.5.0/lib/avr-gcc/8/gcc/avr/8.5.0/../../../../../../avr/lib/avr5/libatmega32u4.a(eeupd_byte.o)
                0x00005c68                eeprom_update_byte
                0x00005c6a                eeprom_update_r18
 .text.avr-libc
                0x00005c8c       0x18 /usr/local/Cellar/avr-gcc@8/8.5.0/lib/avr-gcc/8/gcc/avr/8.5.0/../../../../../../avr/lib/avr5/libatmega32u4.a(eeupd_dword.o)
                0x00005c8c                eeprom_update_dword
                0x00005c8c                eeprom_update_float
 .text.avr-libc
                0x00005ca4        0xc /usr/local/Cellar/avr-gcc@8/8.5.0/lib/avr-gcc/8/gcc/avr/8.5.0/../../../../../../avr/lib/avr5/libatmega32u4.a(eeupd_word.o)
                0x00005ca4                eeprom_update_word
 .text.avr-libc
                0x00005cb0       0x14 /usr/local/Cellar/avr-gcc@8/8.5.0/lib/avr-gcc/8/gcc/avr/8.5.0/../../../../../../avr/lib/avr5/libatmega32u4.a(eewr_block.o)
                0x00005cb0                eeprom_write_block
 .text.avr-libc
                0x00005cc4       0x1c /usr/local/Cellar/avr-gcc@8/8.5.0/lib/avr-gcc/8/gcc/avr/8.5.0/../../../../../../avr/lib/avr5/libatmega32u4.a(eewr_byte.o)
                0x00005cc4                eeprom_write_byte
                0x00005cc6                eeprom_write_r18
                0x00005ce0                        . = ALIGN (0x2)
 *(.fini9)
 .fini9         0x00005ce0        0x0 /usr/local/Cellar/avr-gcc@8/8.5.0/lib/avr-gcc/8/gcc/avr/8.5.0/avr5/libgcc.a(_exit.o)
                0x00005ce0                exit
                0x00005ce0                _exit
 *(.fini9)
 *(.fini8)
 *(.fini8)
 *(.fini7)
 *(.fini7)
 *(.fini6)
 *(.fini6)
 *(.fini5)
 *(.fini5)
 *(.fini4)
 *(.fini4)
 *(.fini3)
 *(.fini3)
 *(.fini2)
 *(.fini2)
 *(.fini1)
 *(.fini1)
 *(.fini0)
 .fini0         0x00005ce0        0x4 /usr/local/Cellar/avr-gcc@8/8.5.0/lib/avr-gcc/8/gcc/avr/8.5.0/avr5/libgcc.a(_exit.o)
 *(.fini0)
 *(.hightext)
 *(.hightext*)
 *(.progmemx.*)
                0x00005ce4                        . = ALIGN (0x2)
 *(.jumptables)
 *(.jumptables*)
 .jumptables.gcc.USB_Device_ProcessControlRequest
                0x00005ce4       0x14 /var/folders/qh/rc5ty9qd7sb027gybgx226xr0000gn/T//ccdYEH9G.ltrans0.ltrans.o
 .jumptables.gcc.process_record
                0x00005cf8       0x18 /var/folders/qh/rc5ty9qd7sb027gybgx226xr0000gn/T//ccdYEH9G.ltrans0.ltrans.o
 .jumptables.gcc.main
                0x00005d10       0x1c /var/folders/qh/rc5ty9qd7sb027gybgx226xr0000gn/T//ccdYEH9G.ltrans0.ltrans.o
                0x00005d2c                        _etext = .

.data           0x00800100       0x68 load address 0x00005d2c
                0x00800100                        PROVIDE (__data_start = .)
 *(.data)
 *(.data*)
 .data.r_macro_end.6714
                0x00800100        0x2 /var/folders/qh/rc5ty9qd7sb027gybgx226xr0000gn/T//ccdYEH9G.ltrans0.ltrans.o
 .data.macro_end.6712
                0x00800102        0x2 /var/folders/qh/rc5ty9qd7sb027gybgx226xr0000gn/T//ccdYEH9G.ltrans0.ltrans.o
 .data.lufa_driver
                0x00800104        0xc /var/folders/qh/rc5ty9qd7sb027gybgx226xr0000gn/T//ccdYEH9G.ltrans0.ltrans.o
 .data.vial_unlocked
                0x00800110        0x2 /var/folders/qh/rc5ty9qd7sb027gybgx226xr0000gn/T//ccdYEH9G.ltrans0.ltrans.o
 .data.parity.2096
                0x00800112        0x1 /var/folders/qh/rc5ty9qd7sb027gybgx226xr0000gn/T//ccdYEH9G.ltrans0.ltrans.o
 .data.b_combo_enable
                0x00800113        0x1 /var/folders/qh/rc5ty9qd7sb027gybgx226xr0000gn/T//ccdYEH9G.ltrans0.ltrans.o
 .data.keyboard_protocol
                0x00800114        0x1 /var/folders/qh/rc5ty9qd7sb027gybgx226xr0000gn/T//ccdYEH9G.ltrans0.ltrans.o
 *(.gnu.linkonce.d*)
 *(.rodata)
 .rodata        0x00800115        0x8 /var/folders/qh/rc5ty9qd7sb027gybgx226xr0000gn/T//ccdYEH9G.ltrans0.ltrans.o
 *(.rodata*)
 .rodata.CSWTCH.15
                0x0080011d        0x3 /var/folders/qh/rc5ty9qd7sb027gybgx226xr0000gn/T//ccdYEH9G.ltrans0.ltrans.o
 .rodata.CSWTCH.16
                0x00800120       0x2e /var/folders/qh/rc5ty9qd7sb027gybgx226xr0000gn/T//ccdYEH9G.ltrans0.ltrans.o
 .rodata.CSWTCH.2
                0x0080014e        0x5 /var/folders/qh/rc5ty9qd7sb027gybgx226xr0000gn/T//ccdYEH9G.ltrans0.ltrans.o
 .rodata.CSWTCH.1
                0x00800153        0xa /var/folders/qh/rc5ty9qd7sb027gybgx226xr0000gn/T//ccdYEH9G.ltrans0.ltrans.o
 .rodata.CSWTCH.0
                0x0080015d        0xa /var/folders/qh/rc5ty9qd7sb027gybgx226xr0000gn/T//ccdYEH9G.ltrans0.ltrans.o
 *(.gnu.linkonce.r*)
                0x00800168                        . = ALIGN (0x2)
 *fill*         0x00800167        0x1 
                0x00800168                        _edata = .
                0x00800168                        PROVIDE (__data_end = .)

.bss            0x00800168      0x5f3
                0x00800168                        PROVIDE (__bss_start = .)
 *(.bss)
 .bss           0x00800168        0x2 .build/obj_converter_set2_32u4_debug_vial/platforms/avr/xprintf.o
                0x00800168                xfunc_out
 *(.bss*)
 .bss.__compound_literal.0
                0x0080016a       0x20 /var/folders/qh/rc5ty9qd7sb027gybgx226xr0000gn/T//ccdYEH9G.ltrans0.ltrans.o
 .bss.state.2144
                0x0080018a        0x1 /var/folders/qh/rc5ty9qd7sb027gybgx226xr0000gn/T//ccdYEH9G.ltrans0.ltrans.o
 .bss.rbuf_head
                0x0080018b        0x1 /var/folders/qh/rc5ty9qd7sb027gybgx226xr0000gn/T//ccdYEH9G.ltrans0.ltrans.o
 .bss.macro_buffer.6711
                0x0080018c      0x400 /var/folders/qh/rc5ty9qd7sb027gybgx226xr0000gn/T//ccdYEH9G.ltrans0.ltrans.o
 .bss.macro_pointer.6715
                0x0080058c        0x2 /var/folders/qh/rc5ty9qd7sb027gybgx226xr0000gn/T//ccdYEH9G.ltrans0.ltrans.o
 .bss.macro_id.6716
                0x0080058e        0x1 /var/folders/qh/rc5ty9qd7sb027gybgx226xr0000gn/T//ccdYEH9G.ltrans0.ltrans.o
 .bss.unicode_saved_mods
                0x0080058f        0x1 /var/folders/qh/rc5ty9qd7sb027gybgx226xr0000gn/T//ccdYEH9G.ltrans0.ltrans.o
 .bss.unicode_saved_num_lock
                0x00800590        0x1 /var/folders/qh/rc5ty9qd7sb027gybgx226xr0000gn/T//ccdYEH9G.ltrans0.ltrans.o
 .bss.unicode_saved_caps_lock
                0x00800591        0x1 /var/folders/qh/rc5ty9qd7sb027gybgx226xr0000gn/T//ccdYEH9G.ltrans0.ltrans.o
 .bss.grave_esc_was_shifted
                0x00800592        0x1 /var/folders/qh/rc5ty9qd7sb027gybgx226xr0000gn/T//ccdYEH9G.ltrans0.ltrans.o
 .bss.oneshot_locked_mods
                0x00800593        0x1 /var/folders/qh/rc5ty9qd7sb027gybgx226xr0000gn/T//ccdYEH9G.ltrans0.ltrans.o
 .bss.source_layers_cache
                0x00800594       0x30 /var/folders/qh/rc5ty9qd7sb027gybgx226xr0000gn/T//ccdYEH9G.ltrans0.ltrans.o
 .bss.tapping_key
                0x008005c4        0x8 /var/folders/qh/rc5ty9qd7sb027gybgx226xr0000gn/T//ccdYEH9G.ltrans0.ltrans.o
 .bss.waiting_buffer_head
                0x008005cc        0x1 /var/folders/qh/rc5ty9qd7sb027gybgx226xr0000gn/T//ccdYEH9G.ltrans0.ltrans.o
 .bss.waiting_buffer
                0x008005cd       0x40 /var/folders/qh/rc5ty9qd7sb027gybgx226xr0000gn/T//ccdYEH9G.ltrans0.ltrans.o
 .bss.waiting_buffer_tail
                0x0080060d        0x1 /var/folders/qh/rc5ty9qd7sb027gybgx226xr0000gn/T//ccdYEH9G.ltrans0.ltrans.o
 .bss.oneshot_layer_time
                0x0080060e        0x2 /var/folders/qh/rc5ty9qd7sb027gybgx226xr0000gn/T//ccdYEH9G.ltrans0.ltrans.o
 .bss.oneshot_layer_data
                0x00800610        0x1 /var/folders/qh/rc5ty9qd7sb027gybgx226xr0000gn/T//ccdYEH9G.ltrans0.ltrans.o
 .bss.last_report.5517
                0x00800611       0x20 /var/folders/qh/rc5ty9qd7sb027gybgx226xr0000gn/T//ccdYEH9G.ltrans0.ltrans.o
 .bss.real_mods
                0x00800631        0x1 /var/folders/qh/rc5ty9qd7sb027gybgx226xr0000gn/T//ccdYEH9G.ltrans0.ltrans.o
 .bss.oneshot_time
                0x00800632        0x2 /var/folders/qh/rc5ty9qd7sb027gybgx226xr0000gn/T//ccdYEH9G.ltrans0.ltrans.o
 .bss.oneshot_mods
                0x00800634        0x1 /var/folders/qh/rc5ty9qd7sb027gybgx226xr0000gn/T//ccdYEH9G.ltrans0.ltrans.o
 .bss.default_layer_state
                0x00800635        0x1 /var/folders/qh/rc5ty9qd7sb027gybgx226xr0000gn/T//ccdYEH9G.ltrans0.ltrans.o
 .bss.ps2_mouse_mode
                0x00800636        0x1 /var/folders/qh/rc5ty9qd7sb027gybgx226xr0000gn/T//ccdYEH9G.ltrans0.ltrans.o
 .bss.last_tick.6813
                0x00800637        0x2 /var/folders/qh/rc5ty9qd7sb027gybgx226xr0000gn/T//ccdYEH9G.ltrans0.ltrans.o
 .bss.matrix    0x00800639       0x10 /var/folders/qh/rc5ty9qd7sb027gybgx226xr0000gn/T//ccdYEH9G.ltrans0.ltrans.o
 .bss.matrix_previous.6820
                0x00800649       0x10 /var/folders/qh/rc5ty9qd7sb027gybgx226xr0000gn/T//ccdYEH9G.ltrans0.ltrans.o
 .bss.scroll_button_time.5333
                0x00800659        0x2 /var/folders/qh/rc5ty9qd7sb027gybgx226xr0000gn/T//ccdYEH9G.ltrans0.ltrans.o
 .bss.scroll_state.5332
                0x0080065b        0x1 /var/folders/qh/rc5ty9qd7sb027gybgx226xr0000gn/T//ccdYEH9G.ltrans0.ltrans.o
 .bss.buttons_prev.5173
                0x0080065c        0x1 /var/folders/qh/rc5ty9qd7sb027gybgx226xr0000gn/T//ccdYEH9G.ltrans0.ltrans.o
 .bss.last_led_status.5033
                0x0080065d        0x1 /var/folders/qh/rc5ty9qd7sb027gybgx226xr0000gn/T//ccdYEH9G.ltrans0.ltrans.o
 .bss.vial_unlock_counter
                0x0080065e        0x2 /var/folders/qh/rc5ty9qd7sb027gybgx226xr0000gn/T//ccdYEH9G.ltrans0.ltrans.o
 .bss.key_combos_keys
                0x00800660        0xa /var/folders/qh/rc5ty9qd7sb027gybgx226xr0000gn/T//ccdYEH9G.ltrans0.ltrans.o
 .bss.g_vial_magic_keycode_override
                0x0080066a        0x2 /var/folders/qh/rc5ty9qd7sb027gybgx226xr0000gn/T//ccdYEH9G.ltrans0.ltrans.o
 .bss.vial_unlock_in_progress
                0x0080066c        0x2 /var/folders/qh/rc5ty9qd7sb027gybgx226xr0000gn/T//ccdYEH9G.ltrans0.ltrans.o
 .bss.unicode_config
                0x0080066e        0x4 /var/folders/qh/rc5ty9qd7sb027gybgx226xr0000gn/T//ccdYEH9G.ltrans0.ltrans.o
 .bss.debug_config
                0x00800672        0x1 /var/folders/qh/rc5ty9qd7sb027gybgx226xr0000gn/T//ccdYEH9G.ltrans0.ltrans.o
 .bss.ps2_error
                0x00800673        0x1 /var/folders/qh/rc5ty9qd7sb027gybgx226xr0000gn/T//ccdYEH9G.ltrans0.ltrans.o
 .bss.data.2095
                0x00800674        0x1 /var/folders/qh/rc5ty9qd7sb027gybgx226xr0000gn/T//ccdYEH9G.ltrans0.ltrans.o
 .bss.state.2094
                0x00800675        0x1 /var/folders/qh/rc5ty9qd7sb027gybgx226xr0000gn/T//ccdYEH9G.ltrans0.ltrans.o
 .bss.pbuf      0x00800676       0x20 /var/folders/qh/rc5ty9qd7sb027gybgx226xr0000gn/T//ccdYEH9G.ltrans0.ltrans.o
 .bss.pbuf_tail
                0x00800696        0x1 /var/folders/qh/rc5ty9qd7sb027gybgx226xr0000gn/T//ccdYEH9G.ltrans0.ltrans.o
 .bss.pbuf_head
                0x00800697        0x1 /var/folders/qh/rc5ty9qd7sb027gybgx226xr0000gn/T//ccdYEH9G.ltrans0.ltrans.o
 .bss.longest_term
                0x00800698        0x2 /var/folders/qh/rc5ty9qd7sb027gybgx226xr0000gn/T//ccdYEH9G.ltrans0.ltrans.o
 .bss.weak_mods
                0x0080069a        0x1 /var/folders/qh/rc5ty9qd7sb027gybgx226xr0000gn/T//ccdYEH9G.ltrans0.ltrans.o
 .bss.key_buffer_next.6714
                0x0080069b        0x1 /var/folders/qh/rc5ty9qd7sb027gybgx226xr0000gn/T//ccdYEH9G.ltrans0.ltrans.o
 .bss.key_buffer_size
                0x0080069c        0x1 /var/folders/qh/rc5ty9qd7sb027gybgx226xr0000gn/T//ccdYEH9G.ltrans0.ltrans.o
 .bss.key_buffer
                0x0080069d       0x60 /var/folders/qh/rc5ty9qd7sb027gybgx226xr0000gn/T//ccdYEH9G.ltrans0.ltrans.o
 .bss.key_combos
                0x008006fd        0x7 /var/folders/qh/rc5ty9qd7sb027gybgx226xr0000gn/T//ccdYEH9G.ltrans0.ltrans.o
 .bss.combo_buffer
                0x00800704        0x8 /var/folders/qh/rc5ty9qd7sb027gybgx226xr0000gn/T//ccdYEH9G.ltrans0.ltrans.o
 .bss.combo_buffer_read
                0x0080070c        0x1 /var/folders/qh/rc5ty9qd7sb027gybgx226xr0000gn/T//ccdYEH9G.ltrans0.ltrans.o
 .bss.combo_buffer_write
                0x0080070d        0x1 /var/folders/qh/rc5ty9qd7sb027gybgx226xr0000gn/T//ccdYEH9G.ltrans0.ltrans.o
 .bss.timer     0x0080070e        0x2 /var/folders/qh/rc5ty9qd7sb027gybgx226xr0000gn/T//ccdYEH9G.ltrans0.ltrans.o
 .bss.last_system_report
                0x00800710        0x2 /var/folders/qh/rc5ty9qd7sb027gybgx226xr0000gn/T//ccdYEH9G.ltrans0.ltrans.o
 .bss.last_consumer_report
                0x00800712        0x2 /var/folders/qh/rc5ty9qd7sb027gybgx226xr0000gn/T//ccdYEH9G.ltrans0.ltrans.o
 .bss.wdt_timeout
                0x00800714        0x1 /var/folders/qh/rc5ty9qd7sb027gybgx226xr0000gn/T//ccdYEH9G.ltrans0.ltrans.o
 .bss.timer_count
                0x00800715        0x4 /var/folders/qh/rc5ty9qd7sb027gybgx226xr0000gn/T//ccdYEH9G.ltrans0.ltrans.o
 .bss.keymap_config
                0x00800719        0x2 /var/folders/qh/rc5ty9qd7sb027gybgx226xr0000gn/T//ccdYEH9G.ltrans0.ltrans.o
 .bss.r.6850    0x0080071b        0x3 /var/folders/qh/rc5ty9qd7sb027gybgx226xr0000gn/T//ccdYEH9G.ltrans0.ltrans.o
 .bss.timed_out.6864
                0x0080071e        0x1 /var/folders/qh/rc5ty9qd7sb027gybgx226xr0000gn/T//ccdYEH9G.ltrans0.ltrans.o
 .bss.console_flush
                0x0080071f        0x1 /var/folders/qh/rc5ty9qd7sb027gybgx226xr0000gn/T//ccdYEH9G.ltrans0.ltrans.o
 .bss.count.6787
                0x00800720        0x1 /var/folders/qh/rc5ty9qd7sb027gybgx226xr0000gn/T//ccdYEH9G.ltrans0.ltrans.o
 .bss.USB_IsInitialized
                0x00800721        0x1 /var/folders/qh/rc5ty9qd7sb027gybgx226xr0000gn/T//ccdYEH9G.ltrans0.ltrans.o
 .bss.keyboard_idle
                0x00800722        0x1 /var/folders/qh/rc5ty9qd7sb027gybgx226xr0000gn/T//ccdYEH9G.ltrans0.ltrans.o
 .bss.keyboard_led_state
                0x00800723        0x1 /var/folders/qh/rc5ty9qd7sb027gybgx226xr0000gn/T//ccdYEH9G.ltrans0.ltrans.o
 .bss.keyboard_report_sent
                0x00800724       0x20 /var/folders/qh/rc5ty9qd7sb027gybgx226xr0000gn/T//ccdYEH9G.ltrans0.ltrans.o
 .bss.USB_Device_CurrentlySelfPowered
                0x00800744        0x1 /var/folders/qh/rc5ty9qd7sb027gybgx226xr0000gn/T//ccdYEH9G.ltrans0.ltrans.o
 .bss.USB_Device_RemoteWakeupEnabled
                0x00800745        0x1 /var/folders/qh/rc5ty9qd7sb027gybgx226xr0000gn/T//ccdYEH9G.ltrans0.ltrans.o
 .bss.USB_DeviceState
                0x00800746        0x1 /var/folders/qh/rc5ty9qd7sb027gybgx226xr0000gn/T//ccdYEH9G.ltrans0.ltrans.o
 .bss.USB_Device_ConfigurationNumber
                0x00800747        0x1 /var/folders/qh/rc5ty9qd7sb027gybgx226xr0000gn/T//ccdYEH9G.ltrans0.ltrans.o
 .bss.USB_ControlRequest
                0x00800748        0x8 /var/folders/qh/rc5ty9qd7sb027gybgx226xr0000gn/T//ccdYEH9G.ltrans0.ltrans.o
 .bss.mouse_report
                0x00800750        0x5 /var/folders/qh/rc5ty9qd7sb027gybgx226xr0000gn/T//ccdYEH9G.ltrans0.ltrans.o
 .bss.driver    0x00800755        0x2 /var/folders/qh/rc5ty9qd7sb027gybgx226xr0000gn/T//ccdYEH9G.ltrans0.ltrans.o
 .bss.layer_state
                0x00800757        0x1 /var/folders/qh/rc5ty9qd7sb027gybgx226xr0000gn/T//ccdYEH9G.ltrans0.ltrans.o
 .bss.sc_timer  0x00800758        0x2 /var/folders/qh/rc5ty9qd7sb027gybgx226xr0000gn/T//ccdYEH9G.ltrans0.ltrans.o
 .bss.sc_last   0x0080075a        0x1 /var/folders/qh/rc5ty9qd7sb027gybgx226xr0000gn/T//ccdYEH9G.ltrans0.ltrans.o
 *(COMMON)
                0x0080075b                        PROVIDE (__bss_end = .)
                0x00005d2c                        __data_load_start = LOADADDR (.data)
                0x00005d94                        __data_load_end = (__data_load_start + SIZEOF (.data))

.noinit         0x0080075b        0x0
                [!provide]                        PROVIDE (__noinit_start = .)
 *(.noinit .noinit.* .gnu.linkonce.n.*)
                [!provide]                        PROVIDE (__noinit_end = .)
                0x0080075b                        _end = .
                [!provide]                        PROVIDE (__heap_start = .)

.eeprom         0x00810000        0x0
 *(.eeprom*)
                0x00810000                        __eeprom_end = .

.fuse
 *(.fuse)
 *(.lfuse)
 *(.hfuse)
 *(.efuse)

.lock
 *(.lock*)

.signature
 *(.signature*)

.stab
 *(.stab)

.stabstr
 *(.stabstr)

.stab.excl
 *(.stab.excl)

.stab.exclstr
 *(.stab.exclstr)

.stab.index
 *(.stab.index)

.stab.indexstr
 *(.stab.indexstr)

.comment        0x00000000       0x24
 *(.comment)
 .comment       0x00000000       0x24 /var/folders/qh/rc5ty9qd7sb027gybgx226xr0000gn/T//ccdYEH9G.ltrans0.ltrans.o
                                 0x25 (size before relaxing)

.note.gnu.avr.deviceinfo
                0x00000000       0x40
 .note.gnu.avr.deviceinfo
                0x00000000       0x40 /usr/local/Cellar/avr-gcc@8/8.5.0/lib/avr-gcc/8/gcc/avr/8.5.0/../../../../../../avr/lib/avr5/crtatmega32u4.o

.note.gnu.build-id
 *(.note.gnu.build-id)

.debug
 *(.debug)

.line
 *(.line)

.debug_srcinfo
 *(.debug_srcinfo)

.debug_sfnames
 *(.debug_sfnames)

.debug_aranges  0x00000000      0x4d8
 *(.debug_aranges)
 .debug_aranges
                0x00000000      0x398 /var/folders/qh/rc5ty9qd7sb027gybgx226xr0000gn/T//ccdYEH9G.ltrans0.ltrans.o
 .debug_aranges
                0x00000398       0x20 /usr/local/Cellar/avr-gcc@8/8.5.0/lib/avr-gcc/8/gcc/avr/8.5.0/avr5/libgcc.a(_exit.o)
 .debug_aranges
                0x000003b8       0x20 /usr/local/Cellar/avr-gcc@8/8.5.0/lib/avr-gcc/8/gcc/avr/8.5.0/avr5/libgcc.a(_udivmodqi4.o)
 .debug_aranges
                0x000003d8       0x20 /usr/local/Cellar/avr-gcc@8/8.5.0/lib/avr-gcc/8/gcc/avr/8.5.0/avr5/libgcc.a(_divmodhi4.o)
 .debug_aranges
                0x000003f8       0x20 /usr/local/Cellar/avr-gcc@8/8.5.0/lib/avr-gcc/8/gcc/avr/8.5.0/avr5/libgcc.a(_tablejump2.o)
 .debug_aranges
                0x00000418       0x20 /usr/local/Cellar/avr-gcc@8/8.5.0/lib/avr-gcc/8/gcc/avr/8.5.0/avr5/libgcc.a(_copy_data.o)
 .debug_aranges
                0x00000438       0x20 /usr/local/Cellar/avr-gcc@8/8.5.0/lib/avr-gcc/8/gcc/avr/8.5.0/avr5/libgcc.a(_clear_bss.o)
 .debug_aranges
                0x00000458       0x20 /usr/local/Cellar/avr-gcc@8/8.5.0/lib/avr-gcc/8/gcc/avr/8.5.0/avr5/libgcc.a(_bswapsi2.o)
 .debug_aranges
                0x00000478       0x20 /usr/local/Cellar/avr-gcc@8/8.5.0/lib/avr-gcc/8/gcc/avr/8.5.0/avr5/libgcc.a(_prologue.o)
 .debug_aranges
                0x00000498       0x20 /usr/local/Cellar/avr-gcc@8/8.5.0/lib/avr-gcc/8/gcc/avr/8.5.0/avr5/libgcc.a(_epilogue.o)
 .debug_aranges
                0x000004b8       0x20 /usr/local/Cellar/avr-gcc@8/8.5.0/lib/avr-gcc/8/gcc/avr/8.5.0/avr5/libgcc.a(_udivmodhi4.o)

.debug_pubnames
 *(.debug_pubnames)

.debug_info     0x00000000    0x31dd0
 *(.debug_info .gnu.linkonce.wi.*)
 .debug_info    0x00000000      0x9f4 /usr/local/Cellar/avr-gcc@8/8.5.0/lib/avr-gcc/8/gcc/avr/8.5.0/../../../../../../avr/lib/avr5/crtatmega32u4.o
 .debug_info    0x000009f4    0x26545 /var/folders/qh/rc5ty9qd7sb027gybgx226xr0000gn/T//ccDI2lx1debugobj
                0x000009f4                matrix.c.f89f912a
                0x00000d6d                led.c.0b1f04c8
                0x00000e27                serial_uart.c.91b96a20
                0x00000f53                set2.c.2749c7ad
                0x00001773                default_keyboard.c.502f9673
                0x00001f93                keymap_introspection.c.f7d8d0c9
                0x00002d6d                quantum.c.f2ba13dd
                0x00004d90                bitwise.c.f6caad9b
                0x00004f59                led.c.c8122e8b
                0x00005437                action.c.36a42cbb
                0x00006cbe                action_layer.c.9051af15
                0x00007a09                action_tapping.c.f21190c0
                0x00008515                action_util.c.5647fe78
                0x00008e8e                eeconfig.c.f8e533fb
                0x00009110                keyboard.c.00548840
                0x00009cb7                keymap_common.c.7e52b428
                0x0000bd2b                keycode_config.c.ba6d523b
                0x0000c355                sync_timer.c.fa490fa2
                0x0000c3d1                debug.c.807c802c
                0x0000c4fb                sendchar.c.ab145421
                0x0000c582                bootmagic_lite.c.c542cb6f
                0x0000ce4d                magic.c.86d73c05
                0x0000d4a4                sym_defer_g.c.0b7bddac
                0x0000dd9b                main.c.d8fbcb32
                0x0000de1a                via.c.3582775a
                0x0000ebcf                vial.c.8b407337
                0x00010c49                dynamic_keymap.c.eb9cc0ed
                0x00011e18                process_unicode.c.1b14edc2
                0x000134e0                process_unicode_common.c.19b9729a
                0x00015268                utf8.c.6ce31ebe
                0x00015319                process_magic.c.17a2cc82
                0x000169e1                send_string.c.863d3955
                0x00017a69                ps2_mouse.c.a0e3de93
                0x00018467                ps2_interrupt.c.b2250d79
                0x000188ef                ps2_io.c.fc8ea8bf
                0x00018a51                process_combo.c.d9d782ce
                0x0001a70f                process_dynamic_macro.c.8c2313a4
                0x0001bfa7                process_grave_esc.c.9e78d576
                0x0001dae8                process_space_cadet.c.31b72cc4
                0x0001f630                printf.c.a4f3276b
                0x0001f6f7                host.c.c1a22c87
                0x0002039b                report.c.c0ef1a78
                0x00020f2c                usb_device_state.c.9ca723b5
                0x000210ab                usb_util.c.7e4eadf9
                0x000218f1                suspend.c.ce38a24e
                0x000219b5                hardware_id.c.18325b86
                0x00021aa3                platform.c.2396c72b
                0x00021b18                suspend.c.0b08fd5d
                0x00022061                timer.c.2bb60997
                0x0002226a                caterina.c.ea569b84
                0x00022331                lufa.c.3c79c694
                0x00023676                usb_descriptor.c.0a958c69
                0x000240f8                HIDParser.c.1b410d2c
                0x0002476e                Device_AVR8.c.ae0a500f
                0x000248d5                EndpointStream_AVR8.c.b0ecc9ef
                0x000253ef                Endpoint_AVR8.c.85912d41
                0x00025826                Host_AVR8.c.2cadd629
                0x00025883                PipeStream_AVR8.c.74218e49
                0x000258e0                Pipe_AVR8.c.0a44db57
                0x0002593d                USBController_AVR8.c.cb390951
                0x00025c61                USBInterrupt_AVR8.c.34a6f77d
                0x00025ff1                ConfigDescriptors.c.873f487e
                0x00026352                DeviceStandardReq.c.609685f6
                0x000268f5                Events.c.33802d46
                0x000269ac                HostStandardReq.c.6dd730b2
                0x00026a09                USBTask.c.03fb5fba
                0x00026c00                usb_util.c.084fba42
 .debug_info    0x00026f39     0xad1b /var/folders/qh/rc5ty9qd7sb027gybgx226xr0000gn/T//ccdYEH9G.ltrans0.ltrans.o
 .debug_info    0x00031c54       0x26 /usr/local/Cellar/avr-gcc@8/8.5.0/lib/avr-gcc/8/gcc/avr/8.5.0/avr5/libgcc.a(_exit.o)
 .debug_info    0x00031c7a       0x26 /usr/local/Cellar/avr-gcc@8/8.5.0/lib/avr-gcc/8/gcc/avr/8.5.0/avr5/libgcc.a(_udivmodqi4.o)
 .debug_info    0x00031ca0       0x26 /usr/local/Cellar/avr-gcc@8/8.5.0/lib/avr-gcc/8/gcc/avr/8.5.0/avr5/libgcc.a(_divmodhi4.o)
 .debug_info    0x00031cc6       0x26 /usr/local/Cellar/avr-gcc@8/8.5.0/lib/avr-gcc/8/gcc/avr/8.5.0/avr5/libgcc.a(_tablejump2.o)
 .debug_info    0x00031cec       0x26 /usr/local/Cellar/avr-gcc@8/8.5.0/lib/avr-gcc/8/gcc/avr/8.5.0/avr5/libgcc.a(_copy_data.o)
 .debug_info    0x00031d12       0x26 /usr/local/Cellar/avr-gcc@8/8.5.0/lib/avr-gcc/8/gcc/avr/8.5.0/avr5/libgcc.a(_clear_bss.o)
 .debug_info    0x00031d38       0x26 /usr/local/Cellar/avr-gcc@8/8.5.0/lib/avr-gcc/8/gcc/avr/8.5.0/avr5/libgcc.a(_bswapsi2.o)
 .debug_info    0x00031d5e       0x26 /usr/local/Cellar/avr-gcc@8/8.5.0/lib/avr-gcc/8/gcc/avr/8.5.0/avr5/libgcc.a(_prologue.o)
 .debug_info    0x00031d84       0x26 /usr/local/Cellar/avr-gcc@8/8.5.0/lib/avr-gcc/8/gcc/avr/8.5.0/avr5/libgcc.a(_epilogue.o)
 .debug_info    0x00031daa       0x26 /usr/local/Cellar/avr-gcc@8/8.5.0/lib/avr-gcc/8/gcc/avr/8.5.0/avr5/libgcc.a(_udivmodhi4.o)

.debug_abbrev   0x00000000     0x7145
 *(.debug_abbrev)
 .debug_abbrev  0x00000000      0x96a /usr/local/Cellar/avr-gcc@8/8.5.0/lib/avr-gcc/8/gcc/avr/8.5.0/../../../../../../avr/lib/avr5/crtatmega32u4.o
 .debug_abbrev  0x0000096a     0x6367 /var/folders/qh/rc5ty9qd7sb027gybgx226xr0000gn/T//ccDI2lx1debugobj
 .debug_abbrev  0x00006cd1      0x3ac /var/folders/qh/rc5ty9qd7sb027gybgx226xr0000gn/T//ccdYEH9G.ltrans0.ltrans.o
 .debug_abbrev  0x0000707d       0x14 /usr/local/Cellar/avr-gcc@8/8.5.0/lib/avr-gcc/8/gcc/avr/8.5.0/avr5/libgcc.a(_exit.o)
 .debug_abbrev  0x00007091       0x14 /usr/local/Cellar/avr-gcc@8/8.5.0/lib/avr-gcc/8/gcc/avr/8.5.0/avr5/libgcc.a(_udivmodqi4.o)
 .debug_abbrev  0x000070a5       0x14 /usr/local/Cellar/avr-gcc@8/8.5.0/lib/avr-gcc/8/gcc/avr/8.5.0/avr5/libgcc.a(_divmodhi4.o)
 .debug_abbrev  0x000070b9       0x14 /usr/local/Cellar/avr-gcc@8/8.5.0/lib/avr-gcc/8/gcc/avr/8.5.0/avr5/libgcc.a(_tablejump2.o)
 .debug_abbrev  0x000070cd       0x14 /usr/local/Cellar/avr-gcc@8/8.5.0/lib/avr-gcc/8/gcc/avr/8.5.0/avr5/libgcc.a(_copy_data.o)
 .debug_abbrev  0x000070e1       0x14 /usr/local/Cellar/avr-gcc@8/8.5.0/lib/avr-gcc/8/gcc/avr/8.5.0/avr5/libgcc.a(_clear_bss.o)
 .debug_abbrev  0x000070f5       0x14 /usr/local/Cellar/avr-gcc@8/8.5.0/lib/avr-gcc/8/gcc/avr/8.5.0/avr5/libgcc.a(_bswapsi2.o)
 .debug_abbrev  0x00007109       0x14 /usr/local/Cellar/avr-gcc@8/8.5.0/lib/avr-gcc/8/gcc/avr/8.5.0/avr5/libgcc.a(_prologue.o)
 .debug_abbrev  0x0000711d       0x14 /usr/local/Cellar/avr-gcc@8/8.5.0/lib/avr-gcc/8/gcc/avr/8.5.0/avr5/libgcc.a(_epilogue.o)
 .debug_abbrev  0x00007131       0x14 /usr/local/Cellar/avr-gcc@8/8.5.0/lib/avr-gcc/8/gcc/avr/8.5.0/avr5/libgcc.a(_udivmodhi4.o)

.debug_line     0x00000000    0x16d46
 *(.debug_line .debug_line.* .debug_line_end)
 .debug_line    0x00000000       0x1d /usr/local/Cellar/avr-gcc@8/8.5.0/lib/avr-gcc/8/gcc/avr/8.5.0/../../../../../../avr/lib/avr5/crtatmega32u4.o
 .debug_line    0x0000001d     0x787d /var/folders/qh/rc5ty9qd7sb027gybgx226xr0000gn/T//ccDI2lx1debugobj
 .debug_line    0x0000789a     0xee2a /var/folders/qh/rc5ty9qd7sb027gybgx226xr0000gn/T//ccdYEH9G.ltrans0.ltrans.o
 .debug_line    0x000166c4       0x61 /usr/local/Cellar/avr-gcc@8/8.5.0/lib/avr-gcc/8/gcc/avr/8.5.0/avr5/libgcc.a(_exit.o)
 .debug_line    0x00016725       0x9d /usr/local/Cellar/avr-gcc@8/8.5.0/lib/avr-gcc/8/gcc/avr/8.5.0/avr5/libgcc.a(_udivmodqi4.o)
 .debug_line    0x000167c2       0xc7 /usr/local/Cellar/avr-gcc@8/8.5.0/lib/avr-gcc/8/gcc/avr/8.5.0/avr5/libgcc.a(_divmodhi4.o)
 .debug_line    0x00016889       0x79 /usr/local/Cellar/avr-gcc@8/8.5.0/lib/avr-gcc/8/gcc/avr/8.5.0/avr5/libgcc.a(_tablejump2.o)
 .debug_line    0x00016902       0x97 /usr/local/Cellar/avr-gcc@8/8.5.0/lib/avr-gcc/8/gcc/avr/8.5.0/avr5/libgcc.a(_copy_data.o)
 .debug_line    0x00016999       0x85 /usr/local/Cellar/avr-gcc@8/8.5.0/lib/avr-gcc/8/gcc/avr/8.5.0/avr5/libgcc.a(_clear_bss.o)
 .debug_line    0x00016a1e       0x67 /usr/local/Cellar/avr-gcc@8/8.5.0/lib/avr-gcc/8/gcc/avr/8.5.0/avr5/libgcc.a(_bswapsi2.o)
 .debug_line    0x00016a85       0xfd /usr/local/Cellar/avr-gcc@8/8.5.0/lib/avr-gcc/8/gcc/avr/8.5.0/avr5/libgcc.a(_prologue.o)
 .debug_line    0x00016b82       0xf7 /usr/local/Cellar/avr-gcc@8/8.5.0/lib/avr-gcc/8/gcc/avr/8.5.0/avr5/libgcc.a(_epilogue.o)
 .debug_line    0x00016c79       0xcd /usr/local/Cellar/avr-gcc@8/8.5.0/lib/avr-gcc/8/gcc/avr/8.5.0/avr5/libgcc.a(_udivmodhi4.o)

.debug_frame    0x00000000      0xac0
 *(.debug_frame)
 .debug_frame   0x00000000      0xac0 /var/folders/qh/rc5ty9qd7sb027gybgx226xr0000gn/T//ccdYEH9G.ltrans0.ltrans.o

.debug_str      0x00000000     0x8cbc
 *(.debug_str)
 .debug_str     0x00000000      0x371 /usr/local/Cellar/avr-gcc@8/8.5.0/lib/avr-gcc/8/gcc/avr/8.5.0/../../../../../../avr/lib/avr5/crtatmega32u4.o
 .debug_str     0x00000371     0x87a2 /var/folders/qh/rc5ty9qd7sb027gybgx226xr0000gn/T//ccDI2lx1debugobj
                              0x2e21d (size before relaxing)
 .debug_str     0x00008b13      0x126 /var/folders/qh/rc5ty9qd7sb027gybgx226xr0000gn/T//ccdYEH9G.ltrans0.ltrans.o
                                0x161 (size before relaxing)
 .debug_str     0x00008c39       0x83 /usr/local/Cellar/avr-gcc@8/8.5.0/lib/avr-gcc/8/gcc/avr/8.5.0/avr5/libgcc.a(_exit.o)
 .debug_str     0x00008cbc       0x83 /usr/local/Cellar/avr-gcc@8/8.5.0/lib/avr-gcc/8/gcc/avr/8.5.0/avr5/libgcc.a(_udivmodqi4.o)
 .debug_str     0x00008cbc       0x83 /usr/local/Cellar/avr-gcc@8/8.5.0/lib/avr-gcc/8/gcc/avr/8.5.0/avr5/libgcc.a(_divmodhi4.o)
 .debug_str     0x00008cbc       0x83 /usr/local/Cellar/avr-gcc@8/8.5.0/lib/avr-gcc/8/gcc/avr/8.5.0/avr5/libgcc.a(_tablejump2.o)
 .debug_str     0x00008cbc       0x83 /usr/local/Cellar/avr-gcc@8/8.5.0/lib/avr-gcc/8/gcc/avr/8.5.0/avr5/libgcc.a(_copy_data.o)
 .debug_str     0x00008cbc       0x83 /usr/local/Cellar/avr-gcc@8/8.5.0/lib/avr-gcc/8/gcc/avr/8.5.0/avr5/libgcc.a(_clear_bss.o)
 .debug_str     0x00008cbc       0x83 /usr/local/Cellar/avr-gcc@8/8.5.0/lib/avr-gcc/8/gcc/avr/8.5.0/avr5/libgcc.a(_bswapsi2.o)
 .debug_str     0x00008cbc       0x83 /usr/local/Cellar/avr-gcc@8/8.5.0/lib/avr-gcc/8/gcc/avr/8.5.0/avr5/libgcc.a(_prologue.o)
 .debug_str     0x00008cbc       0x83 /usr/local/Cellar/avr-gcc@8/8.5.0/lib/avr-gcc/8/gcc/avr/8.5.0/avr5/libgcc.a(_epilogue.o)
 .debug_str     0x00008cbc       0x83 /usr/local/Cellar/avr-gcc@8/8.5.0/lib/avr-gcc/8/gcc/avr/8.5.0/avr5/libgcc.a(_udivmodhi4.o)

.debug_loc      0x00000000     0x9949
 *(.debug_loc)
 .debug_loc     0x00000000     0x9949 /var/folders/qh/rc5ty9qd7sb027gybgx226xr0000gn/T//ccdYEH9G.ltrans0.ltrans.o

.debug_macinfo
 *(.debug_macinfo)

.debug_weaknames
 *(.debug_weaknames)

.debug_funcnames
 *(.debug_funcnames)

.debug_typenames
 *(.debug_typenames)

.debug_varnames
 *(.debug_varnames)

.debug_pubtypes
 *(.debug_pubtypes)

.debug_ranges   0x00000000     0x2988
 *(.debug_ranges)
 .debug_ranges  0x00000000     0x2988 /var/folders/qh/rc5ty9qd7sb027gybgx226xr0000gn/T//ccdYEH9G.ltrans0.ltrans.o

.debug_addr
 *(.debug_addr)

.debug_line_str
 *(.debug_line_str)

.debug_loclists
 *(.debug_loclists)

.debug_macro
 *(.debug_macro)

.debug_names
 *(.debug_names)

.debug_rnglists
 *(.debug_rnglists)

.debug_str_offsets
 *(.debug_str_offsets)

.debug_sup
 *(.debug_sup)
OUTPUT(.build/converter_set2_32u4_debug_vial.elf elf32-avr)
LOAD linker stubs

Cross Reference Table

Symbol                                            File
CALLBACK_HIDParser_FilterHIDReportItem            .build/obj_converter_set2_32u4_debug_vial/lib/lufa/LUFA/Drivers/USB/Class/Common/HIDParser.o (symbol from plugin)
CALLBACK_USB_GetDescriptor                        .build/obj_converter_set2_32u4_debug_vial/lufa.o (symbol from plugin)
                                                  .build/obj_converter_set2_32u4_debug_vial/lib/lufa/LUFA/Drivers/USB/Core/DeviceStandardReq.o (symbol from plugin)
COMBO_LEN                                         .build/obj_converter_set2_32u4_debug_vial/quantum/process_keycode/process_combo.o (symbol from plugin)
ConfigDescriptors.c.873f487e                      /var/folders/qh/rc5ty9qd7sb027gybgx226xr0000gn/T//ccDI2lx1debugobj
ConfigurationDescriptor                           .build/obj_converter_set2_32u4_debug_vial/usb_descriptor.o (symbol from plugin)
ConsoleReport                                     .build/obj_converter_set2_32u4_debug_vial/usb_descriptor.o (symbol from plugin)
DeviceDescriptor                                  .build/obj_converter_set2_32u4_debug_vial/usb_descriptor.o (symbol from plugin)
DeviceStandardReq.c.609685f6                      /var/folders/qh/rc5ty9qd7sb027gybgx226xr0000gn/T//ccDI2lx1debugobj
                                                  /var/folders/qh/rc5ty9qd7sb027gybgx226xr0000gn/T//ccdYEH9G.ltrans0.ltrans.o
Device_AVR8.c.ae0a500f                            /var/folders/qh/rc5ty9qd7sb027gybgx226xr0000gn/T//ccDI2lx1debugobj
                                                  /var/folders/qh/rc5ty9qd7sb027gybgx226xr0000gn/T//ccdYEH9G.ltrans0.ltrans.o
EVENT_USB_Device_ConfigurationChanged             .build/obj_converter_set2_32u4_debug_vial/lufa.o (symbol from plugin)
                                                  .build/obj_converter_set2_32u4_debug_vial/lib/lufa/LUFA/Drivers/USB/Core/DeviceStandardReq.o (symbol from plugin)
EVENT_USB_Device_Connect                          .build/obj_converter_set2_32u4_debug_vial/lufa.o (symbol from plugin)
                                                  .build/obj_converter_set2_32u4_debug_vial/lib/lufa/LUFA/Drivers/USB/Core/AVR8/USBInterrupt_AVR8.o (symbol from plugin)
EVENT_USB_Device_ControlRequest                   .build/obj_converter_set2_32u4_debug_vial/lufa.o (symbol from plugin)
                                                  .build/obj_converter_set2_32u4_debug_vial/lib/lufa/LUFA/Drivers/USB/Core/DeviceStandardReq.o (symbol from plugin)
EVENT_USB_Device_Disconnect                       .build/obj_converter_set2_32u4_debug_vial/lufa.o (symbol from plugin)
                                                  .build/obj_converter_set2_32u4_debug_vial/lib/lufa/LUFA/Drivers/USB/Core/AVR8/USBInterrupt_AVR8.o (symbol from plugin)
EVENT_USB_Device_Reset                            .build/obj_converter_set2_32u4_debug_vial/lufa.o (symbol from plugin)
                                                  .build/obj_converter_set2_32u4_debug_vial/lib/lufa/LUFA/Drivers/USB/Core/AVR8/USBInterrupt_AVR8.o (symbol from plugin)
EVENT_USB_Device_StartOfFrame                     .build/obj_converter_set2_32u4_debug_vial/lufa.o (symbol from plugin)
                                                  .build/obj_converter_set2_32u4_debug_vial/lib/lufa/LUFA/Drivers/USB/Core/AVR8/USBInterrupt_AVR8.o (symbol from plugin)
EVENT_USB_Device_Suspend                          .build/obj_converter_set2_32u4_debug_vial/lufa.o (symbol from plugin)
                                                  .build/obj_converter_set2_32u4_debug_vial/lib/lufa/LUFA/Drivers/USB/Core/AVR8/USBInterrupt_AVR8.o (symbol from plugin)
EVENT_USB_Device_WakeUp                           .build/obj_converter_set2_32u4_debug_vial/lufa.o (symbol from plugin)
                                                  .build/obj_converter_set2_32u4_debug_vial/lib/lufa/LUFA/Drivers/USB/Core/AVR8/USBInterrupt_AVR8.o (symbol from plugin)
EndpointStream_AVR8.c.b0ecc9ef                    /var/folders/qh/rc5ty9qd7sb027gybgx226xr0000gn/T//ccDI2lx1debugobj
                                                  /var/folders/qh/rc5ty9qd7sb027gybgx226xr0000gn/T//ccdYEH9G.ltrans0.ltrans.o
Endpoint_AVR8.c.85912d41                          /var/folders/qh/rc5ty9qd7sb027gybgx226xr0000gn/T//ccDI2lx1debugobj
                                                  /var/folders/qh/rc5ty9qd7sb027gybgx226xr0000gn/T//ccdYEH9G.ltrans0.ltrans.o
Endpoint_ClearEndpoints                           .build/obj_converter_set2_32u4_debug_vial/lib/lufa/LUFA/Drivers/USB/Core/AVR8/Endpoint_AVR8.o (symbol from plugin)
Endpoint_ClearStatusStage                         .build/obj_converter_set2_32u4_debug_vial/lib/lufa/LUFA/Drivers/USB/Core/AVR8/Endpoint_AVR8.o (symbol from plugin)
                                                  .build/obj_converter_set2_32u4_debug_vial/lib/lufa/LUFA/Drivers/USB/Core/DeviceStandardReq.o (symbol from plugin)
                                                  .build/obj_converter_set2_32u4_debug_vial/lufa.o (symbol from plugin)
Endpoint_ConfigureEndpointTable                   .build/obj_converter_set2_32u4_debug_vial/lib/lufa/LUFA/Drivers/USB/Core/AVR8/Endpoint_AVR8.o (symbol from plugin)
Endpoint_ConfigureEndpoint_Prv                    .build/obj_converter_set2_32u4_debug_vial/lib/lufa/LUFA/Drivers/USB/Core/AVR8/Endpoint_AVR8.o (symbol from plugin)
                                                  .build/obj_converter_set2_32u4_debug_vial/lib/lufa/LUFA/Drivers/USB/Core/AVR8/USBInterrupt_AVR8.o (symbol from plugin)
                                                  .build/obj_converter_set2_32u4_debug_vial/lib/lufa/LUFA/Drivers/USB/Core/AVR8/USBController_AVR8.o (symbol from plugin)
                                                  .build/obj_converter_set2_32u4_debug_vial/lufa.o (symbol from plugin)
Endpoint_Discard_Stream                           .build/obj_converter_set2_32u4_debug_vial/lib/lufa/LUFA/Drivers/USB/Core/AVR8/EndpointStream_AVR8.o (symbol from plugin)
Endpoint_Null_Stream                              .build/obj_converter_set2_32u4_debug_vial/lib/lufa/LUFA/Drivers/USB/Core/AVR8/EndpointStream_AVR8.o (symbol from plugin)
Endpoint_Read_Control_EStream_BE                  .build/obj_converter_set2_32u4_debug_vial/lib/lufa/LUFA/Drivers/USB/Core/AVR8/EndpointStream_AVR8.o (symbol from plugin)
Endpoint_Read_Control_EStream_LE                  .build/obj_converter_set2_32u4_debug_vial/lib/lufa/LUFA/Drivers/USB/Core/AVR8/EndpointStream_AVR8.o (symbol from plugin)
Endpoint_Read_Control_Stream_BE                   .build/obj_converter_set2_32u4_debug_vial/lib/lufa/LUFA/Drivers/USB/Core/AVR8/EndpointStream_AVR8.o (symbol from plugin)
Endpoint_Read_Control_Stream_LE                   .build/obj_converter_set2_32u4_debug_vial/lib/lufa/LUFA/Drivers/USB/Core/AVR8/EndpointStream_AVR8.o (symbol from plugin)
Endpoint_Read_EStream_BE                          .build/obj_converter_set2_32u4_debug_vial/lib/lufa/LUFA/Drivers/USB/Core/AVR8/EndpointStream_AVR8.o (symbol from plugin)
Endpoint_Read_EStream_LE                          .build/obj_converter_set2_32u4_debug_vial/lib/lufa/LUFA/Drivers/USB/Core/AVR8/EndpointStream_AVR8.o (symbol from plugin)
Endpoint_Read_Stream_BE                           .build/obj_converter_set2_32u4_debug_vial/lib/lufa/LUFA/Drivers/USB/Core/AVR8/EndpointStream_AVR8.o (symbol from plugin)
Endpoint_Read_Stream_LE                           .build/obj_converter_set2_32u4_debug_vial/lib/lufa/LUFA/Drivers/USB/Core/AVR8/EndpointStream_AVR8.o (symbol from plugin)
                                                  .build/obj_converter_set2_32u4_debug_vial/lufa.o (symbol from plugin)
Endpoint_WaitUntilReady                           .build/obj_converter_set2_32u4_debug_vial/lib/lufa/LUFA/Drivers/USB/Core/AVR8/Endpoint_AVR8.o (symbol from plugin)
                                                  .build/obj_converter_set2_32u4_debug_vial/lib/lufa/LUFA/Drivers/USB/Core/AVR8/EndpointStream_AVR8.o (symbol from plugin)
Endpoint_Write_Control_EStream_BE                 .build/obj_converter_set2_32u4_debug_vial/lib/lufa/LUFA/Drivers/USB/Core/AVR8/EndpointStream_AVR8.o (symbol from plugin)
Endpoint_Write_Control_EStream_LE                 .build/obj_converter_set2_32u4_debug_vial/lib/lufa/LUFA/Drivers/USB/Core/AVR8/EndpointStream_AVR8.o (symbol from plugin)
Endpoint_Write_Control_PStream_BE                 .build/obj_converter_set2_32u4_debug_vial/lib/lufa/LUFA/Drivers/USB/Core/AVR8/EndpointStream_AVR8.o (symbol from plugin)
Endpoint_Write_Control_PStream_LE                 .build/obj_converter_set2_32u4_debug_vial/lib/lufa/LUFA/Drivers/USB/Core/AVR8/EndpointStream_AVR8.o (symbol from plugin)
                                                  .build/obj_converter_set2_32u4_debug_vial/lib/lufa/LUFA/Drivers/USB/Core/DeviceStandardReq.o (symbol from plugin)
Endpoint_Write_Control_Stream_BE                  .build/obj_converter_set2_32u4_debug_vial/lib/lufa/LUFA/Drivers/USB/Core/AVR8/EndpointStream_AVR8.o (symbol from plugin)
Endpoint_Write_Control_Stream_LE                  .build/obj_converter_set2_32u4_debug_vial/lib/lufa/LUFA/Drivers/USB/Core/AVR8/EndpointStream_AVR8.o (symbol from plugin)
                                                  .build/obj_converter_set2_32u4_debug_vial/lib/lufa/LUFA/Drivers/USB/Core/DeviceStandardReq.o (symbol from plugin)
                                                  .build/obj_converter_set2_32u4_debug_vial/lufa.o (symbol from plugin)
Endpoint_Write_EStream_BE                         .build/obj_converter_set2_32u4_debug_vial/lib/lufa/LUFA/Drivers/USB/Core/AVR8/EndpointStream_AVR8.o (symbol from plugin)
Endpoint_Write_EStream_LE                         .build/obj_converter_set2_32u4_debug_vial/lib/lufa/LUFA/Drivers/USB/Core/AVR8/EndpointStream_AVR8.o (symbol from plugin)
Endpoint_Write_PStream_BE                         .build/obj_converter_set2_32u4_debug_vial/lib/lufa/LUFA/Drivers/USB/Core/AVR8/EndpointStream_AVR8.o (symbol from plugin)
Endpoint_Write_PStream_LE                         .build/obj_converter_set2_32u4_debug_vial/lib/lufa/LUFA/Drivers/USB/Core/AVR8/EndpointStream_AVR8.o (symbol from plugin)
Endpoint_Write_Stream_BE                          .build/obj_converter_set2_32u4_debug_vial/lib/lufa/LUFA/Drivers/USB/Core/AVR8/EndpointStream_AVR8.o (symbol from plugin)
Endpoint_Write_Stream_LE                          .build/obj_converter_set2_32u4_debug_vial/lib/lufa/LUFA/Drivers/USB/Core/AVR8/EndpointStream_AVR8.o (symbol from plugin)
                                                  .build/obj_converter_set2_32u4_debug_vial/lufa.o (symbol from plugin)
Events.c.33802d46                                 /var/folders/qh/rc5ty9qd7sb027gybgx226xr0000gn/T//ccDI2lx1debugobj
HIDParser.c.1b410d2c                              /var/folders/qh/rc5ty9qd7sb027gybgx226xr0000gn/T//ccDI2lx1debugobj
HostStandardReq.c.6dd730b2                        /var/folders/qh/rc5ty9qd7sb027gybgx226xr0000gn/T//ccDI2lx1debugobj
Host_AVR8.c.2cadd629                              /var/folders/qh/rc5ty9qd7sb027gybgx226xr0000gn/T//ccDI2lx1debugobj
KeyboardReport                                    .build/obj_converter_set2_32u4_debug_vial/usb_descriptor.o (symbol from plugin)
LanguageString                                    .build/obj_converter_set2_32u4_debug_vial/usb_descriptor.o (symbol from plugin)
ManufacturerString                                .build/obj_converter_set2_32u4_debug_vial/usb_descriptor.o (symbol from plugin)
MouseReport                                       .build/obj_converter_set2_32u4_debug_vial/usb_descriptor.o (symbol from plugin)
PipeStream_AVR8.c.74218e49                        /var/folders/qh/rc5ty9qd7sb027gybgx226xr0000gn/T//ccDI2lx1debugobj
Pipe_AVR8.c.0a44db57                              /var/folders/qh/rc5ty9qd7sb027gybgx226xr0000gn/T//ccDI2lx1debugobj
ProductString                                     .build/obj_converter_set2_32u4_debug_vial/usb_descriptor.o (symbol from plugin)
RawReport                                         .build/obj_converter_set2_32u4_debug_vial/usb_descriptor.o (symbol from plugin)
SerialNumberString                                .build/obj_converter_set2_32u4_debug_vial/usb_descriptor.o (symbol from plugin)
SharedReport                                      .build/obj_converter_set2_32u4_debug_vial/usb_descriptor.o (symbol from plugin)
USBController_AVR8.c.cb390951                     /var/folders/qh/rc5ty9qd7sb027gybgx226xr0000gn/T//ccDI2lx1debugobj
                                                  /var/folders/qh/rc5ty9qd7sb027gybgx226xr0000gn/T//ccdYEH9G.ltrans0.ltrans.o
USBInterrupt_AVR8.c.34a6f77d                      /var/folders/qh/rc5ty9qd7sb027gybgx226xr0000gn/T//ccDI2lx1debugobj
                                                  /var/folders/qh/rc5ty9qd7sb027gybgx226xr0000gn/T//ccdYEH9G.ltrans0.ltrans.o
USBTask.c.03fb5fba                                /var/folders/qh/rc5ty9qd7sb027gybgx226xr0000gn/T//ccDI2lx1debugobj
                                                  /var/folders/qh/rc5ty9qd7sb027gybgx226xr0000gn/T//ccdYEH9G.ltrans0.ltrans.o
USB_ControlRequest                                .build/obj_converter_set2_32u4_debug_vial/lib/lufa/LUFA/Drivers/USB/Core/USBTask.o (symbol from plugin)
                                                  .build/obj_converter_set2_32u4_debug_vial/lib/lufa/LUFA/Drivers/USB/Core/DeviceStandardReq.o (symbol from plugin)
                                                  .build/obj_converter_set2_32u4_debug_vial/lib/lufa/LUFA/Drivers/USB/Core/AVR8/Endpoint_AVR8.o (symbol from plugin)
                                                  .build/obj_converter_set2_32u4_debug_vial/lib/lufa/LUFA/Drivers/USB/Core/AVR8/EndpointStream_AVR8.o (symbol from plugin)
                                                  .build/obj_converter_set2_32u4_debug_vial/lufa.o (symbol from plugin)
USB_DeviceState                                   .build/obj_converter_set2_32u4_debug_vial/lib/lufa/LUFA/Drivers/USB/Core/USBTask.o (symbol from plugin)
                                                  .build/obj_converter_set2_32u4_debug_vial/protocol/lufa/usb_util.o (symbol from plugin)
                                                  .build/obj_converter_set2_32u4_debug_vial/lib/lufa/LUFA/Drivers/USB/Core/DeviceStandardReq.o (symbol from plugin)
                                                  .build/obj_converter_set2_32u4_debug_vial/lib/lufa/LUFA/Drivers/USB/Core/AVR8/USBInterrupt_AVR8.o (symbol from plugin)
                                                  .build/obj_converter_set2_32u4_debug_vial/lib/lufa/LUFA/Drivers/USB/Core/AVR8/USBController_AVR8.o (symbol from plugin)
                                                  .build/obj_converter_set2_32u4_debug_vial/lib/lufa/LUFA/Drivers/USB/Core/AVR8/Endpoint_AVR8.o (symbol from plugin)
                                                  .build/obj_converter_set2_32u4_debug_vial/lib/lufa/LUFA/Drivers/USB/Core/AVR8/EndpointStream_AVR8.o (symbol from plugin)
                                                  .build/obj_converter_set2_32u4_debug_vial/lufa.o (symbol from plugin)
                                                  .build/obj_converter_set2_32u4_debug_vial/platforms/avr/suspend.o (symbol from plugin)
USB_Device_ConfigurationNumber                    .build/obj_converter_set2_32u4_debug_vial/lib/lufa/LUFA/Drivers/USB/Core/DeviceStandardReq.o (symbol from plugin)
                                                  .build/obj_converter_set2_32u4_debug_vial/lib/lufa/LUFA/Drivers/USB/Core/AVR8/USBInterrupt_AVR8.o (symbol from plugin)
                                                  .build/obj_converter_set2_32u4_debug_vial/lib/lufa/LUFA/Drivers/USB/Core/AVR8/USBController_AVR8.o (symbol from plugin)
                                                  .build/obj_converter_set2_32u4_debug_vial/lufa.o (symbol from plugin)
USB_Device_CurrentlySelfPowered                   .build/obj_converter_set2_32u4_debug_vial/lib/lufa/LUFA/Drivers/USB/Core/DeviceStandardReq.o (symbol from plugin)
                                                  .build/obj_converter_set2_32u4_debug_vial/lib/lufa/LUFA/Drivers/USB/Core/AVR8/USBController_AVR8.o (symbol from plugin)
USB_Device_ProcessControlRequest                  .build/obj_converter_set2_32u4_debug_vial/lib/lufa/LUFA/Drivers/USB/Core/DeviceStandardReq.o (symbol from plugin)
                                                  .build/obj_converter_set2_32u4_debug_vial/lib/lufa/LUFA/Drivers/USB/Core/USBTask.o (symbol from plugin)
                                                  .build/obj_converter_set2_32u4_debug_vial/lib/lufa/LUFA/Drivers/USB/Core/AVR8/USBInterrupt_AVR8.o (symbol from plugin)
USB_Device_RemoteWakeupEnabled                    .build/obj_converter_set2_32u4_debug_vial/lib/lufa/LUFA/Drivers/USB/Core/DeviceStandardReq.o (symbol from plugin)
                                                  .build/obj_converter_set2_32u4_debug_vial/lib/lufa/LUFA/Drivers/USB/Core/AVR8/USBController_AVR8.o (symbol from plugin)
                                                  .build/obj_converter_set2_32u4_debug_vial/lufa.o (symbol from plugin)
USB_Device_SendRemoteWakeup                       .build/obj_converter_set2_32u4_debug_vial/lib/lufa/LUFA/Drivers/USB/Core/AVR8/Device_AVR8.o (symbol from plugin)
                                                  .build/obj_converter_set2_32u4_debug_vial/lufa.o (symbol from plugin)
USB_Disable                                       .build/obj_converter_set2_32u4_debug_vial/lib/lufa/LUFA/Drivers/USB/Core/AVR8/USBController_AVR8.o (symbol from plugin)
                                                  .build/obj_converter_set2_32u4_debug_vial/protocol/lufa/usb_util.o (symbol from plugin)
                                                  .build/obj_converter_set2_32u4_debug_vial/lufa.o (symbol from plugin)
USB_Event_Stub                                    .build/obj_converter_set2_32u4_debug_vial/lib/lufa/LUFA/Drivers/USB/Core/Events.o (symbol from plugin)
USB_Event_Stub_2                                  .build/obj_converter_set2_32u4_debug_vial/lib/lufa/LUFA/Drivers/USB/Core/Events.o (symbol from plugin)
USB_Event_Stub_3                                  .build/obj_converter_set2_32u4_debug_vial/lib/lufa/LUFA/Drivers/USB/Core/Events.o (symbol from plugin)
USB_GetHIDReportItemInfo                          .build/obj_converter_set2_32u4_debug_vial/lib/lufa/LUFA/Drivers/USB/Class/Common/HIDParser.o (symbol from plugin)
USB_GetHIDReportSize                              .build/obj_converter_set2_32u4_debug_vial/lib/lufa/LUFA/Drivers/USB/Class/Common/HIDParser.o (symbol from plugin)
USB_GetNextDescriptorComp                         .build/obj_converter_set2_32u4_debug_vial/lib/lufa/LUFA/Drivers/USB/Core/ConfigDescriptors.o (symbol from plugin)
USB_GetNextDescriptorOfType                       .build/obj_converter_set2_32u4_debug_vial/lib/lufa/LUFA/Drivers/USB/Core/ConfigDescriptors.o (symbol from plugin)
USB_GetNextDescriptorOfTypeAfter                  .build/obj_converter_set2_32u4_debug_vial/lib/lufa/LUFA/Drivers/USB/Core/ConfigDescriptors.o (symbol from plugin)
USB_GetNextDescriptorOfTypeBefore                 .build/obj_converter_set2_32u4_debug_vial/lib/lufa/LUFA/Drivers/USB/Core/ConfigDescriptors.o (symbol from plugin)
USB_INT_ClearAllInterrupts                        .build/obj_converter_set2_32u4_debug_vial/lib/lufa/LUFA/Drivers/USB/Core/AVR8/USBInterrupt_AVR8.o (symbol from plugin)
                                                  .build/obj_converter_set2_32u4_debug_vial/lib/lufa/LUFA/Drivers/USB/Core/AVR8/USBController_AVR8.o (symbol from plugin)
USB_INT_DisableAllInterrupts                      .build/obj_converter_set2_32u4_debug_vial/lib/lufa/LUFA/Drivers/USB/Core/AVR8/USBInterrupt_AVR8.o (symbol from plugin)
                                                  .build/obj_converter_set2_32u4_debug_vial/lib/lufa/LUFA/Drivers/USB/Core/AVR8/USBController_AVR8.o (symbol from plugin)
USB_Init                                          .build/obj_converter_set2_32u4_debug_vial/lib/lufa/LUFA/Drivers/USB/Core/AVR8/USBController_AVR8.o (symbol from plugin)
                                                  .build/obj_converter_set2_32u4_debug_vial/lufa.o (symbol from plugin)
USB_IsInitialized                                 .build/obj_converter_set2_32u4_debug_vial/lib/lufa/LUFA/Drivers/USB/Core/USBTask.o (symbol from plugin)
                                                  .build/obj_converter_set2_32u4_debug_vial/lib/lufa/LUFA/Drivers/USB/Core/AVR8/USBController_AVR8.o (symbol from plugin)
                                                  .build/obj_converter_set2_32u4_debug_vial/lufa.o (symbol from plugin)
USB_ProcessHIDReport                              .build/obj_converter_set2_32u4_debug_vial/lib/lufa/LUFA/Drivers/USB/Class/Common/HIDParser.o (symbol from plugin)
USB_ResetInterface                                .build/obj_converter_set2_32u4_debug_vial/lib/lufa/LUFA/Drivers/USB/Core/AVR8/USBController_AVR8.o (symbol from plugin)
USB_SetHIDReportItemInfo                          .build/obj_converter_set2_32u4_debug_vial/lib/lufa/LUFA/Drivers/USB/Class/Common/HIDParser.o (symbol from plugin)
USB_USBTask                                       .build/obj_converter_set2_32u4_debug_vial/lib/lufa/LUFA/Drivers/USB/Core/USBTask.o (symbol from plugin)
                                                  .build/obj_converter_set2_32u4_debug_vial/lufa.o (symbol from plugin)
__FUSE_REGION_LENGTH__                            /usr/local/Cellar/avr-gcc@8/8.5.0/lib/avr-gcc/8/gcc/avr/8.5.0/../../../../../../avr/lib/avr5/crtatmega32u4.o
__bad_interrupt                                   /usr/local/Cellar/avr-gcc@8/8.5.0/lib/avr-gcc/8/gcc/avr/8.5.0/../../../../../../avr/lib/avr5/crtatmega32u4.o
__bss_end                                         /usr/local/Cellar/avr-gcc@8/8.5.0/lib/avr-gcc/8/gcc/avr/8.5.0/avr5/libgcc.a(_clear_bss.o)
__bss_start                                       /usr/local/Cellar/avr-gcc@8/8.5.0/lib/avr-gcc/8/gcc/avr/8.5.0/avr5/libgcc.a(_clear_bss.o)
__bswapsi2                                        /usr/local/Cellar/avr-gcc@8/8.5.0/lib/avr-gcc/8/gcc/avr/8.5.0/avr5/libgcc.a(_bswapsi2.o)
                                                  /var/folders/qh/rc5ty9qd7sb027gybgx226xr0000gn/T//ccdYEH9G.ltrans0.ltrans.o
__data_end                                        /usr/local/Cellar/avr-gcc@8/8.5.0/lib/avr-gcc/8/gcc/avr/8.5.0/avr5/libgcc.a(_copy_data.o)
__data_load_start                                 /usr/local/Cellar/avr-gcc@8/8.5.0/lib/avr-gcc/8/gcc/avr/8.5.0/avr5/libgcc.a(_copy_data.o)
__data_start                                      /usr/local/Cellar/avr-gcc@8/8.5.0/lib/avr-gcc/8/gcc/avr/8.5.0/avr5/libgcc.a(_copy_data.o)
__divmodhi4                                       /usr/local/Cellar/avr-gcc@8/8.5.0/lib/avr-gcc/8/gcc/avr/8.5.0/avr5/libgcc.a(_divmodhi4.o)
                                                  /var/folders/qh/rc5ty9qd7sb027gybgx226xr0000gn/T//ccdYEH9G.ltrans0.ltrans.o
__do_clear_bss                                    /usr/local/Cellar/avr-gcc@8/8.5.0/lib/avr-gcc/8/gcc/avr/8.5.0/avr5/libgcc.a(_clear_bss.o)
                                                  /var/folders/qh/rc5ty9qd7sb027gybgx226xr0000gn/T//ccdYEH9G.ltrans0.ltrans.o
__do_copy_data                                    /usr/local/Cellar/avr-gcc@8/8.5.0/lib/avr-gcc/8/gcc/avr/8.5.0/avr5/libgcc.a(_copy_data.o)
                                                  /var/folders/qh/rc5ty9qd7sb027gybgx226xr0000gn/T//ccdYEH9G.ltrans0.ltrans.o
__epilogue_restores__                             /usr/local/Cellar/avr-gcc@8/8.5.0/lib/avr-gcc/8/gcc/avr/8.5.0/avr5/libgcc.a(_epilogue.o)
                                                  /var/folders/qh/rc5ty9qd7sb027gybgx226xr0000gn/T//ccdYEH9G.ltrans0.ltrans.o
__heap_end                                        /usr/local/Cellar/avr-gcc@8/8.5.0/lib/avr-gcc/8/gcc/avr/8.5.0/../../../../../../avr/lib/avr5/crtatmega32u4.o
__init                                            /usr/local/Cellar/avr-gcc@8/8.5.0/lib/avr-gcc/8/gcc/avr/8.5.0/../../../../../../avr/lib/avr5/crtatmega32u4.o
__prologue_saves__                                /usr/local/Cellar/avr-gcc@8/8.5.0/lib/avr-gcc/8/gcc/avr/8.5.0/avr5/libgcc.a(_prologue.o)
                                                  /var/folders/qh/rc5ty9qd7sb027gybgx226xr0000gn/T//ccdYEH9G.ltrans0.ltrans.o
__stack                                           /usr/local/Cellar/avr-gcc@8/8.5.0/lib/avr-gcc/8/gcc/avr/8.5.0/../../../../../../avr/lib/avr5/crtatmega32u4.o
__tablejump2__                                    /usr/local/Cellar/avr-gcc@8/8.5.0/lib/avr-gcc/8/gcc/avr/8.5.0/avr5/libgcc.a(_tablejump2.o)
                                                  /var/folders/qh/rc5ty9qd7sb027gybgx226xr0000gn/T//ccdYEH9G.ltrans0.ltrans.o
__udivmodhi4                                      /usr/local/Cellar/avr-gcc@8/8.5.0/lib/avr-gcc/8/gcc/avr/8.5.0/avr5/libgcc.a(_udivmodhi4.o)
                                                  /usr/local/Cellar/avr-gcc@8/8.5.0/lib/avr-gcc/8/gcc/avr/8.5.0/avr5/libgcc.a(_divmodhi4.o)
__udivmodqi4                                      /usr/local/Cellar/avr-gcc@8/8.5.0/lib/avr-gcc/8/gcc/avr/8.5.0/avr5/libgcc.a(_udivmodqi4.o)
                                                  /var/folders/qh/rc5ty9qd7sb027gybgx226xr0000gn/T//ccdYEH9G.ltrans0.ltrans.o
__vector_1                                        /usr/local/Cellar/avr-gcc@8/8.5.0/lib/avr-gcc/8/gcc/avr/8.5.0/../../../../../../avr/lib/avr5/crtatmega32u4.o