Archive member included to satisfy reference by file (symbol)

/usr/local/Cellar/arm-none-eabi-gcc@8/8.5.0_2/lib/arm-none-eabi-gcc/8/gcc/arm-none-eabi/8.5.0/../../../../../../arm-none-eabi/lib/thumb/v6-m/nofp/libg_nano.a(lib_a-ctype_.o)
                              .build/obj_converter_cumulus_ta15_default/quantum/send_string/send_string.o (symbol from plugin) (_ctype_)
/usr/local/Cellar/arm-none-eabi-gcc@8/8.5.0_2/lib/arm-none-eabi-gcc/8/gcc/arm-none-eabi/8.5.0/../../../../../../arm-none-eabi/lib/thumb/v6-m/nofp/libg_nano.a(lib_a-errno.o)
                              .build/obj_converter_cumulus_ta15/platforms/chibios/syscall-fallbacks.o (symbol from plugin) (__errno)
/usr/local/Cellar/arm-none-eabi-gcc@8/8.5.0_2/lib/arm-none-eabi-gcc/8/gcc/arm-none-eabi/8.5.0/../../../../../../arm-none-eabi/lib/thumb/v6-m/nofp/libg_nano.a(lib_a-impure.o)
                              /usr/local/Cellar/arm-none-eabi-gcc@8/8.5.0_2/lib/arm-none-eabi-gcc/8/gcc/arm-none-eabi/8.5.0/../../../../../../arm-none-eabi/lib/thumb/v6-m/nofp/libg_nano.a(lib_a-errno.o) (_impure_ptr)
/usr/local/Cellar/arm-none-eabi-gcc@8/8.5.0_2/lib/arm-none-eabi-gcc/8/gcc/arm-none-eabi/8.5.0/../../../../../../arm-none-eabi/lib/thumb/v6-m/nofp/libg_nano.a(lib_a-rand.o)
                              .build/obj_converter_cumulus_ta15_default/quantum/send_string/send_string.o (symbol from plugin) (rand)
/usr/local/Cellar/arm-none-eabi-gcc@8/8.5.0_2/lib/arm-none-eabi-gcc/8/gcc/arm-none-eabi/8.5.0/../../../../../../arm-none-eabi/lib/thumb/v6-m/nofp/libg_nano.a(lib_a-assert.o)
                              /usr/local/Cellar/arm-none-eabi-gcc@8/8.5.0_2/lib/arm-none-eabi-gcc/8/gcc/arm-none-eabi/8.5.0/../../../../../../arm-none-eabi/lib/thumb/v6-m/nofp/libg_nano.a(lib_a-rand.o) (__assert_func)
/usr/local/Cellar/arm-none-eabi-gcc@8/8.5.0_2/lib/arm-none-eabi-gcc/8/gcc/arm-none-eabi/8.5.0/../../../../../../arm-none-eabi/lib/thumb/v6-m/nofp/libg_nano.a(lib_a-fprintf.o)
                              /usr/local/Cellar/arm-none-eabi-gcc@8/8.5.0_2/lib/arm-none-eabi-gcc/8/gcc/arm-none-eabi/8.5.0/../../../../../../arm-none-eabi/lib/thumb/v6-m/nofp/libg_nano.a(lib_a-assert.o) (fiprintf)
/usr/local/Cellar/arm-none-eabi-gcc@8/8.5.0_2/lib/arm-none-eabi-gcc/8/gcc/arm-none-eabi/8.5.0/../../../../../../arm-none-eabi/lib/thumb/v6-m/nofp/libg_nano.a(lib_a-malloc.o)
                              /usr/local/Cellar/arm-none-eabi-gcc@8/8.5.0_2/lib/arm-none-eabi-gcc/8/gcc/arm-none-eabi/8.5.0/../../../../../../arm-none-eabi/lib/thumb/v6-m/nofp/libg_nano.a(lib_a-rand.o) (malloc)
/usr/local/Cellar/arm-none-eabi-gcc@8/8.5.0_2/lib/arm-none-eabi-gcc/8/gcc/arm-none-eabi/8.5.0/../../../../../../arm-none-eabi/lib/thumb/v6-m/nofp/libg_nano.a(lib_a-nano-freer.o)
                              /usr/local/Cellar/arm-none-eabi-gcc@8/8.5.0_2/lib/arm-none-eabi-gcc/8/gcc/arm-none-eabi/8.5.0/../../../../../../arm-none-eabi/lib/thumb/v6-m/nofp/libg_nano.a(lib_a-malloc.o) (_free_r)
/usr/local/Cellar/arm-none-eabi-gcc@8/8.5.0_2/lib/arm-none-eabi-gcc/8/gcc/arm-none-eabi/8.5.0/../../../../../../arm-none-eabi/lib/thumb/v6-m/nofp/libg_nano.a(lib_a-nano-mallocr.o)
                              /usr/local/Cellar/arm-none-eabi-gcc@8/8.5.0_2/lib/arm-none-eabi-gcc/8/gcc/arm-none-eabi/8.5.0/../../../../../../arm-none-eabi/lib/thumb/v6-m/nofp/libg_nano.a(lib_a-malloc.o) (_malloc_r)
/usr/local/Cellar/arm-none-eabi-gcc@8/8.5.0_2/lib/arm-none-eabi-gcc/8/gcc/arm-none-eabi/8.5.0/../../../../../../arm-none-eabi/lib/thumb/v6-m/nofp/libg_nano.a(lib_a-nano-vfprintf.o)
                              /usr/local/Cellar/arm-none-eabi-gcc@8/8.5.0_2/lib/arm-none-eabi-gcc/8/gcc/arm-none-eabi/8.5.0/../../../../../../arm-none-eabi/lib/thumb/v6-m/nofp/libg_nano.a(lib_a-fprintf.o) (_vfprintf_r)
/usr/local/Cellar/arm-none-eabi-gcc@8/8.5.0_2/lib/arm-none-eabi-gcc/8/gcc/arm-none-eabi/8.5.0/../../../../../../arm-none-eabi/lib/thumb/v6-m/nofp/libg_nano.a(lib_a-nano-vfprintf_i.o)
                              /usr/local/Cellar/arm-none-eabi-gcc@8/8.5.0_2/lib/arm-none-eabi-gcc/8/gcc/arm-none-eabi/8.5.0/../../../../../../arm-none-eabi/lib/thumb/v6-m/nofp/libg_nano.a(lib_a-nano-vfprintf.o) (_printf_i)
/usr/local/Cellar/arm-none-eabi-gcc@8/8.5.0_2/lib/arm-none-eabi-gcc/8/gcc/arm-none-eabi/8.5.0/../../../../../../arm-none-eabi/lib/thumb/v6-m/nofp/libg_nano.a(lib_a-wbuf.o)
                              /usr/local/Cellar/arm-none-eabi-gcc@8/8.5.0_2/lib/arm-none-eabi-gcc/8/gcc/arm-none-eabi/8.5.0/../../../../../../arm-none-eabi/lib/thumb/v6-m/nofp/libg_nano.a(lib_a-nano-vfprintf.o) (__swbuf_r)
/usr/local/Cellar/arm-none-eabi-gcc@8/8.5.0_2/lib/arm-none-eabi-gcc/8/gcc/arm-none-eabi/8.5.0/../../../../../../arm-none-eabi/lib/thumb/v6-m/nofp/libg_nano.a(lib_a-wsetup.o)
                              /usr/local/Cellar/arm-none-eabi-gcc@8/8.5.0_2/lib/arm-none-eabi-gcc/8/gcc/arm-none-eabi/8.5.0/../../../../../../arm-none-eabi/lib/thumb/v6-m/nofp/libg_nano.a(lib_a-nano-vfprintf.o) (__swsetup_r)
[...]
Memory Configuration

Name             Origin             Length             Attributes
flash0           0x00000000         0x00004000         xr
flash1           0x10000000         0x00200000         xr
flash2           0x00000000         0x00000000         xr
flash3           0x00000000         0x00000000         xr
flash4           0x00000000         0x00000000         xr
flash5           0x00000000         0x00000000         xr
flash6           0x00000000         0x00000000         xr
flash7           0x00000000         0x00000000         xr
ram0             0x20000000         0x00040000         xw
ram1             0x00000000         0x00040000         xw
ram2             0x00000000         0x00000000         xw
ram3             0x00000000         0x00000000         xw
ram4             0x20040000         0x00001000         xw
ram5             0x20041000         0x00001000         xw
ram6             0x00000000         0x00000000         xw
ram7             0x20041f00         0x00000100         xw
*default*        0x00000000         0xffffffff

Linker script and memory map

LOAD .build/obj_converter_cumulus_ta15_default/keyboards/converter/cumulus_ta15/cumulus_ta15.o
LOAD /var/folders/x9/cy1bx1f960zd_7xhdrxmk_zm0000gn/T//ccy87cV2debugobj
LOAD /var/folders/x9/cy1bx1f960zd_7xhdrxmk_zm0000gn/T//ccstj3om.ltrans0.ltrans.o
LOAD .build/obj_converter_cumulus_ta15_default/.build/obj_converter_cumulus_ta15/src/default_keyboard.o
LOAD .build/obj_converter_cumulus_ta15_default/quantum/keymap_introspection.o
LOAD .build/obj_converter_cumulus_ta15_default/quantum/quantum.o
LOAD .build/obj_converter_cumulus_ta15_default/quantum/bitwise.o
LOAD .build/obj_converter_cumulus_ta15_default/quantum/led.o
LOAD .build/obj_converter_cumulus_ta15_default/quantum/action.o
LOAD .build/obj_converter_cumulus_ta15_default/quantum/action_layer.o
LOAD .build/obj_converter_cumulus_ta15_default/quantum/action_tapping.o
LOAD .build/obj_converter_cumulus_ta15_default/quantum/action_util.o
LOAD .build/obj_converter_cumulus_ta15_default/quantum/eeconfig.o
LOAD .build/obj_converter_cumulus_ta15_default/quantum/keyboard.o
LOAD .build/obj_converter_cumulus_ta15_default/quantum/keymap_common.o
LOAD .build/obj_converter_cumulus_ta15_default/quantum/keycode_config.o
LOAD .build/obj_converter_cumulus_ta15_default/quantum/sync_timer.o
LOAD .build/obj_converter_cumulus_ta15_default/quantum/logging/debug.o
LOAD .build/obj_converter_cumulus_ta15_default/quantum/logging/sendchar.o
LOAD .build/obj_converter_cumulus_ta15_default/quantum/logging/print.o
LOAD .build/obj_converter_cumulus_ta15_default/quantum/bootmagic/bootmagic_lite.o
LOAD .build/obj_converter_cumulus_ta15_default/quantum/bootmagic/magic.o
LOAD .build/obj_converter_cumulus_ta15_default/quantum/matrix_common.o
LOAD .build/obj_converter_cumulus_ta15_default/quantum/matrix.o
LOAD .build/obj_converter_cumulus_ta15_default/quantum/debounce/sym_defer_g.o
LOAD .build/obj_converter_cumulus_ta15_default/quantum/main.o
LOAD .build/obj_converter_cumulus_ta15_default/printf.o
LOAD .build/obj_converter_cumulus_ta15_default/quantum/mousekey.o
LOAD .build/obj_converter_cumulus_ta15_default/eeprom_driver.o
LOAD .build/obj_converter_cumulus_ta15_default/eeprom_wear_leveling.o
LOAD .build/obj_converter_cumulus_ta15_default/wear_leveling.o
LOAD .build/obj_converter_cumulus_ta15_default/wear_leveling_rp2040_flash.o
LOAD .build/obj_converter_cumulus_ta15_default/qmk_fnv_type_validation.o
LOAD .build/obj_converter_cumulus_ta15_default/hash_32a.o
LOAD .build/obj_converter_cumulus_ta15_default/hash_64a.o
LOAD .build/obj_converter_cumulus_ta15_default/quantum/process_keycode/process_unicode.o
LOAD .build/obj_converter_cumulus_ta15_default/quantum/process_keycode/process_unicode_common.o
LOAD .build/obj_converter_cumulus_ta15_default/quantum/utf8.o
LOAD .build/obj_converter_cumulus_ta15_default/quantum/process_keycode/process_magic.o
LOAD .build/obj_converter_cumulus_ta15_default/quantum/send_string/send_string.o
LOAD .build/obj_converter_cumulus_ta15_default/quantum/process_keycode/process_dynamic_macro.o
LOAD .build/obj_converter_cumulus_ta15_default/quantum/process_keycode/process_grave_esc.o
LOAD .build/obj_converter_cumulus_ta15_default/quantum/process_keycode/process_space_cadet.o
LOAD .build/obj_converter_cumulus_ta15_default/./lib/chibios/os/common/startup/ARMCMx/compilers/GCC/crt0_v6m.o
LOAD .build/obj_converter_cumulus_ta15_default/./lib/chibios/os/common/startup/ARMCMx/compilers/GCC/vectors.o
LOAD .build/obj_converter_cumulus_ta15_default/./lib/chibios/os/common/ports/ARMv6-M-RP2/compilers/GCC/chcoreasm.o
LOAD .build/obj_converter_cumulus_ta15_default/protocol/host.o
LOAD .build/obj_converter_cumulus_ta15_default/protocol/report.o
LOAD .build/obj_converter_cumulus_ta15_default/protocol/usb_device_state.o
LOAD .build/obj_converter_cumulus_ta15_default/protocol/usb_util.o
LOAD .build/obj_converter_cumulus_ta15_default/platforms/suspend.o
LOAD .build/obj_converter_cumulus_ta15_default/platforms/chibios/hardware_id.o
LOAD .build/obj_converter_cumulus_ta15_default/platforms/chibios/platform.o
LOAD .build/obj_converter_cumulus_ta15_default/platforms/chibios/suspend.o
LOAD .build/obj_converter_cumulus_ta15_default/platforms/chibios/timer.o
LOAD .build/obj_converter_cumulus_ta15_default/platforms/chibios/bootloaders/rp2040.o
LOAD .build/obj_converter_cumulus_ta15_default/protocol/chibios/usb_main.o
LOAD .build/obj_converter_cumulus_ta15_default/protocol/chibios/chibios.o
LOAD .build/obj_converter_cumulus_ta15_default/usb_descriptor.o
LOAD .build/obj_converter_cumulus_ta15_default/protocol/chibios/usb_driver.o
LOAD .build/obj_converter_cumulus_ta15_default/protocol/chibios/usb_util.o
LOAD .build/obj_converter_cumulus_ta15_default/./lib/chibios/os/oslib/src/chmboxes.o
LOAD .build/obj_converter_cumulus_ta15_default/./lib/chibios/os/oslib/src/chmemcore.o
LOAD .build/obj_converter_cumulus_ta15_default/./lib/chibios/os/oslib/src/chmemheaps.o
LOAD .build/obj_converter_cumulus_ta15_default/./lib/chibios/os/oslib/src/chmempools.o
LOAD .build/obj_converter_cumulus_ta15_default/./lib/chibios/os/oslib/src/chpipes.o
LOAD .build/obj_converter_cumulus_ta15_default/./lib/chibios/os/oslib/src/chobjcaches.o
LOAD .build/obj_converter_cumulus_ta15_default/./lib/chibios/os/oslib/src/chdelegates.o
LOAD .build/obj_converter_cumulus_ta15_default/./lib/chibios/os/oslib/src/chfactory.o
LOAD .build/obj_converter_cumulus_ta15/lib/chibios/os/common/startup/ARMCMx/compilers/GCC/crt1.o
LOAD .build/obj_converter_cumulus_ta15/lib/chibios/os/rt/src/chsys.o
LOAD .build/obj_converter_cumulus_ta15/lib/chibios/os/rt/src/chrfcu.o
LOAD .build/obj_converter_cumulus_ta15/lib/chibios/os/rt/src/chdebug.o
LOAD .build/obj_converter_cumulus_ta15/lib/chibios/os/rt/src/chtrace.o
LOAD .build/obj_converter_cumulus_ta15/lib/chibios/os/rt/src/chvt.o
LOAD .build/obj_converter_cumulus_ta15/lib/chibios/os/rt/src/chschd.o
LOAD .build/obj_converter_cumulus_ta15/lib/chibios/os/rt/src/chinstances.o
LOAD .build/obj_converter_cumulus_ta15/lib/chibios/os/rt/src/chthreads.o
LOAD .build/obj_converter_cumulus_ta15/lib/chibios/os/rt/src/chtm.o
LOAD .build/obj_converter_cumulus_ta15/lib/chibios/os/rt/src/chstats.o
LOAD .build/obj_converter_cumulus_ta15/lib/chibios/os/rt/src/chregistry.o
LOAD .build/obj_converter_cumulus_ta15/lib/chibios/os/rt/src/chsem.o
LOAD .build/obj_converter_cumulus_ta15/lib/chibios/os/rt/src/chmtx.o
LOAD .build/obj_converter_cumulus_ta15/lib/chibios/os/rt/src/chcond.o
LOAD .build/obj_converter_cumulus_ta15/lib/chibios/os/rt/src/chevents.o
LOAD .build/obj_converter_cumulus_ta15/lib/chibios/os/rt/src/chmsg.o
LOAD .build/obj_converter_cumulus_ta15/lib/chibios/os/rt/src/chdynamic.o
LOAD .build/obj_converter_cumulus_ta15/lib/chibios/os/common/ports/ARMv6-M-RP2/chcore.o
LOAD .build/obj_converter_cumulus_ta15/lib/chibios/os/hal/osal/rt-nil/osal.o
LOAD .build/obj_converter_cumulus_ta15/lib/chibios/os/hal/src/hal.o
LOAD .build/obj_converter_cumulus_ta15/lib/chibios/os/hal/src/hal_st.o
LOAD .build/obj_converter_cumulus_ta15/lib/chibios/os/hal/src/hal_buffers.o
LOAD .build/obj_converter_cumulus_ta15/lib/chibios/os/hal/src/hal_queues.o
LOAD .build/obj_converter_cumulus_ta15/lib/chibios/os/hal/src/hal_flash.o
LOAD .build/obj_converter_cumulus_ta15/lib/chibios/os/hal/src/hal_mmcsd.o
LOAD .build/obj_converter_cumulus_ta15/lib/chibios/os/hal/src/hal_adc.o
LOAD .build/obj_converter_cumulus_ta15/lib/chibios/os/hal/src/hal_can.o
LOAD .build/obj_converter_cumulus_ta15/lib/chibios/os/hal/src/hal_crypto.o
LOAD .build/obj_converter_cumulus_ta15/lib/chibios/os/hal/src/hal_dac.o
LOAD .build/obj_converter_cumulus_ta15/lib/chibios/os/hal/src/hal_efl.o
LOAD .build/obj_converter_cumulus_ta15/lib/chibios/os/hal/src/hal_gpt.o
LOAD .build/obj_converter_cumulus_ta15/lib/chibios/os/hal/src/hal_i2c.o
LOAD .build/obj_converter_cumulus_ta15/lib/chibios/os/hal/src/hal_i2s.o
LOAD .build/obj_converter_cumulus_ta15/lib/chibios/os/hal/src/hal_icu.o
LOAD .build/obj_converter_cumulus_ta15/lib/chibios/os/hal/src/hal_mac.o
LOAD .build/obj_converter_cumulus_ta15/lib/chibios/os/hal/src/hal_mmc_spi.o
LOAD .build/obj_converter_cumulus_ta15/lib/chibios/os/hal/src/hal_pal.o
LOAD .build/obj_converter_cumulus_ta15/lib/chibios/os/hal/src/hal_pwm.o
LOAD .build/obj_converter_cumulus_ta15/lib/chibios/os/hal/src/hal_rtc.o
LOAD .build/obj_converter_cumulus_ta15/lib/chibios/os/hal/src/hal_sdc.o
LOAD .build/obj_converter_cumulus_ta15/lib/chibios/os/hal/src/hal_serial.o
LOAD .build/obj_converter_cumulus_ta15/lib/chibios/os/hal/src/hal_serial_usb.o
LOAD .build/obj_converter_cumulus_ta15/lib/chibios/os/hal/src/hal_sio.o
LOAD .build/obj_converter_cumulus_ta15/lib/chibios/os/hal/src/hal_spi.o
LOAD .build/obj_converter_cumulus_ta15/lib/chibios/os/hal/src/hal_trng.o
LOAD .build/obj_converter_cumulus_ta15/lib/chibios/os/hal/src/hal_uart.o
LOAD .build/obj_converter_cumulus_ta15/lib/chibios/os/hal/src/hal_usb.o
LOAD .build/obj_converter_cumulus_ta15/lib/chibios/os/hal/src/hal_wdg.o
LOAD .build/obj_converter_cumulus_ta15/lib/chibios/os/hal/src/hal_wspi.o
LOAD .build/obj_converter_cumulus_ta15/lib/chibios/os/hal/ports/common/ARMCMx/nvic.o
LOAD .build/obj_converter_cumulus_ta15/lib/chibios/os/hal/ports/RP/RP2040/rp_isr.o
LOAD .build/obj_converter_cumulus_ta15/lib/chibios/os/hal/ports/RP/RP2040/hal_lld.o
LOAD .build/obj_converter_cumulus_ta15/lib/chibios/os/hal/ports/RP/LLD/DMAv1/rp_dma.o
LOAD .build/obj_converter_cumulus_ta15/lib/chibios/os/hal/ports/RP/LLD/GPIOv1/hal_pal_lld.o
LOAD .build/obj_converter_cumulus_ta15/lib/chibios/os/hal/ports/RP/LLD/SPIv1/hal_spi_lld.o
LOAD .build/obj_converter_cumulus_ta15/lib/chibios/os/hal/ports/RP/LLD/TIMERv1/hal_st_lld.o
LOAD .build/obj_converter_cumulus_ta15/lib/chibios/os/hal/ports/RP/LLD/UARTv1/hal_sio_lld.o
LOAD .build/obj_converter_cumulus_ta15/lib/chibios/os/hal/ports/RP/LLD/RTCv1/hal_rtc_lld.o
LOAD .build/obj_converter_cumulus_ta15/lib/chibios/os/hal/ports/RP/LLD/WDGv1/hal_wdg_lld.o
LOAD .build/obj_converter_cumulus_ta15/lib/chibios-contrib/os/hal/ports/RP/LLD/I2Cv1/hal_i2c_lld.o
LOAD .build/obj_converter_cumulus_ta15/lib/chibios-contrib/os/hal/ports/RP/LLD/PWMv1/hal_pwm_lld.o
LOAD .build/obj_converter_cumulus_ta15/lib/chibios-contrib/os/hal/ports/RP/LLD/ADCv1/hal_adc_lld.o
LOAD .build/obj_converter_cumulus_ta15/lib/chibios-contrib/os/hal/ports/RP/LLD/USBDv1/hal_usb_lld.o
LOAD .build/obj_converter_cumulus_ta15/lib/chibios/os/hal/boards/RP_PICO_RP2040/board.o
LOAD .build/obj_converter_cumulus_ta15/lib/chibios/os/hal/lib/streams/chprintf.o
LOAD .build/obj_converter_cumulus_ta15/lib/chibios/os/hal/lib/streams/chscanf.o
LOAD .build/obj_converter_cumulus_ta15/lib/chibios/os/hal/lib/streams/memstreams.o
LOAD .build/obj_converter_cumulus_ta15/lib/chibios/os/hal/lib/streams/nullstreams.o
LOAD .build/obj_converter_cumulus_ta15/lib/chibios/os/hal/lib/streams/bufstreams.o
LOAD .build/obj_converter_cumulus_ta15/lib/chibios/os/various/syscalls.o
LOAD .build/obj_converter_cumulus_ta15/platforms/chibios/syscall-fallbacks.o
LOAD .build/obj_converter_cumulus_ta15/platforms/chibios/wait.o
LOAD .build/obj_converter_cumulus_ta15/platforms/chibios/synchronization_util.o
LOAD .build/obj_converter_cumulus_ta15/./lib/pico-sdk/src/rp2_common/hardware_clocks/clocks.o
LOAD .build/obj_converter_cumulus_ta15/./lib/pico-sdk/src/rp2_common/hardware_pll/pll.o
LOAD .build/obj_converter_cumulus_ta15/./lib/pico-sdk/src/rp2_common/hardware_pio/pio.o
LOAD .build/obj_converter_cumulus_ta15/./lib/pico-sdk/src/rp2_common/hardware_flash/flash.o
LOAD .build/obj_converter_cumulus_ta15/./lib/pico-sdk/src/rp2_common/hardware_gpio/gpio.o
LOAD .build/obj_converter_cumulus_ta15/./lib/pico-sdk/src/rp2_common/hardware_claim/claim.o
LOAD .build/obj_converter_cumulus_ta15/./lib/pico-sdk/src/rp2_common/hardware_watchdog/watchdog.o
LOAD .build/obj_converter_cumulus_ta15/./lib/pico-sdk/src/rp2_common/hardware_xosc/xosc.o
LOAD .build/obj_converter_cumulus_ta15/./lib/pico-sdk/src/rp2_common/pico_bootrom/bootrom.o
LOAD .build/obj_converter_cumulus_ta15/platforms/chibios/vendors/RP/stage2_bootloaders.o
LOAD .build/obj_converter_cumulus_ta15/platforms/chibios/vendors/RP/pico_sdk_shims.o
                0x00000800                        __process_stack_size__ = 0x800
                0x00000400                        __main_stack_size__ = 0x400
LOAD /usr/local/Cellar/arm-none-eabi-gcc@8/8.5.0_2/lib/arm-none-eabi-gcc/8/gcc/arm-none-eabi/8.5.0/../../../../../../arm-none-eabi/lib/thumb/v6-m/nofp/libm.a
START GROUP
LOAD /usr/local/Cellar/arm-none-eabi-gcc@8/8.5.0_2/lib/arm-none-eabi-gcc/8/gcc/arm-none-eabi/8.5.0/thumb/v6-m/nofp/libgcc.a
LOAD /usr/local/Cellar/arm-none-eabi-gcc@8/8.5.0_2/lib/arm-none-eabi-gcc/8/gcc/arm-none-eabi/8.5.0/../../../../../../arm-none-eabi/lib/thumb/v6-m/nofp/libg_nano.a
LOAD /usr/local/Cellar/arm-none-eabi-gcc@8/8.5.0_2/lib/arm-none-eabi-gcc/8/gcc/arm-none-eabi/8.5.0/../../../../../../arm-none-eabi/lib/thumb/v6-m/nofp/libc_nano.a
END GROUP
START GROUP
LOAD /usr/local/Cellar/arm-none-eabi-gcc@8/8.5.0_2/lib/arm-none-eabi-gcc/8/gcc/arm-none-eabi/8.5.0/thumb/v6-m/nofp/libgcc.a
LOAD /usr/local/Cellar/arm-none-eabi-gcc@8/8.5.0_2/lib/arm-none-eabi-gcc/8/gcc/arm-none-eabi/8.5.0/../../../../../../arm-none-eabi/lib/thumb/v6-m/nofp/libc_nano.a
END GROUP

.flash_begin    0x10000000        0x0
                0x10000000                        __flash_binary_start = .

.boot2          0x10000000      0x100
                0x10000000                        __boot2_start__ = .
 *(.boot2)
 .boot2         0x10000000      0x100 /var/folders/x9/cy1bx1f960zd_7xhdrxmk_zm0000gn/T//ccstj3om.ltrans0.ltrans.o
                0x10000000                BOOT2_ROM
                0x10000100                        __boot2_end__ = .

.mstack         0x20040000      0x400
                0x20040000                        . = ALIGN (0x8)
                0x20040000                        __main_stack_base__ = .
                0x20040400                        . = (. + __main_stack_size__)
 *fill*         0x20040000      0x400 
                0x20040400                        . = ALIGN (0x8)
                0x20040400                        __main_stack_end__ = .

.pstack         0x20040400      0x800
                0x20040400                        . = ALIGN (0x8)
                0x20040400                        __process_stack_base__ = .
                0x20040400                        __main_thread_stack_base__ = .
                0x20040c00                        . = (. + __process_stack_size__)
 *fill*         0x20040400      0x800 
                0x20040c00                        . = ALIGN (0x8)
                0x20040c00                        __process_stack_end__ = .
                0x20040c00                        __main_thread_stack_end__ = .
                0x00000400                        __c1_main_stack_size__ = __main_stack_size__
                0x00000800                        __c1_process_stack_size__ = __process_stack_size__

.c1_mstack      0x20041000      0x400
                0x20041000                        . = ALIGN (0x8)
                0x20041000                        __c1_main_stack_base__ = .
                0x20041400                        . = (. + __c1_main_stack_size__)
 *fill*         0x20041000      0x400 
                0x20041400                        . = ALIGN (0x8)
                0x20041400                        __c1_main_stack_end__ = .

.c1_pstack      0x20041400      0x800
                0x20041400                        . = ALIGN (0x8)
                0x20041400                        __c1_process_stack_base__ = .
                0x20041400                        __c1_main_thread_stack_base__ = .
                0x20041c00                        . = (. + __c1_process_stack_size__)
 *fill*         0x20041400      0x800 
                0x20041c00                        . = ALIGN (0x8)
                0x20041c00                        __c1_process_stack_end__ = .
                0x20041c00                        __c1_main_thread_stack_end__ = .

.vectors        0x10000100       0xc0
 *(.vectors)
 .vectors       0x10000100       0xc0 .build/obj_converter_cumulus_ta15_default/./lib/chibios/os/common/startup/ARMCMx/compilers/GCC/vectors.o
                0x10000100                _vectors

.xtors          0x100001c0        0x0
                0x100001c0                        __init_array_base__ = .
 *(SORT_BY_NAME(.init_array.*))
 *(.init_array)
                0x100001c0                        __init_array_end__ = .
                0x100001c0                        __fini_array_base__ = .
 *(.fini_array)
 *(SORT_BY_NAME(.fini_array.*))
                0x100001c0                        __fini_array_end__ = .

.text           0x100001c0     0x6750
                0x100001c0                        __text_base__ = .
 *(.text)
 .text          0x100001c0       0xdc .build/obj_converter_cumulus_ta15_default/./lib/chibios/os/common/startup/ARMCMx/compilers/GCC/crt0_v6m.o
                0x100001c0                _crt0_entry
 .text          0x1000029c        0x8 .build/obj_converter_cumulus_ta15_default/./lib/chibios/os/common/startup/ARMCMx/compilers/GCC/vectors.o
                0x1000029c                Reset_Handler
                0x1000029e                Vector9C
                0x1000029e                VectorAC
                0x1000029e                DebugMon_Handler
                0x1000029e                Vector5C
                0x1000029e                HardFault_Handler
                0x1000029e                Vector8C
                0x1000029e                PendSV_Handler
                0x1000029e                Vector94
                0x1000029e                VectorA8
                0x1000029e                VectorB4
                0x1000029e                Vector74
                0x1000029e                UsageFault_Handler
                0x1000029e                Vector40
                0x1000029e                VectorBC
                0x1000029e                Vector64
                0x1000029e                Vector98
                0x1000029e                Vector24
                0x1000029e                Vector84
                0x1000029e                SecureFault_Handler
                0x1000029e                MemManage_Handler
                0x1000029e                Vector6C
                0x1000029e                VectorA0
                0x1000029e                SVC_Handler
                0x1000029e                VectorB0
                0x1000029e                Vector90
                0x1000029e                Vector60
                0x1000029e                Vector48
                0x1000029e                Vector70
                0x1000029e                Vector4C
                0x1000029e                Vector68
                0x1000029e                Vector78
                0x1000029e                Vector20
                0x1000029e                Vector58
                0x1000029e                Vector88
                0x1000029e                BusFault_Handler
                0x1000029e                Vector50
                0x1000029e                Vector44
                0x1000029e                Vector28
                0x1000029e                VectorB8
                0x1000029e                Vector34
                0x1000029e                VectorA4
                0x100002a2                _unhandled_exception
 .text          0x100002a4       0x48 .build/obj_converter_cumulus_ta15_default/./lib/chibios/os/common/ports/ARMv6-M-RP2/compilers/GCC/chcoreasm.o
                0x100002a4                __port_switch
                0x100002c4                __port_thread_start
                0x100002d6                __port_switch_from_isr
                0x100002da                __port_exit_from_isr
 .text          0x100002ec       0xa8 /usr/local/Cellar/arm-none-eabi-gcc@8/8.5.0_2/lib/arm-none-eabi-gcc/8/gcc/arm-none-eabi/8.5.0/../../../../../../arm-none-eabi/lib/thumb/v6-m/nofp/libg_nano.a(lib_a-memcpy-stub.o)
                0x100002ec                memcpy
 .text          0x10000394       0xa8 /usr/local/Cellar/arm-none-eabi-gcc@8/8.5.0_2/lib/arm-none-eabi-gcc/8/gcc/arm-none-eabi/8.5.0/../../../../../../arm-none-eabi/lib/thumb/v6-m/nofp/libg_nano.a(lib_a-memset.o)
                0x10000394                memset
 .text          0x1000043c       0x50 /usr/local/Cellar/arm-none-eabi-gcc@8/8.5.0_2/lib/arm-none-eabi-gcc/8/gcc/arm-none-eabi/8.5.0/../../../../../../arm-none-eabi/lib/thumb/v6-m/nofp/libg_nano.a(lib_a-memcmp.o)
                0x1000043c                memcmp
 .text          0x1000048c      0x114 /usr/local/Cellar/arm-none-eabi-gcc@8/8.5.0_2/lib/arm-none-eabi-gcc/8/gcc/arm-none-eabi/8.5.0/thumb/v6-m/nofp/libgcc.a(_udivsi3.o)
                0x1000048c                __udivsi3
                0x1000048c                __aeabi_uidiv
                0x10000598                __aeabi_uidivmod
 .text          0x100005a0      0x1d4 /usr/local/Cellar/arm-none-eabi-gcc@8/8.5.0_2/lib/arm-none-eabi-gcc/8/gcc/arm-none-eabi/8.5.0/thumb/v6-m/nofp/libgcc.a(_divsi3.o)
                0x100005a0                __aeabi_idiv
                0x100005a0                __divsi3
                0x1000076c                __aeabi_idivmod
 .text          0x10000774        0x4 /usr/local/Cellar/arm-none-eabi-gcc@8/8.5.0_2/lib/arm-none-eabi-gcc/8/gcc/arm-none-eabi/8.5.0/thumb/v6-m/nofp/libgcc.a(_dvmd_tls.o)
                0x10000774                __aeabi_ldiv0
                0x10000774                __aeabi_idiv0
 .text          0x10000778       0x54 /usr/local/Cellar/arm-none-eabi-gcc@8/8.5.0_2/lib/arm-none-eabi-gcc/8/gcc/arm-none-eabi/8.5.0/thumb/v6-m/nofp/libgcc.a(_muldi3.o)
                0x10000778                __aeabi_lmul
                0x10000778                __muldi3
 .text          0x100007cc       0x14 /usr/local/Cellar/arm-none-eabi-gcc@8/8.5.0_2/lib/arm-none-eabi-gcc/8/gcc/arm-none-eabi/8.5.0/thumb/v6-m/nofp/libgcc.a(_thumb1_case_sqi.o)
                0x100007cc                __gnu_thumb1_case_sqi
 .text          0x100007e0       0x14 /usr/local/Cellar/arm-none-eabi-gcc@8/8.5.0_2/lib/arm-none-eabi-gcc/8/gcc/arm-none-eabi/8.5.0/thumb/v6-m/nofp/libgcc.a(_thumb1_case_uqi.o)
                0x100007e0                __gnu_thumb1_case_uqi
 .text          0x100007f4       0x14 /usr/local/Cellar/arm-none-eabi-gcc@8/8.5.0_2/lib/arm-none-eabi-gcc/8/gcc/arm-none-eabi/8.5.0/thumb/v6-m/nofp/libgcc.a(_thumb1_case_shi.o)
                0x100007f4                __gnu_thumb1_case_shi
 .text          0x10000808       0x14 /usr/local/Cellar/arm-none-eabi-gcc@8/8.5.0_2/lib/arm-none-eabi-gcc/8/gcc/arm-none-eabi/8.5.0/thumb/v6-m/nofp/libgcc.a(_thumb1_case_uhi.o)
                0x10000808                __gnu_thumb1_case_uhi
 .text          0x1000081c       0x40 /usr/local/Cellar/arm-none-eabi-gcc@8/8.5.0_2/lib/arm-none-eabi-gcc/8/gcc/arm-none-eabi/8.5.0/thumb/v6-m/nofp/libgcc.a(_aeabi_uldivmod.o)
                0x1000081c                __aeabi_uldivmod
 .text          0x1000085c      0x1a4 /usr/local/Cellar/arm-none-eabi-gcc@8/8.5.0_2/lib/arm-none-eabi-gcc/8/gcc/arm-none-eabi/8.5.0/thumb/v6-m/nofp/libgcc.a(_udivmoddi4.o)
                0x1000085c                __udivmoddi4
 .text          0x10000a00       0x18 /usr/local/Cellar/arm-none-eabi-gcc@8/8.5.0_2/lib/arm-none-eabi-gcc/8/gcc/arm-none-eabi/8.5.0/thumb/v6-m/nofp/libgcc.a(_clzdi2.o)
                0x10000a00                __clzdi2
 .text          0x10000a18       0x3c /usr/local/Cellar/arm-none-eabi-gcc@8/8.5.0_2/lib/arm-none-eabi-gcc/8/gcc/arm-none-eabi/8.5.0/thumb/v6-m/nofp/libgcc.a(_clzsi2.o)
                0x10000a18                __clzsi2
 *(.text.*)
 .text.read_source_layers_cache_impl.constprop.82
                0x10000a54       0x2c /var/folders/x9/cy1bx1f960zd_7xhdrxmk_zm0000gn/T//ccstj3om.ltrans0.ltrans.o
 .text.update_source_layers_cache_impl.constprop.81
                0x10000a80       0x38 /var/folders/x9/cy1bx1f960zd_7xhdrxmk_zm0000gn/T//ccstj3om.ltrans0.ltrans.o
 .text.clock_configure.part.0.constprop.25
                0x10000ab8       0xc4 /var/folders/x9/cy1bx1f960zd_7xhdrxmk_zm0000gn/T//ccstj3om.ltrans0.ltrans.o
 .text.pll_init.constprop.23
                0x10000b7c       0x94 /var/folders/x9/cy1bx1f960zd_7xhdrxmk_zm0000gn/T//ccstj3om.ltrans0.ltrans.o
 .text.clocks_init
                0x10000c10       0xdc /var/folders/x9/cy1bx1f960zd_7xhdrxmk_zm0000gn/T//ccstj3om.ltrans0.ltrans.o
 .text.usb_lld_stall_in
                0x10000cec       0x40 /var/folders/x9/cy1bx1f960zd_7xhdrxmk_zm0000gn/T//ccstj3om.ltrans0.ltrans.o
 .text.usb_lld_stall_out
                0x10000d2c       0x40 /var/folders/x9/cy1bx1f960zd_7xhdrxmk_zm0000gn/T//ccstj3om.ltrans0.ltrans.o
 .text.usb_prepare_out_ep
                0x10000d6c       0x90 /var/folders/x9/cy1bx1f960zd_7xhdrxmk_zm0000gn/T//ccstj3om.ltrans0.ltrans.o
 .text.usb_isochronous_buffer_size
                0x10000dfc       0x44 /var/folders/x9/cy1bx1f960zd_7xhdrxmk_zm0000gn/T//ccstj3om.ltrans0.ltrans.o
 .text.usb_lld_init_endpoint
                0x10000e40      0x13c /var/folders/x9/cy1bx1f960zd_7xhdrxmk_zm0000gn/T//ccstj3om.ltrans0.ltrans.o
 .text.usb_lld_reset.constprop.50
                0x10000f7c       0x54 /var/folders/x9/cy1bx1f960zd_7xhdrxmk_zm0000gn/T//ccstj3om.ltrans0.ltrans.o
 .text.hal_lld_peripheral_unreset.lto_priv.90
                0x10000fd0       0x14 /var/folders/x9/cy1bx1f960zd_7xhdrxmk_zm0000gn/T//ccstj3om.ltrans0.ltrans.o
 .text.port_unlock.lto_priv.93
                0x10000fe4       0x12 /var/folders/x9/cy1bx1f960zd_7xhdrxmk_zm0000gn/T//ccstj3om.ltrans0.ltrans.o
 .text.port_lock.lto_priv.107
                0x10000ff6       0x16 /var/folders/x9/cy1bx1f960zd_7xhdrxmk_zm0000gn/T//ccstj3om.ltrans0.ltrans.o
 .text.usbStartReceiveI
                0x1000100c       0x42 /var/folders/x9/cy1bx1f960zd_7xhdrxmk_zm0000gn/T//ccstj3om.ltrans0.ltrans.o
 *fill*         0x1000104e        0x2 
 .text.set_address
                0x10001050       0x30 /var/folders/x9/cy1bx1f960zd_7xhdrxmk_zm0000gn/T//ccstj3om.ltrans0.ltrans.o
 .text.obqPostFullBufferS
                0x10001080       0x2a /var/folders/x9/cy1bx1f960zd_7xhdrxmk_zm0000gn/T//ccstj3om.ltrans0.ltrans.o
 .text.obqGetFullBufferI
                0x100010aa       0x18 /var/folders/x9/cy1bx1f960zd_7xhdrxmk_zm0000gn/T//ccstj3om.ltrans0.ltrans.o
 .text.ibqReleaseEmptyBufferS
                0x100010c2       0x28 /var/folders/x9/cy1bx1f960zd_7xhdrxmk_zm0000gn/T//ccstj3om.ltrans0.ltrans.o
 *fill*         0x100010ea        0x2 
 .text.__port_irq_epilogue.part.2
                0x100010ec       0x44 /var/folders/x9/cy1bx1f960zd_7xhdrxmk_zm0000gn/T//ccstj3om.ltrans0.ltrans.o
 .text.__idle_thread
                0x10001130        0x2 /var/folders/x9/cy1bx1f960zd_7xhdrxmk_zm0000gn/T//ccstj3om.ltrans0.ltrans.o
 .text.__sch_ready_behind
                0x10001132       0x1c /var/folders/x9/cy1bx1f960zd_7xhdrxmk_zm0000gn/T//ccstj3om.ltrans0.ltrans.o
 .text.__sch_wakeup
                0x1000114e       0x42 /var/folders/x9/cy1bx1f960zd_7xhdrxmk_zm0000gn/T//ccstj3om.ltrans0.ltrans.o
 .text.chSchReadyI
                0x10001190       0x2c /var/folders/x9/cy1bx1f960zd_7xhdrxmk_zm0000gn/T//ccstj3om.ltrans0.ltrans.o
 .text.chThdDequeueAllI.constprop.16
                0x100011bc       0x1e /var/folders/x9/cy1bx1f960zd_7xhdrxmk_zm0000gn/T//ccstj3om.ltrans0.ltrans.o
 .text.chEvtBroadcastFlagsI
                0x100011da       0x4a /var/folders/x9/cy1bx1f960zd_7xhdrxmk_zm0000gn/T//ccstj3om.ltrans0.ltrans.o
 .text.chThdResumeI
                0x10001224       0x16 /var/folders/x9/cy1bx1f960zd_7xhdrxmk_zm0000gn/T//ccstj3om.ltrans0.ltrans.o
 *fill*         0x1000123a        0x2 
 .text.chVTDoResetI
                0x1000123c       0x30 /var/folders/x9/cy1bx1f960zd_7xhdrxmk_zm0000gn/T//ccstj3om.ltrans0.ltrans.o
 .text.ch_dlist_insert
                0x1000126c       0x2a /var/folders/x9/cy1bx1f960zd_7xhdrxmk_zm0000gn/T//ccstj3om.ltrans0.ltrans.o
 *fill*         0x10001296        0x2 
 .text.chVTSetI.constprop.19
                0x10001298       0x44 /var/folders/x9/cy1bx1f960zd_7xhdrxmk_zm0000gn/T//ccstj3om.ltrans0.ltrans.o
 .text.kbd_in_cb
                0x100012dc        0x2 /var/folders/x9/cy1bx1f960zd_7xhdrxmk_zm0000gn/T//ccstj3om.ltrans0.ltrans.o
 .text.qmkusbInterruptTransmitted
                0x100012de        0x2 /var/folders/x9/cy1bx1f960zd_7xhdrxmk_zm0000gn/T//ccstj3om.ltrans0.ltrans.o
 .text.qmkusb_start_receive
                0x100012e0       0x46 /var/folders/x9/cy1bx1f960zd_7xhdrxmk_zm0000gn/T//ccstj3om.ltrans0.ltrans.o
 .text.qmkusbDataReceived
                0x10001326       0x68 /var/folders/x9/cy1bx1f960zd_7xhdrxmk_zm0000gn/T//ccstj3om.ltrans0.ltrans.o
 .text.ibnotify
                0x1000138e        0xa /var/folders/x9/cy1bx1f960zd_7xhdrxmk_zm0000gn/T//ccstj3om.ltrans0.ltrans.o
 .text.sendchar
                0x10001398       0x30 /var/folders/x9/cy1bx1f960zd_7xhdrxmk_zm0000gn/T//ccstj3om.ltrans0.ltrans.o
 .text.send_programmable_button
                0x100013c8        0x2 /var/folders/x9/cy1bx1f960zd_7xhdrxmk_zm0000gn/T//ccstj3om.ltrans0.ltrans.o
 .text.shared_in_cb
                0x100013ca        0x2 /var/folders/x9/cy1bx1f960zd_7xhdrxmk_zm0000gn/T//ccstj3om.ltrans0.ltrans.o
 .text.keyboard_leds
                0x100013cc        0xc /var/folders/x9/cy1bx1f960zd_7xhdrxmk_zm0000gn/T//ccstj3om.ltrans0.ltrans.o
 .text.usb_request_hook_cb
                0x100013d8      0x1d8 /var/folders/x9/cy1bx1f960zd_7xhdrxmk_zm0000gn/T//ccstj3om.ltrans0.ltrans.o
 .text.set_led_transfer_cb
                0x100015b0       0x2c /var/folders/x9/cy1bx1f960zd_7xhdrxmk_zm0000gn/T//ccstj3om.ltrans0.ltrans.o
 .text.usb_event_queue_enqueue
                0x100015dc       0x30 /var/folders/x9/cy1bx1f960zd_7xhdrxmk_zm0000gn/T//ccstj3om.ltrans0.ltrans.o
 .text.usb_get_descriptor_cb
                0x1000160c       0x8c /var/folders/x9/cy1bx1f960zd_7xhdrxmk_zm0000gn/T//ccstj3om.ltrans0.ltrans.o
 .text.bootloader_jump
                0x10001698       0x1c /var/folders/x9/cy1bx1f960zd_7xhdrxmk_zm0000gn/T//ccstj3om.ltrans0.ltrans.o
 .text.timer_read32
                0x100016b4       0x84 /var/folders/x9/cy1bx1f960zd_7xhdrxmk_zm0000gn/T//ccstj3om.ltrans0.ltrans.o
 .text.host_consumer_send
                0x10001738       0x24 /var/folders/x9/cy1bx1f960zd_7xhdrxmk_zm0000gn/T//ccstj3om.ltrans0.ltrans.o
 .text.host_system_send
                0x1000175c       0x24 /var/folders/x9/cy1bx1f960zd_7xhdrxmk_zm0000gn/T//ccstj3om.ltrans0.ltrans.o
 .text.host_keyboard_leds
                0x10001780       0x14 /var/folders/x9/cy1bx1f960zd_7xhdrxmk_zm0000gn/T//ccstj3om.ltrans0.ltrans.o
 .text.backing_store_read_bulk
                0x10001794       0x20 /var/folders/x9/cy1bx1f960zd_7xhdrxmk_zm0000gn/T//ccstj3om.ltrans0.ltrans.o
 .text.backing_store_erase
                0x100017b4       0x20 /var/folders/x9/cy1bx1f960zd_7xhdrxmk_zm0000gn/T//ccstj3om.ltrans0.ltrans.o
 .text.wear_leveling_lock
                0x100017d4       0x1c /var/folders/x9/cy1bx1f960zd_7xhdrxmk_zm0000gn/T//ccstj3om.ltrans0.ltrans.o
 .text.wear_leveling_unlock
                0x100017f0       0x1c /var/folders/x9/cy1bx1f960zd_7xhdrxmk_zm0000gn/T//ccstj3om.ltrans0.ltrans.o
 .text.wear_leveling_write_consolidated
                0x1000180c       0xf4 /var/folders/x9/cy1bx1f960zd_7xhdrxmk_zm0000gn/T//ccstj3om.ltrans0.ltrans.o
 .text.wear_leveling_consolidate_if_needed
                0x10001900       0x34 /var/folders/x9/cy1bx1f960zd_7xhdrxmk_zm0000gn/T//ccstj3om.ltrans0.ltrans.o
 .text.wear_leveling_append_raw
                0x10001934       0x40 /var/folders/x9/cy1bx1f960zd_7xhdrxmk_zm0000gn/T//ccstj3om.ltrans0.ltrans.o
 .text.mousekey_off
                0x10001974      0x104 /var/folders/x9/cy1bx1f960zd_7xhdrxmk_zm0000gn/T//ccstj3om.ltrans0.ltrans.o
 .text.wheel_unit
                0x10001a78       0x4c /var/folders/x9/cy1bx1f960zd_7xhdrxmk_zm0000gn/T//ccstj3om.ltrans0.ltrans.o
 .text.move_unit
                0x10001ac4       0x40 /var/folders/x9/cy1bx1f960zd_7xhdrxmk_zm0000gn/T//ccstj3om.ltrans0.ltrans.o
 .text.mousekey_on
                0x10001b04       0xdc /var/folders/x9/cy1bx1f960zd_7xhdrxmk_zm0000gn/T//ccstj3om.ltrans0.ltrans.o
 .text.putchar_wrapper
                0x10001be0       0x10 /var/folders/x9/cy1bx1f960zd_7xhdrxmk_zm0000gn/T//ccstj3om.ltrans0.ltrans.o
 .text.putchar_via_gadget
                0x10001bf0       0x24 /var/folders/x9/cy1bx1f960zd_7xhdrxmk_zm0000gn/T//ccstj3om.ltrans0.ltrans.o
 .text.out_rev_
                0x10001c14       0x56 /var/folders/x9/cy1bx1f960zd_7xhdrxmk_zm0000gn/T//ccstj3om.ltrans0.ltrans.o
 *fill*         0x10001c6a        0x2 
 .text.print_integer
                0x10001c6c      0x174 /var/folders/x9/cy1bx1f960zd_7xhdrxmk_zm0000gn/T//ccstj3om.ltrans0.ltrans.o
 .text.vsnprintf_impl.constprop.87
                0x10001de0      0x38c /var/folders/x9/cy1bx1f960zd_7xhdrxmk_zm0000gn/T//ccstj3om.ltrans0.ltrans.o
 .text.null_sendchar_func
                0x1000216c        0x4 /var/folders/x9/cy1bx1f960zd_7xhdrxmk_zm0000gn/T//ccstj3om.ltrans0.ltrans.o
 .text.mod_config
                0x10002170       0xa8 /var/folders/x9/cy1bx1f960zd_7xhdrxmk_zm0000gn/T//ccstj3om.ltrans0.ltrans.o
 .text.action_for_key
                0x10002218      0x2d0 /var/folders/x9/cy1bx1f960zd_7xhdrxmk_zm0000gn/T//ccstj3om.ltrans0.ltrans.o
 .text.clear_oneshot_mods
                0x100024e8       0x1c /var/folders/x9/cy1bx1f960zd_7xhdrxmk_zm0000gn/T//ccstj3om.ltrans0.ltrans.o
 .text.del_mods
                0x10002504       0x10 /var/folders/x9/cy1bx1f960zd_7xhdrxmk_zm0000gn/T//ccstj3om.ltrans0.ltrans.o
 .text.debug_waiting_buffer
                0x10002514       0x20 /var/folders/x9/cy1bx1f960zd_7xhdrxmk_zm0000gn/T//ccstj3om.ltrans0.ltrans.o
 .text.layer_switch_get_layer
                0x10002534       0x44 /var/folders/x9/cy1bx1f960zd_7xhdrxmk_zm0000gn/T//ccstj3om.ltrans0.ltrans.o
 .text.layer_switch_get_action
                0x10002578       0x14 /var/folders/x9/cy1bx1f960zd_7xhdrxmk_zm0000gn/T//ccstj3om.ltrans0.ltrans.o
 .text.is_tap_record
                0x1000258c       0x68 /var/folders/x9/cy1bx1f960zd_7xhdrxmk_zm0000gn/T//ccstj3om.ltrans0.ltrans.o
 .text.bitrev   0x100025f4       0x26 /var/folders/x9/cy1bx1f960zd_7xhdrxmk_zm0000gn/T//ccstj3om.ltrans0.ltrans.o
 *fill*         0x1000261a        0x2 
 .text.get_event_keycode
                0x1000261c       0x68 /var/folders/x9/cy1bx1f960zd_7xhdrxmk_zm0000gn/T//ccstj3om.ltrans0.ltrans.o
 .text.extract_mod_bits
                0x10002684       0x20 /var/folders/x9/cy1bx1f960zd_7xhdrxmk_zm0000gn/T//ccstj3om.ltrans0.ltrans.o
 .text.usb_lld_start.part.3
                0x100026a4       0x98 /var/folders/x9/cy1bx1f960zd_7xhdrxmk_zm0000gn/T//ccstj3om.ltrans0.ltrans.o
 .text.usbInitEndpointI
                0x1000273c       0x36 /var/folders/x9/cy1bx1f960zd_7xhdrxmk_zm0000gn/T//ccstj3om.ltrans0.ltrans.o
 *fill*         0x10002772        0x2 
 .text.usb_event_cb
                0x10002774      0x144 /var/folders/x9/cy1bx1f960zd_7xhdrxmk_zm0000gn/T//ccstj3om.ltrans0.ltrans.o
 .text.clear_keys_from_report
                0x100028b8       0x28 /var/folders/x9/cy1bx1f960zd_7xhdrxmk_zm0000gn/T//ccstj3om.ltrans0.ltrans.o
 .text.wear_leveling_clear_cache
                0x100028e0       0x20 /var/folders/x9/cy1bx1f960zd_7xhdrxmk_zm0000gn/T//ccstj3om.ltrans0.ltrans.o
 .text.wear_leveling_erase
                0x10002900       0x2e /var/folders/x9/cy1bx1f960zd_7xhdrxmk_zm0000gn/T//ccstj3om.ltrans0.ltrans.o
 .text.usb_prepare_in_ep_buffer
                0x1000292e       0x74 /var/folders/x9/cy1bx1f960zd_7xhdrxmk_zm0000gn/T//ccstj3om.ltrans0.ltrans.o
 *fill*         0x100029a2        0x2 
 .text.usb_prepare_in_ep
                0x100029a4       0x8c /var/folders/x9/cy1bx1f960zd_7xhdrxmk_zm0000gn/T//ccstj3om.ltrans0.ltrans.o
 .text.usbStartTransmitI
                0x10002a30       0x28 /var/folders/x9/cy1bx1f960zd_7xhdrxmk_zm0000gn/T//ccstj3om.ltrans0.ltrans.o
 .text._usb_ep0out
                0x10002a58       0x80 /var/folders/x9/cy1bx1f960zd_7xhdrxmk_zm0000gn/T//ccstj3om.ltrans0.ltrans.o
 .text._usb_ep0in
                0x10002ad8       0xb0 /var/folders/x9/cy1bx1f960zd_7xhdrxmk_zm0000gn/T//ccstj3om.ltrans0.ltrans.o
 .text.qmkusbDataTransmitted
                0x10002b88       0xa2 /var/folders/x9/cy1bx1f960zd_7xhdrxmk_zm0000gn/T//ccstj3om.ltrans0.ltrans.o
 .text.obnotify
                0x10002c2a       0x3c /var/folders/x9/cy1bx1f960zd_7xhdrxmk_zm0000gn/T//ccstj3om.ltrans0.ltrans.o
 *fill*         0x10002c66        0x2 
 .text.keyboard_idle_timer_cb
                0x10002c68       0x80 /var/folders/x9/cy1bx1f960zd_7xhdrxmk_zm0000gn/T//ccstj3om.ltrans0.ltrans.o
 .text.usb_sof_cb
                0x10002ce8       0xac /var/folders/x9/cy1bx1f960zd_7xhdrxmk_zm0000gn/T//ccstj3om.ltrans0.ltrans.o
 .text._usb_ep0setup
                0x10002d94      0x3b8 /var/folders/x9/cy1bx1f960zd_7xhdrxmk_zm0000gn/T//ccstj3om.ltrans0.ltrans.o
 .text.wear_leveling_read
                0x1000314c       0x24 /var/folders/x9/cy1bx1f960zd_7xhdrxmk_zm0000gn/T//ccstj3om.ltrans0.ltrans.o
 .text.eeprom_read_byte
                0x10003170       0x16 /var/folders/x9/cy1bx1f960zd_7xhdrxmk_zm0000gn/T//ccstj3om.ltrans0.ltrans.o
 .text.eeconfig_read_keymap
                0x10003186       0x18 /var/folders/x9/cy1bx1f960zd_7xhdrxmk_zm0000gn/T//ccstj3om.ltrans0.ltrans.o
 *fill*         0x1000319e        0x2 
 .text.chSchGoSleepS
                0x100031a0       0x2c /var/folders/x9/cy1bx1f960zd_7xhdrxmk_zm0000gn/T//ccstj3om.ltrans0.ltrans.o
 .text.chSchGoSleepTimeoutS
                0x100031cc       0x60 /var/folders/x9/cy1bx1f960zd_7xhdrxmk_zm0000gn/T//ccstj3om.ltrans0.ltrans.o
 .text.chThdEnqueueTimeoutS
                0x1000322c       0x34 /var/folders/x9/cy1bx1f960zd_7xhdrxmk_zm0000gn/T//ccstj3om.ltrans0.ltrans.o
 .text.obqGetEmptyBufferTimeoutS
                0x10003260       0x36 /var/folders/x9/cy1bx1f960zd_7xhdrxmk_zm0000gn/T//ccstj3om.ltrans0.ltrans.o
 .text.obqWriteTimeout
                0x10003296       0x86 /var/folders/x9/cy1bx1f960zd_7xhdrxmk_zm0000gn/T//ccstj3om.ltrans0.ltrans.o
 .text._writet  0x1000331c        0xa /var/folders/x9/cy1bx1f960zd_7xhdrxmk_zm0000gn/T//ccstj3om.ltrans0.ltrans.o
 .text._write   0x10003326        0xe /var/folders/x9/cy1bx1f960zd_7xhdrxmk_zm0000gn/T//ccstj3om.ltrans0.ltrans.o
 .text.obqPutTimeout
                0x10003334       0x48 /var/folders/x9/cy1bx1f960zd_7xhdrxmk_zm0000gn/T//ccstj3om.ltrans0.ltrans.o
 .text._putt    0x1000337c        0xa /var/folders/x9/cy1bx1f960zd_7xhdrxmk_zm0000gn/T//ccstj3om.ltrans0.ltrans.o
 .text._put     0x10003386        0xe /var/folders/x9/cy1bx1f960zd_7xhdrxmk_zm0000gn/T//ccstj3om.ltrans0.ltrans.o
 .text.ibqGetFullBufferTimeoutS
                0x10003394       0x36 /var/folders/x9/cy1bx1f960zd_7xhdrxmk_zm0000gn/T//ccstj3om.ltrans0.ltrans.o
 .text.ibqReadTimeout
                0x100033ca       0x82 /var/folders/x9/cy1bx1f960zd_7xhdrxmk_zm0000gn/T//ccstj3om.ltrans0.ltrans.o
 .text._readt   0x1000344c        0xa /var/folders/x9/cy1bx1f960zd_7xhdrxmk_zm0000gn/T//ccstj3om.ltrans0.ltrans.o
 .text._read    0x10003456        0xe /var/folders/x9/cy1bx1f960zd_7xhdrxmk_zm0000gn/T//ccstj3om.ltrans0.ltrans.o
 .text.ibqGetTimeout
                0x10003464       0x3a /var/folders/x9/cy1bx1f960zd_7xhdrxmk_zm0000gn/T//ccstj3om.ltrans0.ltrans.o
 .text._gett    0x1000349e        0xa /var/folders/x9/cy1bx1f960zd_7xhdrxmk_zm0000gn/T//ccstj3om.ltrans0.ltrans.o
 .text._get     0x100034a8        0xe /var/folders/x9/cy1bx1f960zd_7xhdrxmk_zm0000gn/T//ccstj3om.ltrans0.ltrans.o
 .text.chThdSleep
                0x100034b6       0x16 /var/folders/x9/cy1bx1f960zd_7xhdrxmk_zm0000gn/T//ccstj3om.ltrans0.ltrans.o
 .text.send_extra
                0x100034cc       0x68 /var/folders/x9/cy1bx1f960zd_7xhdrxmk_zm0000gn/T//ccstj3om.ltrans0.ltrans.o
 .text.send_consumer
                0x10003534        0xc /var/folders/x9/cy1bx1f960zd_7xhdrxmk_zm0000gn/T//ccstj3om.ltrans0.ltrans.o
 .text.send_system
                0x10003540        0xc /var/folders/x9/cy1bx1f960zd_7xhdrxmk_zm0000gn/T//ccstj3om.ltrans0.ltrans.o
 .text.send_mouse
                0x1000354c       0x58 /var/folders/x9/cy1bx1f960zd_7xhdrxmk_zm0000gn/T//ccstj3om.ltrans0.ltrans.o
 .text.osalThreadSuspendS
                0x100035a4       0x28 /var/folders/x9/cy1bx1f960zd_7xhdrxmk_zm0000gn/T//ccstj3om.ltrans0.ltrans.o
 .text.send_keyboard
                0x100035cc       0x84 /var/folders/x9/cy1bx1f960zd_7xhdrxmk_zm0000gn/T//ccstj3om.ltrans0.ltrans.o
 .text.wear_leveling_write
                0x10003650      0x1a0 /var/folders/x9/cy1bx1f960zd_7xhdrxmk_zm0000gn/T//ccstj3om.ltrans0.ltrans.o
 .text.eeprom_update_byte
                0x100037f0       0x1e /var/folders/x9/cy1bx1f960zd_7xhdrxmk_zm0000gn/T//ccstj3om.ltrans0.ltrans.o
 .text.eeprom_update_dword.constprop.72
                0x1000380e       0x24 /var/folders/x9/cy1bx1f960zd_7xhdrxmk_zm0000gn/T//ccstj3om.ltrans0.ltrans.o
 .text.eeprom_update_word
                0x10003832       0x2a /var/folders/x9/cy1bx1f960zd_7xhdrxmk_zm0000gn/T//ccstj3om.ltrans0.ltrans.o
 .text.eeconfig_init_quantum
                0x1000385c       0x94 /var/folders/x9/cy1bx1f960zd_7xhdrxmk_zm0000gn/T//ccstj3om.ltrans0.ltrans.o
 .text.matrix_scan
                0x100038f0      0x2f0 /var/folders/x9/cy1bx1f960zd_7xhdrxmk_zm0000gn/T//ccstj3om.ltrans0.ltrans.o
 .text.shutdown_user
                0x10003be0        0x2 /var/folders/x9/cy1bx1f960zd_7xhdrxmk_zm0000gn/T//ccstj3om.ltrans0.ltrans.o
                0x10003be0                __cpu_init
 .text._fini    0x10003be2        0x2 /var/folders/x9/cy1bx1f960zd_7xhdrxmk_zm0000gn/T//ccstj3om.ltrans0.ltrans.o
                0x10003be2                _fini
 .text.Vector54
                0x10003be4      0x2ac /var/folders/x9/cy1bx1f960zd_7xhdrxmk_zm0000gn/T//ccstj3om.ltrans0.ltrans.o
                0x10003be4                Vector54
 .text.SysTick_Handler
                0x10003e90       0x70 /var/folders/x9/cy1bx1f960zd_7xhdrxmk_zm0000gn/T//ccstj3om.ltrans0.ltrans.o
                0x10003e90                SysTick_Handler
 .text.__port_spinlock_release
                0x10003f00       0x10 /var/folders/x9/cy1bx1f960zd_7xhdrxmk_zm0000gn/T//ccstj3om.ltrans0.ltrans.o
                0x10003f00                __port_spinlock_release
 .text.Vector80
                0x10003f10       0x40 /var/folders/x9/cy1bx1f960zd_7xhdrxmk_zm0000gn/T//ccstj3om.ltrans0.ltrans.o
                0x10003f10                Vector80
 .text.Vector7C
                0x10003f50       0x24 /var/folders/x9/cy1bx1f960zd_7xhdrxmk_zm0000gn/T//ccstj3om.ltrans0.ltrans.o
                0x10003f50                Vector7C
 .text.NMI_Handler
                0x10003f74       0x12 /var/folders/x9/cy1bx1f960zd_7xhdrxmk_zm0000gn/T//ccstj3om.ltrans0.ltrans.o
                0x10003f74                NMI_Handler
 *fill*         0x10003f86        0x2 
 .text.chThdExit
                0x10003f88       0x28 /var/folders/x9/cy1bx1f960zd_7xhdrxmk_zm0000gn/T//ccstj3om.ltrans0.ltrans.o
                0x10003f88                chThdExit
 .text.__sch_reschedule_ahead
                0x10003fb0       0x44 /var/folders/x9/cy1bx1f960zd_7xhdrxmk_zm0000gn/T//ccstj3om.ltrans0.ltrans.o
                0x10003fb0                chSchDoPreemption
 .text.__init_ram_areas
                0x10003ff4       0x30 /var/folders/x9/cy1bx1f960zd_7xhdrxmk_zm0000gn/T//ccstj3om.ltrans0.ltrans.o
                0x10003ff4                __init_ram_areas
 .text.__default_exit
                0x10004024        0x2 /var/folders/x9/cy1bx1f960zd_7xhdrxmk_zm0000gn/T//ccstj3om.ltrans0.ltrans.o
                0x10004024                __default_exit
 .text.__early_init
                0x10004026        0x2 /var/folders/x9/cy1bx1f960zd_7xhdrxmk_zm0000gn/T//ccstj3om.ltrans0.ltrans.o
                0x10004026                __early_init
 .text.__late_init
                0x10004028       0x54 /var/folders/x9/cy1bx1f960zd_7xhdrxmk_zm0000gn/T//ccstj3om.ltrans0.ltrans.o
                0x10004028                __late_init
 .text.vprintf  0x1000407c       0x28 /var/folders/x9/cy1bx1f960zd_7xhdrxmk_zm0000gn/T//ccstj3om.ltrans0.ltrans.o
                0x1000407c                vprintf
 .text.printf   0x100040a4       0x16 /var/folders/x9/cy1bx1f960zd_7xhdrxmk_zm0000gn/T//ccstj3om.ltrans0.ltrans.o
 *fill*         0x100040ba        0x2 
 .text.dynamic_macro_record_key.constprop.66
                0x100040bc       0x88 /var/folders/x9/cy1bx1f960zd_7xhdrxmk_zm0000gn/T//ccstj3om.ltrans0.ltrans.o
 .text.dynamic_macro_record_end
                0x10004144       0x60 /var/folders/x9/cy1bx1f960zd_7xhdrxmk_zm0000gn/T//ccstj3om.ltrans0.ltrans.o
 .text.set_unicode_input_mode
                0x100041a4       0x2c /var/folders/x9/cy1bx1f960zd_7xhdrxmk_zm0000gn/T//ccstj3om.ltrans0.ltrans.o
 .text.mousekey_send
                0x100041d0       0xf8 /var/folders/x9/cy1bx1f960zd_7xhdrxmk_zm0000gn/T//ccstj3om.ltrans0.ltrans.o
 .text.send_keyboard_report
                0x100042c8      0x130 /var/folders/x9/cy1bx1f960zd_7xhdrxmk_zm0000gn/T//ccstj3om.ltrans0.ltrans.o
 .text.clear_keyboard_but_mods_and_keys
                0x100043f8       0x48 /var/folders/x9/cy1bx1f960zd_7xhdrxmk_zm0000gn/T//ccstj3om.ltrans0.ltrans.o
 .text.layer_off
                0x10004440       0x18 /var/folders/x9/cy1bx1f960zd_7xhdrxmk_zm0000gn/T//ccstj3om.ltrans0.ltrans.o
 .text.clear_oneshot_layer_state
                0x10004458       0x40 /var/folders/x9/cy1bx1f960zd_7xhdrxmk_zm0000gn/T//ccstj3om.ltrans0.ltrans.o
 .text.layer_on
                0x10004498       0x18 /var/folders/x9/cy1bx1f960zd_7xhdrxmk_zm0000gn/T//ccstj3om.ltrans0.ltrans.o
 .text.set_oneshot_layer
                0x100044b0       0x34 /var/folders/x9/cy1bx1f960zd_7xhdrxmk_zm0000gn/T//ccstj3om.ltrans0.ltrans.o
 .text.clear_keyboard
                0x100044e4       0x1c /var/folders/x9/cy1bx1f960zd_7xhdrxmk_zm0000gn/T//ccstj3om.ltrans0.ltrans.o
 .text.dynamic_macro_record_start.constprop.63
                0x10004500       0x38 /var/folders/x9/cy1bx1f960zd_7xhdrxmk_zm0000gn/T//ccstj3om.ltrans0.ltrans.o
 .text.soft_reset_keyboard
                0x10004538       0x2c /var/folders/x9/cy1bx1f960zd_7xhdrxmk_zm0000gn/T//ccstj3om.ltrans0.ltrans.o
 .text.unregister_mods
                0x10004564       0x10 /var/folders/x9/cy1bx1f960zd_7xhdrxmk_zm0000gn/T//ccstj3om.ltrans0.ltrans.o
 .text.register_mods
                0x10004574       0x18 /var/folders/x9/cy1bx1f960zd_7xhdrxmk_zm0000gn/T//ccstj3om.ltrans0.ltrans.o
 .text.oneshot_set
                0x1000458c       0x54 /var/folders/x9/cy1bx1f960zd_7xhdrxmk_zm0000gn/T//ccstj3om.ltrans0.ltrans.o
 .text.del_key  0x100045e0       0x6c /var/folders/x9/cy1bx1f960zd_7xhdrxmk_zm0000gn/T//ccstj3om.ltrans0.ltrans.o
 .text.add_key  0x1000464c       0x80 /var/folders/x9/cy1bx1f960zd_7xhdrxmk_zm0000gn/T//ccstj3om.ltrans0.ltrans.o
 .text.unregister_code.part.2
                0x100046cc       0x78 /var/folders/x9/cy1bx1f960zd_7xhdrxmk_zm0000gn/T//ccstj3om.ltrans0.ltrans.o
 .text.unregister_code
                0x10004744       0x48 /var/folders/x9/cy1bx1f960zd_7xhdrxmk_zm0000gn/T//ccstj3om.ltrans0.ltrans.o
 .text.register_code.part.1
                0x1000478c       0xec /var/folders/x9/cy1bx1f960zd_7xhdrxmk_zm0000gn/T//ccstj3om.ltrans0.ltrans.o
 .text.register_code
                0x10004878       0x58 /var/folders/x9/cy1bx1f960zd_7xhdrxmk_zm0000gn/T//ccstj3om.ltrans0.ltrans.o
 .text.tap_code
                0x100048d0       0x2a /var/folders/x9/cy1bx1f960zd_7xhdrxmk_zm0000gn/T//ccstj3om.ltrans0.ltrans.o
 *fill*         0x100048fa        0x2 
 .text.perform_space_cadet.constprop.69
                0x100048fc       0xa4 /var/folders/x9/cy1bx1f960zd_7xhdrxmk_zm0000gn/T//ccstj3om.ltrans0.ltrans.o
 .text.tap_code16
                0x100049a0       0x74 /var/folders/x9/cy1bx1f960zd_7xhdrxmk_zm0000gn/T//ccstj3om.ltrans0.ltrans.o
 .text.send_char
                0x10004a14       0x70 /var/folders/x9/cy1bx1f960zd_7xhdrxmk_zm0000gn/T//ccstj3om.ltrans0.ltrans.o
 .text.process_record
                0x10004a84      0xcb8 /var/folders/x9/cy1bx1f960zd_7xhdrxmk_zm0000gn/T//ccstj3om.ltrans0.ltrans.o
 .text.dynamic_macro_play
                0x1000573c       0x5c /var/folders/x9/cy1bx1f960zd_7xhdrxmk_zm0000gn/T//ccstj3om.ltrans0.ltrans.o
 .text.waiting_buffer_scan_tap
                0x10005798       0x98 /var/folders/x9/cy1bx1f960zd_7xhdrxmk_zm0000gn/T//ccstj3om.ltrans0.ltrans.o
 .text.process_tapping
                0x10005830      0x320 /var/folders/x9/cy1bx1f960zd_7xhdrxmk_zm0000gn/T//ccstj3om.ltrans0.ltrans.o
 .text.action_exec
                0x10005b50      0x138 /var/folders/x9/cy1bx1f960zd_7xhdrxmk_zm0000gn/T//ccstj3om.ltrans0.ltrans.o
 .text.startup.main
                0x10005c88      0xc64 /var/folders/x9/cy1bx1f960zd_7xhdrxmk_zm0000gn/T//ccstj3om.ltrans0.ltrans.o
                0x10005c88                main
 *fill*         0x100068ec        0x4 
 .text.startup.main.__stub
                0x100068f0       0x20 linker stubs
 *(.glue_7t)
 .glue_7t       0x10006910        0x0 linker stubs
 *(.glue_7)
 .glue_7        0x10006910        0x0 linker stubs
 *(.gcc*)
                0x10006910                        __text_end__ = .

.vfp11_veneer   0x10006910        0x0
 .vfp11_veneer  0x10006910        0x0 linker stubs

.v4_bx          0x10006910        0x0
 .v4_bx         0x10006910        0x0 linker stubs

.iplt           0x10006910        0x0
 .iplt          0x10006910        0x0 .build/obj_converter_cumulus_ta15_default/./lib/chibios/os/common/startup/ARMCMx/compilers/GCC/crt0_v6m.o

.rodata         0x10006910      0x980
                0x10006910                        __rodata_base__ = .
 *(.rodata)
 *(.rodata.*)
 .rodata.CSWTCH.0
                0x10006910        0xc /var/folders/x9/cy1bx1f960zd_7xhdrxmk_zm0000gn/T//ccstj3om.ltrans0.ltrans.o
 .rodata.CSWTCH.1
                0x1000691c        0x3 /var/folders/x9/cy1bx1f960zd_7xhdrxmk_zm0000gn/T//ccstj3om.ltrans0.ltrans.o
 .rodata.CSWTCH.13
                0x1000691f        0x3 /var/folders/x9/cy1bx1f960zd_7xhdrxmk_zm0000gn/T//ccstj3om.ltrans0.ltrans.o
 .rodata.CSWTCH.14
                0x10006922       0x2e /var/folders/x9/cy1bx1f960zd_7xhdrxmk_zm0000gn/T//ccstj3om.ltrans0.ltrans.o
 .rodata.CSWTCH.2
                0x10006950        0xc /var/folders/x9/cy1bx1f960zd_7xhdrxmk_zm0000gn/T//ccstj3om.ltrans0.ltrans.o
 .rodata.CSWTCH.3
                0x1000695c        0xc /var/folders/x9/cy1bx1f960zd_7xhdrxmk_zm0000gn/T//ccstj3om.ltrans0.ltrans.o
 .rodata.CSWTCH.4
                0x10006968        0x3 /var/folders/x9/cy1bx1f960zd_7xhdrxmk_zm0000gn/T//ccstj3om.ltrans0.ltrans.o
 .rodata.ConfigurationDescriptor
                0x1000696b       0x5b /var/folders/x9/cy1bx1f960zd_7xhdrxmk_zm0000gn/T//ccstj3om.ltrans0.ltrans.o
 .rodata.ConsoleReport
                0x100069c6       0x22 /var/folders/x9/cy1bx1f960zd_7xhdrxmk_zm0000gn/T//ccstj3om.ltrans0.ltrans.o
 .rodata.DeviceDescriptor
                0x100069e8       0x12 /var/folders/x9/cy1bx1f960zd_7xhdrxmk_zm0000gn/T//ccstj3om.ltrans0.ltrans.o
 .rodata.KeyboardReport
                0x100069fa       0x40 /var/folders/x9/cy1bx1f960zd_7xhdrxmk_zm0000gn/T//ccstj3om.ltrans0.ltrans.o
 .rodata.LanguageString
                0x10006a3a        0x4 /var/folders/x9/cy1bx1f960zd_7xhdrxmk_zm0000gn/T//ccstj3om.ltrans0.ltrans.o
 .rodata.ManufacturerString
                0x10006a3e       0x1a /var/folders/x9/cy1bx1f960zd_7xhdrxmk_zm0000gn/T//ccstj3om.ltrans0.ltrans.o
 .rodata.ProductString
                0x10006a58       0x1e /var/folders/x9/cy1bx1f960zd_7xhdrxmk_zm0000gn/T//ccstj3om.ltrans0.ltrans.o
 .rodata.SharedReport
                0x10006a76       0xbc /var/folders/x9/cy1bx1f960zd_7xhdrxmk_zm0000gn/T//ccstj3om.ltrans0.ltrans.o
 .rodata.Vector80.str1.1
                0x10006b32      0x2ce /var/folders/x9/cy1bx1f960zd_7xhdrxmk_zm0000gn/T//ccstj3om.ltrans0.ltrans.o
                                  0xd (size before relaxing)
 .rodata.active_status
                0x10006e00        0x2 /var/folders/x9/cy1bx1f960zd_7xhdrxmk_zm0000gn/T//ccstj3om.ltrans0.ltrans.o
 .rodata.add_key.str1.1
                0x10006e02       0x1e /var/folders/x9/cy1bx1f960zd_7xhdrxmk_zm0000gn/T//ccstj3om.ltrans0.ltrans.o
 .rodata.ascii_to_altgr_lut
                0x10006e02       0x10 /var/folders/x9/cy1bx1f960zd_7xhdrxmk_zm0000gn/T//ccstj3om.ltrans0.ltrans.o
 .rodata.ascii_to_keycode_lut
                0x10006e12       0x80 /var/folders/x9/cy1bx1f960zd_7xhdrxmk_zm0000gn/T//ccstj3om.ltrans0.ltrans.o
 .rodata.ascii_to_shift_lut
                0x10006e92       0x10 /var/folders/x9/cy1bx1f960zd_7xhdrxmk_zm0000gn/T//ccstj3om.ltrans0.ltrans.o
 *fill*         0x10006ea2        0x2 
 .rodata.ch_core0_cfg
                0x10006ea4        0xc /var/folders/x9/cy1bx1f960zd_7xhdrxmk_zm0000gn/T//ccstj3om.ltrans0.ltrans.o
 .rodata.col_pins
                0x10006eb0       0x44 /var/folders/x9/cy1bx1f960zd_7xhdrxmk_zm0000gn/T//ccstj3om.ltrans0.ltrans.o
 .rodata.del_key.str1.1
                0x10006ef4       0x1e /var/folders/x9/cy1bx1f960zd_7xhdrxmk_zm0000gn/T//ccstj3om.ltrans0.ltrans.o
 .rodata.dynamic_macro_play.str1.1
                0x10006ef4       0x21 /var/folders/x9/cy1bx1f960zd_7xhdrxmk_zm0000gn/T//ccstj3om.ltrans0.ltrans.o
 .rodata.dynamic_macro_record_end.str1.1
                0x10006ef4       0x5e /var/folders/x9/cy1bx1f960zd_7xhdrxmk_zm0000gn/T//ccstj3om.ltrans0.ltrans.o
 .rodata.dynamic_macro_record_key.constprop.66.str1.1
                0x10006ef4       0x57 /var/folders/x9/cy1bx1f960zd_7xhdrxmk_zm0000gn/T//ccstj3om.ltrans0.ltrans.o
 .rodata.dynamic_macro_record_start.constprop.63.str1.1
                0x10006ef4       0x23 /var/folders/x9/cy1bx1f960zd_7xhdrxmk_zm0000gn/T//ccstj3om.ltrans0.ltrans.o
 .rodata.ep0config
                0x10006ef4       0x1c /var/folders/x9/cy1bx1f960zd_7xhdrxmk_zm0000gn/T//ccstj3om.ltrans0.ltrans.o
 .rodata.halted_status
                0x10006f10        0x2 /var/folders/x9/cy1bx1f960zd_7xhdrxmk_zm0000gn/T//ccstj3om.ltrans0.ltrans.o
 *fill*         0x10006f12        0x2 
 .rodata.kbd_ep_config
                0x10006f14       0x1c /var/folders/x9/cy1bx1f960zd_7xhdrxmk_zm0000gn/T//ccstj3om.ltrans0.ltrans.o
 .rodata.keymaps
                0x10006f30      0x264 /var/folders/x9/cy1bx1f960zd_7xhdrxmk_zm0000gn/T//ccstj3om.ltrans0.ltrans.o
 .rodata.main.str1.1
                0x10007194       0x71 /var/folders/x9/cy1bx1f960zd_7xhdrxmk_zm0000gn/T//ccstj3om.ltrans0.ltrans.o
 .rodata.mousekey_send.str1.1
                0x10007194       0x3a /var/folders/x9/cy1bx1f960zd_7xhdrxmk_zm0000gn/T//ccstj3om.ltrans0.ltrans.o
 .rodata.oneshot_set.str1.1
                0x10007194       0x15 /var/folders/x9/cy1bx1f960zd_7xhdrxmk_zm0000gn/T//ccstj3om.ltrans0.ltrans.o
 .rodata.process_record.str1.1
                0x10007194       0x78 /var/folders/x9/cy1bx1f960zd_7xhdrxmk_zm0000gn/T//ccstj3om.ltrans0.ltrans.o
 .rodata.ram_areas
                0x10007194       0x80 /var/folders/x9/cy1bx1f960zd_7xhdrxmk_zm0000gn/T//ccstj3om.ltrans0.ltrans.o
 .rodata.row_pins
                0x10007214       0x24 /var/folders/x9/cy1bx1f960zd_7xhdrxmk_zm0000gn/T//ccstj3om.ltrans0.ltrans.o
 .rodata.send_keyboard_report.str1.1
                0x10007238       0x2c /var/folders/x9/cy1bx1f960zd_7xhdrxmk_zm0000gn/T//ccstj3om.ltrans0.ltrans.o
 .rodata.set_unicode_input_mode.str1.1
                0x10007238       0x1f /var/folders/x9/cy1bx1f960zd_7xhdrxmk_zm0000gn/T//ccstj3om.ltrans0.ltrans.o
 .rodata.shared_ep_config
                0x10007238       0x1c /var/folders/x9/cy1bx1f960zd_7xhdrxmk_zm0000gn/T//ccstj3om.ltrans0.ltrans.o
 .rodata.str1.1
                0x10007254        0x3 /var/folders/x9/cy1bx1f960zd_7xhdrxmk_zm0000gn/T//ccstj3om.ltrans0.ltrans.o
 .rodata.usbcfg
                0x10007254       0x10 /var/folders/x9/cy1bx1f960zd_7xhdrxmk_zm0000gn/T//ccstj3om.ltrans0.ltrans.o
 .rodata.vmt    0x10007264       0x28 /var/folders/x9/cy1bx1f960zd_7xhdrxmk_zm0000gn/T//ccstj3om.ltrans0.ltrans.o
 .rodata.vsnprintf_impl.constprop.87.str1.1
                0x1000728c        0xd /var/folders/x9/cy1bx1f960zd_7xhdrxmk_zm0000gn/T//ccstj3om.ltrans0.ltrans.o
 .rodata.zero_status
                0x1000728c        0x2 /var/folders/x9/cy1bx1f960zd_7xhdrxmk_zm0000gn/T//ccstj3om.ltrans0.ltrans.o
                0x1000729c                        . = ALIGN (0x4)
 *fill*         0x1000728e        0x2 
                0x10007290                        __rodata_end__ = .

.ARM.extab
 *(.ARM.extab* .gnu.linkonce.armextab.*)

.ARM.exidx      0x10007290        0x8
                0x10007290                        __exidx_base__ = .
                0x10007290                        __exidx_start = .
 *(.ARM.exidx* .gnu.linkonce.armexidx.*)
 .ARM.exidx     0x10007290        0x8 /usr/local/Cellar/arm-none-eabi-gcc@8/8.5.0_2/lib/arm-none-eabi-gcc/8/gcc/arm-none-eabi/8.5.0/thumb/v6-m/nofp/libgcc.a(_udivmoddi4.o)
                0x10007298                        __exidx_end__ = .
                0x10007298                        __exidx_end = .

.rel.dyn        0x10007298        0x0
 .rel.iplt      0x10007298        0x0 .build/obj_converter_cumulus_ta15_default/./lib/chibios/os/common/startup/ARMCMx/compilers/GCC/crt0_v6m.o

.eh_frame_hdr
 *(.eh_frame_hdr)

.eh_frame
 *(.eh_frame)

.data           0x20000000      0x3e4 load address 0x10007298
                [!provide]                        PROVIDE (_textdata = LOADADDR (.data))
                [!provide]                        PROVIDE (_data = .)
                0x10007298                        __textdata_base__ = LOADADDR (.data)
                0x20000000                        __data_base__ = .
 *(vtable)
 *(.time_critical*)
 .time_critical.flash_enable_xip_via_boot2
                0x20000000       0x20 /var/folders/x9/cy1bx1f960zd_7xhdrxmk_zm0000gn/T//ccstj3om.ltrans0.ltrans.o
 .time_critical.flash_init_boot2_copyout
                0x20000020       0x30 /var/folders/x9/cy1bx1f960zd_7xhdrxmk_zm0000gn/T//ccstj3om.ltrans0.ltrans.o
 .time_critical.flash_range_erase
                0x20000050       0x60 /var/folders/x9/cy1bx1f960zd_7xhdrxmk_zm0000gn/T//ccstj3om.ltrans0.ltrans.o
 .time_critical.flash_was_aborted
                0x200000b0       0x10 /var/folders/x9/cy1bx1f960zd_7xhdrxmk_zm0000gn/T//ccstj3om.ltrans0.ltrans.o
 .time_critical.flash_cs_force
                0x200000c0       0x24 /var/folders/x9/cy1bx1f960zd_7xhdrxmk_zm0000gn/T//ccstj3om.ltrans0.ltrans.o
 .time_critical.flash_put_cmd_addr
                0x200000e4       0x24 /var/folders/x9/cy1bx1f960zd_7xhdrxmk_zm0000gn/T//ccstj3om.ltrans0.ltrans.o
 .time_critical.flash_put_get
                0x20000108       0x6a /var/folders/x9/cy1bx1f960zd_7xhdrxmk_zm0000gn/T//ccstj3om.ltrans0.ltrans.o
 .time_critical._flash_do_cmd
                0x20000172       0x22 /var/folders/x9/cy1bx1f960zd_7xhdrxmk_zm0000gn/T//ccstj3om.ltrans0.ltrans.o
 .time_critical.flash_enable_write
                0x20000194        0xe /var/folders/x9/cy1bx1f960zd_7xhdrxmk_zm0000gn/T//ccstj3om.ltrans0.ltrans.o
 .time_critical.flash_wait_ready
                0x200001a2       0x22 /var/folders/x9/cy1bx1f960zd_7xhdrxmk_zm0000gn/T//ccstj3om.ltrans0.ltrans.o
 .time_critical.pico_program_bulk
                0x200001c4       0x94 /var/folders/x9/cy1bx1f960zd_7xhdrxmk_zm0000gn/T//ccstj3om.ltrans0.ltrans.o
                0x20000258                        . = ALIGN (0x4)
 *(.data)
 *(.data.*)
 .data.chibios_driver
                0x20000258       0x18 /var/folders/x9/cy1bx1f960zd_7xhdrxmk_zm0000gn/T//ccstj3om.ltrans0.ltrans.o
 .data.drivers  0x20000270      0x160 /var/folders/x9/cy1bx1f960zd_7xhdrxmk_zm0000gn/T//ccstj3om.ltrans0.ltrans.o
 .data.func     0x200003d0        0x4 /var/folders/x9/cy1bx1f960zd_7xhdrxmk_zm0000gn/T//ccstj3om.ltrans0.ltrans.o
 .data.keyboard_protocol
                0x200003d4        0x1 /var/folders/x9/cy1bx1f960zd_7xhdrxmk_zm0000gn/T//ccstj3om.ltrans0.ltrans.o
 .data.linecoding
                0x200003d5        0x7 /var/folders/x9/cy1bx1f960zd_7xhdrxmk_zm0000gn/T//ccstj3om.ltrans0.ltrans.o
 .data.macro_end.11265
                0x200003dc        0x4 /var/folders/x9/cy1bx1f960zd_7xhdrxmk_zm0000gn/T//ccstj3om.ltrans0.ltrans.o
 .data.r_macro_end.11267
                0x200003e0        0x4 /var/folders/x9/cy1bx1f960zd_7xhdrxmk_zm0000gn/T//ccstj3om.ltrans0.ltrans.o
 *(.ramtext)
                0x200003e4                        . = ALIGN (0x4)
                [!provide]                        PROVIDE (_edata = .)
                0x200003e4                        __data_end__ = .

.igot.plt       0x200003e4        0x0 load address 0x1000767c
 .igot.plt      0x200003e4        0x0 .build/obj_converter_cumulus_ta15_default/./lib/chibios/os/common/startup/ARMCMx/compilers/GCC/crt0_v6m.o

.bss            0x200003e4     0x1b58 load address 0x1000767c
                0x200003e4                        __bss_base__ = .
 *(.bss)
 *(.bss.*)
 .bss.BOOT2_ROM_RAM
                0x200003e4      0x100 /var/folders/x9/cy1bx1f960zd_7xhdrxmk_zm0000gn/T//ccstj3om.ltrans0.ltrans.o
 .bss.USBD1     0x200004e4       0xe4 /var/folders/x9/cy1bx1f960zd_7xhdrxmk_zm0000gn/T//ccstj3om.ltrans0.ltrans.o
 .bss.__compound_literal.0.lto_priv.122
                0x200005c8       0x20 /var/folders/x9/cy1bx1f960zd_7xhdrxmk_zm0000gn/T//ccstj3om.ltrans0.ltrans.o
 .bss.__compound_literal.0.lto_priv.123
                0x200005e8       0x90 /var/folders/x9/cy1bx1f960zd_7xhdrxmk_zm0000gn/T//ccstj3om.ltrans0.ltrans.o
 .bss.__compound_literal.1
                0x20000678       0x90 /var/folders/x9/cy1bx1f960zd_7xhdrxmk_zm0000gn/T//ccstj3om.ltrans0.ltrans.o
 .bss.boot2_copyout
                0x20000708      0x100 /var/folders/x9/cy1bx1f960zd_7xhdrxmk_zm0000gn/T//ccstj3om.ltrans0.ltrans.o
 .bss.boot2_copyout_valid
                0x20000808        0x1 /var/folders/x9/cy1bx1f960zd_7xhdrxmk_zm0000gn/T//ccstj3om.ltrans0.ltrans.o
 *fill*         0x20000809        0x1 
 .bss.bulk_write_buffer.5499
                0x2000080a       0x80 /var/folders/x9/cy1bx1f960zd_7xhdrxmk_zm0000gn/T//ccstj3om.ltrans0.ltrans.o
 *fill*         0x2000088a        0x2 
 .bss.ch_memcore
                0x2000088c        0x8 /var/folders/x9/cy1bx1f960zd_7xhdrxmk_zm0000gn/T//ccstj3om.ltrans0.ltrans.o
 .bss.ch_system
                0x20000894       0x10 /var/folders/x9/cy1bx1f960zd_7xhdrxmk_zm0000gn/T//ccstj3om.ltrans0.ltrans.o
 .bss.configured_freq
                0x200008a4       0x28 /var/folders/x9/cy1bx1f960zd_7xhdrxmk_zm0000gn/T//ccstj3om.ltrans0.ltrans.o
 .bss.debouncing
                0x200008cc        0x1 /var/folders/x9/cy1bx1f960zd_7xhdrxmk_zm0000gn/T//ccstj3om.ltrans0.ltrans.o
 *fill*         0x200008cd        0x3 
 .bss.debouncing_time
                0x200008d0        0x4 /var/folders/x9/cy1bx1f960zd_7xhdrxmk_zm0000gn/T//ccstj3om.ltrans0.ltrans.o
 .bss.debug_config
                0x200008d4        0x1 /var/folders/x9/cy1bx1f960zd_7xhdrxmk_zm0000gn/T//ccstj3om.ltrans0.ltrans.o
 *fill*         0x200008d5        0x1 
 .bss.default_layer_state
                0x200008d6        0x2 /var/folders/x9/cy1bx1f960zd_7xhdrxmk_zm0000gn/T//ccstj3om.ltrans0.ltrans.o
 .bss.desc.9821
                0x200008d8        0x8 /var/folders/x9/cy1bx1f960zd_7xhdrxmk_zm0000gn/T//ccstj3om.ltrans0.ltrans.o
 .bss.driver.lto_priv.120
                0x200008e0        0x4 /var/folders/x9/cy1bx1f960zd_7xhdrxmk_zm0000gn/T//ccstj3om.ltrans0.ltrans.o
 .bss.driver.lto_priv.121
                0x200008e4        0x4 /var/folders/x9/cy1bx1f960zd_7xhdrxmk_zm0000gn/T//ccstj3om.ltrans0.ltrans.o
 .bss.ep0_state
                0x200008e8       0x40 /var/folders/x9/cy1bx1f960zd_7xhdrxmk_zm0000gn/T//ccstj3om.ltrans0.ltrans.o
 .bss.event_queue
                0x20000928       0x10 /var/folders/x9/cy1bx1f960zd_7xhdrxmk_zm0000gn/T//ccstj3om.ltrans0.ltrans.o
 .bss.event_queue_head
                0x20000938        0x1 /var/folders/x9/cy1bx1f960zd_7xhdrxmk_zm0000gn/T//ccstj3om.ltrans0.ltrans.o
 .bss.event_queue_tail
                0x20000939        0x1 /var/folders/x9/cy1bx1f960zd_7xhdrxmk_zm0000gn/T//ccstj3om.ltrans0.ltrans.o
 .bss.grave_esc_was_shifted
                0x2000093a        0x1 /var/folders/x9/cy1bx1f960zd_7xhdrxmk_zm0000gn/T//ccstj3om.ltrans0.ltrans.o
 *fill*         0x2000093b        0x1 
 .bss.interrupts
                0x2000093c        0x4 /var/folders/x9/cy1bx1f960zd_7xhdrxmk_zm0000gn/T//ccstj3om.ltrans0.ltrans.o
 .bss.kbd_ep_state
                0x20000940       0x20 /var/folders/x9/cy1bx1f960zd_7xhdrxmk_zm0000gn/T//ccstj3om.ltrans0.ltrans.o
 .bss.keyboard_idle
                0x20000960        0x1 /var/folders/x9/cy1bx1f960zd_7xhdrxmk_zm0000gn/T//ccstj3om.ltrans0.ltrans.o
 *fill*         0x20000961        0x3 
 .bss.keyboard_idle_timer
                0x20000964       0x18 /var/folders/x9/cy1bx1f960zd_7xhdrxmk_zm0000gn/T//ccstj3om.ltrans0.ltrans.o
 .bss.keyboard_led_state
                0x2000097c        0x1 /var/folders/x9/cy1bx1f960zd_7xhdrxmk_zm0000gn/T//ccstj3om.ltrans0.ltrans.o
 .bss.keyboard_report_sent
                0x2000097d       0x20 /var/folders/x9/cy1bx1f960zd_7xhdrxmk_zm0000gn/T//ccstj3om.ltrans0.ltrans.o
 *fill*         0x2000099d        0x1 
 .bss.keymap_config
                0x2000099e        0x2 /var/folders/x9/cy1bx1f960zd_7xhdrxmk_zm0000gn/T//ccstj3om.ltrans0.ltrans.o
 .bss.last_consumer_report
                0x200009a0        0x2 /var/folders/x9/cy1bx1f960zd_7xhdrxmk_zm0000gn/T//ccstj3om.ltrans0.ltrans.o
 .bss.last_led_status.9501
                0x200009a2        0x1 /var/folders/x9/cy1bx1f960zd_7xhdrxmk_zm0000gn/T//ccstj3om.ltrans0.ltrans.o
 .bss.last_report.9984
                0x200009a3       0x20 /var/folders/x9/cy1bx1f960zd_7xhdrxmk_zm0000gn/T//ccstj3om.ltrans0.ltrans.o
 .bss.last_suspend_state
                0x200009c3        0x1 /var/folders/x9/cy1bx1f960zd_7xhdrxmk_zm0000gn/T//ccstj3om.ltrans0.ltrans.o
 .bss.last_system_report
                0x200009c4        0x2 /var/folders/x9/cy1bx1f960zd_7xhdrxmk_zm0000gn/T//ccstj3om.ltrans0.ltrans.o
 .bss.last_tick.11369
                0x200009c6        0x2 /var/folders/x9/cy1bx1f960zd_7xhdrxmk_zm0000gn/T//ccstj3om.ltrans0.ltrans.o
 .bss.last_ticks
                0x200009c8        0x4 /var/folders/x9/cy1bx1f960zd_7xhdrxmk_zm0000gn/T//ccstj3om.ltrans0.ltrans.o
 .bss.last_timer_c
                0x200009cc        0x2 /var/folders/x9/cy1bx1f960zd_7xhdrxmk_zm0000gn/T//ccstj3om.ltrans0.ltrans.o
 .bss.last_timer_w
                0x200009ce        0x2 /var/folders/x9/cy1bx1f960zd_7xhdrxmk_zm0000gn/T//ccstj3om.ltrans0.ltrans.o
 .bss.layer_state
                0x200009d0        0x2 /var/folders/x9/cy1bx1f960zd_7xhdrxmk_zm0000gn/T//ccstj3om.ltrans0.ltrans.o
 .bss.macro_buffer.11264
                0x200009d2      0x400 /var/folders/x9/cy1bx1f960zd_7xhdrxmk_zm0000gn/T//ccstj3om.ltrans0.ltrans.o
 .bss.macro_id.11269
                0x20000dd2        0x1 /var/folders/x9/cy1bx1f960zd_7xhdrxmk_zm0000gn/T//ccstj3om.ltrans0.ltrans.o
 *fill*         0x20000dd3        0x1 
 .bss.macro_pointer.11268
                0x20000dd4        0x4 /var/folders/x9/cy1bx1f960zd_7xhdrxmk_zm0000gn/T//ccstj3om.ltrans0.ltrans.o
 .bss.matrix    0x20000dd8       0x24 /var/folders/x9/cy1bx1f960zd_7xhdrxmk_zm0000gn/T//ccstj3om.ltrans0.ltrans.o
 .bss.matrix_previous.11376
                0x20000dfc       0x24 /var/folders/x9/cy1bx1f960zd_7xhdrxmk_zm0000gn/T//ccstj3om.ltrans0.ltrans.o
 .bss.mouse_report
                0x20000e20        0x6 /var/folders/x9/cy1bx1f960zd_7xhdrxmk_zm0000gn/T//ccstj3om.ltrans0.ltrans.o
 .bss.mousekey_accel
                0x20000e26        0x1 /var/folders/x9/cy1bx1f960zd_7xhdrxmk_zm0000gn/T//ccstj3om.ltrans0.ltrans.o
 .bss.mousekey_repeat
                0x20000e27        0x1 /var/folders/x9/cy1bx1f960zd_7xhdrxmk_zm0000gn/T//ccstj3om.ltrans0.ltrans.o
 .bss.mousekey_wheel_repeat
                0x20000e28        0x1 /var/folders/x9/cy1bx1f960zd_7xhdrxmk_zm0000gn/T//ccstj3om.ltrans0.ltrans.o
 *fill*         0x20000e29        0x3 
 .bss.ms_offset
                0x20000e2c        0x4 /var/folders/x9/cy1bx1f960zd_7xhdrxmk_zm0000gn/T//ccstj3om.ltrans0.ltrans.o
 .bss.oneshot_layer_data
                0x20000e30        0x1 /var/folders/x9/cy1bx1f960zd_7xhdrxmk_zm0000gn/T//ccstj3om.ltrans0.ltrans.o
 *fill*         0x20000e31        0x1 
 .bss.oneshot_layer_time
                0x20000e32        0x2 /var/folders/x9/cy1bx1f960zd_7xhdrxmk_zm0000gn/T//ccstj3om.ltrans0.ltrans.o
 .bss.oneshot_locked_mods
                0x20000e34        0x1 /var/folders/x9/cy1bx1f960zd_7xhdrxmk_zm0000gn/T//ccstj3om.ltrans0.ltrans.o
 .bss.oneshot_mods
                0x20000e35        0x1 /var/folders/x9/cy1bx1f960zd_7xhdrxmk_zm0000gn/T//ccstj3om.ltrans0.ltrans.o
 .bss.oneshot_time
                0x20000e36        0x2 /var/folders/x9/cy1bx1f960zd_7xhdrxmk_zm0000gn/T//ccstj3om.ltrans0.ltrans.o
 .bss.raw_matrix
                0x20000e38       0x24 /var/folders/x9/cy1bx1f960zd_7xhdrxmk_zm0000gn/T//ccstj3om.ltrans0.ltrans.o
 .bss.real_mods
                0x20000e5c        0x1 /var/folders/x9/cy1bx1f960zd_7xhdrxmk_zm0000gn/T//ccstj3om.ltrans0.ltrans.o
 .bss.report.9990
                0x20000e5d        0x3 /var/folders/x9/cy1bx1f960zd_7xhdrxmk_zm0000gn/T//ccstj3om.ltrans0.ltrans.o
 .bss.sc_last   0x20000e60        0x1 /var/folders/x9/cy1bx1f960zd_7xhdrxmk_zm0000gn/T//ccstj3om.ltrans0.ltrans.o
 *fill*         0x20000e61        0x1 
 .bss.sc_timer  0x20000e62        0x2 /var/folders/x9/cy1bx1f960zd_7xhdrxmk_zm0000gn/T//ccstj3om.ltrans0.ltrans.o
 .bss.set_report_buf
                0x20000e64        0x2 /var/folders/x9/cy1bx1f960zd_7xhdrxmk_zm0000gn/T//ccstj3om.ltrans0.ltrans.o
 *fill*         0x20000e66        0x2 
 .bss.shared_ep_state
                0x20000e68       0x20 /var/folders/x9/cy1bx1f960zd_7xhdrxmk_zm0000gn/T//ccstj3om.ltrans0.ltrans.o
 .bss.source_layers_cache
                0x20000e88       0x50 /var/folders/x9/cy1bx1f960zd_7xhdrxmk_zm0000gn/T//ccstj3om.ltrans0.ltrans.o
 .bss.tapping_key
                0x20000ed8        0x8 /var/folders/x9/cy1bx1f960zd_7xhdrxmk_zm0000gn/T//ccstj3om.ltrans0.ltrans.o
 .bss.ticks_offset
                0x20000ee0        0x4 /var/folders/x9/cy1bx1f960zd_7xhdrxmk_zm0000gn/T//ccstj3om.ltrans0.ltrans.o
 .bss.timed_out.10007
                0x20000ee4        0x1 /var/folders/x9/cy1bx1f960zd_7xhdrxmk_zm0000gn/T//ccstj3om.ltrans0.ltrans.o
 *fill*         0x20000ee5        0x3 
 .bss.unicode_config
                0x20000ee8        0x4 /var/folders/x9/cy1bx1f960zd_7xhdrxmk_zm0000gn/T//ccstj3om.ltrans0.ltrans.o
 .bss.unicode_saved_caps_lock
                0x20000eec        0x1 /var/folders/x9/cy1bx1f960zd_7xhdrxmk_zm0000gn/T//ccstj3om.ltrans0.ltrans.o
 .bss.unicode_saved_mods
                0x20000eed        0x1 /var/folders/x9/cy1bx1f960zd_7xhdrxmk_zm0000gn/T//ccstj3om.ltrans0.ltrans.o
 .bss.unicode_saved_num_lock
                0x20000eee        0x1 /var/folders/x9/cy1bx1f960zd_7xhdrxmk_zm0000gn/T//ccstj3om.ltrans0.ltrans.o
 *fill*         0x20000eef        0x1 
 .bss.waiting_buffer
                0x20000ef0       0x40 /var/folders/x9/cy1bx1f960zd_7xhdrxmk_zm0000gn/T//ccstj3om.ltrans0.ltrans.o
 .bss.waiting_buffer_head
                0x20000f30        0x1 /var/folders/x9/cy1bx1f960zd_7xhdrxmk_zm0000gn/T//ccstj3om.ltrans0.ltrans.o
 .bss.waiting_buffer_tail
                0x20000f31        0x1 /var/folders/x9/cy1bx1f960zd_7xhdrxmk_zm0000gn/T//ccstj3om.ltrans0.ltrans.o
 .bss.weak_mods
                0x20000f32        0x1 /var/folders/x9/cy1bx1f960zd_7xhdrxmk_zm0000gn/T//ccstj3om.ltrans0.ltrans.o
 *fill*         0x20000f33        0x1 
 .bss.wear_leveling
                0x20000f34     0x1008 /var/folders/x9/cy1bx1f960zd_7xhdrxmk_zm0000gn/T//ccstj3om.ltrans0.ltrans.o
 *(COMMON)
                0x20001f3c                        . = ALIGN (0x4)
                0x20001f3c                        __bss_end__ = .
                [!provide]                        PROVIDE (end = .)
                0x20000000                        __ram0_base__ = ORIGIN (ram0)
                0x00040000                        __ram0_size__ = LENGTH (ram0)
                0x20040000                        __ram0_end__ = (__ram0_base__ + __ram0_size__)
                0x00000000                        __ram1_base__ = ORIGIN (ram1)
                0x00040000                        __ram1_size__ = LENGTH (ram1)
                0x00040000                        __ram1_end__ = (__ram1_base__ + __ram1_size__)
                0x00000000                        __ram2_base__ = ORIGIN (ram2)
                0x00000000                        __ram2_size__ = LENGTH (ram2)
                0x00000000                        __ram2_end__ = (__ram2_base__ + __ram2_size__)
                0x00000000                        __ram3_base__ = ORIGIN (ram3)
                0x00000000                        __ram3_size__ = LENGTH (ram3)
                0x00000000                        __ram3_end__ = (__ram3_base__ + __ram3_size__)
                0x20040000                        __ram4_base__ = ORIGIN (ram4)
                0x00001000                        __ram4_size__ = LENGTH (ram4)
                0x20041000                        __ram4_end__ = (__ram4_base__ + __ram4_size__)
                0x20041000                        __ram5_base__ = ORIGIN (ram5)
                0x00001000                        __ram5_size__ = LENGTH (ram5)
                0x20042000                        __ram5_end__ = (__ram5_base__ + __ram5_size__)
                0x00000000                        __ram6_base__ = ORIGIN (ram6)
                0x00000000                        __ram6_size__ = LENGTH (ram6)
                0x00000000                        __ram6_end__ = (__ram6_base__ + __ram6_size__)
                0x20041f00                        __ram7_base__ = ORIGIN (ram7)
                0x00000100                        __ram7_size__ = LENGTH (ram7)
                0x20042000                        __ram7_end__ = (__ram7_base__ + __ram7_size__)
                0x00000000                        __flash0_base__ = ORIGIN (flash0)
                0x00004000                        __flash0_size__ = LENGTH (flash0)
                0x00004000                        __flash0_end__ = (__flash0_base__ + __flash0_size__)
                0x10000000                        __flash1_base__ = ORIGIN (flash1)
                0x00200000                        __flash1_size__ = LENGTH (flash1)
                0x10200000                        __flash1_end__ = (__flash1_base__ + __flash1_size__)
                0x00000000                        __flash2_base__ = ORIGIN (flash2)
                0x00000000                        __flash2_size__ = LENGTH (flash2)
                0x00000000                        __flash2_end__ = (__flash2_base__ + __flash2_size__)
                0x00000000                        __flash3_base__ = ORIGIN (flash3)
                0x00000000                        __flash3_size__ = LENGTH (flash3)
                0x00000000                        __flash3_end__ = (__flash3_base__ + __flash3_size__)
                0x00000000                        __flash4_base__ = ORIGIN (flash4)
                0x00000000                        __flash4_size__ = LENGTH (flash4)
                0x00000000                        __flash4_end__ = (__flash4_base__ + __flash4_size__)
                0x00000000                        __flash5_base__ = ORIGIN (flash5)
                0x00000000                        __flash5_size__ = LENGTH (flash5)
                0x00000000                        __flash5_end__ = (__flash5_base__ + __flash5_size__)
                0x00000000                        __flash6_base__ = ORIGIN (flash6)
                0x00000000                        __flash6_size__ = LENGTH (flash6)
                0x00000000                        __flash6_end__ = (__flash6_base__ + __flash6_size__)
                0x00000000                        __flash7_base__ = ORIGIN (flash7)
                0x00000000                        __flash7_size__ = LENGTH (flash7)
                0x00000000                        __flash7_end__ = (__flash7_base__ + __flash7_size__)

.ram0_init      0x20001f3c        0x0 load address 0x1000767c
                0x1000767c                        __ram0_init_text__ = LOADADDR (.ram0_init)
                0x20001f3c                        __ram0_init__ = .
 *(.ram0_init)
 *(.ram0_init.*)
                0x20001f3c                        . = ALIGN (0x4)

.ram0           0x20001f3c        0x4 load address 0x1000767c
                0x20001f3c                        __ram0_clear__ = .
 *(.ram0_clear)
 *(.ram0_clear.*)
                0x20001f3c                        . = ALIGN (0x4)
                0x20001f3c                        __ram0_noinit__ = .
 *(.ram0)
 *(.ram0.*)
 .ram0.bootloader_magic
                0x20001f3c        0x4 /var/folders/x9/cy1bx1f960zd_7xhdrxmk_zm0000gn/T//ccstj3om.ltrans0.ltrans.o
                0x20001f40                        . = ALIGN (0x4)
                0x20001f40                        __ram0_free__ = .

.ram1_init      0x00000000        0x0 load address 0x1000767c
                0x1000767c                        __ram1_init_text__ = LOADADDR (.ram1_init)
                0x00000000                        __ram1_init__ = .
 *(.ram1_init)
 *(.ram1_init.*)
                0x00000000                        . = ALIGN (0x4)

.ram1           0x00000000        0x0 load address 0x1000767c
                0x00000000                        __ram1_clear__ = .
 *(.ram1_clear)
 *(.ram1_clear.*)
                0x00000000                        . = ALIGN (0x4)
                0x00000000                        __ram1_noinit__ = .
 *(.ram1)
 *(.ram1.*)
                0x00000000                        . = ALIGN (0x4)
                0x00000000                        __ram1_free__ = .

.ram2_init      0x00000000        0x0 load address 0x1000767c
                0x1000767c                        __ram2_init_text__ = LOADADDR (.ram2_init)
                0x00000000                        __ram2_init__ = .
 *(.ram2_init)
 *(.ram2_init.*)
                0x00000000                        . = ALIGN (0x4)

.ram2           0x00000000        0x0 load address 0x1000767c
                0x00000000                        __ram2_clear__ = .
 *(.ram2_clear)
 *(.ram2_clear.*)
                0x00000000                        . = ALIGN (0x4)
                0x00000000                        __ram2_noinit__ = .
 *(.ram2)
 *(.ram2.*)
                0x00000000                        . = ALIGN (0x4)
                0x00000000                        __ram2_free__ = .

.ram3_init      0x00000000        0x0 load address 0x1000767c
                0x1000767c                        __ram3_init_text__ = LOADADDR (.ram3_init)
                0x00000000                        __ram3_init__ = .
 *(.ram3_init)
 *(.ram3_init.*)
                0x00000000                        . = ALIGN (0x4)

.ram3           0x00000000        0x0 load address 0x1000767c
                0x00000000                        __ram3_clear__ = .
 *(.ram3_clear)
 *(.ram3_clear.*)
                0x00000000                        . = ALIGN (0x4)
                0x00000000                        __ram3_noinit__ = .
 *(.ram3)
 *(.ram3.*)
                0x00000000                        . = ALIGN (0x4)
                0x00000000                        __ram3_free__ = .

.ram4_init      0x20040c00        0x0 load address 0x1000767c
                0x1000767c                        __ram4_init_text__ = LOADADDR (.ram4_init)
                0x20040c00                        __ram4_init__ = .
 *(.ram4_init)
 *(.ram4_init.*)
                0x20040c00                        . = ALIGN (0x4)

.ram4           0x20040c00      0x120 load address 0x1000767c
                0x20040c00                        __ram4_clear__ = .
 *(.ram4_clear)
 *(.ram4_clear.*)
 .ram4_clear.core0
                0x20040c00      0x120 /var/folders/x9/cy1bx1f960zd_7xhdrxmk_zm0000gn/T//ccstj3om.ltrans0.ltrans.o
                0x20040d20                        . = ALIGN (0x4)
                0x20040d20                        __ram4_noinit__ = .
 *(.ram4)
 *(.ram4.*)
                0x20040d20                        . = ALIGN (0x4)
                0x20040d20                        __ram4_free__ = .

.ram5_init      0x20041c00        0x0 load address 0x1000767c
                0x1000767c                        __ram5_init_text__ = LOADADDR (.ram5_init)
                0x20041c00                        __ram5_init__ = .
 *(.ram5_init)
 *(.ram5_init.*)
                0x20041c00                        . = ALIGN (0x4)

.ram5           0x20041c00        0x0 load address 0x1000767c
                0x20041c00                        __ram5_clear__ = .
 *(.ram5_clear)
 *(.ram5_clear.*)
                0x20041c00                        . = ALIGN (0x4)
                0x20041c00                        __ram5_noinit__ = .
 *(.ram5)
 *(.ram5.*)
                0x20041c00                        . = ALIGN (0x4)
                0x20041c00                        __ram5_free__ = .

.ram6_init      0x00000000        0x0 load address 0x1000767c
                0x1000767c                        __ram6_init_text__ = LOADADDR (.ram6_init)
                0x00000000                        __ram6_init__ = .
 *(.ram6_init)
 *(.ram6_init.*)
                0x00000000                        . = ALIGN (0x4)

.ram6           0x00000000        0x0 load address 0x1000767c
                0x00000000                        __ram6_clear__ = .
 *(.ram6_clear)
 *(.ram6_clear.*)
                0x00000000                        . = ALIGN (0x4)
                0x00000000                        __ram6_noinit__ = .
 *(.ram6)
 *(.ram6.*)
                0x00000000                        . = ALIGN (0x4)
                0x00000000                        __ram6_free__ = .

.ram7_init      0x20041f00        0x0 load address 0x1000767c
                0x1000767c                        __ram7_init_text__ = LOADADDR (.ram7_init)
                0x20041f00                        __ram7_init__ = .
 *(.ram7_init)
 *(.ram7_init.*)
                0x20041f00                        . = ALIGN (0x4)

.ram7           0x20041f00        0x0 load address 0x1000767c
                0x20041f00                        __ram7_clear__ = .
 *(.ram7_clear)
 *(.ram7_clear.*)
                0x20041f00                        . = ALIGN (0x4)
                0x20041f00                        __ram7_noinit__ = .
 *(.ram7)
 *(.ram7.*)
                0x20041f00                        . = ALIGN (0x4)
                0x20041f00                        __ram7_free__ = .

.flash0         0x00000000        0x0
                0x00000000                        __flash0_init__ = .
 *(.flash0_init)
 *(.flash0_init.*)
                0x00000000                        __flash0_free__ = .

.flash1         0x1000767c        0x0
                0x1000767c                        __flash1_init__ = .
 *(.flash1_init)
 *(.flash1_init.*)
                0x1000767c                        __flash1_free__ = .

.flash2         0x00000000        0x0
                0x00000000                        __flash2_init__ = .
 *(.flash2_init)
 *(.flash2_init.*)
                0x00000000                        __flash2_free__ = .

.flash3         0x00000000        0x0
                0x00000000                        __flash3_init__ = .
 *(.flash3_init)
 *(.flash3_init.*)
                0x00000000                        __flash3_free__ = .

.flash4         0x00000000        0x0
                0x00000000                        __flash4_init__ = .
 *(.flash4_init)
 *(.flash4_init.*)
                0x00000000                        __flash4_free__ = .

.flash5         0x00000000        0x0
                0x00000000                        __flash5_init__ = .
 *(.flash5_init)
 *(.flash5_init.*)
                0x00000000                        __flash5_free__ = .

.flash6         0x00000000        0x0
                0x00000000                        __flash6_init__ = .
 *(.flash6_init)
 *(.flash6_init.*)
                0x00000000                        __flash6_free__ = .

.flash7         0x00000000        0x0
                0x00000000                        __flash7_init__ = .
 *(.flash7_init)
 *(.flash7_init.*)
                0x00000000                        __flash7_free__ = .

.heap           0x20001f40    0x3e0c0
                0x20001f40                        . = ALIGN (0x8)
                0x20001f40                        __heap_base__ = .
                0x20040000                        . = (ORIGIN (HEAP_RAM) + LENGTH (HEAP_RAM))
 *fill*         0x20001f40    0x3e0c0 
                0x20040000                        __heap_end__ = .

.flash_end      0x1000767c        0x0
                0x1000767c                        __flash_binary_end = .
OUTPUT(.build/converter_cumulus_ta15_default.elf elf32-littlearm)
LOAD linker stubs

.debug_info     0x00000000    0xd7a0a
 .debug_info    0x00000000    0xc77d8 /var/folders/x9/cy1bx1f960zd_7xhdrxmk_zm0000gn/T//ccy87cV2debugobj
                0x00000000                cumulus_ta15.c.7d1882d2
                0x00002217                default_keyboard.c.cf57e785
                0x0000442e                keymap_introspection.c.7f81b53a
                0x00007a93                quantum.c.efdc3177
                0x0000b3d3                bitwise.c.58a62397
                0x0000b5c3                led.c.526da298
                0x0000d57d                action.c.fd8ab042
                0x00010789                action_layer.c.38aea87a
                0x00012f17                action_tapping.c.00b009e7
                0x0001426a                action_util.c.fa0e92eb
                0x0001665b                eeconfig.c.0cb74748
                0x00017187                keyboard.c.dd13ec6f
                0x0001976d                keymap_common.c.f5da8f2c
                0x0001d20a                keycode_config.c.6292a3df
                0x0001d843                sync_timer.c.f575104c
                0x0001d8de                debug.c.f15ba547
                0x0001e29f                sendchar.c.aaa4bde6
                0x0001e351                print.c.801493d3
                0x0001e469                bootmagic_lite.c.a70fcc55
                0x000206c1                magic.c.51bb9920
                0x000227d8                matrix_common.c.89c889e2
                0x00024c6b                matrix.c.2ad6b0a8
                0x00027694                sym_defer_g.c.6bdbc345
                0x000299d2                main.c.bb3bc6b8
                0x00029a60                printf.c.35dc1981
                0x0002a2c9                mousekey.c.ed7f05d8
                0x0002c419                eeprom_driver.c.3dc26550
                0x0002cf94                eeprom_wear_leveling.c.83082750
                0x0002d94a                wear_leveling.c.b99e979c
                0x0002ea4b                wear_leveling_rp2040_flash.c.a5e82603
                0x0002fb50                qmk_fnv_type_validation.c.f89b19d9
                0x00030670                hash_32a.c.f816a164
                0x00031216                hash_64a.c.1d561502
                0x00031dbc                process_unicode.c.69445166
                0x00034e52                process_unicode_common.c.94f4c6ec
                0x0003855c                utf8.c.2055acc7
                0x0003862c                process_magic.c.40799e63
                0x0003b6c2                send_string.c.0dd1c541
                0x0003df05                process_dynamic_macro.c.ac73a9b7
                0x00041165                process_grave_esc.c.19b785a3
                0x000446c5                process_space_cadet.c.714d2745
                0x00047c2e                host.c.c5eb3d3b
                0x0004a2dc                report.c.5f794c79
                0x0004c8e6                usb_device_state.c.67c82180
                0x0004ca75                usb_util.c.03e291c3
                0x0004ecac                suspend.c.bcf6d205
                0x0004ed83                hardware_id.c.d2143281
                0x0004f54d                platform.c.f6945328
                0x000509e7                suspend.c.c13cfc16
                0x0005287a                timer.c.210d6a75
                0x0005348c                rp2040.c.26b6781b
                0x00055862                usb_main.c.e68d41af
                0x00059107                chibios.c.27485aef
                0x0005b25c                usb_descriptor.c.a7b46a03
                0x0005d667                usb_driver.c.807120a1
                0x0006016c                usb_util.c.213d6342
                0x00061612                chmboxes.c.c8908508
                0x00061d8d                chmemcore.c.96dab5e4
                0x00062a2a                chmemheaps.c.e185df12
                0x000631a5                chmempools.c.04f1bd64
                0x00063920                chpipes.c.b578e457
                0x00064929                chobjcaches.c.1dcf88d8
                0x000650a4                chdelegates.c.a5f99009
                0x0006581f                chfactory.c.bad310e8
                0x00066828                crt1.c.c15b2a00
                0x00066afc                chsys.c.e19acbe5
                0x00067ced                chrfcu.c.da083c14
                0x000684a4                chdebug.c.bc196852
                0x00068c1f                chtrace.c.88e6a878
                0x0006939a                chvt.c.87243062
                0x0006ab0f                chschd.c.9eac00fc
                0x0006bb28                chinstances.c.70a3dfd9
                0x0006c759                chthreads.c.aeb244af
                0x0006d976                chtm.c.a37cadff
                0x0006e0f1                chstats.c.99639f85
                0x0006e86c                chregistry.c.13be683f
                0x0006f875                chsem.c.79d25abb
                0x0007070a                chmtx.c.bc7e2d52
                0x00071507                chcond.c.34fb3387
                0x00071c82                chevents.c.ab1fc464
                0x00072d29                chmsg.c.8d7f7cdc
                0x000734a4                chdynamic.c.f4d19eab
                0x00073c1f                chcore.c.3f41ed31
                0x00074b80                osal.c.4a707d63
                0x000752fb                hal.c.fe603a5b
                0x0007679e                hal_st.c.92d6508f
                0x00077ca8                hal_buffers.c.17170541
                0x0007a4d8                hal_queues.c.d92994c0
                0x0007cbde                hal_flash.c.cd07c207
                0x0007e55d                hal_mmcsd.c.1d51729a
                0x0007f9ef                hal_adc.c.3e2ebf37
                0x00080e81                hal_can.c.09b95dd0
                0x00082313                hal_crypto.c.51dd2e5b
                0x000837a5                hal_dac.c.ae10a33b
                0x00084c37                hal_efl.c.f29307f6
                0x000860c9                hal_gpt.c.95c2c7be
                0x0008755b                hal_i2c.c.e3d388c2
                0x000889ed                hal_i2s.c.76ad06f2
                0x00089e7f                hal_icu.c.bc5c046b
                0x0008b311                hal_mac.c.86d440a8
                0x0008c7a3                hal_mmc_spi.c.1bc836fd
                0x0008e4c3                hal_pal.c.8fd1e2cb
                0x0008fd94                hal_pwm.c.e128d70d
                0x00091226                hal_rtc.c.f4e3727f
                0x000926b8                hal_sdc.c.05f53d12
                0x000943d8                hal_serial.c.b2a0c1a1
                0x0009586a                hal_serial_usb.c.c1075b42
                0x00096cfc                hal_sio.c.c7e54b10
                0x0009818e                hal_spi.c.1eeabfb1
                0x00099620                hal_trng.c.2e71d8ea
                0x0009aab2                hal_uart.c.5e2dfd54
                0x0009bf44                hal_usb.c.5f555a8a
                0x0009ec50                hal_wdg.c.21849733
                0x000a00e2                hal_wspi.c.bae1c734
                0x000a1574                nvic.c.d6b825ee
                0x000a2c6f                rp_isr.c.0cf38114
                0x000a4111                hal_lld.c.3cb906ec
                0x000a56b2                rp_dma.c.b60d1813
                0x000a6b44                hal_pal_lld.c.cabc3557
                0x000a8035                hal_spi_lld.c.bee7eea4
                0x000a94c7                hal_st_lld.c.ec3ce55c
                0x000aae2b                hal_sio_lld.c.1cea61c5
                0x000ac2bd                hal_rtc_lld.c.d0e133d2
                0x000ad74f                hal_wdg_lld.c.fb14ac47
                0x000aebe1                hal_i2c_lld.c.ff96313e
                0x000b0073                hal_pwm_lld.c.b2e17e81
                0x000b1505                hal_adc_lld.c.486f7087
                0x000b2997                hal_usb_lld.c.59850fc7
                0x000b5887                board.c.e9171d66
                0x000b6d29                chprintf.c.357747ed
                0x000b8623                chscanf.c.f9c31651
                0x000b9ea7                memstreams.c.ed292e80
                0x000bbea2                nullstreams.c.84e16131
                0x000bd571                bufstreams.c.8488a8ab
                0x000bf5f4                syscalls.c.e8ce088f
                0x000c0a8a                syscall_fallbacks.c.2533bc88
                0x000c1920                wait.c.3b4dd040
                0x000c2db2                synchronization_util.c.e199c182
                0x000c352d                clocks.c.3f53510f
                0x000c3c4d                pll.c.e59fca51
                0x000c3ed7                pio.c.f513228c
                0x000c4cdb                flash.c.f36a0c4d
                0x000c53ce                gpio.c.1999ea8c
                0x000c5e22                claim.c.9dd320f9