Archive member included to satisfy reference by file (symbol)

/usr/local/Cellar/avr-gcc@8/8.5.0/lib/avr-gcc/8/gcc/avr/8.5.0/../../../../../../avr/lib/avr5/libm.a(fixunssfsi.o)
                              .build/obj_xwhatsit_ibm_beamal_test_universal_alec/protocol/host.o (__fixunssfsi)
/usr/local/Cellar/avr-gcc@8/8.5.0/lib/avr-gcc/8/gcc/avr/8.5.0/../../../../../../avr/lib/avr5/libm.a(fp_split3.o)
                              /usr/local/Cellar/avr-gcc@8/8.5.0/lib/avr-gcc/8/gcc/avr/8.5.0/../../../../../../avr/lib/avr5/libm.a(fixunssfsi.o) (__fp_splitA)
/usr/local/Cellar/avr-gcc@8/8.5.0/lib/avr-gcc/8/gcc/avr/8.5.0/../../../../../../avr/lib/avr5/libm.a(fp_zero.o)
                              /usr/local/Cellar/avr-gcc@8/8.5.0/lib/avr-gcc/8/gcc/avr/8.5.0/../../../../../../avr/lib/avr5/libm.a(fixunssfsi.o) (__fp_zero)
/usr/local/Cellar/avr-gcc@8/8.5.0/lib/avr-gcc/8/gcc/avr/8.5.0/../../../../../../avr/lib/avr5/libm.a(mulsf3.o)
                              .build/obj_xwhatsit_ibm_beamal_test_universal_alec/protocol/host.o (__mulsf3)
/usr/local/Cellar/avr-gcc@8/8.5.0/lib/avr-gcc/8/gcc/avr/8.5.0/../../../../../../avr/lib/avr5/libm.a(mulsf3x.o)
                              /usr/local/Cellar/avr-gcc@8/8.5.0/lib/avr-gcc/8/gcc/avr/8.5.0/../../../../../../avr/lib/avr5/libm.a(mulsf3.o) (__mulsf3x)
/usr/local/Cellar/avr-gcc@8/8.5.0/lib/avr-gcc/8/gcc/avr/8.5.0/../../../../../../avr/lib/avr5/libm.a(fp_inf.o)
                              /usr/local/Cellar/avr-gcc@8/8.5.0/lib/avr-gcc/8/gcc/avr/8.5.0/../../../../../../avr/lib/avr5/libm.a(mulsf3x.o) (__fp_inf)
/usr/local/Cellar/avr-gcc@8/8.5.0/lib/avr-gcc/8/gcc/avr/8.5.0/../../../../../../avr/lib/avr5/libm.a(fp_nan.o)
                              /usr/local/Cellar/avr-gcc@8/8.5.0/lib/avr-gcc/8/gcc/avr/8.5.0/../../../../../../avr/lib/avr5/libm.a(mulsf3x.o) (__fp_nan)
/usr/local/Cellar/avr-gcc@8/8.5.0/lib/avr-gcc/8/gcc/avr/8.5.0/../../../../../../avr/lib/avr5/libm.a(fp_pscA.o)
                              /usr/local/Cellar/avr-gcc@8/8.5.0/lib/avr-gcc/8/gcc/avr/8.5.0/../../../../../../avr/lib/avr5/libm.a(mulsf3x.o) (__fp_pscA)
/usr/local/Cellar/avr-gcc@8/8.5.0/lib/avr-gcc/8/gcc/avr/8.5.0/../../../../../../avr/lib/avr5/libm.a(fp_pscB.o)
                              /usr/local/Cellar/avr-gcc@8/8.5.0/lib/avr-gcc/8/gcc/avr/8.5.0/../../../../../../avr/lib/avr5/libm.a(mulsf3x.o) (__fp_pscB)
/usr/local/Cellar/avr-gcc@8/8.5.0/lib/avr-gcc/8/gcc/avr/8.5.0/../../../../../../avr/lib/avr5/libm.a(fp_round.o)
                              /usr/local/Cellar/avr-gcc@8/8.5.0/lib/avr-gcc/8/gcc/avr/8.5.0/../../../../../../avr/lib/avr5/libm.a(mulsf3.o) (__fp_round)
/usr/local/Cellar/avr-gcc@8/8.5.0/lib/avr-gcc/8/gcc/avr/8.5.0/avr5/libgcc.a(_udivmodqi4.o)
                              .build/obj_xwhatsit_ibm_beamal_test_universal_alec/lufa.o (__udivmodqi4)
/usr/local/Cellar/avr-gcc@8/8.5.0/lib/avr-gcc/8/gcc/avr/8.5.0/avr5/libgcc.a(_udivmodhi4.o)
                              .build/obj_xwhatsit_ibm_beamal_test_universal_alec/keyboards/xwhatsit/matrix.o (__udivmodhi4)
/usr/local/Cellar/avr-gcc@8/8.5.0/lib/avr-gcc/8/gcc/avr/8.5.0/avr5/libgcc.a(_divmodhi4.o)
                              .build/obj_xwhatsit_ibm_beamal_test_universal_alec/quantum/process_keycode/process_unicode_common.o (__divmodhi4)
/usr/local/Cellar/avr-gcc@8/8.5.0/lib/avr-gcc/8/gcc/avr/8.5.0/avr5/libgcc.a(_udivmodsi4.o)
                              .build/obj_xwhatsit_ibm_beamal_test_universal_alec/keyboards/xwhatsit/matrix.o (__udivmodsi4)
/usr/local/Cellar/avr-gcc@8/8.5.0/lib/avr-gcc/8/gcc/avr/8.5.0/avr5/libgcc.a(_exit.o)
                              /usr/local/Cellar/avr-gcc@8/8.5.0/lib/avr-gcc/8/gcc/avr/8.5.0/../../../../../../avr/lib/avr5/crtatmega32u4.o (exit)
/usr/local/Cellar/avr-gcc@8/8.5.0/lib/avr-gcc/8/gcc/avr/8.5.0/avr5/libgcc.a(_tablejump2.o)
                              .build/obj_xwhatsit_ibm_beamal_test_universal_alec/keyboards/xwhatsit/util_comm.o (__tablejump2__)
/usr/local/Cellar/avr-gcc@8/8.5.0/lib/avr-gcc/8/gcc/avr/8.5.0/avr5/libgcc.a(_copy_data.o)
                              .build/obj_xwhatsit_ibm_beamal_test_universal_alec/keyboards/xwhatsit/matrix.o (__do_copy_data)
/usr/local/Cellar/avr-gcc@8/8.5.0/lib/avr-gcc/8/gcc/avr/8.5.0/avr5/libgcc.a(_clear_bss.o)
                              .build/obj_xwhatsit_ibm_beamal_test_universal_alec/keyboards/xwhatsit/matrix.o (__do_clear_bss)
/usr/local/Cellar/avr-gcc@8/8.5.0/lib/avr-gcc/8/gcc/avr/8.5.0/avr5/libgcc.a(_ctors.o)
                              .build/obj_xwhatsit_ibm_beamal_test_universal_alec/keyboards/xwhatsit/xwhatsit.o (__do_global_ctors)
/usr/local/Cellar/avr-gcc@8/8.5.0/lib/avr-gcc/8/gcc/avr/8.5.0/avr5/libgcc.a(_prologue.o)
                              .build/obj_xwhatsit_ibm_beamal_test_universal_alec/keyboards/xwhatsit/matrix.o (__prologue_saves__)
/usr/local/Cellar/avr-gcc@8/8.5.0/lib/avr-gcc/8/gcc/avr/8.5.0/avr5/libgcc.a(_epilogue.o)
[...]
Memory Configuration

Name             Origin             Length             Attributes
text             0x00000000         0x00020000         xr
data             0x00800060         0x0000ffa0         rw!x
eeprom           0x00810000         0x00010000         rw!x
fuse             0x00820000         0x00000003         rw!x
lock             0x00830000         0x00000400         rw!x
signature        0x00840000         0x00000400         rw!x
user_signatures  0x00850000         0x00000400         rw!x
*default*        0x00000000         0xffffffff

Linker script and memory map

Address of section .data set to 0x800100
LOAD /usr/local/Cellar/avr-gcc@8/8.5.0/lib/avr-gcc/8/gcc/avr/8.5.0/../../../../../../avr/lib/avr5/crtatmega32u4.o
LOAD .build/obj_xwhatsit_ibm_beamal_test_universal_alec/keyboards/xwhatsit/matrix.o
LOAD .build/obj_xwhatsit_ibm_beamal_test_universal_alec/keyboards/xwhatsit/util_comm.o
LOAD .build/obj_xwhatsit_ibm_beamal_test_universal_alec/keyboards/xwhatsit/xwhatsit.o
LOAD .build/obj_xwhatsit_ibm_beamal_test_universal_alec/keyboards/xwhatsit/ibm/beamal_test/universal/universal.o
LOAD .build/obj_xwhatsit_ibm_beamal_test_universal_alec/.build/obj_xwhatsit_ibm_beamal_test_universal/src/default_keyboard.o
LOAD .build/obj_xwhatsit_ibm_beamal_test_universal_alec/quantum/keymap_introspection.o
LOAD .build/obj_xwhatsit_ibm_beamal_test_universal_alec/quantum/quantum.o
LOAD .build/obj_xwhatsit_ibm_beamal_test_universal_alec/quantum/bitwise.o
LOAD .build/obj_xwhatsit_ibm_beamal_test_universal_alec/quantum/led.o
LOAD .build/obj_xwhatsit_ibm_beamal_test_universal_alec/quantum/action.o
LOAD .build/obj_xwhatsit_ibm_beamal_test_universal_alec/quantum/action_layer.o
LOAD .build/obj_xwhatsit_ibm_beamal_test_universal_alec/quantum/action_tapping.o
LOAD .build/obj_xwhatsit_ibm_beamal_test_universal_alec/quantum/action_util.o
LOAD .build/obj_xwhatsit_ibm_beamal_test_universal_alec/quantum/eeconfig.o
LOAD .build/obj_xwhatsit_ibm_beamal_test_universal_alec/quantum/keyboard.o
LOAD .build/obj_xwhatsit_ibm_beamal_test_universal_alec/quantum/keymap_common.o
LOAD .build/obj_xwhatsit_ibm_beamal_test_universal_alec/quantum/keycode_config.o
LOAD .build/obj_xwhatsit_ibm_beamal_test_universal_alec/quantum/sync_timer.o
LOAD .build/obj_xwhatsit_ibm_beamal_test_universal_alec/quantum/logging/debug.o
LOAD .build/obj_xwhatsit_ibm_beamal_test_universal_alec/quantum/logging/sendchar.o
LOAD .build/obj_xwhatsit_ibm_beamal_test_universal_alec/quantum/bootmagic/bootmagic_lite.o
LOAD .build/obj_xwhatsit_ibm_beamal_test_universal_alec/quantum/bootmagic/magic.o
LOAD .build/obj_xwhatsit_ibm_beamal_test_universal_alec/quantum/matrix_common.o
LOAD .build/obj_xwhatsit_ibm_beamal_test_universal_alec/quantum/debounce/sym_defer_g.o
LOAD .build/obj_xwhatsit_ibm_beamal_test_universal_alec/quantum/main.o
LOAD .build/obj_xwhatsit_ibm_beamal_test_universal_alec/solenoid.o
LOAD .build/obj_xwhatsit_ibm_beamal_test_universal_alec/quantum/process_keycode/process_unicode.o
LOAD .build/obj_xwhatsit_ibm_beamal_test_universal_alec/quantum/process_keycode/process_unicode_common.o
LOAD .build/obj_xwhatsit_ibm_beamal_test_universal_alec/quantum/utf8.o
LOAD .build/obj_xwhatsit_ibm_beamal_test_universal_alec/quantum/process_keycode/process_magic.o
LOAD .build/obj_xwhatsit_ibm_beamal_test_universal_alec/quantum/send_string/send_string.o
LOAD .build/obj_xwhatsit_ibm_beamal_test_universal_alec/quantum/process_keycode/process_dynamic_macro.o
LOAD .build/obj_xwhatsit_ibm_beamal_test_universal_alec/quantum/process_keycode/process_grave_esc.o
LOAD .build/obj_xwhatsit_ibm_beamal_test_universal_alec/quantum/process_keycode/process_haptic.o
LOAD .build/obj_xwhatsit_ibm_beamal_test_universal_alec/quantum/haptic.o
LOAD .build/obj_xwhatsit_ibm_beamal_test_universal_alec/quantum/process_keycode/process_space_cadet.o
LOAD .build/obj_xwhatsit_ibm_beamal_test_universal_alec/platforms/avr/xprintf.o
LOAD .build/obj_xwhatsit_ibm_beamal_test_universal_alec/platforms/avr/printf.o
LOAD .build/obj_xwhatsit_ibm_beamal_test_universal_alec/protocol/host.o
LOAD .build/obj_xwhatsit_ibm_beamal_test_universal_alec/protocol/report.o
LOAD .build/obj_xwhatsit_ibm_beamal_test_universal_alec/protocol/usb_device_state.o
LOAD .build/obj_xwhatsit_ibm_beamal_test_universal_alec/protocol/usb_util.o
LOAD .build/obj_xwhatsit_ibm_beamal_test_universal_alec/platforms/suspend.o
LOAD .build/obj_xwhatsit_ibm_beamal_test_universal_alec/platforms/avr/hardware_id.o
LOAD .build/obj_xwhatsit_ibm_beamal_test_universal_alec/platforms/avr/platform.o
LOAD .build/obj_xwhatsit_ibm_beamal_test_universal_alec/platforms/avr/suspend.o
LOAD .build/obj_xwhatsit_ibm_beamal_test_universal_alec/platforms/avr/timer.o
LOAD .build/obj_xwhatsit_ibm_beamal_test_universal_alec/platforms/avr/bootloaders/caterina.o
LOAD .build/obj_xwhatsit_ibm_beamal_test_universal_alec/lufa.o
LOAD .build/obj_xwhatsit_ibm_beamal_test_universal_alec/usb_descriptor.o
LOAD .build/obj_xwhatsit_ibm_beamal_test_universal_alec/lib/lufa/LUFA/Drivers/USB/Class/Common/HIDParser.o
LOAD .build/obj_xwhatsit_ibm_beamal_test_universal_alec/lib/lufa/LUFA/Drivers/USB/Core/AVR8/Device_AVR8.o
LOAD .build/obj_xwhatsit_ibm_beamal_test_universal_alec/lib/lufa/LUFA/Drivers/USB/Core/AVR8/EndpointStream_AVR8.o
LOAD .build/obj_xwhatsit_ibm_beamal_test_universal_alec/lib/lufa/LUFA/Drivers/USB/Core/AVR8/Endpoint_AVR8.o
LOAD .build/obj_xwhatsit_ibm_beamal_test_universal_alec/lib/lufa/LUFA/Drivers/USB/Core/AVR8/Host_AVR8.o
LOAD .build/obj_xwhatsit_ibm_beamal_test_universal_alec/lib/lufa/LUFA/Drivers/USB/Core/AVR8/PipeStream_AVR8.o
LOAD .build/obj_xwhatsit_ibm_beamal_test_universal_alec/lib/lufa/LUFA/Drivers/USB/Core/AVR8/Pipe_AVR8.o
LOAD .build/obj_xwhatsit_ibm_beamal_test_universal_alec/lib/lufa/LUFA/Drivers/USB/Core/AVR8/USBController_AVR8.o
LOAD .build/obj_xwhatsit_ibm_beamal_test_universal_alec/lib/lufa/LUFA/Drivers/USB/Core/AVR8/USBInterrupt_AVR8.o
LOAD .build/obj_xwhatsit_ibm_beamal_test_universal_alec/lib/lufa/LUFA/Drivers/USB/Core/ConfigDescriptors.o
LOAD .build/obj_xwhatsit_ibm_beamal_test_universal_alec/lib/lufa/LUFA/Drivers/USB/Core/DeviceStandardReq.o
LOAD .build/obj_xwhatsit_ibm_beamal_test_universal_alec/lib/lufa/LUFA/Drivers/USB/Core/Events.o
LOAD .build/obj_xwhatsit_ibm_beamal_test_universal_alec/lib/lufa/LUFA/Drivers/USB/Core/HostStandardReq.o
LOAD .build/obj_xwhatsit_ibm_beamal_test_universal_alec/lib/lufa/LUFA/Drivers/USB/Core/USBTask.o
LOAD .build/obj_xwhatsit_ibm_beamal_test_universal_alec/protocol/lufa/usb_util.o
LOAD /usr/local/Cellar/avr-gcc@8/8.5.0/lib/avr-gcc/8/gcc/avr/8.5.0/../../../../../../avr/lib/avr5/libm.a
START GROUP
LOAD /usr/local/Cellar/avr-gcc@8/8.5.0/lib/avr-gcc/8/gcc/avr/8.5.0/avr5/libgcc.a
LOAD /usr/local/Cellar/avr-gcc@8/8.5.0/lib/avr-gcc/8/gcc/avr/8.5.0/../../../../../../avr/lib/avr5/libm.a
LOAD /usr/local/Cellar/avr-gcc@8/8.5.0/lib/avr-gcc/8/gcc/avr/8.5.0/../../../../../../avr/lib/avr5/libc.a
LOAD /usr/local/Cellar/avr-gcc@8/8.5.0/lib/avr-gcc/8/gcc/avr/8.5.0/../../../../../../avr/lib/avr5/libatmega32u4.a
END GROUP
                0x00020000                        __TEXT_REGION_LENGTH__ = DEFINED (__TEXT_REGION_LENGTH__)?__TEXT_REGION_LENGTH__:0x20000
                0x00800060                        __DATA_REGION_ORIGIN__ = DEFINED (__DATA_REGION_ORIGIN__)?__DATA_REGION_ORIGIN__:0x800060
                0x0000ffa0                        __DATA_REGION_LENGTH__ = DEFINED (__DATA_REGION_LENGTH__)?__DATA_REGION_LENGTH__:0xffa0
                0x00010000                        __EEPROM_REGION_LENGTH__ = DEFINED (__EEPROM_REGION_LENGTH__)?__EEPROM_REGION_LENGTH__:0x10000
                [0x00000003]                      __FUSE_REGION_LENGTH__ = DEFINED (__FUSE_REGION_LENGTH__)?__FUSE_REGION_LENGTH__:0x400
                0x00000400                        __LOCK_REGION_LENGTH__ = DEFINED (__LOCK_REGION_LENGTH__)?__LOCK_REGION_LENGTH__:0x400
                0x00000400                        __SIGNATURE_REGION_LENGTH__ = DEFINED (__SIGNATURE_REGION_LENGTH__)?__SIGNATURE_REGION_LENGTH__:0x400
                0x00000400                        __USER_SIGNATURE_REGION_LENGTH__ = DEFINED (__USER_SIGNATURE_REGION_LENGTH__)?__USER_SIGNATURE_REGION_LENGTH__:0x400

.hash
 *(.hash)

.dynsym
 *(.dynsym)

.dynstr
 *(.dynstr)

.gnu.version
 *(.gnu.version)

.gnu.version_d
 *(.gnu.version_d)

.gnu.version_r
 *(.gnu.version_r)

.rel.init
 *(.rel.init)

.rela.init
 *(.rela.init)

.rel.text
 *(.rel.text)
 *(.rel.text.*)
 *(.rel.gnu.linkonce.t*)

.rela.text
 *(.rela.text)
 *(.rela.text.*)
 *(.rela.gnu.linkonce.t*)

.rel.fini
 *(.rel.fini)

.rela.fini
 *(.rela.fini)

.rel.rodata
 *(.rel.rodata)
 *(.rel.rodata.*)
 *(.rel.gnu.linkonce.r*)

.rela.rodata
 *(.rela.rodata)
 *(.rela.rodata.*)
 *(.rela.gnu.linkonce.r*)

.rel.data
 *(.rel.data)
 *(.rel.data.*)
 *(.rel.gnu.linkonce.d*)

.rela.data
 *(.rela.data)
 *(.rela.data.*)
 *(.rela.gnu.linkonce.d*)

.rel.ctors
 *(.rel.ctors)

.rela.ctors
 *(.rela.ctors)

.rel.dtors
 *(.rel.dtors)

.rela.dtors
 *(.rela.dtors)

.rel.got
 *(.rel.got)

.rela.got
 *(.rela.got)

.rel.bss
 *(.rel.bss)

.rela.bss
 *(.rela.bss)

.rel.plt
 *(.rel.plt)

.rela.plt
 *(.rela.plt)

.text           0x00000000     0x67dc
 *(.vectors)
 .vectors       0x00000000       0xac /usr/local/Cellar/avr-gcc@8/8.5.0/lib/avr-gcc/8/gcc/avr/8.5.0/../../../../../../avr/lib/avr5/crtatmega32u4.o
                0x00000000                __vectors
                0x00000000                __vector_default
 *(.vectors)
 *(.progmem.gcc*)
                0x000000ac                        . = ALIGN (0x2)
                0x000000ac                        __trampolines_start = .
 *(.trampolines)
 .trampolines   0x000000ac        0x0 linker stubs
 *(.trampolines*)
                0x000000ac                        __trampolines_end = .
 *libprintf_flt.a:*(.progmem.data)
 *libc.a:*(.progmem.data)
 *(.progmem.*)
 .progmem.data.__c.6937
                0x000000ac        0x8 .build/obj_xwhatsit_ibm_beamal_test_universal_alec/keyboards/xwhatsit/matrix.o
 .progmem.data.__c.6935
                0x000000b4       0x27 .build/obj_xwhatsit_ibm_beamal_test_universal_alec/keyboards/xwhatsit/matrix.o
 .progmem.data.__c.6933
                0x000000db       0x26 .build/obj_xwhatsit_ibm_beamal_test_universal_alec/keyboards/xwhatsit/matrix.o
 .progmem.data.__c.6931
                0x00000101       0x16 .build/obj_xwhatsit_ibm_beamal_test_universal_alec/keyboards/xwhatsit/matrix.o
 .progmem.data.__c.6929
                0x00000117       0x19 .build/obj_xwhatsit_ibm_beamal_test_universal_alec/keyboards/xwhatsit/matrix.o
 .progmem.data.__c.6901
                0x00000130        0x7 .build/obj_xwhatsit_ibm_beamal_test_universal_alec/keyboards/xwhatsit/matrix.o
 .progmem.data.__c.6899
                0x00000137        0xb .build/obj_xwhatsit_ibm_beamal_test_universal_alec/keyboards/xwhatsit/matrix.o
 .progmem.data.__c.6897
                0x00000142        0x7 .build/obj_xwhatsit_ibm_beamal_test_universal_alec/keyboards/xwhatsit/matrix.o
 .progmem.data.__c.6895
                0x00000149        0xd .build/obj_xwhatsit_ibm_beamal_test_universal_alec/keyboards/xwhatsit/matrix.o
 .progmem.data.keyboard_filename.6618
                0x00000156       0x23 .build/obj_xwhatsit_ibm_beamal_test_universal_alec/keyboards/xwhatsit/util_comm.o
 .progmem.data.__c.6714
                0x00000179       0x55 .build/obj_xwhatsit_ibm_beamal_test_universal_alec/quantum/keymap_introspection.o
 .progmem.data.__c.6712
                0x000001ce        0xe .build/obj_xwhatsit_ibm_beamal_test_universal_alec/quantum/keymap_introspection.o
 .progmem.data.__c.6709
                0x000001dc        0xf .build/obj_xwhatsit_ibm_beamal_test_universal_alec/quantum/keymap_introspection.o
 .progmem.data.__c.6706
                0x000001eb       0x11 .build/obj_xwhatsit_ibm_beamal_test_universal_alec/quantum/keymap_introspection.o
 .progmem.data.__c.6703
                0x000001fc       0x10 .build/obj_xwhatsit_ibm_beamal_test_universal_alec/quantum/keymap_introspection.o
 .progmem.data.__c.6700
                0x0000020c        0xe .build/obj_xwhatsit_ibm_beamal_test_universal_alec/quantum/keymap_introspection.o
 .progmem.data.__c.6697
                0x0000021a        0xc .build/obj_xwhatsit_ibm_beamal_test_universal_alec/quantum/keymap_introspection.o
 .progmem.data.__c.6694
                0x00000226        0x9 .build/obj_xwhatsit_ibm_beamal_test_universal_alec/quantum/keymap_introspection.o
 .progmem.data.__c.6691
                0x0000022f       0x11 .build/obj_xwhatsit_ibm_beamal_test_universal_alec/quantum/keymap_introspection.o
 .progmem.data.__c.6688
                0x00000240        0xc .build/obj_xwhatsit_ibm_beamal_test_universal_alec/quantum/keymap_introspection.o
 .progmem.data.__c.6685
                0x0000024c        0xf .build/obj_xwhatsit_ibm_beamal_test_universal_alec/quantum/keymap_introspection.o
 .progmem.data.__c.6682
                0x0000025b       0x11 .build/obj_xwhatsit_ibm_beamal_test_universal_alec/quantum/keymap_introspection.o
 .progmem.data.__c.6679
                0x0000026c       0x13 .build/obj_xwhatsit_ibm_beamal_test_universal_alec/quantum/keymap_introspection.o
 .progmem.data.__c.6676
                0x0000027f       0x11 .build/obj_xwhatsit_ibm_beamal_test_universal_alec/quantum/keymap_introspection.o
 .progmem.data.__c.6673
                0x00000290       0x13 .build/obj_xwhatsit_ibm_beamal_test_universal_alec/quantum/keymap_introspection.o
 .progmem.data.__c.6670
                0x000002a3        0xb .build/obj_xwhatsit_ibm_beamal_test_universal_alec/quantum/keymap_introspection.o
 .progmem.data.__c.6667
                0x000002ae       0x11 .build/obj_xwhatsit_ibm_beamal_test_universal_alec/quantum/keymap_introspection.o
 .progmem.data.__c.6664
                0x000002bf       0x11 .build/obj_xwhatsit_ibm_beamal_test_universal_alec/quantum/keymap_introspection.o
 .progmem.data.__c.6661
                0x000002d0        0xf .build/obj_xwhatsit_ibm_beamal_test_universal_alec/quantum/keymap_introspection.o
 .progmem.data.__c.6658
                0x000002df        0x9 .build/obj_xwhatsit_ibm_beamal_test_universal_alec/quantum/keymap_introspection.o
 .progmem.data.__c.6655
                0x000002e8        0xa .build/obj_xwhatsit_ibm_beamal_test_universal_alec/quantum/keymap_introspection.o
 .progmem.data.__c.6652
                0x000002f2        0x4 .build/obj_xwhatsit_ibm_beamal_test_universal_alec/quantum/keymap_introspection.o
 .progmem.data.__c.6649
                0x000002f6        0x2 .build/obj_xwhatsit_ibm_beamal_test_universal_alec/quantum/keymap_introspection.o
 .progmem.data.__c.6646
                0x000002f8        0x2 .build/obj_xwhatsit_ibm_beamal_test_universal_alec/quantum/keymap_introspection.o
 .progmem.data.__c.6643
                0x000002fa        0xa .build/obj_xwhatsit_ibm_beamal_test_universal_alec/quantum/keymap_introspection.o
 .progmem.data.__c.6640
                0x00000304        0x3 .build/obj_xwhatsit_ibm_beamal_test_universal_alec/quantum/keymap_introspection.o
 .progmem.data.__c.6637
                0x00000307        0x8 .build/obj_xwhatsit_ibm_beamal_test_universal_alec/quantum/keymap_introspection.o
 .progmem.data.__c.6635
                0x0000030f        0xa .build/obj_xwhatsit_ibm_beamal_test_universal_alec/quantum/keymap_introspection.o
 .progmem.data.__c.6632
                0x00000319        0xe .build/obj_xwhatsit_ibm_beamal_test_universal_alec/quantum/keymap_introspection.o
 .progmem.data.__c.6629
                0x00000327        0xe .build/obj_xwhatsit_ibm_beamal_test_universal_alec/quantum/keymap_introspection.o
 .progmem.data.__c.6626
                0x00000335       0x10 .build/obj_xwhatsit_ibm_beamal_test_universal_alec/quantum/keymap_introspection.o
 .progmem.data.__c.6624
                0x00000345       0x10 .build/obj_xwhatsit_ibm_beamal_test_universal_alec/quantum/keymap_introspection.o
 .progmem.data.__c.6621
                0x00000355        0xb .build/obj_xwhatsit_ibm_beamal_test_universal_alec/quantum/keymap_introspection.o
 .progmem.data.__c.6618
                0x00000360        0xc .build/obj_xwhatsit_ibm_beamal_test_universal_alec/quantum/keymap_introspection.o
 .progmem.data.__c.6615
                0x0000036c        0xc .build/obj_xwhatsit_ibm_beamal_test_universal_alec/quantum/keymap_introspection.o
 .progmem.data.__c.6612
                0x00000378        0xe .build/obj_xwhatsit_ibm_beamal_test_universal_alec/quantum/keymap_introspection.o
 .progmem.data.__c.6609
                0x00000386        0x8 .build/obj_xwhatsit_ibm_beamal_test_universal_alec/quantum/keymap_introspection.o
 .progmem.data.__c.6606
                0x0000038e        0x8 .build/obj_xwhatsit_ibm_beamal_test_universal_alec/quantum/keymap_introspection.o
 .progmem.data.__c.6603
                0x00000396        0xb .build/obj_xwhatsit_ibm_beamal_test_universal_alec/quantum/keymap_introspection.o
 .progmem.data.__c.6600
                0x000003a1       0x10 .build/obj_xwhatsit_ibm_beamal_test_universal_alec/quantum/keymap_introspection.o
 .progmem.data.__c.6597
                0x000003b1       0x10 .build/obj_xwhatsit_ibm_beamal_test_universal_alec/quantum/keymap_introspection.o
 .progmem.data.__c.6593
                0x000003c1        0x5 .build/obj_xwhatsit_ibm_beamal_test_universal_alec/quantum/keymap_introspection.o
 .progmem.data.keymaps
                0x000003c6      0x180 .build/obj_xwhatsit_ibm_beamal_test_universal_alec/quantum/keymap_introspection.o
                0x000003c6                keymaps
 .progmem.data.__c.6641
                0x00000546       0x12 .build/obj_xwhatsit_ibm_beamal_test_universal_alec/quantum/quantum.o
 .progmem.data.__c.6639
                0x00000558       0x11 .build/obj_xwhatsit_ibm_beamal_test_universal_alec/quantum/quantum.o
 .progmem.data.__c.5031
                0x00000569        0x2 .build/obj_xwhatsit_ibm_beamal_test_universal_alec/quantum/led.o
 .progmem.data.__c.5029
                0x0000056b        0x5 .build/obj_xwhatsit_ibm_beamal_test_universal_alec/quantum/led.o
 .progmem.data.__c.5027
                0x00000570        0xb .build/obj_xwhatsit_ibm_beamal_test_universal_alec/quantum/led.o
 .progmem.data.__c.5514
                0x0000057b       0x12 .build/obj_xwhatsit_ibm_beamal_test_universal_alec/quantum/action_util.o
 .progmem.data.__c.5497
                0x0000058d       0x15 .build/obj_xwhatsit_ibm_beamal_test_universal_alec/quantum/action_util.o
 .progmem.data.__c.6593
                0x000005a2        0x2 .build/obj_xwhatsit_ibm_beamal_test_universal_alec/quantum/matrix_common.o
 .progmem.data.__c.6591
                0x000005a4        0x6 .build/obj_xwhatsit_ibm_beamal_test_universal_alec/quantum/matrix_common.o
 .progmem.data.__c.6589
                0x000005aa        0x3 .build/obj_xwhatsit_ibm_beamal_test_universal_alec/quantum/matrix_common.o
 .progmem.data.__c.6587
                0x000005ad        0x5 .build/obj_xwhatsit_ibm_beamal_test_universal_alec/quantum/matrix_common.o
 .progmem.data.__c.6584
                0x000005b2       0x17 .build/obj_xwhatsit_ibm_beamal_test_universal_alec/quantum/matrix_common.o
 .progmem.data.__c.6563
                0x000005c9       0x1f .build/obj_xwhatsit_ibm_beamal_test_universal_alec/quantum/process_keycode/process_unicode_common.o
 .progmem.data.__c.6555
                0x000005e8       0x20 .build/obj_xwhatsit_ibm_beamal_test_universal_alec/quantum/process_keycode/process_unicode_common.o
 .progmem.data.ascii_to_keycode_lut
                0x00000608       0x80 .build/obj_xwhatsit_ibm_beamal_test_universal_alec/quantum/send_string/send_string.o
                0x00000608                ascii_to_keycode_lut
 .progmem.data.ascii_to_dead_lut
                0x00000688       0x10 .build/obj_xwhatsit_ibm_beamal_test_universal_alec/quantum/send_string/send_string.o
                0x00000688                ascii_to_dead_lut
 .progmem.data.ascii_to_altgr_lut
                0x00000698       0x10 .build/obj_xwhatsit_ibm_beamal_test_universal_alec/quantum/send_string/send_string.o
                0x00000698                ascii_to_altgr_lut
 .progmem.data.ascii_to_shift_lut
                0x000006a8       0x10 .build/obj_xwhatsit_ibm_beamal_test_universal_alec/quantum/send_string/send_string.o
                0x000006a8                ascii_to_shift_lut
 .progmem.data.__c.6600
                0x000006b8       0x2a .build/obj_xwhatsit_ibm_beamal_test_universal_alec/quantum/process_keycode/process_dynamic_macro.o
 .progmem.data.__c.6595
                0x000006e2       0x34 .build/obj_xwhatsit_ibm_beamal_test_universal_alec/quantum/process_keycode/process_dynamic_macro.o
 .progmem.data.__c.6587
                0x00000716       0x26 .build/obj_xwhatsit_ibm_beamal_test_universal_alec/quantum/process_keycode/process_dynamic_macro.o
 .progmem.data.__c.6585
                0x0000073c       0x31 .build/obj_xwhatsit_ibm_beamal_test_universal_alec/quantum/process_keycode/process_dynamic_macro.o
 .progmem.data.__c.6572
                0x0000076d       0x21 .build/obj_xwhatsit_ibm_beamal_test_universal_alec/quantum/process_keycode/process_dynamic_macro.o
 .progmem.data.__c.6565
                0x0000078e       0x23 .build/obj_xwhatsit_ibm_beamal_test_universal_alec/quantum/process_keycode/process_dynamic_macro.o
 .progmem.data.__c.2030
                0x000007b1       0x19 .build/obj_xwhatsit_ibm_beamal_test_universal_alec/quantum/haptic.o
 .progmem.data.__c.2025
                0x000007ca       0x19 .build/obj_xwhatsit_ibm_beamal_test_universal_alec/quantum/haptic.o
 .progmem.data.__c.2008
                0x000007e3       0x1a .build/obj_xwhatsit_ibm_beamal_test_universal_alec/quantum/haptic.o
 .progmem.data.__c.2003
                0x000007fd       0x19 .build/obj_xwhatsit_ibm_beamal_test_universal_alec/quantum/haptic.o
 .progmem.data.__c.1998
                0x00000816       0x1e .build/obj_xwhatsit_ibm_beamal_test_universal_alec/quantum/haptic.o
 .progmem.data.__c.1993
                0x00000834       0x19 .build/obj_xwhatsit_ibm_beamal_test_universal_alec/quantum/haptic.o
 .progmem.data.__c.1983
                0x0000084d       0x19 .build/obj_xwhatsit_ibm_beamal_test_universal_alec/quantum/haptic.o
 .progmem.data.__c.1981
                0x00000866       0x1d .build/obj_xwhatsit_ibm_beamal_test_universal_alec/quantum/haptic.o
 .progmem.data.__c.1954
                0x00000883       0x1d .build/obj_xwhatsit_ibm_beamal_test_universal_alec/quantum/haptic.o
 .progmem.data.__c.1946
                0x000008a0       0x1b .build/obj_xwhatsit_ibm_beamal_test_universal_alec/quantum/haptic.o
 .progmem.data.__c.1941
                0x000008bb       0x1b .build/obj_xwhatsit_ibm_beamal_test_universal_alec/quantum/haptic.o
 .progmem.data.__c.1936
                0x000008d6       0x19 .build/obj_xwhatsit_ibm_beamal_test_universal_alec/quantum/haptic.o
 .progmem.data.__c.1934
                0x000008ef       0x1b .build/obj_xwhatsit_ibm_beamal_test_universal_alec/quantum/haptic.o
 .progmem.data.__c.1932
                0x0000090a       0x16 .build/obj_xwhatsit_ibm_beamal_test_universal_alec/quantum/haptic.o
 .progmem.data.__c.1924
                0x00000920       0x1d .build/obj_xwhatsit_ibm_beamal_test_universal_alec/quantum/haptic.o
 .progmem.data.__c.6594
                0x0000093d        0x2 .build/obj_xwhatsit_ibm_beamal_test_universal_alec/protocol/host.o
 .progmem.data.__c.6589
                0x0000093f        0x6 .build/obj_xwhatsit_ibm_beamal_test_universal_alec/protocol/host.o
 .progmem.data.__c.6586
                0x00000945       0x12 .build/obj_xwhatsit_ibm_beamal_test_universal_alec/protocol/host.o
 .progmem.data.__c.5185
                0x00000957       0x1e .build/obj_xwhatsit_ibm_beamal_test_universal_alec/protocol/report.o
 .progmem.data.__c.5179
                0x00000975       0x1e .build/obj_xwhatsit_ibm_beamal_test_universal_alec/protocol/report.o
 .progmem.data.__c.6784
                0x00000993        0x4 .build/obj_xwhatsit_ibm_beamal_test_universal_alec/lufa.o
 .progmem.data.__c.6664
                0x00000997        0x4 .build/obj_xwhatsit_ibm_beamal_test_universal_alec/lufa.o
 .progmem.data.__c.6660
                0x0000099b        0x4 .build/obj_xwhatsit_ibm_beamal_test_universal_alec/lufa.o
 .progmem.data.__c.6656
                0x0000099f        0x4 .build/obj_xwhatsit_ibm_beamal_test_universal_alec/lufa.o
 .progmem.data.__c.6651
                0x000009a3        0x4 .build/obj_xwhatsit_ibm_beamal_test_universal_alec/lufa.o
 .progmem.data.__c.6646
                0x000009a7        0x4 .build/obj_xwhatsit_ibm_beamal_test_universal_alec/lufa.o
 .progmem.data.SerialNumberString
                0x000009ab       0x30 .build/obj_xwhatsit_ibm_beamal_test_universal_alec/usb_descriptor.o
                0x000009ab                SerialNumberString
 .progmem.data.ProductString
                0x000009db       0x10 .build/obj_xwhatsit_ibm_beamal_test_universal_alec/usb_descriptor.o
                0x000009db                ProductString
 .progmem.data.ManufacturerString
                0x000009eb       0x88 .build/obj_xwhatsit_ibm_beamal_test_universal_alec/usb_descriptor.o
                0x000009eb                ManufacturerString
 .progmem.data.LanguageString
                0x00000a73        0x4 .build/obj_xwhatsit_ibm_beamal_test_universal_alec/usb_descriptor.o
                0x00000a73                LanguageString
 .progmem.data.ConfigurationDescriptor
                0x00000a77       0x7b .build/obj_xwhatsit_ibm_beamal_test_universal_alec/usb_descriptor.o
                0x00000a77                ConfigurationDescriptor
 .progmem.data.DeviceDescriptor
                0x00000af2       0x12 .build/obj_xwhatsit_ibm_beamal_test_universal_alec/usb_descriptor.o
                0x00000af2                DeviceDescriptor
 .progmem.data.ConsoleReport
                0x00000b04       0x22 .build/obj_xwhatsit_ibm_beamal_test_universal_alec/usb_descriptor.o
                0x00000b04                ConsoleReport
 .progmem.data.RawReport
                0x00000b26       0x22 .build/obj_xwhatsit_ibm_beamal_test_universal_alec/usb_descriptor.o
                0x00000b26                RawReport
 .progmem.data.SharedReport
                0x00000b48       0x6d .build/obj_xwhatsit_ibm_beamal_test_universal_alec/usb_descriptor.o
                0x00000b48                SharedReport
 .progmem.data.KeyboardReport
                0x00000bb5       0x40 .build/obj_xwhatsit_ibm_beamal_test_universal_alec/usb_descriptor.o
                0x00000bb5                KeyboardReport
                0x00000bf6                        . = ALIGN (0x2)
 *fill*         0x00000bf5        0x1 
 *(.lowtext)
 *(.lowtext*)
                0x00000bf6                        __ctors_start = .
 *(.ctors)
 .ctors         0x00000bf6        0x2 .build/obj_xwhatsit_ibm_beamal_test_universal_alec/keyboards/xwhatsit/xwhatsit.o
                0x00000bf8                        __ctors_end = .
                0x00000bf8                        __dtors_start = .
 *(.dtors)
                0x00000bf8                        __dtors_end = .
 SORT_BY_NAME(*)(.ctors)
 SORT_BY_NAME(*)(.dtors)
 *(.init0)
 .init0         0x00000bf8        0x0 /usr/local/Cellar/avr-gcc@8/8.5.0/lib/avr-gcc/8/gcc/avr/8.5.0/../../../../../../avr/lib/avr5/crtatmega32u4.o
                0x00000bf8                __init
 *(.init0)
 *(.init1)
 *(.init1)
 *(.init2)
 .init2         0x00000bf8        0xc /usr/local/Cellar/avr-gcc@8/8.5.0/lib/avr-gcc/8/gcc/avr/8.5.0/../../../../../../avr/lib/avr5/crtatmega32u4.o
 *(.init2)
 *(.init3)
 *(.init3)
 *(.init4)
 .init4         0x00000c04       0x16 /usr/local/Cellar/avr-gcc@8/8.5.0/lib/avr-gcc/8/gcc/avr/8.5.0/avr5/libgcc.a(_copy_data.o)
                0x00000c04                __do_copy_data
 .init4         0x00000c1a       0x10 /usr/local/Cellar/avr-gcc@8/8.5.0/lib/avr-gcc/8/gcc/avr/8.5.0/avr5/libgcc.a(_clear_bss.o)
                0x00000c1a                __do_clear_bss
 *(.init4)
 *(.init5)
 *(.init5)
 *(.init6)
 .init6         0x00000c2a       0x16 /usr/local/Cellar/avr-gcc@8/8.5.0/lib/avr-gcc/8/gcc/avr/8.5.0/avr5/libgcc.a(_ctors.o)
                0x00000c2a                __do_global_ctors
 *(.init6)
 *(.init7)
 *(.init7)
 *(.init8)
 *(.init8)
 *(.init9)
 .init9         0x00000c40        0x8 /usr/local/Cellar/avr-gcc@8/8.5.0/lib/avr-gcc/8/gcc/avr/8.5.0/../../../../../../avr/lib/avr5/crtatmega32u4.o
 *(.init9)
 *(.text)
 .text          0x00000c48        0x4 /usr/local/Cellar/avr-gcc@8/8.5.0/lib/avr-gcc/8/gcc/avr/8.5.0/../../../../../../avr/lib/avr5/crtatmega32u4.o
                0x00000c48                __vector_42
                0x00000c48                __vector_22
                0x00000c48                __vector_28
                0x00000c48                __vector_1
                0x00000c48                __vector_32
                0x00000c48                __vector_34
                0x00000c48                __vector_24
                0x00000c48                __bad_interrupt
                0x00000c48                __vector_6
                0x00000c48                __vector_31
                0x00000c48                __vector_35
                0x00000c48                __vector_39
                0x00000c48                __vector_3
                0x00000c48                __vector_23
                0x00000c48                __vector_30
                0x00000c48                __vector_25
                0x00000c48                __vector_13
                0x00000c48                __vector_17
                0x00000c48                __vector_19
                0x00000c48                __vector_7
                0x00000c48                __vector_41
                0x00000c48                __vector_27
                0x00000c48                __vector_5
                0x00000c48                __vector_33
                0x00000c48                __vector_37
                0x00000c48                __vector_4
                0x00000c48                __vector_9
                0x00000c48                __vector_2
                0x00000c48                __vector_15
                0x00000c48                __vector_36
                0x00000c48                __vector_29
                0x00000c48                __vector_40
                0x00000c48                __vector_8
                0x00000c48                __vector_26
                0x00000c48                __vector_14
                0x00000c48                __vector_16
                0x00000c48                __vector_18
                0x00000c48                __vector_20
                0x00000c48                __vector_38
 .text          0x00000c4c      0x15c .build/obj_xwhatsit_ibm_beamal_test_universal_alec/platforms/avr/xprintf.o
                0x00000c4c                xputc
                0x00000c64                xputs
                0x00000c72                xitoa
                0x00000d96                __xprintf
                0x00000da8                        . = ALIGN (0x2)
 *(.text.*)
 .text.dac_init
                0x00000da8       0x10 .build/obj_xwhatsit_ibm_beamal_test_universal_alec/keyboards/xwhatsit/matrix.o
                0x00000da8                dac_init
 .text.dac_write_threshold
                0x00000db8       0x2c .build/obj_xwhatsit_ibm_beamal_test_universal_alec/keyboards/xwhatsit/matrix.o
                0x00000db8                dac_write_threshold
 .text.shift_select_nothing
                0x00000de4       0x14 .build/obj_xwhatsit_ibm_beamal_test_universal_alec/keyboards/xwhatsit/matrix.o
                0x00000de4                shift_select_nothing
 .text.shift_data
                0x00000df8       0x48 .build/obj_xwhatsit_ibm_beamal_test_universal_alec/keyboards/xwhatsit/matrix.o
                0x00000df8                shift_data
 .text.shift_select_col_no_strobe
                0x00000e40       0x1e .build/obj_xwhatsit_ibm_beamal_test_universal_alec/keyboards/xwhatsit/matrix.o
                0x00000e40                shift_select_col_no_strobe
 .text.shift_init
                0x00000e5e       0x1c .build/obj_xwhatsit_ibm_beamal_test_universal_alec/keyboards/xwhatsit/matrix.o
                0x00000e5e                shift_init
 .text.test_single
                0x00000e7a       0xe8 .build/obj_xwhatsit_ibm_beamal_test_universal_alec/keyboards/xwhatsit/matrix.o
                0x00000e7a                test_single
 .text.measure_middle
                0x00000f62       0x88 .build/obj_xwhatsit_ibm_beamal_test_universal_alec/keyboards/xwhatsit/matrix.o
                0x00000f62                measure_middle
 .text.measure_middle_keymap_coords
                0x00000fea        0xc .build/obj_xwhatsit_ibm_beamal_test_universal_alec/keyboards/xwhatsit/matrix.o
                0x00000fea                measure_middle_keymap_coords
 .text.calibration_measure_all_valid_keys
                0x00000ff6       0xd2 .build/obj_xwhatsit_ibm_beamal_test_universal_alec/keyboards/xwhatsit/matrix.o
                0x00000ff6                calibration_measure_all_valid_keys
 .text.calibration
                0x000010c8      0x236 .build/obj_xwhatsit_ibm_beamal_test_universal_alec/keyboards/xwhatsit/matrix.o
                0x000010c8                calibration
 .text.set_leds
                0x000012fe       0x20 .build/obj_xwhatsit_ibm_beamal_test_universal_alec/keyboards/xwhatsit/matrix.o
                0x000012fe                set_leds
 .text.real_keyboard_init_basic
                0x0000131e       0xa4 .build/obj_xwhatsit_ibm_beamal_test_universal_alec/keyboards/xwhatsit/matrix.o
                0x0000131e                real_keyboard_init_basic
 .text.led_update_kb
                0x000013c2       0x32 .build/obj_xwhatsit_ibm_beamal_test_universal_alec/keyboards/xwhatsit/matrix.o
                0x000013c2                led_update_kb
 .text.matrix_init_custom
                0x000013f4        0x6 .build/obj_xwhatsit_ibm_beamal_test_universal_alec/keyboards/xwhatsit/matrix.o
                0x000013f4                matrix_init_custom
 .text.matrix_has_it_changed
                0x000013fa       0x36 .build/obj_xwhatsit_ibm_beamal_test_universal_alec/keyboards/xwhatsit/matrix.o
                0x000013fa                matrix_has_it_changed
 .text.matrix_print_stats
                0x00001430      0x114 .build/obj_xwhatsit_ibm_beamal_test_universal_alec/keyboards/xwhatsit/matrix.o
                0x00001430                matrix_print_stats
 .text.matrix_scan_raw
                0x00001544      0x10c .build/obj_xwhatsit_ibm_beamal_test_universal_alec/keyboards/xwhatsit/matrix.o
                0x00001544                matrix_scan_raw
 .text.matrix_scan_custom
                0x00001650       0x30 .build/obj_xwhatsit_ibm_beamal_test_universal_alec/keyboards/xwhatsit/matrix.o
                0x00001650                matrix_scan_custom
 .text.raw_hid_receive
                0x00001680      0x260 .build/obj_xwhatsit_ibm_beamal_test_universal_alec/keyboards/xwhatsit/util_comm.o
                0x00001680                raw_hid_receive
 .text.startup.stack_painter
                0x000018e0       0x1e .build/obj_xwhatsit_ibm_beamal_test_universal_alec/keyboards/xwhatsit/xwhatsit.o
                0x000018e0                stack_painter
 .text.stack_used
                0x000018fe       0x26 .build/obj_xwhatsit_ibm_beamal_test_universal_alec/keyboards/xwhatsit/xwhatsit.o
                0x000018fe                stack_used
 .text.keyboard_post_init_kb
                0x00001924        0x2 .build/obj_xwhatsit_ibm_beamal_test_universal_alec/keyboards/xwhatsit/ibm/beamal_test/universal/universal.o
                0x00001924                keyboard_post_init_kb
 .text.process_record_user
                0x00001926      0x188 .build/obj_xwhatsit_ibm_beamal_test_universal_alec/quantum/keymap_introspection.o
                0x00001926                process_record_user
 .text.keycode_at_keymap_location_raw
                0x00001aae       0x38 .build/obj_xwhatsit_ibm_beamal_test_universal_alec/quantum/keymap_introspection.o
                0x00001aae                keycode_at_keymap_location_raw
 .text.extract_mod_bits
                0x00001ae6       0x62 .build/obj_xwhatsit_ibm_beamal_test_universal_alec/quantum/quantum.o
                0x00001ae6                extract_mod_bits
 .text.do_code16
                0x00001b48       0x14 .build/obj_xwhatsit_ibm_beamal_test_universal_alec/quantum/quantum.o
                0x00001b48                do_code16
 .text.register_code16
                0x00001b5c       0x2c .build/obj_xwhatsit_ibm_beamal_test_universal_alec/quantum/quantum.o
                0x00001b5c                register_code16
 .text.unregister_code16
                0x00001b88       0x2c .build/obj_xwhatsit_ibm_beamal_test_universal_alec/quantum/quantum.o
                0x00001b88                unregister_code16
 .text.tap_code16_delay
                0x00001bb4       0x34 .build/obj_xwhatsit_ibm_beamal_test_universal_alec/quantum/quantum.o
                0x00001bb4                tap_code16_delay
 .text.tap_code16
                0x00001be8       0x14 .build/obj_xwhatsit_ibm_beamal_test_universal_alec/quantum/quantum.o
                0x00001be8                tap_code16
 .text.process_action_kb
                0x00001bfc        0x4 .build/obj_xwhatsit_ibm_beamal_test_universal_alec/quantum/quantum.o
                0x00001bfc                process_action_kb
 .text.process_record_kb
                0x00001c00        0x6 .build/obj_xwhatsit_ibm_beamal_test_universal_alec/quantum/quantum.o
                0x00001c00                process_record_kb
 .text.post_process_record_user
                0x00001c06        0x2 .build/obj_xwhatsit_ibm_beamal_test_universal_alec/quantum/quantum.o
                0x00001c06                post_process_record_user
 .text.post_process_record_kb
                0x00001c08        0x6 .build/obj_xwhatsit_ibm_beamal_test_universal_alec/quantum/quantum.o
                0x00001c08                post_process_record_kb
 .text.get_event_keycode
                0x00001c0e       0x58 .build/obj_xwhatsit_ibm_beamal_test_universal_alec/quantum/quantum.o
                0x00001c0e                get_event_keycode
 .text.get_record_keycode
                0x00001c66       0x14 .build/obj_xwhatsit_ibm_beamal_test_universal_alec/quantum/quantum.o
                0x00001c66                get_record_keycode
 .text.pre_process_record_quantum
                0x00001c7a        0x4 .build/obj_xwhatsit_ibm_beamal_test_universal_alec/quantum/quantum.o
                0x00001c7a                pre_process_record_quantum
 .text.post_process_record_quantum
                0x00001c7e       0x18 .build/obj_xwhatsit_ibm_beamal_test_universal_alec/quantum/quantum.o
                0x00001c7e                post_process_record_quantum
 .text.matrix_init_quantum
                0x00001c96        0x6 .build/obj_xwhatsit_ibm_beamal_test_universal_alec/quantum/quantum.o
                0x00001c96                matrix_init_quantum
 .text.matrix_scan_quantum
                0x00001c9c        0x6 .build/obj_xwhatsit_ibm_beamal_test_universal_alec/quantum/quantum.o
                0x00001c9c                matrix_scan_quantum
 .text.shutdown_user
                0x00001ca2        0x2 .build/obj_xwhatsit_ibm_beamal_test_universal_alec/quantum/quantum.o
                0x00001ca2                shutdown_user
 .text.shutdown_quantum
                0x00001ca4       0x20 .build/obj_xwhatsit_ibm_beamal_test_universal_alec/quantum/quantum.o
                0x00001ca4                shutdown_quantum
 .text.reset_keyboard
                0x00001cc4        0xa .build/obj_xwhatsit_ibm_beamal_test_universal_alec/quantum/quantum.o
                0x00001cc4                reset_keyboard
 .text.soft_reset_keyboard
                0x00001cce        0xa .build/obj_xwhatsit_ibm_beamal_test_universal_alec/quantum/quantum.o
                0x00001cce                soft_reset_keyboard
 .text.process_record_quantum_helper
                0x00001cd8       0xee .build/obj_xwhatsit_ibm_beamal_test_universal_alec/quantum/quantum.o
                0x00001cd8                process_record_quantum_helper
 .text.process_record_quantum
                0x00001dc6       0x18 .build/obj_xwhatsit_ibm_beamal_test_universal_alec/quantum/quantum.o
                0x00001dc6                process_record_quantum
 .text.suspend_power_down_quantum
                0x00001dde        0xa .build/obj_xwhatsit_ibm_beamal_test_universal_alec/quantum/quantum.o
                0x00001dde                suspend_power_down_quantum
 .text.suspend_wakeup_init_quantum
                0x00001de8        0xa .build/obj_xwhatsit_ibm_beamal_test_universal_alec/quantum/quantum.o
                0x00001de8                suspend_wakeup_init_quantum
 .text.bitrev   0x00001df2       0x30 .build/obj_xwhatsit_ibm_beamal_test_universal_alec/quantum/bitwise.o
                0x00001df2                bitrev
 .text.bitrev16
                0x00001e22       0x1a .build/obj_xwhatsit_ibm_beamal_test_universal_alec/quantum/bitwise.o
                0x00001e22                bitrev16
 .text.led_set_user
                0x00001e3c        0x2 .build/obj_xwhatsit_ibm_beamal_test_universal_alec/quantum/led.o
                0x00001e3c                led_set_user
 .text.led_set_kb
                0x00001e3e        0x6 .build/obj_xwhatsit_ibm_beamal_test_universal_alec/quantum/led.o
                0x00001e3e                led_set_kb
 .text.led_update_user
                0x00001e44        0x4 .build/obj_xwhatsit_ibm_beamal_test_universal_alec/quantum/led.o
                0x00001e44                led_update_user
 .text.led_init_ports
                0x00001e48        0xe .build/obj_xwhatsit_ibm_beamal_test_universal_alec/quantum/led.o
                0x00001e48                led_init_ports
 .text.led_set  0x00001e56       0x12 .build/obj_xwhatsit_ibm_beamal_test_universal_alec/quantum/led.o
                0x00001e56                led_set
 .text.led_suspend
                0x00001e68        0x8 .build/obj_xwhatsit_ibm_beamal_test_universal_alec/quantum/led.o
                0x00001e68                led_suspend
 .text.led_wakeup
                0x00001e70        0xa .build/obj_xwhatsit_ibm_beamal_test_universal_alec/quantum/led.o
                0x00001e70                led_wakeup
 .text.led_task
                0x00001e7a       0x76 .build/obj_xwhatsit_ibm_beamal_test_universal_alec/quantum/led.o
                0x00001e7a                led_task
 .text.action_exec
                0x00001ef0       0x8a .build/obj_xwhatsit_ibm_beamal_test_universal_alec/quantum/action.o
                0x00001ef0                action_exec
 .text.process_record_tap_hint
                0x00001f7a        0xc .build/obj_xwhatsit_ibm_beamal_test_universal_alec/quantum/action.o
                0x00001f7a                process_record_tap_hint
 .text.register_code
                0x00001f86       0x88 .build/obj_xwhatsit_ibm_beamal_test_universal_alec/quantum/action.o
                0x00001f86                register_code
 .text.unregister_code
                0x0000200e       0x54 .build/obj_xwhatsit_ibm_beamal_test_universal_alec/quantum/action.o
                0x0000200e                unregister_code
 .text.tap_code_delay
                0x00002062       0x30 .build/obj_xwhatsit_ibm_beamal_test_universal_alec/quantum/action.o
                0x00002062                tap_code_delay
 .text.tap_code
                0x00002092       0x12 .build/obj_xwhatsit_ibm_beamal_test_universal_alec/quantum/action.o
                0x00002092                tap_code
 .text.register_mods
                0x000020a4        0xe .build/obj_xwhatsit_ibm_beamal_test_universal_alec/quantum/action.o
                0x000020a4                register_mods
 .text.unregister_mods
                0x000020b2        0xe .build/obj_xwhatsit_ibm_beamal_test_universal_alec/quantum/action.o
                0x000020b2                unregister_mods
 .text.process_action
                0x000020c0      0x44e .build/obj_xwhatsit_ibm_beamal_test_universal_alec/quantum/action.o
                0x000020c0                process_action
 .text.process_record_handler
                0x0000250e       0x30 .build/obj_xwhatsit_ibm_beamal_test_universal_alec/quantum/action.o
                0x0000250e                process_record_handler
 .text.process_record
                0x0000253e       0x54 .build/obj_xwhatsit_ibm_beamal_test_universal_alec/quantum/action.o
                0x0000253e                process_record
 .text.register_weak_mods
                0x00002592        0xe .build/obj_xwhatsit_ibm_beamal_test_universal_alec/quantum/action.o
                0x00002592                register_weak_mods
 .text.unregister_weak_mods
                0x000025a0        0xe .build/obj_xwhatsit_ibm_beamal_test_universal_alec/quantum/action.o
                0x000025a0                unregister_weak_mods
 .text.clear_keyboard_but_mods_and_keys
                0x000025ae       0x1a .build/obj_xwhatsit_ibm_beamal_test_universal_alec/quantum/action.o
                0x000025ae                clear_keyboard_but_mods_and_keys
 .text.clear_keyboard_but_mods
                0x000025c8        0xa .build/obj_xwhatsit_ibm_beamal_test_universal_alec/quantum/action.o
                0x000025c8                clear_keyboard_but_mods
 .text.clear_keyboard
                0x000025d2        0xa .build/obj_xwhatsit_ibm_beamal_test_universal_alec/quantum/action.o
                0x000025d2                clear_keyboard
 .text.is_tap_action
                0x000025dc       0x36 .build/obj_xwhatsit_ibm_beamal_test_universal_alec/quantum/action.o
                0x000025dc                is_tap_action
 .text.is_tap_record
                0x00002612       0x26 .build/obj_xwhatsit_ibm_beamal_test_universal_alec/quantum/action.o
                0x00002612                is_tap_record
 .text.debug_event
                0x00002638       0x14 .build/obj_xwhatsit_ibm_beamal_test_universal_alec/quantum/action.o
                0x00002638                debug_event
 .text.debug_record
                0x0000264c       0x14 .build/obj_xwhatsit_ibm_beamal_test_universal_alec/quantum/action.o
                0x0000264c                debug_record
 .text.default_layer_state_set_user
                0x00002660        0x2 .build/obj_xwhatsit_ibm_beamal_test_universal_alec/quantum/action_layer.o
                0x00002660                default_layer_state_set_user
 .text.default_layer_state_set_kb
                0x00002662        0x6 .build/obj_xwhatsit_ibm_beamal_test_universal_alec/quantum/action_layer.o
                0x00002662                default_layer_state_set_kb
 .text.default_layer_state_set
                0x00002668       0x12 .build/obj_xwhatsit_ibm_beamal_test_universal_alec/quantum/action_layer.o
 .text.default_layer_debug
                0x0000267a        0x2 .build/obj_xwhatsit_ibm_beamal_test_universal_alec/quantum/action_layer.o
                0x0000267a                default_layer_debug
 .text.default_layer_set
                0x0000267c        0x6 .build/obj_xwhatsit_ibm_beamal_test_universal_alec/quantum/action_layer.o
                0x0000267c                default_layer_set
 .text.default_layer_or
                0x00002682       0x12 .build/obj_xwhatsit_ibm_beamal_test_universal_alec/quantum/action_layer.o
                0x00002682                default_layer_or
 .text.default_layer_and
                0x00002694       0x12 .build/obj_xwhatsit_ibm_beamal_test_universal_alec/quantum/action_layer.o
                0x00002694                default_layer_and
 .text.default_layer_xor
                0x000026a6       0x12 .build/obj_xwhatsit_ibm_beamal_test_universal_alec/quantum/action_layer.o
                0x000026a6                default_layer_xor
 .text.layer_state_set_user
                0x000026b8        0x6 .build/obj_xwhatsit_ibm_beamal_test_universal_alec/quantum/action_layer.o
                0x000026b8                layer_state_set_user
 .text.layer_state_set_kb
                0x000026be        0x6 .build/obj_xwhatsit_ibm_beamal_test_universal_alec/quantum/action_layer.o
                0x000026be                layer_state_set_kb
 .text.layer_state_set
                0x000026c4       0x12 .build/obj_xwhatsit_ibm_beamal_test_universal_alec/quantum/action_layer.o
                0x000026c4                layer_state_set
 .text.layer_clear
                0x000026d6        0xa .build/obj_xwhatsit_ibm_beamal_test_universal_alec/quantum/action_layer.o
                0x000026d6                layer_clear
 .text.layer_move
                0x000026e0       0x18 .build/obj_xwhatsit_ibm_beamal_test_universal_alec/quantum/action_layer.o
                0x000026e0                layer_move
 .text.layer_on
                0x000026f8       0x20 .build/obj_xwhatsit_ibm_beamal_test_universal_alec/quantum/action_layer.o
                0x000026f8                layer_on
 .text.layer_off
                0x00002718       0x24 .build/obj_xwhatsit_ibm_beamal_test_universal_alec/quantum/action_layer.o
                0x00002718                layer_off
 .text.layer_invert
                0x0000273c       0x20 .build/obj_xwhatsit_ibm_beamal_test_universal_alec/quantum/action_layer.o
                0x0000273c                layer_invert
 .text.layer_or
                0x0000275c       0x12 .build/obj_xwhatsit_ibm_beamal_test_universal_alec/quantum/action_layer.o
                0x0000275c                layer_or
 .text.layer_and
                0x0000276e       0x12 .build/obj_xwhatsit_ibm_beamal_test_universal_alec/quantum/action_layer.o
                0x0000276e                layer_and
 .text.layer_xor
                0x00002780       0x12 .build/obj_xwhatsit_ibm_beamal_test_universal_alec/quantum/action_layer.o
                0x00002780                layer_xor
 .text.layer_debug
                0x00002792        0x2 .build/obj_xwhatsit_ibm_beamal_test_universal_alec/quantum/action_layer.o
                0x00002792                layer_debug
 .text.update_source_layers_cache_impl
                0x00002794       0x5a .build/obj_xwhatsit_ibm_beamal_test_universal_alec/quantum/action_layer.o
                0x00002794                update_source_layers_cache_impl
 .text.read_source_layers_cache_impl
                0x000027ee       0x4e .build/obj_xwhatsit_ibm_beamal_test_universal_alec/quantum/action_layer.o
                0x000027ee                read_source_layers_cache_impl
 .text.update_source_layers_cache
                0x0000283c       0x24 .build/obj_xwhatsit_ibm_beamal_test_universal_alec/quantum/action_layer.o
                0x0000283c                update_source_layers_cache
 .text.read_source_layers_cache
                0x00002860       0x24 .build/obj_xwhatsit_ibm_beamal_test_universal_alec/quantum/action_layer.o
                0x00002860                read_source_layers_cache
 .text.layer_switch_get_layer
                0x00002884       0x64 .build/obj_xwhatsit_ibm_beamal_test_universal_alec/quantum/action_layer.o
                0x00002884                layer_switch_get_layer
 .text.layer_switch_get_action
                0x000028e8       0x16 .build/obj_xwhatsit_ibm_beamal_test_universal_alec/quantum/action_layer.o
                0x000028e8                layer_switch_get_action
 .text.store_or_get_action
                0x000028fe       0x46 .build/obj_xwhatsit_ibm_beamal_test_universal_alec/quantum/action_layer.o
                0x000028fe                store_or_get_action
 .text.debug_waiting_buffer
                0x00002944       0x42 .build/obj_xwhatsit_ibm_beamal_test_universal_alec/quantum/action_tapping.o
 .text.debug_tapping_key
                0x00002986       0x1e .build/obj_xwhatsit_ibm_beamal_test_universal_alec/quantum/action_tapping.o
 .text.waiting_buffer_scan_tap
                0x000029a4       0xaa .build/obj_xwhatsit_ibm_beamal_test_universal_alec/quantum/action_tapping.o
 .text.process_tapping
                0x00002a4e      0x30e .build/obj_xwhatsit_ibm_beamal_test_universal_alec/quantum/action_tapping.o
 .text.action_tapping_process
                0x00002d5c      0x11e .build/obj_xwhatsit_ibm_beamal_test_universal_alec/quantum/action_tapping.o
                0x00002d5c                action_tapping_process
 .text.add_key  0x00002e7a       0x10 .build/obj_xwhatsit_ibm_beamal_test_universal_alec/quantum/action_util.o
                0x00002e7a                add_key
 .text.del_key  0x00002e8a       0x10 .build/obj_xwhatsit_ibm_beamal_test_universal_alec/quantum/action_util.o
                0x00002e8a                del_key
 .text.clear_keys
                0x00002e9a        0xe .build/obj_xwhatsit_ibm_beamal_test_universal_alec/quantum/action_util.o
                0x00002e9a                clear_keys
 .text.get_oneshot_locked_mods
                0x00002ea8        0x6 .build/obj_xwhatsit_ibm_beamal_test_universal_alec/quantum/action_util.o
                0x00002ea8                get_oneshot_locked_mods
 .text.has_oneshot_mods_timed_out
                0x00002eae       0x1e .build/obj_xwhatsit_ibm_beamal_test_universal_alec/quantum/action_util.o
                0x00002eae                has_oneshot_mods_timed_out
 .text.get_oneshot_layer
                0x00002ecc        0xc .build/obj_xwhatsit_ibm_beamal_test_universal_alec/quantum/action_util.o
                0x00002ecc                get_oneshot_layer
 .text.get_oneshot_layer_state
                0x00002ed8        0x8 .build/obj_xwhatsit_ibm_beamal_test_universal_alec/quantum/action_util.o
                0x00002ed8                get_oneshot_layer_state
 .text.has_oneshot_layer_timed_out
                0x00002ee0       0x2c .build/obj_xwhatsit_ibm_beamal_test_universal_alec/quantum/action_util.o
                0x00002ee0                has_oneshot_layer_timed_out
 .text.is_oneshot_layer_active
                0x00002f0c        0xe .build/obj_xwhatsit_ibm_beamal_test_universal_alec/quantum/action_util.o
                0x00002f0c                is_oneshot_layer_active
 .text.get_mods
                0x00002f1a        0x6 .build/obj_xwhatsit_ibm_beamal_test_universal_alec/quantum/action_util.o
                0x00002f1a                get_mods
 .text.add_mods
                0x00002f20        0xc .build/obj_xwhatsit_ibm_beamal_test_universal_alec/quantum/action_util.o
                0x00002f20                add_mods
 .text.del_mods
                0x00002f2c        0xe .build/obj_xwhatsit_ibm_beamal_test_universal_alec/quantum/action_util.o
                0x00002f2c                del_mods
 .text.set_mods
                0x00002f3a        0x6 .build/obj_xwhatsit_ibm_beamal_test_universal_alec/quantum/action_util.o
                0x00002f3a                set_mods
 .text.clear_mods
                0x00002f40        0x6 .build/obj_xwhatsit_ibm_beamal_test_universal_alec/quantum/action_util.o
                0x00002f40                clear_mods
 .text.add_weak_mods
                0x00002f46        0xc .build/obj_xwhatsit_ibm_beamal_test_universal_alec/quantum/action_util.o
                0x00002f46                add_weak_mods
 .text.del_weak_mods
                0x00002f52        0xe .build/obj_xwhatsit_ibm_beamal_test_universal_alec/quantum/action_util.o
                0x00002f52                del_weak_mods
 .text.clear_weak_mods
                0x00002f60        0x6 .build/obj_xwhatsit_ibm_beamal_test_universal_alec/quantum/action_util.o
                0x00002f60                clear_weak_mods
 .text.get_oneshot_mods
                0x00002f66        0x6 .build/obj_xwhatsit_ibm_beamal_test_universal_alec/quantum/action_util.o
                0x00002f66                get_oneshot_mods
 .text.oneshot_locked_mods_changed_user
                0x00002f6c        0x2 .build/obj_xwhatsit_ibm_beamal_test_universal_alec/quantum/action_util.o
                0x00002f6c                oneshot_locked_mods_changed_user
 .text.oneshot_locked_mods_changed_kb
                0x00002f6e        0x6 .build/obj_xwhatsit_ibm_beamal_test_universal_alec/quantum/action_util.o
                0x00002f6e                oneshot_locked_mods_changed_kb
 .text.set_oneshot_locked_mods
                0x00002f74       0x12 .build/obj_xwhatsit_ibm_beamal_test_universal_alec/quantum/action_util.o
                0x00002f74                set_oneshot_locked_mods
 .text.oneshot_mods_changed_user
                0x00002f86        0x2 .build/obj_xwhatsit_ibm_beamal_test_universal_alec/quantum/action_util.o
                0x00002f86                oneshot_mods_changed_user
 .text.oneshot_mods_changed_kb
                0x00002f88        0x6 .build/obj_xwhatsit_ibm_beamal_test_universal_alec/quantum/action_util.o
                0x00002f88                oneshot_mods_changed_kb
 .text.set_oneshot_mods
                0x00002f8e       0x2e .build/obj_xwhatsit_ibm_beamal_test_universal_alec/quantum/action_util.o
                0x00002f8e                set_oneshot_mods
 .text.clear_oneshot_mods
                0x00002fbc       0x1c .build/obj_xwhatsit_ibm_beamal_test_universal_alec/quantum/action_util.o
                0x00002fbc                clear_oneshot_mods
 .text.send_keyboard_report
                0x00002fd8       0xaa .build/obj_xwhatsit_ibm_beamal_test_universal_alec/quantum/action_util.o
                0x00002fd8                send_keyboard_report
 .text.oneshot_layer_changed_user
                0x00003082        0x2 .build/obj_xwhatsit_ibm_beamal_test_universal_alec/quantum/action_util.o
                0x00003082                oneshot_layer_changed_user
 .text.oneshot_layer_changed_kb
                0x00003084        0x6 .build/obj_xwhatsit_ibm_beamal_test_universal_alec/quantum/action_util.o
                0x00003084                oneshot_layer_changed_kb
 .text.set_oneshot_layer
                0x0000308a       0x3c .build/obj_xwhatsit_ibm_beamal_test_universal_alec/quantum/action_util.o
                0x0000308a                set_oneshot_layer
 .text.reset_oneshot_layer
                0x000030c6       0x14 .build/obj_xwhatsit_ibm_beamal_test_universal_alec/quantum/action_util.o
                0x000030c6                reset_oneshot_layer
 .text.clear_oneshot_layer_state
                0x000030da       0x38 .build/obj_xwhatsit_ibm_beamal_test_universal_alec/quantum/action_util.o
                0x000030da                clear_oneshot_layer_state
 .text.oneshot_set
                0x00003112       0x50 .build/obj_xwhatsit_ibm_beamal_test_universal_alec/quantum/action_util.o
                0x00003112                oneshot_set
 .text.oneshot_toggle
                0x00003162       0x14 .build/obj_xwhatsit_ibm_beamal_test_universal_alec/quantum/action_util.o
                0x00003162                oneshot_toggle
 .text.oneshot_enable
                0x00003176        0x8 .build/obj_xwhatsit_ibm_beamal_test_universal_alec/quantum/action_util.o
                0x00003176                oneshot_enable
 .text.oneshot_disable
                0x0000317e        0x8 .build/obj_xwhatsit_ibm_beamal_test_universal_alec/quantum/action_util.o
                0x0000317e                oneshot_disable
 .text.eeconfig_disable
                0x00003186        0xe .build/obj_xwhatsit_ibm_beamal_test_universal_alec/quantum/eeconfig.o
                0x00003186                eeconfig_disable
 .text.eeconfig_is_enabled
                0x00003194       0x16 .build/obj_xwhatsit_ibm_beamal_test_universal_alec/quantum/eeconfig.o
                0x00003194                eeconfig_is_enabled
 .text.eeconfig_read_debug
                0x000031aa        0xa .build/obj_xwhatsit_ibm_beamal_test_universal_alec/quantum/eeconfig.o
                0x000031aa                eeconfig_read_debug
 .text.eeconfig_read_default_layer
                0x000031b4        0xa .build/obj_xwhatsit_ibm_beamal_test_universal_alec/quantum/eeconfig.o
                0x000031b4                eeconfig_read_default_layer
 .text.eeconfig_read_keymap
                0x000031be       0x1c .build/obj_xwhatsit_ibm_beamal_test_universal_alec/quantum/eeconfig.o
                0x000031be                eeconfig_read_keymap
 .text.eeconfig_update_keymap
                0x000031da       0x1c .build/obj_xwhatsit_ibm_beamal_test_universal_alec/quantum/eeconfig.o
                0x000031da                eeconfig_update_keymap
 .text.eeconfig_update_kb
                0x000031f6        0xe .build/obj_xwhatsit_ibm_beamal_test_universal_alec/quantum/eeconfig.o
                0x000031f6                eeconfig_update_kb
 .text.eeconfig_update_user
                0x00003204        0xe .build/obj_xwhatsit_ibm_beamal_test_universal_alec/quantum/eeconfig.o
                0x00003204                eeconfig_update_user
 .text.eeconfig_init_user
                0x00003212        0xc .build/obj_xwhatsit_ibm_beamal_test_universal_alec/quantum/eeconfig.o
                0x00003212                eeconfig_init_user
 .text.eeconfig_init_kb
                0x0000321e       0x10 .build/obj_xwhatsit_ibm_beamal_test_universal_alec/quantum/eeconfig.o
                0x0000321e                eeconfig_init_kb
 .text.eeconfig_init_quantum
                0x0000322e       0xae .build/obj_xwhatsit_ibm_beamal_test_universal_alec/quantum/eeconfig.o
                0x0000322e                eeconfig_init_quantum
 .text.eeconfig_init
                0x000032dc        0x6 .build/obj_xwhatsit_ibm_beamal_test_universal_alec/quantum/eeconfig.o
                0x000032dc                eeconfig_init
 .text.eeconfig_read_haptic
                0x000032e2        0xa .build/obj_xwhatsit_ibm_beamal_test_universal_alec/quantum/eeconfig.o
                0x000032e2                eeconfig_read_haptic
 .text.eeconfig_update_haptic
                0x000032ec        0xe .build/obj_xwhatsit_ibm_beamal_test_universal_alec/quantum/eeconfig.o
                0x000032ec                eeconfig_update_haptic
 .text.eeconfig_update_handedness
                0x000032fa        0xc .build/obj_xwhatsit_ibm_beamal_test_universal_alec/quantum/eeconfig.o
                0x000032fa                eeconfig_update_handedness
 .text.last_matrix_activity_trigger
                0x00003306       0x26 .build/obj_xwhatsit_ibm_beamal_test_universal_alec/quantum/keyboard.o
                0x00003306                last_matrix_activity_trigger
 .text.matrix_setup
                0x0000332c        0x2 .build/obj_xwhatsit_ibm_beamal_test_universal_alec/quantum/keyboard.o
                0x0000332c                matrix_setup
 .text.keyboard_pre_init_user
                0x0000332e        0x2 .build/obj_xwhatsit_ibm_beamal_test_universal_alec/quantum/keyboard.o
                0x0000332e                keyboard_pre_init_user
 .text.keyboard_pre_init_kb
                0x00003330        0x6 .build/obj_xwhatsit_ibm_beamal_test_universal_alec/quantum/keyboard.o
                0x00003330                keyboard_pre_init_kb
 .text.keyboard_setup
                0x00003336       0x12 .build/obj_xwhatsit_ibm_beamal_test_universal_alec/quantum/keyboard.o
                0x00003336                keyboard_setup
 .text.is_keyboard_master
                0x00003348        0x4 .build/obj_xwhatsit_ibm_beamal_test_universal_alec/quantum/keyboard.o
                0x00003348                is_keyboard_master
 .text.should_process_keypress
                0x0000334c        0x6 .build/obj_xwhatsit_ibm_beamal_test_universal_alec/quantum/keyboard.o
                0x0000334c                should_process_keypress
 .text.housekeeping_task_kb
                0x00003352        0x2 .build/obj_xwhatsit_ibm_beamal_test_universal_alec/quantum/keyboard.o
                0x00003352                housekeeping_task_kb
 .text.housekeeping_task_user
                0x00003354        0x2 .build/obj_xwhatsit_ibm_beamal_test_universal_alec/quantum/keyboard.o
                0x00003354                housekeeping_task_user
 .text.housekeeping_task
                0x00003356        0xa .build/obj_xwhatsit_ibm_beamal_test_universal_alec/quantum/keyboard.o
                0x00003356                housekeeping_task
 .text.quantum_init
                0x00003360       0x12 .build/obj_xwhatsit_ibm_beamal_test_universal_alec/quantum/keyboard.o
                0x00003360                quantum_init
 .text.keyboard_init
                0x00003372       0x12 .build/obj_xwhatsit_ibm_beamal_test_universal_alec/quantum/keyboard.o
                0x00003372                keyboard_init
 .text.keyboard_task
                0x00003384      0x118 .build/obj_xwhatsit_ibm_beamal_test_universal_alec/quantum/keyboard.o
                0x00003384                keyboard_task
 .text.action_for_keycode
                0x0000349c      0x1c8 .build/obj_xwhatsit_ibm_beamal_test_universal_alec/quantum/keymap_common.o
                0x0000349c                action_for_keycode
 .text.keymap_key_to_keycode
                0x00003664       0x36 .build/obj_xwhatsit_ibm_beamal_test_universal_alec/quantum/keymap_common.o
                0x00003664                keymap_key_to_keycode
 .text.action_for_key
                0x0000369a        0xa .build/obj_xwhatsit_ibm_beamal_test_universal_alec/quantum/keymap_common.o
                0x0000369a                action_for_key
 .text.keycode_config
                0x000036a4      0x144 .build/obj_xwhatsit_ibm_beamal_test_universal_alec/quantum/keycode_config.o
                0x000036a4                keycode_config
 .text.mod_config
                0x000037e8       0x86 .build/obj_xwhatsit_ibm_beamal_test_universal_alec/quantum/keycode_config.o
                0x000037e8                mod_config
 .text.bootmagic_lite_reset_eeprom
                0x0000386e        0x6 .build/obj_xwhatsit_ibm_beamal_test_universal_alec/quantum/bootmagic/bootmagic_lite.o
                0x0000386e                bootmagic_lite_reset_eeprom
 .text.bootmagic_lite
                0x00003874       0x2e .build/obj_xwhatsit_ibm_beamal_test_universal_alec/quantum/bootmagic/bootmagic_lite.o
                0x00003874                bootmagic_lite
 .text.bootmagic
                0x000038a2        0x6 .build/obj_xwhatsit_ibm_beamal_test_universal_alec/quantum/bootmagic/bootmagic_lite.o
                0x000038a2                bootmagic
 .text.magic    0x000038a8       0x3c .build/obj_xwhatsit_ibm_beamal_test_universal_alec/quantum/bootmagic/magic.o
                0x000038a8                magic
 .text.matrix_init_user
                0x000038e4        0x2 .build/obj_xwhatsit_ibm_beamal_test_universal_alec/quantum/matrix_common.o
                0x000038e4                matrix_init_user
 .text.matrix_init_kb
                0x000038e6        0x6 .build/obj_xwhatsit_ibm_beamal_test_universal_alec/quantum/matrix_common.o
                0x000038e6                matrix_init_kb
 .text.matrix_scan_user
                0x000038ec        0x2 .build/obj_xwhatsit_ibm_beamal_test_universal_alec/quantum/matrix_common.o
                0x000038ec                matrix_scan_user
 .text.matrix_scan_kb
                0x000038ee        0x6 .build/obj_xwhatsit_ibm_beamal_test_universal_alec/quantum/matrix_common.o
                0x000038ee                matrix_scan_kb
 .text.matrix_get_row
                0x000038f4       0x12 .build/obj_xwhatsit_ibm_beamal_test_universal_alec/quantum/matrix_common.o
                0x000038f4                matrix_get_row
 .text.matrix_print
                0x00003906       0x82 .build/obj_xwhatsit_ibm_beamal_test_universal_alec/quantum/matrix_common.o
                0x00003906                matrix_print
 .text.matrix_init
                0x00003988       0x28 .build/obj_xwhatsit_ibm_beamal_test_universal_alec/quantum/matrix_common.o
                0x00003988                matrix_init
 .text.matrix_scan
                0x000039b0       0x26 .build/obj_xwhatsit_ibm_beamal_test_universal_alec/quantum/matrix_common.o
                0x000039b0                matrix_scan
 .text.debounce_init
                0x000039d6        0x2 .build/obj_xwhatsit_ibm_beamal_test_universal_alec/quantum/debounce/sym_defer_g.o
                0x000039d6                debounce_init
 .text.debounce
                0x000039d8       0x7e .build/obj_xwhatsit_ibm_beamal_test_universal_alec/quantum/debounce/sym_defer_g.o
                0x000039d8                debounce
 .text.protocol_init
                0x00003a56        0xe .build/obj_xwhatsit_ibm_beamal_test_universal_alec/quantum/main.o
                0x00003a56                protocol_init
 .text.protocol_task
                0x00003a64        0xe .build/obj_xwhatsit_ibm_beamal_test_universal_alec/quantum/main.o
                0x00003a64                protocol_task
 .text.startup.main
                0x00003a72       0x1a .build/obj_xwhatsit_ibm_beamal_test_universal_alec/quantum/main.o
                0x00003a72                main
 .text.solenoid_set_dwell
                0x00003a8c        0x6 .build/obj_xwhatsit_ibm_beamal_test_universal_alec/solenoid.o
                0x00003a8c                solenoid_set_dwell
 .text.solenoid_stop
                0x00003a92       0x26 .build/obj_xwhatsit_ibm_beamal_test_universal_alec/solenoid.o
                0x00003a92                solenoid_stop
 .text.solenoid_fire
                0x00003ab8       0x60 .build/obj_xwhatsit_ibm_beamal_test_universal_alec/solenoid.o
                0x00003ab8                solenoid_fire
 .text.solenoid_fire_handler
                0x00003b18        0x8 .build/obj_xwhatsit_ibm_beamal_test_universal_alec/solenoid.o
                0x00003b18                solenoid_fire_handler
 .text.solenoid_check
                0x00003b20       0x60 .build/obj_xwhatsit_ibm_beamal_test_universal_alec/solenoid.o
                0x00003b20                solenoid_check
 .text.solenoid_setup
                0x00003b80       0x1a .build/obj_xwhatsit_ibm_beamal_test_universal_alec/solenoid.o
                0x00003b80                solenoid_setup
 .text.solenoid_shutdown
                0x00003b9a       0x10 .build/obj_xwhatsit_ibm_beamal_test_universal_alec/solenoid.o
                0x00003b9a                solenoid_shutdown
 .text.process_unicode
                0x00003baa       0x2a .build/obj_xwhatsit_ibm_beamal_test_universal_alec/quantum/process_keycode/process_unicode.o
                0x00003baa                process_unicode
 .text.send_nibble_wrapper
                0x00003bd4       0x2a .build/obj_xwhatsit_ibm_beamal_test_universal_alec/quantum/process_keycode/process_unicode_common.o
 .text.unicode_input_mode_init
                0x00003bfe       0x42 .build/obj_xwhatsit_ibm_beamal_test_universal_alec/quantum/process_keycode/process_unicode_common.o
                0x00003bfe                unicode_input_mode_init
 .text.persist_unicode_input_mode
                0x00003c40        0xe .build/obj_xwhatsit_ibm_beamal_test_universal_alec/quantum/process_keycode/process_unicode_common.o
                0x00003c40                persist_unicode_input_mode
 .text.set_unicode_input_mode
                0x00003c4e       0x2e .build/obj_xwhatsit_ibm_beamal_test_universal_alec/quantum/process_keycode/process_unicode_common.o
                0x00003c4e                set_unicode_input_mode
 .text.unicode_input_start
                0x00003c7c       0xbe .build/obj_xwhatsit_ibm_beamal_test_universal_alec/quantum/process_keycode/process_unicode_common.o
                0x00003c7c                unicode_input_start
 .text.unicode_input_finish
                0x00003d3a       0x62 .build/obj_xwhatsit_ibm_beamal_test_universal_alec/quantum/process_keycode/process_unicode_common.o
                0x00003d3a                unicode_input_finish
 .text.register_hex
                0x00003d9c       0x36 .build/obj_xwhatsit_ibm_beamal_test_universal_alec/quantum/process_keycode/process_unicode_common.o
                0x00003d9c                register_hex
 .text.process_unicode_common
                0x00003dd2       0x70 .build/obj_xwhatsit_ibm_beamal_test_universal_alec/quantum/process_keycode/process_unicode_common.o
                0x00003dd2                process_unicode_common
 .text.process_magic
                0x00003e42      0x2dc .build/obj_xwhatsit_ibm_beamal_test_universal_alec/quantum/process_keycode/process_magic.o
                0x00003e42                process_magic
 .text.send_char
                0x0000411e       0xba .build/obj_xwhatsit_ibm_beamal_test_universal_alec/quantum/send_string/send_string.o
                0x0000411e                send_char
 .text.send_nibble
                0x000041d8       0x16 .build/obj_xwhatsit_ibm_beamal_test_universal_alec/quantum/send_string/send_string.o
                0x000041d8                send_nibble
 .text.send_string_with_delay_P
                0x000041ee       0xd0 .build/obj_xwhatsit_ibm_beamal_test_universal_alec/quantum/send_string/send_string.o
                0x000041ee                send_string_with_delay_P
 .text.dynamic_macro_record_start_user
                0x000042be        0x2 .build/obj_xwhatsit_ibm_beamal_test_universal_alec/quantum/process_keycode/process_dynamic_macro.o
                0x000042be                dynamic_macro_record_start_user
 .text.dynamic_macro_play_user
                0x000042c0        0x2 .build/obj_xwhatsit_ibm_beamal_test_universal_alec/quantum/process_keycode/process_dynamic_macro.o
                0x000042c0                dynamic_macro_play_user
 .text.dynamic_macro_record_key_user
                0x000042c2        0x2 .build/obj_xwhatsit_ibm_beamal_test_universal_alec/quantum/process_keycode/process_dynamic_macro.o
                0x000042c2                dynamic_macro_record_key_user
 .text.dynamic_macro_record_end_user
                0x000042c4        0x2 .build/obj_xwhatsit_ibm_beamal_test_universal_alec/quantum/process_keycode/process_dynamic_macro.o
                0x000042c4                dynamic_macro_record_end_user
 .text.dynamic_macro_record_start
                0x000042c6       0x36 .build/obj_xwhatsit_ibm_beamal_test_universal_alec/quantum/process_keycode/process_dynamic_macro.o
                0x000042c6                dynamic_macro_record_start
 .text.dynamic_macro_play
                0x000042fc       0x8e .build/obj_xwhatsit_ibm_beamal_test_universal_alec/quantum/process_keycode/process_dynamic_macro.o
                0x000042fc                dynamic_macro_play
 .text.dynamic_macro_record_key
                0x0000438a      0x12e .build/obj_xwhatsit_ibm_beamal_test_universal_alec/quantum/process_keycode/process_dynamic_macro.o
                0x0000438a                dynamic_macro_record_key
 .text.dynamic_macro_record_end
                0x000044b8       0xc6 .build/obj_xwhatsit_ibm_beamal_test_universal_alec/quantum/process_keycode/process_dynamic_macro.o
                0x000044b8                dynamic_macro_record_end
 .text.process_dynamic_macro
                0x0000457e      0x11a .build/obj_xwhatsit_ibm_beamal_test_universal_alec/quantum/process_keycode/process_dynamic_macro.o
                0x0000457e                process_dynamic_macro
 .text.process_grave_esc
                0x00004698       0x54 .build/obj_xwhatsit_ibm_beamal_test_universal_alec/quantum/process_keycode/process_grave_esc.o
                0x00004698                process_grave_esc
 .text.get_haptic_enabled_key
                0x000046ec       0x62 .build/obj_xwhatsit_ibm_beamal_test_universal_alec/quantum/process_keycode/process_haptic.o
                0x000046ec                get_haptic_enabled_key
 .text.process_haptic
                0x0000474e       0xb4 .build/obj_xwhatsit_ibm_beamal_test_universal_alec/quantum/process_keycode/process_haptic.o
                0x0000474e                process_haptic
 .text.update_haptic_enable_gpios
                0x00004802       0x18 .build/obj_xwhatsit_ibm_beamal_test_universal_alec/quantum/haptic.o
 .text.haptic_task
                0x0000481a        0x6 .build/obj_xwhatsit_ibm_beamal_test_universal_alec/quantum/haptic.o
                0x0000481a                haptic_task
 .text.eeconfig_debug_haptic
                0x00004820       0x7a .build/obj_xwhatsit_ibm_beamal_test_universal_alec/quantum/haptic.o
                0x00004820                eeconfig_debug_haptic
 .text.haptic_enable
                0x0000489a       0x48 .build/obj_xwhatsit_ibm_beamal_test_universal_alec/quantum/haptic.o
                0x0000489a                haptic_enable
 .text.haptic_disable
                0x000048e2       0x48 .build/obj_xwhatsit_ibm_beamal_test_universal_alec/quantum/haptic.o
                0x000048e2                haptic_disable
 .text.haptic_toggle
                0x0000492a       0x28 .build/obj_xwhatsit_ibm_beamal_test_universal_alec/quantum/haptic.o
                0x0000492a                haptic_toggle
 .text.haptic_feedback_toggle
                0x00004952       0x5e .build/obj_xwhatsit_ibm_beamal_test_universal_alec/quantum/haptic.o
                0x00004952                haptic_feedback_toggle
 .text.haptic_reset
                0x000049b0       0xaa .build/obj_xwhatsit_ibm_beamal_test_universal_alec/quantum/haptic.o
                0x000049b0                haptic_reset
 .text.haptic_init
                0x00004a5a       0x9e .build/obj_xwhatsit_ibm_beamal_test_universal_alec/quantum/haptic.o
                0x00004a5a                haptic_init
 .text.haptic_set_mode
                0x00004af8       0x7e .build/obj_xwhatsit_ibm_beamal_test_universal_alec/quantum/haptic.o
                0x00004af8                haptic_set_mode
 .text.haptic_mode_increase
                0x00004b76       0x22 .build/obj_xwhatsit_ibm_beamal_test_universal_alec/quantum/haptic.o
                0x00004b76                haptic_mode_increase
 .text.haptic_mode_decrease
                0x00004b98       0x22 .build/obj_xwhatsit_ibm_beamal_test_universal_alec/quantum/haptic.o
                0x00004b98                haptic_mode_decrease
 .text.haptic_set_amplitude
                0x00004bba       0x7e .build/obj_xwhatsit_ibm_beamal_test_universal_alec/quantum/haptic.o
                0x00004bba                haptic_set_amplitude
 .text.haptic_set_buzz
                0x00004c38       0x4c .build/obj_xwhatsit_ibm_beamal_test_universal_alec/quantum/haptic.o
                0x00004c38                haptic_set_buzz
 .text.haptic_buzz_toggle
                0x00004c84       0x1c .build/obj_xwhatsit_ibm_beamal_test_universal_alec/quantum/haptic.o
                0x00004c84                haptic_buzz_toggle
 .text.haptic_set_dwell
                0x00004ca0       0x7e .build/obj_xwhatsit_ibm_beamal_test_universal_alec/quantum/haptic.o
                0x00004ca0                haptic_set_dwell
 .text.haptic_dwell_increase
                0x00004d1e       0x3e .build/obj_xwhatsit_ibm_beamal_test_universal_alec/quantum/haptic.o
                0x00004d1e                haptic_dwell_increase
 .text.haptic_dwell_decrease
                0x00004d5c       0x3e .build/obj_xwhatsit_ibm_beamal_test_universal_alec/quantum/haptic.o
                0x00004d5c                haptic_dwell_decrease
 .text.haptic_get_enable
                0x00004d9a        0x8 .build/obj_xwhatsit_ibm_beamal_test_universal_alec/quantum/haptic.o
                0x00004d9a                haptic_get_enable
 .text.haptic_get_feedback
                0x00004da2       0x12 .build/obj_xwhatsit_ibm_beamal_test_universal_alec/quantum/haptic.o
                0x00004da2                haptic_get_feedback
 .text.haptic_enable_continuous
                0x00004db4       0x3a .build/obj_xwhatsit_ibm_beamal_test_universal_alec/quantum/haptic.o
                0x00004db4                haptic_enable_continuous
 .text.haptic_disable_continuous
                0x00004dee       0x38 .build/obj_xwhatsit_ibm_beamal_test_universal_alec/quantum/haptic.o
                0x00004dee                haptic_disable_continuous
 .text.haptic_toggle_continuous
                0x00004e26       0x14 .build/obj_xwhatsit_ibm_beamal_test_universal_alec/quantum/haptic.o
                0x00004e26                haptic_toggle_continuous
 .text.haptic_cont_increase
                0x00004e3a       0x28 .build/obj_xwhatsit_ibm_beamal_test_universal_alec/quantum/haptic.o
                0x00004e3a                haptic_cont_increase
 .text.haptic_cont_decrease
                0x00004e62       0x28 .build/obj_xwhatsit_ibm_beamal_test_universal_alec/quantum/haptic.o
                0x00004e62                haptic_cont_decrease
 .text.haptic_play
                0x00004e8a        0x6 .build/obj_xwhatsit_ibm_beamal_test_universal_alec/quantum/haptic.o
                0x00004e8a                haptic_play
 .text.haptic_shutdown
                0x00004e90        0x6 .build/obj_xwhatsit_ibm_beamal_test_universal_alec/quantum/haptic.o
                0x00004e90                haptic_shutdown
 .text.haptic_notify_usb_device_state_change
                0x00004e96        0x8 .build/obj_xwhatsit_ibm_beamal_test_universal_alec/quantum/haptic.o
                0x00004e96                haptic_notify_usb_device_state_change
 .text.perform_space_cadet
                0x00004e9e       0xc8 .build/obj_xwhatsit_ibm_beamal_test_universal_alec/quantum/process_keycode/process_space_cadet.o
                0x00004e9e                perform_space_cadet
 .text.process_space_cadet
                0x00004f66       0xa4 .build/obj_xwhatsit_ibm_beamal_test_universal_alec/quantum/process_keycode/process_space_cadet.o
                0x00004f66                process_space_cadet
 .text.print_set_sendchar
                0x0000500a        0xa .build/obj_xwhatsit_ibm_beamal_test_universal_alec/platforms/avr/printf.o
                0x0000500a                print_set_sendchar
 .text.host_set_driver
                0x00005014        0xa .build/obj_xwhatsit_ibm_beamal_test_universal_alec/protocol/host.o
                0x00005014                host_set_driver
 .text.host_keyboard_leds
                0x0000501e       0x1a .build/obj_xwhatsit_ibm_beamal_test_universal_alec/protocol/host.o
                0x0000501e                host_keyboard_leds
 .text.host_keyboard_led_state
                0x00005038        0x6 .build/obj_xwhatsit_ibm_beamal_test_universal_alec/protocol/host.o
                0x00005038                host_keyboard_led_state
 .text.host_keyboard_send
                0x0000503e       0xa6 .build/obj_xwhatsit_ibm_beamal_test_universal_alec/protocol/host.o
                0x0000503e                host_keyboard_send
 .text.host_system_send
                0x000050e4       0x2c .build/obj_xwhatsit_ibm_beamal_test_universal_alec/protocol/host.o
                0x000050e4                host_system_send
 .text.host_consumer_send
                0x00005110       0x2c .build/obj_xwhatsit_ibm_beamal_test_universal_alec/protocol/host.o
                0x00005110                host_consumer_send
 .text.has_anykey
                0x0000513c       0x28 .build/obj_xwhatsit_ibm_beamal_test_universal_alec/protocol/report.o
                0x0000513c                has_anykey
 .text.is_key_pressed
                0x00005164       0x60 .build/obj_xwhatsit_ibm_beamal_test_universal_alec/protocol/report.o
                0x00005164                is_key_pressed
 .text.add_key_byte
                0x000051c4       0x34 .build/obj_xwhatsit_ibm_beamal_test_universal_alec/protocol/report.o
                0x000051c4                add_key_byte
 .text.del_key_byte
                0x000051f8       0x1a .build/obj_xwhatsit_ibm_beamal_test_universal_alec/protocol/report.o
                0x000051f8                del_key_byte
 .text.add_key_bit
                0x00005212       0x4a .build/obj_xwhatsit_ibm_beamal_test_universal_alec/protocol/report.o
                0x00005212                add_key_bit
 .text.del_key_bit
                0x0000525c       0x4c .build/obj_xwhatsit_ibm_beamal_test_universal_alec/protocol/report.o
                0x0000525c                del_key_bit
 .text.add_key_to_report
                0x000052a8       0x1c .build/obj_xwhatsit_ibm_beamal_test_universal_alec/protocol/report.o
                0x000052a8                add_key_to_report
 .text.del_key_from_report
                0x000052c4       0x1c .build/obj_xwhatsit_ibm_beamal_test_universal_alec/protocol/report.o
                0x000052c4                del_key_from_report
 .text.clear_keys_from_report
                0x000052e0       0x24 .build/obj_xwhatsit_ibm_beamal_test_universal_alec/protocol/report.o
                0x000052e0                clear_keys_from_report
 .text.notify_usb_device_state_change_user
                0x00005304        0x2 .build/obj_xwhatsit_ibm_beamal_test_universal_alec/protocol/usb_device_state.o
                0x00005304                notify_usb_device_state_change_user
 .text.notify_usb_device_state_change_kb
                0x00005306        0x6 .build/obj_xwhatsit_ibm_beamal_test_universal_alec/protocol/usb_device_state.o
                0x00005306                notify_usb_device_state_change_kb
 .text.usb_device_state_set_configuration
                0x0000530c       0x1a .build/obj_xwhatsit_ibm_beamal_test_universal_alec/protocol/usb_device_state.o
                0x0000530c                usb_device_state_set_configuration
 .text.usb_device_state_set_suspend
                0x00005326       0x12 .build/obj_xwhatsit_ibm_beamal_test_universal_alec/protocol/usb_device_state.o
                0x00005326                usb_device_state_set_suspend
 .text.usb_device_state_set_resume
                0x00005338        0x6 .build/obj_xwhatsit_ibm_beamal_test_universal_alec/protocol/usb_device_state.o
                0x00005338                usb_device_state_set_resume
 .text.usb_device_state_set_reset
                0x0000533e       0x12 .build/obj_xwhatsit_ibm_beamal_test_universal_alec/protocol/usb_device_state.o
                0x0000533e                usb_device_state_set_reset
 .text.usb_device_state_init
                0x00005350        0x6 .build/obj_xwhatsit_ibm_beamal_test_universal_alec/protocol/usb_device_state.o
                0x00005350                usb_device_state_init
 .text.suspend_wakeup_init_user
                0x00005356        0x2 .build/obj_xwhatsit_ibm_beamal_test_universal_alec/platforms/suspend.o
                0x00005356                suspend_wakeup_init_user
 .text.suspend_power_down_user
                0x00005358        0x2 .build/obj_xwhatsit_ibm_beamal_test_universal_alec/platforms/suspend.o
                0x00005358                suspend_power_down_user
 .text.suspend_power_down_kb
                0x0000535a        0x6 .build/obj_xwhatsit_ibm_beamal_test_universal_alec/platforms/suspend.o
                0x0000535a                suspend_power_down_kb
 .text.matrix_power_up
                0x00005360        0x2 .build/obj_xwhatsit_ibm_beamal_test_universal_alec/platforms/suspend.o
                0x00005360                matrix_power_up
 .text.matrix_power_down
                0x00005362        0x2 .build/obj_xwhatsit_ibm_beamal_test_universal_alec/platforms/suspend.o
                0x00005362                matrix_power_down
 .text.suspend_wakeup_init_kb
                0x00005364        0x6 .build/obj_xwhatsit_ibm_beamal_test_universal_alec/platforms/suspend.o
                0x00005364                suspend_wakeup_init_kb
 .text.suspend_wakeup_condition
                0x0000536a       0x2a .build/obj_xwhatsit_ibm_beamal_test_universal_alec/platforms/suspend.o
                0x0000536a                suspend_wakeup_condition
 .text.platform_setup
                0x00005394        0xe .build/obj_xwhatsit_ibm_beamal_test_universal_alec/platforms/avr/platform.o
                0x00005394                platform_setup
 .text.__vector_12
                0x000053a2       0x4e .build/obj_xwhatsit_ibm_beamal_test_universal_alec/platforms/avr/suspend.o
                0x000053a2                __vector_12
 .text.suspend_power_down
                0x000053f0       0x56 .build/obj_xwhatsit_ibm_beamal_test_universal_alec/platforms/avr/suspend.o
                0x000053f0                suspend_power_down
 .text.suspend_wakeup_init
                0x00005446        0xa .build/obj_xwhatsit_ibm_beamal_test_universal_alec/platforms/avr/suspend.o
                0x00005446                suspend_wakeup_init
 .text.timer_init
                0x00005450       0x12 .build/obj_xwhatsit_ibm_beamal_test_universal_alec/platforms/avr/timer.o
                0x00005450                timer_init
 .text.timer_read
                0x00005462       0x18 .build/obj_xwhatsit_ibm_beamal_test_universal_alec/platforms/avr/timer.o
                0x00005462                timer_read
 .text.timer_read32
                0x0000547a       0x18 .build/obj_xwhatsit_ibm_beamal_test_universal_alec/platforms/avr/timer.o
                0x0000547a                timer_read32
 .text.timer_elapsed
                0x00005492       0x1e .build/obj_xwhatsit_ibm_beamal_test_universal_alec/platforms/avr/timer.o
                0x00005492                timer_elapsed
 .text.__vector_21
                0x000054b0       0x48 .build/obj_xwhatsit_ibm_beamal_test_universal_alec/platforms/avr/timer.o
                0x000054b0                __vector_21
 .text.bootloader_jump
                0x000054f8       0x22 .build/obj_xwhatsit_ibm_beamal_test_universal_alec/platforms/avr/bootloaders/caterina.o
                0x000054f8                bootloader_jump
 .text.mcu_reset
                0x0000551a       0x16 .build/obj_xwhatsit_ibm_beamal_test_universal_alec/platforms/avr/bootloaders/caterina.o
                0x0000551a                mcu_reset
 .text.keyboard_leds
                0x00005530        0x6 .build/obj_xwhatsit_ibm_beamal_test_universal_alec/lufa.o
 .text.send_programmable_button
                0x00005536        0x2 .build/obj_xwhatsit_ibm_beamal_test_universal_alec/lufa.o
 .text.send_keyboard
                0x00005538       0x80 .build/obj_xwhatsit_ibm_beamal_test_universal_alec/lufa.o
 .text.send_extra
                0x000055b8       0x54 .build/obj_xwhatsit_ibm_beamal_test_universal_alec/lufa.o
 .text.send_consumer
                0x0000560c        0xa .build/obj_xwhatsit_ibm_beamal_test_universal_alec/lufa.o
 .text.send_system
                0x00005616        0xa .build/obj_xwhatsit_ibm_beamal_test_universal_alec/lufa.o
 .text.send_mouse
                0x00005620        0x2 .build/obj_xwhatsit_ibm_beamal_test_universal_alec/lufa.o
 .text.raw_hid_send
                0x00005622       0x54 .build/obj_xwhatsit_ibm_beamal_test_universal_alec/lufa.o
                0x00005622                raw_hid_send
 .text.EVENT_USB_Device_Connect
                0x00005676       0x24 .build/obj_xwhatsit_ibm_beamal_test_universal_alec/lufa.o
                0x00005676                EVENT_USB_Device_Connect
 .text.EVENT_USB_Device_Disconnect
                0x0000569a        0xe .build/obj_xwhatsit_ibm_beamal_test_universal_alec/lufa.o
                0x0000569a                EVENT_USB_Device_Disconnect
 .text.EVENT_USB_Device_Reset
                0x000056a8        0xe .build/obj_xwhatsit_ibm_beamal_test_universal_alec/lufa.o
                0x000056a8                EVENT_USB_Device_Reset
 .text.EVENT_USB_Device_Suspend
                0x000056b6       0x1a .build/obj_xwhatsit_ibm_beamal_test_universal_alec/lufa.o
                0x000056b6                EVENT_USB_Device_Suspend
 .text.EVENT_USB_Device_WakeUp
                0x000056d0       0x1e .build/obj_xwhatsit_ibm_beamal_test_universal_alec/lufa.o
                0x000056d0                EVENT_USB_Device_WakeUp
 .text.EVENT_USB_Device_StartOfFrame
                0x000056ee       0x82 .build/obj_xwhatsit_ibm_beamal_test_universal_alec/lufa.o
                0x000056ee                EVENT_USB_Device_StartOfFrame
 .text.EVENT_USB_Device_ConfigurationChanged
                0x00005770       0x48 .build/obj_xwhatsit_ibm_beamal_test_universal_alec/lufa.o
                0x00005770                EVENT_USB_Device_ConfigurationChanged
 .text.EVENT_USB_Device_ControlRequest
                0x000057b8      0x178 .build/obj_xwhatsit_ibm_beamal_test_universal_alec/lufa.o
                0x000057b8                EVENT_USB_Device_ControlRequest
 .text.sendchar
                0x00005930       0xc4 .build/obj_xwhatsit_ibm_beamal_test_universal_alec/lufa.o
                0x00005930                sendchar
 .text.protocol_setup
                0x000059f4       0x34 .build/obj_xwhatsit_ibm_beamal_test_universal_alec/lufa.o
                0x000059f4                protocol_setup
 .text.protocol_pre_init
                0x00005a28       0x1a .build/obj_xwhatsit_ibm_beamal_test_universal_alec/lufa.o
                0x00005a28                protocol_pre_init
 .text.protocol_post_init
                0x00005a42        0xa .build/obj_xwhatsit_ibm_beamal_test_universal_alec/lufa.o
                0x00005a42                protocol_post_init
 .text.protocol_pre_task
                0x00005a4c       0x3c .build/obj_xwhatsit_ibm_beamal_test_universal_alec/lufa.o
                0x00005a4c                protocol_pre_task
 .text.protocol_post_task
                0x00005a88       0x5e .build/obj_xwhatsit_ibm_beamal_test_universal_alec/lufa.o
                0x00005a88                protocol_post_task
 .text.CALLBACK_USB_GetDescriptor
                0x00005ae6        0x6 .build/obj_xwhatsit_ibm_beamal_test_universal_alec/lufa.o
                0x00005ae6                CALLBACK_USB_GetDescriptor
 .text.get_usb_descriptor
                0x00005aec       0xba .build/obj_xwhatsit_ibm_beamal_test_universal_alec/usb_descriptor.o
                0x00005aec                get_usb_descriptor
 .text.USB_Device_SendRemoteWakeup
                0x00005ba6       0x2c .build/obj_xwhatsit_ibm_beamal_test_universal_alec/lib/lufa/LUFA/Drivers/USB/Core/AVR8/Device_AVR8.o
                0x00005ba6                USB_Device_SendRemoteWakeup
 .text.Endpoint_Write_Stream_LE
                0x00005bd2       0x9e .build/obj_xwhatsit_ibm_beamal_test_universal_alec/lib/lufa/LUFA/Drivers/USB/Core/AVR8/EndpointStream_AVR8.o
                0x00005bd2                Endpoint_Write_Stream_LE
 .text.Endpoint_Read_Stream_LE
                0x00005c70       0x9e .build/obj_xwhatsit_ibm_beamal_test_universal_alec/lib/lufa/LUFA/Drivers/USB/Core/AVR8/EndpointStream_AVR8.o
                0x00005c70                Endpoint_Read_Stream_LE
 .text.Endpoint_Write_Control_Stream_LE
                0x00005d0e       0xbc .build/obj_xwhatsit_ibm_beamal_test_universal_alec/lib/lufa/LUFA/Drivers/USB/Core/AVR8/EndpointStream_AVR8.o
                0x00005d0e                Endpoint_Write_Control_Stream_LE
 .text.Endpoint_Write_Control_PStream_LE